
There are no discarded input sections

Memory Configuration

Name             Origin             Length             Attributes
*default*        0x0000000000000000 0xffffffffffffffff

Linker script and memory map

                0x0000000040000000                . = 0x40000000

.text           0x0000000040000000     0x3820
 *(.text.boot)
 .text.boot     0x0000000040000000       0x48 bin/obj/__boot/boot.o
                0x0000000040000000                _start
 *(.text*)
 .text          0x0000000040000048       0x24 bin/obj/__arm/sysregs.o
                0x0000000040000048                _ARM_currentEL
                0x0000000040000054                _ARM_MPIDR_EL1
                0x000000004000005c                _ARM_ICC_SRE_EL2
                0x0000000040000064                _ARM_HCR_EL2
 *fill*         0x000000004000006c        0x4 
 .text          0x0000000040000070      0x910 bin/obj/__arm/exceptions/el2_vectors.o
                0x0000000040000070                _el2_init_vector
 .text          0x0000000040000980       0x68 bin/obj/__arm/exceptions/exceptions.o
                0x0000000040000980                _exceptions_get_DAIF
                0x0000000040000988                _fiq_exceptions_enable
                0x0000000040000994                _irq_exceptions_enable
                0x00000000400009a0                _serror_exceptions_enable
                0x00000000400009ac                _debug_exceptions_enable
                0x00000000400009b8                _fiq_exceptions_disable
                0x00000000400009c4                _irq_exceptions_disable
                0x00000000400009d0                _serror_exceptions_disable
                0x00000000400009dc                _debug_exceptions_disable
 *fill*         0x00000000400009e8        0x8 
 .text          0x00000000400009f0      0x250 bin/obj/__lib/memcpy/memcpy.o
                0x00000000400009f0                _memcpy
                0x0000000040000b00                _memcpy64
                0x0000000040000b30                _memcpy32
                0x0000000040000b60                _memcpy16
                0x0000000040000b90                _memcpy8
                0x0000000040000bc0                _memcpy4
                0x0000000040000bf0                _memcpy2
                0x0000000040000c20                _memcpy1
 .text          0x0000000040000c40       0x58 bin/obj/__boot/clean_bss.o
                0x0000000040000c40                _clean_bss
 .text          0x0000000040000c98        0x0 bin/obj/__boot/boot.o
 .text          0x0000000040000c98      0x394 bin/obj/kernel/panic.o
                0x0000000040000c98                init_panic
                0x0000000040000d4c                panic
                0x0000000040000e64                set_panic
                0x0000000040000ed4                set_and_throw_panic
 .text          0x000000004000102c        0x0 bin/obj/kernel/malloc/buddy_allocator.o
 .text          0x000000004000102c      0x230 bin/obj/kernel/kernel_entry.o
                0x0000000040001100                kernel_entry
 .text          0x000000004000125c       0x58 bin/obj/arm/cpu.o
                0x000000004000125c                ARM_get_cpu_affinity
 .text          0x00000000400012b4       0x4c bin/obj/arm/exceptions/handlers/el2/el2_low_a32_serror.o
                0x00000000400012b4                el2_low_a32_serror_handler
 .text          0x0000000040001300       0x4c bin/obj/arm/exceptions/handlers/el2/el2_cur_spx_serror.o
                0x0000000040001300                el2_cur_spx_serror_handler
 .text          0x000000004000134c       0x4c bin/obj/arm/exceptions/handlers/el2/el2_low_a64_serror.o
                0x000000004000134c                el2_low_a64_serror_handler
 .text          0x0000000040001398       0x4c bin/obj/arm/exceptions/handlers/el2/el2_low_a64_sync.o
                0x0000000040001398                el2_low_a64_sync_handler
 .text          0x00000000400013e4       0x4c bin/obj/arm/exceptions/handlers/el2/el2_cur_sp0_irq.o
                0x00000000400013e4                el2_cur_sp0_irq_handler
 .text          0x0000000040001430       0x4c bin/obj/arm/exceptions/handlers/el2/el2_cur_sp0_serror.o
                0x0000000040001430                el2_cur_sp0_serror_handler
 .text          0x000000004000147c       0x4c bin/obj/arm/exceptions/handlers/el2/el2_low_a64_irq.o
                0x000000004000147c                el2_low_a64_irq_handler
 .text          0x00000000400014c8       0x4c bin/obj/arm/exceptions/handlers/el2/el2_low_a64_fiq.o
                0x00000000400014c8                el2_low_a64_fiq_handler
 .text          0x0000000040001514       0x4c bin/obj/arm/exceptions/handlers/el2/el2_cur_spx_fiq.o
                0x0000000040001514                el2_cur_spx_fiq_handler
 .text          0x0000000040001560       0x4c bin/obj/arm/exceptions/handlers/el2/el2_low_a32_irq.o
                0x0000000040001560                el2_low_a32_irq_handler
 .text          0x00000000400015ac       0x4c bin/obj/arm/exceptions/handlers/el2/el2_cur_sp0_fiq.o
                0x00000000400015ac                el2_cur_sp0_fiq_handler
 .text          0x00000000400015f8       0x4c bin/obj/arm/exceptions/handlers/el2/el2_low_a32_fiq.o
                0x00000000400015f8                el2_low_a32_fiq_handler
 .text          0x0000000040001644       0x4c bin/obj/arm/exceptions/handlers/el2/el2_cur_spx_sync.o
                0x0000000040001644                el2_cur_spx_sync_handler
 .text          0x0000000040001690       0x4c bin/obj/arm/exceptions/handlers/el2/el2_low_a32_sync.o
                0x0000000040001690                el2_low_a32_sync_handler
 .text          0x00000000400016dc       0x4c bin/obj/arm/exceptions/handlers/el2/el2_cur_sp0_sync.o
                0x00000000400016dc                el2_cur_sp0_sync_handler
 .text          0x0000000040001728       0x4c bin/obj/arm/exceptions/handlers/el2/el2_cur_spx_irq.o
                0x0000000040001728                el2_cur_spx_irq_handler
 .text          0x0000000040001774      0x290 bin/obj/arm/exceptions/exceptions.o
                0x0000000040001774                exceptions_get_status
                0x0000000040001808                exceptions_set_status
                0x000000004000191c                exceptions_enable
                0x0000000040001990                exceptions_disable
 .text          0x0000000040001a04      0x7cc bin/obj/lib/string.o
                0x0000000040001a04                strcopy
                0x0000000040001a98                uint8_to_ascii_char
                0x0000000040001b08                stdint_to_ascii
 .text          0x00000000400021d0      0x3f8 bin/obj/lib/memcpy/memcpy.o
                0x00000000400021d0                memcpy64_aligned
                0x000000004000230c                memcpy64
                0x00000000400023a0                test_memcpy
 .text          0x00000000400025c8      0xa20 bin/obj/drivers/interrupts/gicv3/gicv3.o
                0x0000000040002ca0                GICV3_set_spi_group1ns
                0x0000000040002d10                GICV3_route_spi_to_cpu
                0x0000000040002d8c                GICV3_route_spi_to_self
                0x0000000040002db4                GICV3_enable_spi
                0x0000000040002e04                GICV3_set_priority
                0x0000000040002e74                GICV3_set_edge_triggered
                0x0000000040002ee0                GICV3_set_level_sensitive
                0x0000000040002f4c                GICV3_wake_redistributor
 .text          0x0000000040002fe8        0x0 bin/obj/drivers/interrupts/irq.o
 .text          0x0000000040002fe8      0x830 bin/obj/drivers/uart/uart.o
                0x0000000040003508                UART_putc
                0x0000000040003570                UART_puts
                0x00000000400035c0                UART_reset
                0x0000000040003658                UART_init
                0x00000000400037a4                UART_read
                0x0000000040003820                . = ALIGN (0x10)
 *fill*         0x0000000040003818        0x8 

.iplt           0x0000000040003820        0x0
 .iplt          0x0000000040003820        0x0 bin/obj/__arm/exceptions/el2_vectors.o

.vectors        0x0000000040004000      0x784
 *(.vectors)
 .vectors       0x0000000040004000      0x784 bin/obj/__arm/exceptions/el2_vectors.o
                0x0000000040004000                _el2_vector_table

.rodata         0x0000000040004790      0xb80
 *(.rodata*)
 .rodata        0x0000000040004790      0x132 bin/obj/kernel/panic.o
 *fill*         0x00000000400048c2        0x6 
 .rodata        0x00000000400048c8       0x1b bin/obj/kernel/kernel_entry.o
 *fill*         0x00000000400048e3        0x5 
 .rodata        0x00000000400048e8       0x56 bin/obj/arm/exceptions/handlers/el2/el2_low_a32_serror.o
 *fill*         0x000000004000493e        0x2 
 .rodata        0x0000000040004940       0x56 bin/obj/arm/exceptions/handlers/el2/el2_cur_spx_serror.o
 *fill*         0x0000000040004996        0x2 
 .rodata        0x0000000040004998       0x56 bin/obj/arm/exceptions/handlers/el2/el2_low_a64_serror.o
 *fill*         0x00000000400049ee        0x2 
 .rodata        0x00000000400049f0       0x54 bin/obj/arm/exceptions/handlers/el2/el2_low_a64_sync.o
 *fill*         0x0000000040004a44        0x4 
 .rodata        0x0000000040004a48       0x53 bin/obj/arm/exceptions/handlers/el2/el2_cur_sp0_irq.o
 *fill*         0x0000000040004a9b        0x5 
 .rodata        0x0000000040004aa0       0x56 bin/obj/arm/exceptions/handlers/el2/el2_cur_sp0_serror.o
 *fill*         0x0000000040004af6        0x2 
 .rodata        0x0000000040004af8       0x53 bin/obj/arm/exceptions/handlers/el2/el2_low_a64_irq.o
 *fill*         0x0000000040004b4b        0x5 
 .rodata        0x0000000040004b50       0x53 bin/obj/arm/exceptions/handlers/el2/el2_low_a64_fiq.o
 *fill*         0x0000000040004ba3        0x5 
 .rodata        0x0000000040004ba8       0x53 bin/obj/arm/exceptions/handlers/el2/el2_cur_spx_fiq.o
 *fill*         0x0000000040004bfb        0x5 
 .rodata        0x0000000040004c00       0x53 bin/obj/arm/exceptions/handlers/el2/el2_low_a32_irq.o
 *fill*         0x0000000040004c53        0x5 
 .rodata        0x0000000040004c58       0x53 bin/obj/arm/exceptions/handlers/el2/el2_cur_sp0_fiq.o
 *fill*         0x0000000040004cab        0x5 
 .rodata        0x0000000040004cb0       0x53 bin/obj/arm/exceptions/handlers/el2/el2_low_a32_fiq.o
 *fill*         0x0000000040004d03        0x5 
 .rodata        0x0000000040004d08       0x54 bin/obj/arm/exceptions/handlers/el2/el2_cur_spx_sync.o
 *fill*         0x0000000040004d5c        0x4 
 .rodata        0x0000000040004d60       0x54 bin/obj/arm/exceptions/handlers/el2/el2_low_a32_sync.o
 *fill*         0x0000000040004db4        0x4 
 .rodata        0x0000000040004db8       0x54 bin/obj/arm/exceptions/handlers/el2/el2_cur_sp0_sync.o
 *fill*         0x0000000040004e0c        0x4 
 .rodata        0x0000000040004e10       0x53 bin/obj/arm/exceptions/handlers/el2/el2_cur_spx_irq.o
 *fill*         0x0000000040004e63        0x5 
 .rodata        0x0000000040004e68       0x41 bin/obj/arm/exceptions/exceptions.o
 *fill*         0x0000000040004ea9        0x7 
 .rodata        0x0000000040004eb0      0x115 bin/obj/lib/string.o
 *fill*         0x0000000040004fc5        0x3 
 .rodata        0x0000000040004fc8      0x116 bin/obj/lib/memcpy/memcpy.o
 *fill*         0x00000000400050de        0x2 
 .rodata        0x00000000400050e0      0x206 bin/obj/drivers/interrupts/gicv3/gicv3.o
 *fill*         0x00000000400052e6        0x2 
 .rodata        0x00000000400052e8       0x20 bin/obj/drivers/uart/uart.o
                0x0000000040005310                . = ALIGN (0x10)
 *fill*         0x0000000040005308        0x8 

.rela.dyn       0x0000000040005310        0x0
 .rela.iplt     0x0000000040005310        0x0 bin/obj/__arm/exceptions/el2_vectors.o
 .rela.text     0x0000000040005310        0x0 bin/obj/__arm/exceptions/el2_vectors.o
 .rela.text.boot
                0x0000000040005310        0x0 bin/obj/__arm/exceptions/el2_vectors.o

.data           0x0000000040005310        0x0
 *(.data*)
 .data          0x0000000040005310        0x0 bin/obj/__arm/sysregs.o
 .data          0x0000000040005310        0x0 bin/obj/__arm/exceptions/el2_vectors.o
 .data          0x0000000040005310        0x0 bin/obj/__arm/exceptions/exceptions.o
 .data          0x0000000040005310        0x0 bin/obj/__lib/memcpy/memcpy.o
 .data          0x0000000040005310        0x0 bin/obj/__boot/clean_bss.o
 .data          0x0000000040005310        0x0 bin/obj/__boot/boot.o
 .data          0x0000000040005310        0x0 bin/obj/kernel/panic.o
 .data          0x0000000040005310        0x0 bin/obj/kernel/malloc/buddy_allocator.o
 .data          0x0000000040005310        0x0 bin/obj/kernel/kernel_entry.o
 .data          0x0000000040005310        0x0 bin/obj/arm/cpu.o
 .data          0x0000000040005310        0x0 bin/obj/arm/exceptions/handlers/el2/el2_low_a32_serror.o
 .data          0x0000000040005310        0x0 bin/obj/arm/exceptions/handlers/el2/el2_cur_spx_serror.o
 .data          0x0000000040005310        0x0 bin/obj/arm/exceptions/handlers/el2/el2_low_a64_serror.o
 .data          0x0000000040005310        0x0 bin/obj/arm/exceptions/handlers/el2/el2_low_a64_sync.o
 .data          0x0000000040005310        0x0 bin/obj/arm/exceptions/handlers/el2/el2_cur_sp0_irq.o
 .data          0x0000000040005310        0x0 bin/obj/arm/exceptions/handlers/el2/el2_cur_sp0_serror.o
 .data          0x0000000040005310        0x0 bin/obj/arm/exceptions/handlers/el2/el2_low_a64_irq.o
 .data          0x0000000040005310        0x0 bin/obj/arm/exceptions/handlers/el2/el2_low_a64_fiq.o
 .data          0x0000000040005310        0x0 bin/obj/arm/exceptions/handlers/el2/el2_cur_spx_fiq.o
 .data          0x0000000040005310        0x0 bin/obj/arm/exceptions/handlers/el2/el2_low_a32_irq.o
 .data          0x0000000040005310        0x0 bin/obj/arm/exceptions/handlers/el2/el2_cur_sp0_fiq.o
 .data          0x0000000040005310        0x0 bin/obj/arm/exceptions/handlers/el2/el2_low_a32_fiq.o
 .data          0x0000000040005310        0x0 bin/obj/arm/exceptions/handlers/el2/el2_cur_spx_sync.o
 .data          0x0000000040005310        0x0 bin/obj/arm/exceptions/handlers/el2/el2_low_a32_sync.o
 .data          0x0000000040005310        0x0 bin/obj/arm/exceptions/handlers/el2/el2_cur_sp0_sync.o
 .data          0x0000000040005310        0x0 bin/obj/arm/exceptions/handlers/el2/el2_cur_spx_irq.o
 .data          0x0000000040005310        0x0 bin/obj/arm/exceptions/exceptions.o
 .data          0x0000000040005310        0x0 bin/obj/lib/string.o
 .data          0x0000000040005310        0x0 bin/obj/lib/memcpy/memcpy.o
 .data          0x0000000040005310        0x0 bin/obj/drivers/interrupts/gicv3/gicv3.o
 .data          0x0000000040005310        0x0 bin/obj/drivers/interrupts/irq.o
 .data          0x0000000040005310        0x0 bin/obj/drivers/uart/uart.o
                0x0000000040005310                . = ALIGN (0x10)

.igot.plt       0x0000000040005310        0x0
 .igot.plt      0x0000000040005310        0x0 bin/obj/__arm/exceptions/el2_vectors.o

.bss            0x0000000040005340   0xc01440
                0x0000000040005340                __bss_start = .
 *(.bss*)
 .bss           0x0000000040005340        0x0 bin/obj/__arm/sysregs.o
 .bss           0x0000000040005340        0x0 bin/obj/__arm/exceptions/el2_vectors.o
 .bss           0x0000000040005340        0x0 bin/obj/__arm/exceptions/exceptions.o
 .bss           0x0000000040005340        0x0 bin/obj/__lib/memcpy/memcpy.o
 .bss           0x0000000040005340        0x0 bin/obj/__boot/clean_bss.o
 .bss           0x0000000040005340        0x0 bin/obj/__boot/boot.o
 .bss           0x0000000040005340     0x1430 bin/obj/kernel/panic.o
                0x0000000040005340                PANIC_MESSAGE_BUF_SIZE
                0x0000000040005348                PANIC_FILE_BUF_SIZE
                0x0000000040005350                PANIC_MESSAGE_BUF_PTR
                0x0000000040005358                PANIC_FILE_BUF_PTR
                0x0000000040005360                PANIC_LINE
                0x0000000040005364                PANIC_COL
 .bss           0x0000000040006770        0x0 bin/obj/kernel/malloc/buddy_allocator.o
 .bss           0x0000000040006770        0x0 bin/obj/kernel/kernel_entry.o
 .bss           0x0000000040006770        0x0 bin/obj/arm/cpu.o
 .bss           0x0000000040006770        0x0 bin/obj/arm/exceptions/handlers/el2/el2_low_a32_serror.o
 .bss           0x0000000040006770        0x0 bin/obj/arm/exceptions/handlers/el2/el2_cur_spx_serror.o
 .bss           0x0000000040006770        0x0 bin/obj/arm/exceptions/handlers/el2/el2_low_a64_serror.o
 .bss           0x0000000040006770        0x0 bin/obj/arm/exceptions/handlers/el2/el2_low_a64_sync.o
 .bss           0x0000000040006770        0x0 bin/obj/arm/exceptions/handlers/el2/el2_cur_sp0_irq.o
 .bss           0x0000000040006770        0x0 bin/obj/arm/exceptions/handlers/el2/el2_cur_sp0_serror.o
 .bss           0x0000000040006770        0x0 bin/obj/arm/exceptions/handlers/el2/el2_low_a64_irq.o
 .bss           0x0000000040006770        0x0 bin/obj/arm/exceptions/handlers/el2/el2_low_a64_fiq.o
 .bss           0x0000000040006770        0x0 bin/obj/arm/exceptions/handlers/el2/el2_cur_spx_fiq.o
 .bss           0x0000000040006770        0x0 bin/obj/arm/exceptions/handlers/el2/el2_low_a32_irq.o
 .bss           0x0000000040006770        0x0 bin/obj/arm/exceptions/handlers/el2/el2_cur_sp0_fiq.o
 .bss           0x0000000040006770        0x0 bin/obj/arm/exceptions/handlers/el2/el2_low_a32_fiq.o
 .bss           0x0000000040006770        0x0 bin/obj/arm/exceptions/handlers/el2/el2_cur_spx_sync.o
 .bss           0x0000000040006770        0x0 bin/obj/arm/exceptions/handlers/el2/el2_low_a32_sync.o
 .bss           0x0000000040006770        0x0 bin/obj/arm/exceptions/handlers/el2/el2_cur_sp0_sync.o
 .bss           0x0000000040006770        0x0 bin/obj/arm/exceptions/handlers/el2/el2_cur_spx_irq.o
 .bss           0x0000000040006770        0x0 bin/obj/arm/exceptions/exceptions.o
 .bss           0x0000000040006770        0x0 bin/obj/lib/string.o
 *fill*         0x0000000040006770       0x10 
 .bss           0x0000000040006780   0xc00000 bin/obj/lib/memcpy/memcpy.o
                0x0000000040006780                src
                0x0000000040406780                dst
                0x0000000040806780                ref
 .bss           0x0000000040c06780        0x0 bin/obj/drivers/interrupts/gicv3/gicv3.o
 .bss           0x0000000040c06780        0x0 bin/obj/drivers/interrupts/irq.o
 .bss           0x0000000040c06780        0x0 bin/obj/drivers/uart/uart.o
 *(COMMON)
                0x0000000040c06780                . = ALIGN (0x40)
                0x0000000040c06780                __bss_end = .

.stacks         0x0000000040c07000   0xa00000
                0x0000000040c07000                . = ALIGN (0x10)
                0x0000000040c07000                __stack_el1_bottom = .
                0x0000000041107000                . = (. + 0x500000)
 *fill*         0x0000000040c07000   0x500000 
                0x0000000041107000                __stack_el1_top = .
                0x0000000041107000                . = ALIGN (0x10)
                0x0000000041107000                __stack_el2_bottom = .
                0x0000000041607000                . = (. + 0x500000)
 *fill*         0x0000000041107000   0x500000 
                0x0000000041607000                __stack_el2_top = .
LOAD bin/obj/__arm/sysregs.o
LOAD bin/obj/__arm/exceptions/el2_vectors.o
LOAD bin/obj/__arm/exceptions/exceptions.o
LOAD bin/obj/__lib/memcpy/memcpy.o
LOAD bin/obj/__boot/clean_bss.o
LOAD bin/obj/__boot/boot.o
LOAD bin/obj/kernel/panic.o
LOAD bin/obj/kernel/malloc/buddy_allocator.o
LOAD bin/obj/kernel/kernel_entry.o
LOAD bin/obj/arm/cpu.o
LOAD bin/obj/arm/exceptions/handlers/el2/el2_low_a32_serror.o
LOAD bin/obj/arm/exceptions/handlers/el2/el2_cur_spx_serror.o
LOAD bin/obj/arm/exceptions/handlers/el2/el2_low_a64_serror.o
LOAD bin/obj/arm/exceptions/handlers/el2/el2_low_a64_sync.o
LOAD bin/obj/arm/exceptions/handlers/el2/el2_cur_sp0_irq.o
LOAD bin/obj/arm/exceptions/handlers/el2/el2_cur_sp0_serror.o
LOAD bin/obj/arm/exceptions/handlers/el2/el2_low_a64_irq.o
LOAD bin/obj/arm/exceptions/handlers/el2/el2_low_a64_fiq.o
LOAD bin/obj/arm/exceptions/handlers/el2/el2_cur_spx_fiq.o
LOAD bin/obj/arm/exceptions/handlers/el2/el2_low_a32_irq.o
LOAD bin/obj/arm/exceptions/handlers/el2/el2_cur_sp0_fiq.o
LOAD bin/obj/arm/exceptions/handlers/el2/el2_low_a32_fiq.o
LOAD bin/obj/arm/exceptions/handlers/el2/el2_cur_spx_sync.o
LOAD bin/obj/arm/exceptions/handlers/el2/el2_low_a32_sync.o
LOAD bin/obj/arm/exceptions/handlers/el2/el2_cur_sp0_sync.o
LOAD bin/obj/arm/exceptions/handlers/el2/el2_cur_spx_irq.o
LOAD bin/obj/arm/exceptions/exceptions.o
LOAD bin/obj/lib/string.o
LOAD bin/obj/lib/memcpy/memcpy.o
LOAD bin/obj/drivers/interrupts/gicv3/gicv3.o
LOAD bin/obj/drivers/interrupts/irq.o
LOAD bin/obj/drivers/uart/uart.o
LOAD bin/obj/rslib.a
OUTPUT(bin/kernel.elf elf64-littleaarch64)
LOAD linker stubs

.debug_line     0x0000000000000000     0x1561
 .debug_line    0x0000000000000000       0x53 bin/obj/__arm/sysregs.o
 .debug_line    0x0000000000000053       0xb0 bin/obj/__arm/exceptions/el2_vectors.o
 .debug_line    0x0000000000000103       0x64 bin/obj/__arm/exceptions/exceptions.o
 .debug_line    0x0000000000000167       0xd4 bin/obj/__lib/memcpy/memcpy.o
 .debug_line    0x000000000000023b       0x5b bin/obj/__boot/clean_bss.o
 .debug_line    0x0000000000000296       0x58 bin/obj/__boot/boot.o
 .debug_line    0x00000000000002ee      0x130 bin/obj/kernel/panic.o
 .debug_line    0x000000000000041e        0x0 bin/obj/kernel/malloc/buddy_allocator.o
 .debug_line    0x000000000000041e      0x11f bin/obj/kernel/kernel_entry.o
 .debug_line    0x000000000000053d       0x7f bin/obj/arm/cpu.o
 .debug_line    0x00000000000005bc       0x5f bin/obj/arm/exceptions/handlers/el2/el2_low_a32_serror.o
 .debug_line    0x000000000000061b       0x5f bin/obj/arm/exceptions/handlers/el2/el2_cur_spx_serror.o
 .debug_line    0x000000000000067a       0x5f bin/obj/arm/exceptions/handlers/el2/el2_low_a64_serror.o
 .debug_line    0x00000000000006d9       0x5f bin/obj/arm/exceptions/handlers/el2/el2_low_a64_sync.o
 .debug_line    0x0000000000000738       0x5f bin/obj/arm/exceptions/handlers/el2/el2_cur_sp0_irq.o
 .debug_line    0x0000000000000797       0x5f bin/obj/arm/exceptions/handlers/el2/el2_cur_sp0_serror.o
 .debug_line    0x00000000000007f6       0x5f bin/obj/arm/exceptions/handlers/el2/el2_low_a64_irq.o
 .debug_line    0x0000000000000855       0x5f bin/obj/arm/exceptions/handlers/el2/el2_low_a64_fiq.o
 .debug_line    0x00000000000008b4       0x5f bin/obj/arm/exceptions/handlers/el2/el2_cur_spx_fiq.o
 .debug_line    0x0000000000000913       0x5f bin/obj/arm/exceptions/handlers/el2/el2_low_a32_irq.o
 .debug_line    0x0000000000000972       0x5f bin/obj/arm/exceptions/handlers/el2/el2_cur_sp0_fiq.o
 .debug_line    0x00000000000009d1       0x5f bin/obj/arm/exceptions/handlers/el2/el2_low_a32_fiq.o
 .debug_line    0x0000000000000a30       0x5f bin/obj/arm/exceptions/handlers/el2/el2_cur_spx_sync.o
 .debug_line    0x0000000000000a8f       0x5f bin/obj/arm/exceptions/handlers/el2/el2_low_a32_sync.o
 .debug_line    0x0000000000000aee       0x5f bin/obj/arm/exceptions/handlers/el2/el2_cur_sp0_sync.o
 .debug_line    0x0000000000000b4d       0x5f bin/obj/arm/exceptions/handlers/el2/el2_cur_spx_irq.o
 .debug_line    0x0000000000000bac      0x156 bin/obj/arm/exceptions/exceptions.o
 .debug_line    0x0000000000000d02      0x275 bin/obj/lib/string.o
 .debug_line    0x0000000000000f77      0x15e bin/obj/lib/memcpy/memcpy.o
 .debug_line    0x00000000000010d5      0x270 bin/obj/drivers/interrupts/gicv3/gicv3.o
 .debug_line    0x0000000000001345        0x0 bin/obj/drivers/interrupts/irq.o
 .debug_line    0x0000000000001345      0x21c bin/obj/drivers/uart/uart.o

.debug_line_str
                0x0000000000000000      0x779
 .debug_line_str
                0x0000000000000000      0x779 bin/obj/__arm/sysregs.o
                                         0x3e (size before relaxing)
 .debug_line_str
                0x0000000000000779       0x4d bin/obj/__arm/exceptions/el2_vectors.o
 .debug_line_str
                0x0000000000000779       0x4c bin/obj/__arm/exceptions/exceptions.o
 .debug_line_str
                0x0000000000000779       0x44 bin/obj/__lib/memcpy/memcpy.o
 .debug_line_str
                0x0000000000000779       0x41 bin/obj/__boot/clean_bss.o
 .debug_line_str
                0x0000000000000779       0x3c bin/obj/__boot/boot.o
 .debug_line_str
                0x0000000000000779       0xff bin/obj/kernel/panic.o
 .debug_line_str
                0x0000000000000779       0x50 bin/obj/kernel/malloc/buddy_allocator.o
 .debug_line_str
                0x0000000000000779      0x17e bin/obj/kernel/kernel_entry.o
 .debug_line_str
                0x0000000000000779       0xad bin/obj/arm/cpu.o
 .debug_line_str
                0x0000000000000779      0x105 bin/obj/arm/exceptions/handlers/el2/el2_low_a32_serror.o
 .debug_line_str
                0x0000000000000779      0x105 bin/obj/arm/exceptions/handlers/el2/el2_cur_spx_serror.o
 .debug_line_str
                0x0000000000000779      0x105 bin/obj/arm/exceptions/handlers/el2/el2_low_a64_serror.o
 .debug_line_str
                0x0000000000000779       0xff bin/obj/arm/exceptions/handlers/el2/el2_low_a64_sync.o
 .debug_line_str
                0x0000000000000779       0xfc bin/obj/arm/exceptions/handlers/el2/el2_cur_sp0_irq.o
 .debug_line_str
                0x0000000000000779      0x105 bin/obj/arm/exceptions/handlers/el2/el2_cur_sp0_serror.o
 .debug_line_str
                0x0000000000000779       0xfc bin/obj/arm/exceptions/handlers/el2/el2_low_a64_irq.o
 .debug_line_str
                0x0000000000000779       0xfc bin/obj/arm/exceptions/handlers/el2/el2_low_a64_fiq.o
 .debug_line_str
                0x0000000000000779       0xfc bin/obj/arm/exceptions/handlers/el2/el2_cur_spx_fiq.o
 .debug_line_str
                0x0000000000000779       0xfc bin/obj/arm/exceptions/handlers/el2/el2_low_a32_irq.o
 .debug_line_str
                0x0000000000000779       0xfc bin/obj/arm/exceptions/handlers/el2/el2_cur_sp0_fiq.o
 .debug_line_str
                0x0000000000000779       0xfc bin/obj/arm/exceptions/handlers/el2/el2_low_a32_fiq.o
 .debug_line_str
                0x0000000000000779       0xff bin/obj/arm/exceptions/handlers/el2/el2_cur_spx_sync.o
 .debug_line_str
                0x0000000000000779       0xff bin/obj/arm/exceptions/handlers/el2/el2_low_a32_sync.o
 .debug_line_str
                0x0000000000000779       0xff bin/obj/arm/exceptions/handlers/el2/el2_cur_sp0_sync.o
 .debug_line_str
                0x0000000000000779       0xfc bin/obj/arm/exceptions/handlers/el2/el2_cur_spx_irq.o
 .debug_line_str
                0x0000000000000779       0xf8 bin/obj/arm/exceptions/exceptions.o
 .debug_line_str
                0x0000000000000779       0xb1 bin/obj/lib/string.o
 .debug_line_str
                0x0000000000000779       0xee bin/obj/lib/memcpy/memcpy.o
 .debug_line_str
                0x0000000000000779      0x1c6 bin/obj/drivers/interrupts/gicv3/gicv3.o
 .debug_line_str
                0x0000000000000779       0x49 bin/obj/drivers/interrupts/irq.o
 .debug_line_str
                0x0000000000000779      0x17d bin/obj/drivers/uart/uart.o

.debug_info     0x0000000000000000     0x450b
 .debug_info    0x0000000000000000       0x28 bin/obj/__arm/sysregs.o
 .debug_info    0x0000000000000028       0x23 bin/obj/__arm/exceptions/el2_vectors.o
 .debug_info    0x000000000000004b       0x28 bin/obj/__arm/exceptions/exceptions.o
 .debug_info    0x0000000000000073       0x29 bin/obj/__lib/memcpy/memcpy.o
 .debug_info    0x000000000000009c       0x28 bin/obj/__boot/clean_bss.o
 .debug_info    0x00000000000000c4       0x28 bin/obj/__boot/boot.o
 .debug_info    0x00000000000000ec      0x50b bin/obj/kernel/panic.o
 .debug_info    0x00000000000005f7      0x4f2 bin/obj/kernel/kernel_entry.o
 .debug_info    0x0000000000000ae9      0x116 bin/obj/arm/cpu.o
 .debug_info    0x0000000000000bff      0x11f bin/obj/arm/exceptions/handlers/el2/el2_low_a32_serror.o
 .debug_info    0x0000000000000d1e      0x11f bin/obj/arm/exceptions/handlers/el2/el2_cur_spx_serror.o
 .debug_info    0x0000000000000e3d      0x11f bin/obj/arm/exceptions/handlers/el2/el2_low_a64_serror.o
 .debug_info    0x0000000000000f5c      0x11f bin/obj/arm/exceptions/handlers/el2/el2_low_a64_sync.o
 .debug_info    0x000000000000107b      0x11f bin/obj/arm/exceptions/handlers/el2/el2_cur_sp0_irq.o
 .debug_info    0x000000000000119a      0x11f bin/obj/arm/exceptions/handlers/el2/el2_cur_sp0_serror.o
 .debug_info    0x00000000000012b9      0x11f bin/obj/arm/exceptions/handlers/el2/el2_low_a64_irq.o
 .debug_info    0x00000000000013d8      0x11f bin/obj/arm/exceptions/handlers/el2/el2_low_a64_fiq.o
 .debug_info    0x00000000000014f7      0x11f bin/obj/arm/exceptions/handlers/el2/el2_cur_spx_fiq.o
 .debug_info    0x0000000000001616      0x11f bin/obj/arm/exceptions/handlers/el2/el2_low_a32_irq.o
 .debug_info    0x0000000000001735      0x11f bin/obj/arm/exceptions/handlers/el2/el2_cur_sp0_fiq.o
 .debug_info    0x0000000000001854      0x11f bin/obj/arm/exceptions/handlers/el2/el2_low_a32_fiq.o
 .debug_info    0x0000000000001973      0x11f bin/obj/arm/exceptions/handlers/el2/el2_cur_spx_sync.o
 .debug_info    0x0000000000001a92      0x11f bin/obj/arm/exceptions/handlers/el2/el2_low_a32_sync.o
 .debug_info    0x0000000000001bb1      0x11f bin/obj/arm/exceptions/handlers/el2/el2_cur_sp0_sync.o
 .debug_info    0x0000000000001cd0      0x11f bin/obj/arm/exceptions/handlers/el2/el2_cur_spx_irq.o
 .debug_info    0x0000000000001def      0x2b3 bin/obj/arm/exceptions/exceptions.o
 .debug_info    0x00000000000020a2      0x441 bin/obj/lib/string.o
 .debug_info    0x00000000000024e3      0x4cd bin/obj/lib/memcpy/memcpy.o
 .debug_info    0x00000000000029b0      0xf3e bin/obj/drivers/interrupts/gicv3/gicv3.o
 .debug_info    0x00000000000038ee      0xc1d bin/obj/drivers/uart/uart.o

.debug_abbrev   0x0000000000000000     0x17d1
 .debug_abbrev  0x0000000000000000       0x14 bin/obj/__arm/sysregs.o
 .debug_abbrev  0x0000000000000014       0x12 bin/obj/__arm/exceptions/el2_vectors.o
 .debug_abbrev  0x0000000000000026       0x14 bin/obj/__arm/exceptions/exceptions.o
 .debug_abbrev  0x000000000000003a       0x14 bin/obj/__lib/memcpy/memcpy.o
 .debug_abbrev  0x000000000000004e       0x14 bin/obj/__boot/clean_bss.o
 .debug_abbrev  0x0000000000000062       0x14 bin/obj/__boot/boot.o
 .debug_abbrev  0x0000000000000076      0x1fd bin/obj/kernel/panic.o
 .debug_abbrev  0x0000000000000273      0x1e0 bin/obj/kernel/kernel_entry.o
 .debug_abbrev  0x0000000000000453       0xad bin/obj/arm/cpu.o
 .debug_abbrev  0x0000000000000500       0xae bin/obj/arm/exceptions/handlers/el2/el2_low_a32_serror.o
 .debug_abbrev  0x00000000000005ae       0xae bin/obj/arm/exceptions/handlers/el2/el2_cur_spx_serror.o
 .debug_abbrev  0x000000000000065c       0xae bin/obj/arm/exceptions/handlers/el2/el2_low_a64_serror.o
 .debug_abbrev  0x000000000000070a       0xae bin/obj/arm/exceptions/handlers/el2/el2_low_a64_sync.o
 .debug_abbrev  0x00000000000007b8       0xae bin/obj/arm/exceptions/handlers/el2/el2_cur_sp0_irq.o
 .debug_abbrev  0x0000000000000866       0xae bin/obj/arm/exceptions/handlers/el2/el2_cur_sp0_serror.o
 .debug_abbrev  0x0000000000000914       0xae bin/obj/arm/exceptions/handlers/el2/el2_low_a64_irq.o
 .debug_abbrev  0x00000000000009c2       0xae bin/obj/arm/exceptions/handlers/el2/el2_low_a64_fiq.o
 .debug_abbrev  0x0000000000000a70       0xae bin/obj/arm/exceptions/handlers/el2/el2_cur_spx_fiq.o
 .debug_abbrev  0x0000000000000b1e       0xae bin/obj/arm/exceptions/handlers/el2/el2_low_a32_irq.o
 .debug_abbrev  0x0000000000000bcc       0xae bin/obj/arm/exceptions/handlers/el2/el2_cur_sp0_fiq.o
 .debug_abbrev  0x0000000000000c7a       0xae bin/obj/arm/exceptions/handlers/el2/el2_low_a32_fiq.o
 .debug_abbrev  0x0000000000000d28       0xae bin/obj/arm/exceptions/handlers/el2/el2_cur_spx_sync.o
 .debug_abbrev  0x0000000000000dd6       0xae bin/obj/arm/exceptions/handlers/el2/el2_low_a32_sync.o
 .debug_abbrev  0x0000000000000e84       0xae bin/obj/arm/exceptions/handlers/el2/el2_cur_sp0_sync.o
 .debug_abbrev  0x0000000000000f32       0xae bin/obj/arm/exceptions/handlers/el2/el2_cur_spx_irq.o
 .debug_abbrev  0x0000000000000fe0      0x12b bin/obj/arm/exceptions/exceptions.o
 .debug_abbrev  0x000000000000110b      0x194 bin/obj/lib/string.o
 .debug_abbrev  0x000000000000129f      0x1e0 bin/obj/lib/memcpy/memcpy.o
 .debug_abbrev  0x000000000000147f      0x1be bin/obj/drivers/interrupts/gicv3/gicv3.o
 .debug_abbrev  0x000000000000163d      0x194 bin/obj/drivers/uart/uart.o

.debug_aranges  0x0000000000000000      0x5b0
 .debug_aranges
                0x0000000000000000       0x30 bin/obj/__arm/sysregs.o
 .debug_aranges
                0x0000000000000030       0x40 bin/obj/__arm/exceptions/el2_vectors.o
 .debug_aranges
                0x0000000000000070       0x30 bin/obj/__arm/exceptions/exceptions.o
 .debug_aranges
                0x00000000000000a0       0x30 bin/obj/__lib/memcpy/memcpy.o
 .debug_aranges
                0x00000000000000d0       0x30 bin/obj/__boot/clean_bss.o
 .debug_aranges
                0x0000000000000100       0x30 bin/obj/__boot/boot.o
 .debug_aranges
                0x0000000000000130       0x30 bin/obj/kernel/panic.o
 .debug_aranges
                0x0000000000000160       0x30 bin/obj/kernel/kernel_entry.o
 .debug_aranges
                0x0000000000000190       0x30 bin/obj/arm/cpu.o
 .debug_aranges
                0x00000000000001c0       0x30 bin/obj/arm/exceptions/handlers/el2/el2_low_a32_serror.o
 .debug_aranges
                0x00000000000001f0       0x30 bin/obj/arm/exceptions/handlers/el2/el2_cur_spx_serror.o
 .debug_aranges
                0x0000000000000220       0x30 bin/obj/arm/exceptions/handlers/el2/el2_low_a64_serror.o
 .debug_aranges
                0x0000000000000250       0x30 bin/obj/arm/exceptions/handlers/el2/el2_low_a64_sync.o
 .debug_aranges
                0x0000000000000280       0x30 bin/obj/arm/exceptions/handlers/el2/el2_cur_sp0_irq.o
 .debug_aranges
                0x00000000000002b0       0x30 bin/obj/arm/exceptions/handlers/el2/el2_cur_sp0_serror.o
 .debug_aranges
                0x00000000000002e0       0x30 bin/obj/arm/exceptions/handlers/el2/el2_low_a64_irq.o
 .debug_aranges
                0x0000000000000310       0x30 bin/obj/arm/exceptions/handlers/el2/el2_low_a64_fiq.o
 .debug_aranges
                0x0000000000000340       0x30 bin/obj/arm/exceptions/handlers/el2/el2_cur_spx_fiq.o
 .debug_aranges
                0x0000000000000370       0x30 bin/obj/arm/exceptions/handlers/el2/el2_low_a32_irq.o
 .debug_aranges
                0x00000000000003a0       0x30 bin/obj/arm/exceptions/handlers/el2/el2_cur_sp0_fiq.o
 .debug_aranges
                0x00000000000003d0       0x30 bin/obj/arm/exceptions/handlers/el2/el2_low_a32_fiq.o
 .debug_aranges
                0x0000000000000400       0x30 bin/obj/arm/exceptions/handlers/el2/el2_cur_spx_sync.o
 .debug_aranges
                0x0000000000000430       0x30 bin/obj/arm/exceptions/handlers/el2/el2_low_a32_sync.o
 .debug_aranges
                0x0000000000000460       0x30 bin/obj/arm/exceptions/handlers/el2/el2_cur_sp0_sync.o
 .debug_aranges
                0x0000000000000490       0x30 bin/obj/arm/exceptions/handlers/el2/el2_cur_spx_irq.o
 .debug_aranges
                0x00000000000004c0       0x30 bin/obj/arm/exceptions/exceptions.o
 .debug_aranges
                0x00000000000004f0       0x30 bin/obj/lib/string.o
 .debug_aranges
                0x0000000000000520       0x30 bin/obj/lib/memcpy/memcpy.o
 .debug_aranges
                0x0000000000000550       0x30 bin/obj/drivers/interrupts/gicv3/gicv3.o
 .debug_aranges
                0x0000000000000580       0x30 bin/obj/drivers/uart/uart.o

.debug_str      0x0000000000000000     0x1c00
 .debug_str     0x0000000000000000     0x1c00 bin/obj/__arm/sysregs.o
                                         0x4c (size before relaxing)
 .debug_str     0x0000000000001c00       0x5b bin/obj/__arm/exceptions/el2_vectors.o
 .debug_str     0x0000000000001c00       0x5a bin/obj/__arm/exceptions/exceptions.o
 .debug_str     0x0000000000001c00       0x52 bin/obj/__lib/memcpy/memcpy.o
 .debug_str     0x0000000000001c00       0x4f bin/obj/__boot/clean_bss.o
 .debug_str     0x0000000000001c00       0x4a bin/obj/__boot/boot.o
 .debug_str     0x0000000000001c00      0x3ce bin/obj/kernel/panic.o
 .debug_str     0x0000000000001c00       0x79 bin/obj/kernel/malloc/buddy_allocator.o
 .debug_str     0x0000000000001c00      0x38b bin/obj/kernel/kernel_entry.o
 .debug_str     0x0000000000001c00      0x154 bin/obj/arm/cpu.o
 .debug_str     0x0000000000001c00      0x16b bin/obj/arm/exceptions/handlers/el2/el2_low_a32_serror.o
 .debug_str     0x0000000000001c00      0x16b bin/obj/arm/exceptions/handlers/el2/el2_cur_spx_serror.o
 .debug_str     0x0000000000001c00      0x16b bin/obj/arm/exceptions/handlers/el2/el2_low_a64_serror.o
 .debug_str     0x0000000000001c00      0x169 bin/obj/arm/exceptions/handlers/el2/el2_low_a64_sync.o
 .debug_str     0x0000000000001c00      0x168 bin/obj/arm/exceptions/handlers/el2/el2_cur_sp0_irq.o
 .debug_str     0x0000000000001c00      0x16b bin/obj/arm/exceptions/handlers/el2/el2_cur_sp0_serror.o
 .debug_str     0x0000000000001c00      0x168 bin/obj/arm/exceptions/handlers/el2/el2_low_a64_irq.o
 .debug_str     0x0000000000001c00      0x168 bin/obj/arm/exceptions/handlers/el2/el2_low_a64_fiq.o
 .debug_str     0x0000000000001c00      0x168 bin/obj/arm/exceptions/handlers/el2/el2_cur_spx_fiq.o
 .debug_str     0x0000000000001c00      0x168 bin/obj/arm/exceptions/handlers/el2/el2_low_a32_irq.o
 .debug_str     0x0000000000001c00      0x168 bin/obj/arm/exceptions/handlers/el2/el2_cur_sp0_fiq.o
 .debug_str     0x0000000000001c00      0x168 bin/obj/arm/exceptions/handlers/el2/el2_low_a32_fiq.o
 .debug_str     0x0000000000001c00      0x169 bin/obj/arm/exceptions/handlers/el2/el2_cur_spx_sync.o
 .debug_str     0x0000000000001c00      0x169 bin/obj/arm/exceptions/handlers/el2/el2_low_a32_sync.o
 .debug_str     0x0000000000001c00      0x169 bin/obj/arm/exceptions/handlers/el2/el2_cur_sp0_sync.o
 .debug_str     0x0000000000001c00      0x168 bin/obj/arm/exceptions/handlers/el2/el2_cur_spx_irq.o
 .debug_str     0x0000000000001c00      0x2bb bin/obj/arm/exceptions/exceptions.o
 .debug_str     0x0000000000001c00      0x31a bin/obj/lib/string.o
 .debug_str     0x0000000000001c00      0x305 bin/obj/lib/memcpy/memcpy.o
 .debug_str     0x0000000000001c00     0x1216 bin/obj/drivers/interrupts/gicv3/gicv3.o
 .debug_str     0x0000000000001c00       0x79 bin/obj/drivers/interrupts/irq.o
 .debug_str     0x0000000000001c00      0x4d8 bin/obj/drivers/uart/uart.o

.debug_rnglists
                0x0000000000000000       0x4e
 .debug_rnglists
                0x0000000000000000       0x23 bin/obj/__arm/exceptions/el2_vectors.o
 .debug_rnglists
                0x0000000000000023       0x2b bin/obj/lib/string.o

.comment        0x0000000000000000       0x45
 .comment       0x0000000000000000       0x45 bin/obj/kernel/panic.o
                                         0x46 (size before relaxing)
 .comment       0x0000000000000045       0x46 bin/obj/kernel/malloc/buddy_allocator.o
 .comment       0x0000000000000045       0x46 bin/obj/kernel/kernel_entry.o
 .comment       0x0000000000000045       0x46 bin/obj/arm/cpu.o
 .comment       0x0000000000000045       0x46 bin/obj/arm/exceptions/handlers/el2/el2_low_a32_serror.o
 .comment       0x0000000000000045       0x46 bin/obj/arm/exceptions/handlers/el2/el2_cur_spx_serror.o
 .comment       0x0000000000000045       0x46 bin/obj/arm/exceptions/handlers/el2/el2_low_a64_serror.o
 .comment       0x0000000000000045       0x46 bin/obj/arm/exceptions/handlers/el2/el2_low_a64_sync.o
 .comment       0x0000000000000045       0x46 bin/obj/arm/exceptions/handlers/el2/el2_cur_sp0_irq.o
 .comment       0x0000000000000045       0x46 bin/obj/arm/exceptions/handlers/el2/el2_cur_sp0_serror.o
 .comment       0x0000000000000045       0x46 bin/obj/arm/exceptions/handlers/el2/el2_low_a64_irq.o
 .comment       0x0000000000000045       0x46 bin/obj/arm/exceptions/handlers/el2/el2_low_a64_fiq.o
 .comment       0x0000000000000045       0x46 bin/obj/arm/exceptions/handlers/el2/el2_cur_spx_fiq.o
 .comment       0x0000000000000045       0x46 bin/obj/arm/exceptions/handlers/el2/el2_low_a32_irq.o
 .comment       0x0000000000000045       0x46 bin/obj/arm/exceptions/handlers/el2/el2_cur_sp0_fiq.o
 .comment       0x0000000000000045       0x46 bin/obj/arm/exceptions/handlers/el2/el2_low_a32_fiq.o
 .comment       0x0000000000000045       0x46 bin/obj/arm/exceptions/handlers/el2/el2_cur_spx_sync.o
 .comment       0x0000000000000045       0x46 bin/obj/arm/exceptions/handlers/el2/el2_low_a32_sync.o
 .comment       0x0000000000000045       0x46 bin/obj/arm/exceptions/handlers/el2/el2_cur_sp0_sync.o
 .comment       0x0000000000000045       0x46 bin/obj/arm/exceptions/handlers/el2/el2_cur_spx_irq.o
 .comment       0x0000000000000045       0x46 bin/obj/arm/exceptions/exceptions.o
 .comment       0x0000000000000045       0x46 bin/obj/lib/string.o
 .comment       0x0000000000000045       0x46 bin/obj/lib/memcpy/memcpy.o
 .comment       0x0000000000000045       0x46 bin/obj/drivers/interrupts/gicv3/gicv3.o
 .comment       0x0000000000000045       0x46 bin/obj/drivers/interrupts/irq.o
 .comment       0x0000000000000045       0x46 bin/obj/drivers/uart/uart.o

.debug_frame    0x0000000000000000      0xf50
 .debug_frame   0x0000000000000000       0xd0 bin/obj/kernel/panic.o
 .debug_frame   0x00000000000000d0       0xa0 bin/obj/kernel/kernel_entry.o
 .debug_frame   0x0000000000000170       0x38 bin/obj/arm/cpu.o
 .debug_frame   0x00000000000001a8       0x30 bin/obj/arm/exceptions/handlers/el2/el2_low_a32_serror.o
 .debug_frame   0x00000000000001d8       0x30 bin/obj/arm/exceptions/handlers/el2/el2_cur_spx_serror.o
 .debug_frame   0x0000000000000208       0x30 bin/obj/arm/exceptions/handlers/el2/el2_low_a64_serror.o
 .debug_frame   0x0000000000000238       0x30 bin/obj/arm/exceptions/handlers/el2/el2_low_a64_sync.o
 .debug_frame   0x0000000000000268       0x30 bin/obj/arm/exceptions/handlers/el2/el2_cur_sp0_irq.o
 .debug_frame   0x0000000000000298       0x30 bin/obj/arm/exceptions/handlers/el2/el2_cur_sp0_serror.o
 .debug_frame   0x00000000000002c8       0x30 bin/obj/arm/exceptions/handlers/el2/el2_low_a64_irq.o
 .debug_frame   0x00000000000002f8       0x30 bin/obj/arm/exceptions/handlers/el2/el2_low_a64_fiq.o
 .debug_frame   0x0000000000000328       0x30 bin/obj/arm/exceptions/handlers/el2/el2_cur_spx_fiq.o
 .debug_frame   0x0000000000000358       0x30 bin/obj/arm/exceptions/handlers/el2/el2_low_a32_irq.o
 .debug_frame   0x0000000000000388       0x30 bin/obj/arm/exceptions/handlers/el2/el2_cur_sp0_fiq.o
 .debug_frame   0x00000000000003b8       0x30 bin/obj/arm/exceptions/handlers/el2/el2_low_a32_fiq.o
 .debug_frame   0x00000000000003e8       0x30 bin/obj/arm/exceptions/handlers/el2/el2_cur_spx_sync.o
 .debug_frame   0x0000000000000418       0x30 bin/obj/arm/exceptions/handlers/el2/el2_low_a32_sync.o
 .debug_frame   0x0000000000000448       0x30 bin/obj/arm/exceptions/handlers/el2/el2_cur_sp0_sync.o
 .debug_frame   0x0000000000000478       0x30 bin/obj/arm/exceptions/handlers/el2/el2_cur_spx_irq.o
 .debug_frame   0x00000000000004a8       0xb0 bin/obj/arm/exceptions/exceptions.o
 .debug_frame   0x0000000000000558       0x80 bin/obj/lib/string.o
 .debug_frame   0x00000000000005d8       0x88 bin/obj/lib/memcpy/memcpy.o
 .debug_frame   0x0000000000000660      0x450 bin/obj/drivers/interrupts/gicv3/gicv3.o
 .debug_frame   0x0000000000000ab0      0x4a0 bin/obj/drivers/uart/uart.o
