Archive member included to satisfy reference by file (symbol)

bin/obj/rslib.a(imx8mp_kernel-1a53598e06c50be6.imx8mp_kernel.241a9a11e0e6ae75-cgu.0.rcgu.o)
                              bin/obj/kernel/init/init.o (rust_kernel_initcalls_stage0)
bin/obj/rslib.a(core-dca77d77b03929cc.core.bbd04c23a4fa3c72-cgu.0.rcgu.o)
                              bin/obj/rslib.a(imx8mp_kernel-1a53598e06c50be6.imx8mp_kernel.241a9a11e0e6ae75-cgu.0.rcgu.o) (core::panicking::panic_fmt)
bin/obj/rslib.a(compiler_builtins-fabd8ee97a026881.compiler_builtins.f286be164c3a919f-cgu.099.rcgu.o)
                              bin/obj/rslib.a(core-dca77d77b03929cc.core.bbd04c23a4fa3c72-cgu.0.rcgu.o) (memcmp)
bin/obj/rslib.a(compiler_builtins-fabd8ee97a026881.compiler_builtins.f286be164c3a919f-cgu.173.rcgu.o)
                              bin/obj/rslib.a(imx8mp_kernel-1a53598e06c50be6.imx8mp_kernel.241a9a11e0e6ae75-cgu.0.rcgu.o) (memcpy)
bin/obj/rslib.a(compiler_builtins-fabd8ee97a026881.compiler_builtins.f286be164c3a919f-cgu.242.rcgu.o)
                              bin/obj/drivers/arm_generic_timer/arm_generic_timer.o (__udivti3)
bin/obj/rslib.a(compiler_builtins-fabd8ee97a026881.compiler_builtins.f286be164c3a919f-cgu.295.rcgu.o)
                              bin/obj/rslib.a(core-dca77d77b03929cc.core.bbd04c23a4fa3c72-cgu.0.rcgu.o) (memset)
bin/obj/rslib.a(compiler_builtins-fabd8ee97a026881.compiler_builtins.f286be164c3a919f-cgu.018.rcgu.o)
                              bin/obj/rslib.a(compiler_builtins-fabd8ee97a026881.compiler_builtins.f286be164c3a919f-cgu.242.rcgu.o) (compiler_builtins::int::specialized_div_rem::u128_div_rem)

Discarded input sections

 .group         0x0000000000000000        0xc bin/obj/kernel/irq/irq.o
 .group         0x0000000000000000        0xc bin/obj/kernel/irq/irq.o
 .group         0x0000000000000000        0xc bin/obj/kernel/irq/irq.o
 .group         0x0000000000000000        0xc bin/obj/kernel/irq/irq.o
 .group         0x0000000000000000        0xc bin/obj/kernel/irq/irq.o
 .group         0x0000000000000000        0xc bin/obj/kernel/irq/irq.o
 .group         0x0000000000000000        0xc bin/obj/kernel/irq/irq.o
 .group         0x0000000000000000        0xc bin/obj/kernel/irq/irq.o
 .group         0x0000000000000000        0xc bin/obj/kernel/irq/irq.o
 .group         0x0000000000000000        0xc bin/obj/kernel/irq/irq.o
 .group         0x0000000000000000        0xc bin/obj/kernel/irq/irq.o
 .group         0x0000000000000000        0xc bin/obj/kernel/irq/irq.o
 .group         0x0000000000000000        0xc bin/obj/kernel/devices/drivers.o
 .group         0x0000000000000000        0xc bin/obj/kernel/devices/drivers.o
 .group         0x0000000000000000        0xc bin/obj/kernel/devices/drivers.o
 .group         0x0000000000000000        0xc bin/obj/kernel/devices/drivers.o
 .group         0x0000000000000000        0xc bin/obj/kernel/devices/drivers.o
 .group         0x0000000000000000        0xc bin/obj/kernel/devices/drivers.o
 .group         0x0000000000000000        0xc bin/obj/kernel/devices/drivers.o
 .group         0x0000000000000000        0xc bin/obj/kernel/devices/drivers.o
 .group         0x0000000000000000        0xc bin/obj/kernel/devices/drivers.o
 .group         0x0000000000000000        0xc bin/obj/kernel/devices/drivers.o
 .group         0x0000000000000000        0xc bin/obj/kernel/devices/drivers.o
 .group         0x0000000000000000        0xc bin/obj/kernel/devices/drivers.o
 .debug_macro   0x0000000000000000      0xad8 bin/obj/kernel/devices/drivers.o
 .debug_macro   0x0000000000000000       0x82 bin/obj/kernel/devices/drivers.o
 .debug_macro   0x0000000000000000       0x1c bin/obj/kernel/devices/drivers.o
 .debug_macro   0x0000000000000000       0x22 bin/obj/kernel/devices/drivers.o
 .debug_macro   0x0000000000000000       0x64 bin/obj/kernel/devices/drivers.o
 .debug_macro   0x0000000000000000       0x1c bin/obj/kernel/devices/drivers.o
 .debug_macro   0x0000000000000000       0x10 bin/obj/kernel/devices/drivers.o
 .debug_macro   0x0000000000000000       0x16 bin/obj/kernel/devices/drivers.o
 .group         0x0000000000000000        0xc bin/obj/kernel/init/init.o
 .group         0x0000000000000000        0xc bin/obj/kernel/init/init.o
 .group         0x0000000000000000        0xc bin/obj/kernel/init/init.o
 .group         0x0000000000000000        0xc bin/obj/kernel/init/init.o
 .group         0x0000000000000000        0xc bin/obj/kernel/init/init.o
 .group         0x0000000000000000        0xc bin/obj/kernel/init/init.o
 .group         0x0000000000000000        0xc bin/obj/kernel/init/init.o
 .group         0x0000000000000000        0xc bin/obj/kernel/init/init.o
 .group         0x0000000000000000        0xc bin/obj/kernel/init/init.o
 .group         0x0000000000000000        0xc bin/obj/kernel/init/init.o
 .group         0x0000000000000000        0xc bin/obj/kernel/init/init.o
 .debug_macro   0x0000000000000000      0xad8 bin/obj/kernel/init/init.o
[...]
Memory Configuration

Name             Origin             Length             Attributes
HI_VMEM          0xffff800000000000 0x0000800000000000 xrw
DDR_HI           0x0000000100000000 0x0000000140000000 xrw
DDR_LO           0x0000000040000000 0x00000000c0000000 xrw
DDR              0x0000000040000000 0x0000000200000000 xrw
DDR_KERNEL       0x0000000040200000 0x00000001ffe00000 xrw
RESERVED_3F      0x000000003f000000 0x0000000001000000 rw
RESERVED_3E      0x000000003e000000 0x0000000001000000 rw
DDRC_PHY_BCAST   0x000000003dc00000 0x0000000000400000 rw
DDRC_PERF_MON    0x000000003d800000 0x0000000000400000 rw
DDRC_CTL         0x000000003d400000 0x0000000000400000 rw
RESERVED_3D10    0x000000003d100000 0x0000000000300000 rw
DDRC_BLK_CTRL    0x000000003d000000 0x0000000000100000 rw
DDRC_PHY         0x000000003c000000 0x0000000001000000 rw
AUDIO_DSP        0x000000003b000000 0x0000000001000000 rw
GIC              0x0000000038800000 0x0000000000100000 rw
NPU              0x0000000038500000 0x0000000000200000 rw
VPU              0x0000000038340000 0x0000000000200000 rw
VPU_BLK_CTRL     0x0000000038330000 0x0000000000200000 rw
VPU_VC8000E      0x0000000038320000 0x0000000000200000 rw
VPU_G2           0x0000000038310000 0x0000000000200000 rw
VPU_G1           0x0000000038300000 0x0000000000200000 rw
USB2             0x0000000038200000 0x0000000000100000 rw
USB1             0x0000000038100000 0x0000000000100000 rw
GPU_3D           0x0000000038000000 0x0000000000008000 rw
GPU_2D           0x0000000038008000 0x0000000000008000 rw
QSPI_RX          0x0000000036000000 0x0000000002000000 rw
QSPI_RX_1        0x0000000034000000 0x0000000002000000 rw
QSPI_TX          0x0000000033008000 0x0000000000008000 rw
APBH_DMA         0x0000000033000000 0x0000000000008000 rw
AIPS_1           0x0000000030000000 0x0000000000400000 rw
AIPS_2           0x0000000030400000 0x0000000000400000 rw
AIPS_3           0x0000000030800000 0x0000000000400000 rw
AIPS_4           0x0000000032c00000 0x0000000000400000 rw
AIPS_5           0x0000000030c00000 0x0000000000400000 rw
PCIE_REG         0x0000000018000000 0x0000000008000000 rw
OCRAM            0x0000000000900000 0x0000000000090000 xrw
OCRAM_S          0x0000000000180000 0x0000000000009000 rw
OCRAM_S2         0x0000000000189000 0x0000000000007000 rw
CAAM_SEC_RAM     0x0000000000108000 0x0000000000008000 rw
BOOT_ROM         0x0000000000000000 0x000000000003f000 r
*default*        0x0000000000000000 0xffffffffffffffff

Linker script and memory map

                0x0000000000000004                __NUM_CORES = 0x4
                0x0000000000020000                __EL2_STACK_SIZE = 0x20000
                0x0000000000100000                __EL1_STACK_SIZE = 0x100000
                0x0000000000200000                __TFA_PROTECTED_SIZE = 0x200000
                0xffff800000000000                HI_VA_BASE = 0xffff800000000000
                0x0000800000000000                HI_VA_SIZE = 0x800000000000
                0x0000000040200000                KERNEL_PA_BASE = (ORIGIN (DDR) + __TFA_PROTECTED_SIZE)
                0xffff800040200000                KERNEL_VA_BASE = (KERNEL_PA_BASE + HI_VA_BASE)
                0xffff800040200000                . = KERNEL_VA_BASE

.text           0xffff800040200000    0x3a100 load address 0x0000000040200000
                0xffff800040200000                __text_start = .
 *(.text.boot)
 .text.boot     0xffff800040200000       0xc0 bin/obj/__boot/boot.o
                0xffff800040200000                _start
 *(.text*)
 .text          0xffff8000402000c0       0x40 bin/obj/__kernel/mm/reloc/reloc.o
                0xffff8000402000c0                _jmp_to_with_offset
                0xffff8000402000c8                _reloc_cfg_end
                0xffff8000402000f4                _return_to_kernel_entry
 .text          0xffff800040200100       0x20 bin/obj/__kernel/mm/mm.o
                0xffff800040200100                _get_pc
                0xffff800040200108                _mm_kva_to_kpa
                0xffff800040200114                _mm_kpa_to_kva
 .text          0xffff800040200120       0x40 bin/obj/__arm/cache/cache.o
                0xffff800040200120                _cache_flush_range
 .text          0xffff800040200160       0x3c bin/obj/__arm/cache/icache.o
                0xffff800040200160                _icache_flush_range
 .text          0xffff80004020019c       0x3c bin/obj/__arm/cache/dcache.o
                0xffff80004020019c                _dcache_flush_range
 *fill*         0xffff8000402001d8        0x8 
 .text          0xffff8000402001e0       0x10 bin/obj/__arm/tfa/smccc.o
                0xffff8000402001e0                _smc_call
 .text          0xffff8000402001f0      0x114 bin/obj/__arm/sysregs/arm_generic_timer.o
                0xffff8000402001f0                _ARM_CNTFRQ_EL0_set
                0xffff8000402001fc                _ARM_CNTFRQ_EL0_get
                0xffff800040200204                _ARM_CNTPCT_EL0_get
                0xffff80004020020c                _ARM_CNTVCT_EL0_get
                0xffff800040200214                _ARM_CNTP_CTL_EL0_set
                0xffff800040200220                _ARM_CNTP_CTL_EL0_get
                0xffff800040200228                _ARM_CNTP_CVAL_EL0_set
                0xffff800040200234                _ARM_CNTP_CVAL_EL0_get
                0xffff80004020023c                _ARM_CNTP_TVAL_EL0_set
                0xffff800040200248                _ARM_CNTP_TVAL_EL0_get
                0xffff800040200250                _ARM_CNTV_CTL_EL0_set
                0xffff80004020025c                _ARM_CNTV_CTL_EL0_get
                0xffff800040200264                _ARM_CNTV_CVAL_EL0_set
                0xffff800040200270                _ARM_CNTV_CVAL_EL0_get
                0xffff800040200278                _ARM_CNTV_TVAL_EL0_set
                0xffff800040200284                _ARM_CNTV_TVAL_EL0_get
                0xffff80004020028c                _ARM_CNTKCTL_EL1_set
                0xffff800040200298                _ARM_CNTKCTL_EL1_get
                0xffff8000402002a0                _ARM_CNTHCTL_EL2_set
                0xffff8000402002ac                _ARM_CNTHCTL_EL2_get
                0xffff8000402002b4                _ARM_CNTVOFF_EL2_set
                0xffff8000402002c0                _ARM_CNTVOFF_EL2_get
                0xffff8000402002c8                _ARM_CNTPS_CTL_EL1_set
                0xffff8000402002d4                _ARM_CNTPS_CTL_EL1_get
                0xffff8000402002dc                _ARM_CNTPS_CVAL_EL1_set
                0xffff8000402002e8                _ARM_CNTPS_CVAL_EL1_get
                0xffff8000402002f0                _ARM_CNTPS_TVAL_EL1_set
                0xffff8000402002fc                _ARM_CNTPS_TVAL_EL1_get
 .text          0xffff800040200304       0x74 bin/obj/__arm/sysregs/sysregs.o
                0xffff800040200304                _ARM_currentEL
                0xffff800040200310                _ARM_MPIDR_EL1
                0xffff800040200318                _ARM_ICC_SRE_EL2
                0xffff800040200320                _ARM_HCR_EL2
                0xffff800040200328                _ARM_ESR_EL2
                0xffff800040200330                _ARM_ELR_EL2
                0xffff800040200338                _ARM_FAR_EL2
                0xffff800040200340                _ARM_SPSR_EL2
                0xffff800040200348                _ARM_ESR_EL1
                0xffff800040200350                _ARM_ELR_EL1
                0xffff800040200358                _ARM_FAR_EL1
                0xffff800040200360                _ARM_SPSR_EL1
                0xffff800040200368                _ARM_SCTLR_EL1
                0xffff800040200370                _ARM_SCTLR_EL2
 *fill*         0xffff800040200378      0x488 
 .text          0xffff800040200800     0x1100 bin/obj/__arm/exceptions/el2_vectors.o
                0xffff800040200800                _el2_init_vector
 .text          0xffff800040201900       0x68 bin/obj/__arm/exceptions/exceptions.o
                0xffff800040201900                _exceptions_get_DAIF
                0xffff800040201908                _fiq_exceptions_enable
                0xffff800040201914                _irq_exceptions_enable
                0xffff800040201920                _serror_exceptions_enable
                0xffff80004020192c                _debug_exceptions_enable
                0xffff800040201938                _fiq_exceptions_disable
                0xffff800040201944                _irq_exceptions_disable
                0xffff800040201950                _serror_exceptions_disable
                0xffff80004020195c                _debug_exceptions_disable
 *fill*         0xffff800040201968      0x698 
 .text          0xffff800040202000     0x1100 bin/obj/__arm/exceptions/el1_vectors.o
                0xffff800040202000                _el1_init_vector
 .text          0xffff800040203100        0x8 bin/obj/__arm/cpu.o
                0xffff800040203100                _ARM_get_sp
 *fill*         0xffff800040203108        0x8 
 .text          0xffff800040203110       0xa0 bin/obj/__arm/mmu/regs/mmu_sysregs.o
                0xffff800040203110                _mmu_get_MAIR_EL1
                0xffff800040203118                _mmu_set_MAIR_EL1
                0xffff800040203150                _mmu_get_SCTLR_EL1
                0xffff800040203158                _mmu_set_SCTLR_EL1
                0xffff800040203164                _mmu_get_TTBR0_EL1
                0xffff80004020316c                _mmu_set_TTBR0_EL1
                0xffff80004020317c                _mmu_get_TTBR1_EL1
                0xffff800040203184                _mmu_set_TTBR1_EL1
                0xffff800040203194                _mmu_get_TCR_EL1
                0xffff80004020319c                _mmu_set_TCR_EL1
                0xffff8000402031a8                _mmu_get_ID_AA64MMFR0_EL1
 .text          0xffff8000402031b0      0x250 bin/obj/__lib/memcpy/memcpy.o
                0xffff8000402031b0                _memcpy
                0xffff8000402032c0                _memcpy64
                0xffff8000402032f0                _memcpy32
                0xffff800040203320                _memcpy16
                0xffff800040203350                _memcpy8
                0xffff800040203380                _memcpy4
                0xffff8000402033b0                _memcpy2
                0xffff8000402033e0                _memcpy1
 .text          0xffff800040203400       0x3c bin/obj/__lib/lock/spinlock_irq.o
                0xffff800040203400                _spin_lock_irqsave
                0xffff80004020341c                _spin_unlock_irqrestore
 *fill*         0xffff80004020343c        0x4 
 .text          0xffff800040203440       0x74 bin/obj/__lib/lock/spinlock.o
                0xffff800040203440                _spin_try_lock
                0xffff800040203468                _spin_lock
                0xffff800040203490                _spin_unlock
 *fill*         0xffff8000402034b4        0xc 
 .text          0xffff8000402034c0       0x14 bin/obj/__lib/lock/irqlock.o
                0xffff8000402034c0                _irq_lock
                0xffff8000402034cc                _irq_unlock
 *fill*         0xffff8000402034d4        0x4 
 .text          0xffff8000402034d8       0x60 bin/obj/__boot/clean_bss.o
                0xffff8000402034d8                _clean_bss
 .text          0xffff800040203538        0x0 bin/obj/__boot/boot.o
 *fill*         0xffff800040203538        0x8 
 .text          0xffff800040203540       0x8c bin/obj/__boot/el1.o
                0xffff800040203540                _switch_to_el1
                0xffff8000402035a0                _el1_entry
 *fill*         0xffff8000402035cc        0x4 
 .text          0xffff8000402035d0       0x98 bin/obj/__boot/stacks.o
                0xffff8000402035d0                _setup_stack_el1
                0xffff800040203604                _reset_stack_el1
 *fill*         0xffff800040203668        0x8 
 .text          0xffff800040203670       0x68 bin/obj/__boot/secondary_entry.o
                0xffff800040203670                _secondary_entry
 .text          0xffff8000402036d8      0x108 bin/obj/__boot/gpr.o
                0xffff8000402036d8                _init_gpr
 .text          0xffff8000402037e0        0x8 bin/obj/__drivers/tmu/tmu_critical_default.o
                0xffff8000402037e0                _TMU_critical_hang
 *fill*         0xffff8000402037e8        0x8 
 .text          0xffff8000402037f0       0x3c bin/obj/__drivers/interrupts/gicv3/gicv3_arm_interface.o
                0xffff8000402037f0                _GICV3_ARM_ICC_SRE_EL1_write
                0xffff8000402037fc                _GICV3_ARM_ICC_PMR_EL1_write
                0xffff800040203808                _GICV3_ARM_ICC_PMR_EL1_read
                0xffff800040203810                _GICV3_ARM_ICC_IGRPEN1_EL1_write
                0xffff80004020381c                _GICV3_ARM_ICC_IAR1_EL1_read
                0xffff800040203824                _GICV3_ARM_ICC_EOIR1_EL1_write
 .text          0xffff80004020382c      0x22c bin/obj/kernel/irq/irq.o
                0xffff800040203a0c                kernel_handle_irq
 .text          0xffff800040203a58        0x0 bin/obj/kernel/devices/drivers.o
 .text          0xffff800040203a58      0x158 bin/obj/kernel/init/init.o
                0xffff800040203a78                kernel_init
 .text          0xffff800040203bb0       0x4c bin/obj/kernel/init/early_init.o
                0xffff800040203bd0                kernel_early_init
 .text          0xffff800040203bfc      0x1c0 bin/obj/kernel/init/init_drivers.o
 .text          0xffff800040203dbc       0xf8 bin/obj/kernel/lib/smp.o
                0xffff800040203dbc                get_core_id
                0xffff800040203e50                wake_core
 .text          0xffff800040203eb4     0x30b4 bin/obj/kernel/mm/phys/page_allocator.o
                0xffff800040204e2c                page_allocator_bytes_to_order
                0xffff800040204e58                page_malloc
                0xffff800040204fd4                page_free
                0xffff800040205214                page_free_by_tag
                0xffff8000402053c8                page_allocator_init
                0xffff800040205b88                page_allocator_reserve_memblocks
                0xffff800040205cfc                page_allocator_testing_init
                0xffff800040205ec4                page_allocator_debug_pages
                0xffff800040206360                page_allocator_validate
                0xffff800040206c40                page_allocator_debug
 .text          0xffff800040206f68      0x938 bin/obj/kernel/mm/phys/tests.o
                0xffff800040206f68                test_single_alloc_free
                0xffff800040207050                test_split_to_zero
                0xffff800040207138                test_many_small_allocs
                0xffff8000402072c4                test_mixed_orders
                0xffff80004020746c                test_full_merge
                0xffff800040207644                test_stress_pattern
                0xffff8000402077cc                run_page_allocator_tests
 .text          0xffff8000402078a0      0x210 bin/obj/kernel/mm/init/init.o
                0xffff800040207a30                mm_early_init
                0xffff800040207aa8                mm_init
 .text          0xffff800040207ab0      0x2c4 bin/obj/kernel/mm/init/identity_mapping.o
                0xffff800040207c2c                early_identity_mapping
 .text          0xffff800040207d74      0x89c bin/obj/kernel/mm/init/early_kalloc.o
                0xffff800040207d90                early_kalloc_init
                0xffff800040208144                early_kalloc
                0xffff8000402082d8                early_kalloc_get_memblocks
                0xffff8000402083ac                early_kfree
 .text          0xffff800040208610      0x224 bin/obj/kernel/mm/mm_info.o
                0xffff80004020863c                mm_info_init
                0xffff8000402087b4                mm_info_max_ddr_size
                0xffff8000402087c4                mm_info_ddr_size
                0xffff8000402087d4                mm_info_ddr_start
                0xffff8000402087e4                mm_info_ddr_end
                0xffff8000402087f4                mm_info_kernel_start
                0xffff800040208804                mm_info_kernel_size
                0xffff800040208814                mm_info_page_count
                0xffff800040208824                mm_info_mm_addr_space
 .text          0xffff800040208834      0x178 bin/obj/kernel/mm/mm.o
                0xffff800040208834                mm_kernel_is_relocated
                0xffff800040208864                mm_kva_to_kpa
                0xffff800040208908                mm_kpa_to_kva
 .text          0xffff8000402089ac      0x244 bin/obj/kernel/mm/reloc/reloc.o
                0xffff800040208a70                mm_reloc_kernel
                0xffff800040208bb4                reloc_cfg_end
 .text          0xffff800040208bf0       0x64 bin/obj/kernel/kernel_entry.o
                0xffff800040208bf0                kernel_entry
 .text          0xffff800040208c54      0x45c bin/obj/kernel/io/term.o
                0xffff800040208c70                init_term_early
                0xffff800040208ccc                init_term_full
                0xffff800040208d08                term_add_output
                0xffff800040208e14                term_printc
                0xffff800040208e5c                term_prints
                0xffff800040208f98                term_printf
 .text          0xffff8000402090b0      0x428 bin/obj/kernel/panic/panic.o
                0xffff800040209490                panic
                0xffff8000402094ac                panicr
 .text          0xffff8000402094d8       0xe8 bin/obj/kernel/panic/panic_puts.o
                0xffff800040209538                panic_puts
 .text          0xffff8000402095c0      0x238 bin/obj/kernel/panic/panic_exception/panic_exception_handlers.o
                0xffff80004020971c                handle_sync_panic
                0xffff80004020975c                handle_irq_panic
                0xffff800040209790                handle_fiq_panic
                0xffff8000402097c4                handle_serror_panic
 .text          0xffff8000402097f8      0x370 bin/obj/kernel/panic/panic_exception/esr/esr.o
                0xffff800040209a20                print_esr
 .text          0xffff800040209b68      0x5d8 bin/obj/kernel/panic/panic_exception/esr/data_abort.o
                0xffff800040209edc                print_data_abort_info
 .text          0xffff80004020a140        0x0 bin/obj/arm/tfa/smccc.o
 .text          0xffff80004020a140       0x58 bin/obj/arm/cpu.o
                0xffff80004020a140                ARM_get_cpu_affinity
 .text          0xffff80004020a198       0x50 bin/obj/arm/exceptions/handlers/el1/el1_low_a32_serror.o
                0xffff80004020a198                el1_low_a32_serror_handler
 .text          0xffff80004020a1e8       0x50 bin/obj/arm/exceptions/handlers/el1/el1_low_a32_fiq.o
                0xffff80004020a1e8                el1_low_a32_fiq_handler
 .text          0xffff80004020a238       0x50 bin/obj/arm/exceptions/handlers/el1/el1_low_a64_sync.o
                0xffff80004020a238                el1_low_a64_sync_handler
 .text          0xffff80004020a288       0x50 bin/obj/arm/exceptions/handlers/el1/el1_cur_spx_fiq.o
                0xffff80004020a288                el1_cur_spx_fiq_handler
 .text          0xffff80004020a2d8       0x2c bin/obj/arm/exceptions/handlers/el1/el1_cur_spx_irq.o
                0xffff80004020a2d8                el1_cur_spx_irq_handler
 .text          0xffff80004020a304       0x50 bin/obj/arm/exceptions/handlers/el1/el1_cur_spx_serror.o
                0xffff80004020a304                el1_cur_spx_serror_handler
 .text          0xffff80004020a354       0x50 bin/obj/arm/exceptions/handlers/el1/el1_low_a32_irq.o
                0xffff80004020a354                el1_low_a32_irq_handler
 .text          0xffff80004020a3a4       0x50 bin/obj/arm/exceptions/handlers/el1/el1_low_a64_fiq.o
                0xffff80004020a3a4                el1_low_a64_fiq_handler
 .text          0xffff80004020a3f4       0x50 bin/obj/arm/exceptions/handlers/el1/el1_low_a64_irq.o
                0xffff80004020a3f4                el1_low_a64_irq_handler
 .text          0xffff80004020a444       0x50 bin/obj/arm/exceptions/handlers/el1/el1_cur_sp0_sync.o
                0xffff80004020a444                el1_cur_sp0_sync_handler
 .text          0xffff80004020a494       0x50 bin/obj/arm/exceptions/handlers/el1/el1_low_a64_serror.o
                0xffff80004020a494                el1_low_a64_serror_handler
 .text          0xffff80004020a4e4       0x50 bin/obj/arm/exceptions/handlers/el1/el1_low_a32_sync.o
                0xffff80004020a4e4                el1_low_a32_sync_handler
 .text          0xffff80004020a534       0x50 bin/obj/arm/exceptions/handlers/el1/el1_cur_spx_sync.o
                0xffff80004020a534                el1_cur_spx_sync_handler
 .text          0xffff80004020a584       0x50 bin/obj/arm/exceptions/handlers/el1/el1_cur_sp0_fiq.o
                0xffff80004020a584                el1_cur_sp0_fiq_handler
 .text          0xffff80004020a5d4       0x50 bin/obj/arm/exceptions/handlers/el1/el1_cur_sp0_serror.o
                0xffff80004020a5d4                el1_cur_sp0_serror_handler
 .text          0xffff80004020a624       0x50 bin/obj/arm/exceptions/handlers/el1/el1_cur_sp0_irq.o
                0xffff80004020a624                el1_cur_sp0_irq_handler
 .text          0xffff80004020a674       0x50 bin/obj/arm/exceptions/handlers/el2/el2_low_a32_serror.o
                0xffff80004020a674                el2_low_a32_serror_handler
 .text          0xffff80004020a6c4       0x50 bin/obj/arm/exceptions/handlers/el2/el2_cur_spx_serror.o
                0xffff80004020a6c4                el2_cur_spx_serror_handler
 .text          0xffff80004020a714       0x50 bin/obj/arm/exceptions/handlers/el2/el2_low_a64_serror.o
                0xffff80004020a714                el2_low_a64_serror_handler
 .text          0xffff80004020a764       0x50 bin/obj/arm/exceptions/handlers/el2/el2_low_a64_sync.o
                0xffff80004020a764                el2_low_a64_sync_handler
 .text          0xffff80004020a7b4       0x50 bin/obj/arm/exceptions/handlers/el2/el2_cur_sp0_irq.o
                0xffff80004020a7b4                el2_cur_sp0_irq_handler
 .text          0xffff80004020a804       0x50 bin/obj/arm/exceptions/handlers/el2/el2_cur_sp0_serror.o
                0xffff80004020a804                el2_cur_sp0_serror_handler
 .text          0xffff80004020a854       0x50 bin/obj/arm/exceptions/handlers/el2/el2_low_a64_irq.o
                0xffff80004020a854                el2_low_a64_irq_handler
 .text          0xffff80004020a8a4       0x50 bin/obj/arm/exceptions/handlers/el2/el2_low_a64_fiq.o
                0xffff80004020a8a4                el2_low_a64_fiq_handler
 .text          0xffff80004020a8f4       0x50 bin/obj/arm/exceptions/handlers/el2/el2_cur_spx_fiq.o
                0xffff80004020a8f4                el2_cur_spx_fiq_handler
 .text          0xffff80004020a944       0x50 bin/obj/arm/exceptions/handlers/el2/el2_low_a32_irq.o
                0xffff80004020a944                el2_low_a32_irq_handler
 .text          0xffff80004020a994       0x50 bin/obj/arm/exceptions/handlers/el2/el2_cur_sp0_fiq.o
                0xffff80004020a994                el2_cur_sp0_fiq_handler
 .text          0xffff80004020a9e4       0x50 bin/obj/arm/exceptions/handlers/el2/el2_low_a32_fiq.o
                0xffff80004020a9e4                el2_low_a32_fiq_handler
 .text          0xffff80004020aa34       0x50 bin/obj/arm/exceptions/handlers/el2/el2_cur_spx_sync.o
                0xffff80004020aa34                el2_cur_spx_sync_handler
 .text          0xffff80004020aa84       0x50 bin/obj/arm/exceptions/handlers/el2/el2_low_a32_sync.o
                0xffff80004020aa84                el2_low_a32_sync_handler
 .text          0xffff80004020aad4       0x50 bin/obj/arm/exceptions/handlers/el2/el2_cur_sp0_sync.o
                0xffff80004020aad4                el2_cur_sp0_sync_handler
 .text          0xffff80004020ab24       0x50 bin/obj/arm/exceptions/handlers/el2/el2_cur_spx_irq.o
                0xffff80004020ab24                el2_cur_spx_irq_handler
 .text          0xffff80004020ab74      0x2ec bin/obj/arm/exceptions/handlers/exception_macros.o
                0xffff80004020ab74                select_src_enum_
                0xffff80004020acd4                select_exception_type_enum_
                0xffff80004020adf0                exception_panic
 .text          0xffff80004020ae60      0x2c8 bin/obj/arm/exceptions/exceptions.o
                0xffff80004020ae60                arm_exceptions_get_status
                0xffff80004020aef4                arm_exceptions_set_status
                0xffff80004020b02c                arm_exceptions_enable
                0xffff80004020b0a0                arm_exceptions_disable
                0xffff80004020b114                arm_get_exception_level
 .text          0xffff80004020b128     0x2de0 bin/obj/arm/mmu/mmu.o
                0xffff80004020c7c0                mmu_init
                0xffff80004020c8c4                mmu_activate
                0xffff80004020c904                mmu_deactivate
                0xffff80004020c944                mmu_is_active
                0xffff80004020c968                mmu_get_cfg
                0xffff80004020c9c0                mmu_reconfig_allocators
                0xffff80004020ca24                mmu_pg_cfg_new
                0xffff80004020ca98                mmu_cfg_new
                0xffff80004020d380                mmu_map
                0xffff80004020d418                UNLOCKED_unmap_
                0xffff80004020d954                mmu_unmap
                0xffff80004020d9dc                mmu_reloc
                0xffff80004020dea4                mmu_destroy
 .text          0xffff80004020df08     0x120c bin/obj/arm/mmu/mmu_debugging.o
                0xffff80004020e688                mmu_debug_dump_tbl_
                0xffff80004020e8bc                mmu_debug_dump
                0xffff80004020e914                mmu_stress_test
 .text          0xffff80004020f114      0x5e8 bin/obj/arm/mmu/regs/mmu_sysregs.o
                0xffff80004020f2a4                mmu_apply_cfg
 .text          0xffff80004020f6fc      0x470 bin/obj/lib/memcpy/memcpy.o
                0xffff80004020f6fc                memcpy64_aligned
                0xffff80004020f8a4                memcpy64
                0xffff80004020f95c                test_memcpy
 .text          0xffff80004020fb6c      0xde4 bin/obj/lib/malloc/xalloc.o
                0xffff800040210464                xalloc_init
                0xffff800040210564                xalloc_get_block_size
                0xffff80004021057c                xalloc_get_region_blocks
                0xffff8000402105d4                xalloc_get_region_id
                0xffff800040210624                xalloc_get_region_bytes
                0xffff800040210658                xalloc_alloc
                0xffff800040210850                xalloc_calloc
                0xffff8000402108e0                xalloc_free
                0xffff800040210918                xalloc_free_id
 .text          0xffff800040210950      0x1b0 bin/obj/lib/string/string.o
                0xffff800040210950                strcopy
                0xffff8000402109e4                strcmp
 .text          0xffff800040210b00      0xcf4 bin/obj/lib/string/fmt.o
                0xffff800040210b00                uint8_to_ascii_char
                0xffff800040210ba4                stdint_to_ascii
                0xffff800040211324                str_fmt_print
 .text          0xffff8000402117f4      0x790 bin/obj/drivers/arm_generic_timer/arm_generic_timer.o
                0xffff8000402117f4                AGT_ns_to_cycles
                0xffff8000402118a0                AGT_us_to_cycles
                0xffff800040211940                AGT_cnt_cycles
                0xffff800040211954                AGT_cnt_freq
                0xffff800040211968                AGT_cnt_time_ns
                0xffff8000402119d0                AGT_cnt_time_us
                0xffff800040211acc                AGT_timer_schedule_cycles
                0xffff800040211bbc                AGT_timer_schedule_delta
                0xffff800040211ccc                AGT_timer_is_armed
                0xffff800040211d28                AGT_timer_has_fired
                0xffff800040211dbc                AGT_timer_cancel
                0xffff800040211e18                AGT_handle_irq
                0xffff800040211f14                AGT_init_stage0
 .text          0xffff800040211f84     0x1fa8 bin/obj/drivers/tmu/tmu.o
                0xffff800040213118                TMU_init_stage0
                0xffff80004021326c                TMU_init_stage1
                0xffff8000402135fc                TMU_handle_irq
                0xffff800040213688                TMU_set_warn_temp
                0xffff80004021387c                TMU_get_warnings_enabled
                0xffff800040213974                TMU_enable_warnings
                0xffff8000402139e0                TMU_disable_warnings
                0xffff800040213a4c                TMU_warn_pending
                0xffff800040213ab8                TMU_set_critical_temp
                0xffff800040213cac                TMU_get_temp
 .text          0xffff800040213f2c     0x1294 bin/obj/drivers/interrupts/gicv3/gicv3.o
                0xffff800040214a60                GICV3_set_cpu_priority_threshold
                0xffff800040214b7c                GICV3_set_spi_group1ns
                0xffff800040214bf8                GICV3_route_spi_to_cpu
                0xffff800040214c78                GICV3_route_spi_to_self
                0xffff800040214ca8                GICV3_enable_spi
                0xffff800040214cfc                GICV3_set_priority
                0xffff800040214d78                GICV3_set_edge_triggered
                0xffff800040214df0                GICV3_set_level_sensitive
                0xffff800040214e68                GICV3_wake_redistributor
                0xffff800040214f20                GICV3_init_distributor
                0xffff800040214f70                GICV3_init_cpu
                0xffff800040214f9c                GICV3_init_irq
                0xffff8000402150a4                GICV3_get_intid_el1
                0xffff8000402150c0                GICV3_ack_intid_el1
                0xffff8000402150e0                GICV3_enable_ppi
 .text          0xffff8000402151c0     0x2c00 bin/obj/drivers/uart/uart.o
                0xffff8000402161e8                uart_reset
                0xffff800040216374                uart_read
                0xffff8000402173dc                uart_handle_irq
                0xffff800040217484                uart_init_stage0
                0xffff800040217708                uart_init_stage1
                0xffff8000402177b8                uart_putc_sync
                0xffff800040217828                uart_puts_sync
                0xffff8000402179c0                uart_putc
                0xffff800040217a30                uart_puts
                0xffff800040217acc                uart_early_init
                0xffff800040217d04                uart_putc_early
                0xffff800040217d7c                uart_puts_early
 .text          0xffff800040217dc0        0x0 bin/obj/rslib.a(imx8mp_kernel-1a53598e06c50be6.imx8mp_kernel.241a9a11e0e6ae75-cgu.0.rcgu.o)
 .text._RNvCsiGVaDesi5rv_7___rustc17rust_begin_unwind
                0xffff800040217dc0        0x4 bin/obj/rslib.a(imx8mp_kernel-1a53598e06c50be6.imx8mp_kernel.241a9a11e0e6ae75-cgu.0.rcgu.o)
                0xffff800040217dc0                __rustc::rust_begin_unwind
 .text.pow2_ring_buffer_new
                0xffff800040217dc4       0x70 bin/obj/rslib.a(imx8mp_kernel-1a53598e06c50be6.imx8mp_kernel.241a9a11e0e6ae75-cgu.0.rcgu.o)
                0xffff800040217dc4                pow2_ring_buffer_new
 .text.pow2_ring_buffer_pop
                0xffff800040217e34       0x90 bin/obj/rslib.a(imx8mp_kernel-1a53598e06c50be6.imx8mp_kernel.241a9a11e0e6ae75-cgu.0.rcgu.o)
                0xffff800040217e34                pow2_ring_buffer_pop
 .text.pow2_ring_buffer_push
                0xffff800040217ec4       0xbc bin/obj/rslib.a(imx8mp_kernel-1a53598e06c50be6.imx8mp_kernel.241a9a11e0e6ae75-cgu.0.rcgu.o)
                0xffff800040217ec4                pow2_ring_buffer_push
 .text.rust_kernel_initcalls_stage0
                0xffff800040217f80        0x4 bin/obj/rslib.a(imx8mp_kernel-1a53598e06c50be6.imx8mp_kernel.241a9a11e0e6ae75-cgu.0.rcgu.o)
                0xffff800040217f80                rust_kernel_initcalls_stage1
                0xffff800040217f80                rust_kernel_initcalls_stage2
                0xffff800040217f80                rust_kernel_initcalls_stage0
 .text.unlikely.rust_test_panic
                0xffff800040217f84       0x2c bin/obj/rslib.a(imx8mp_kernel-1a53598e06c50be6.imx8mp_kernel.241a9a11e0e6ae75-cgu.0.rcgu.o)
                0xffff800040217f84                rust_test_panic
 .text.uart_rx_len
                0xffff800040217fb0       0x18 bin/obj/rslib.a(imx8mp_kernel-1a53598e06c50be6.imx8mp_kernel.241a9a11e0e6ae75-cgu.0.rcgu.o)
                0xffff800040217fb0                uart_rx_len
 .text.uart_rxbuf_pop
                0xffff800040217fc8       0x58 bin/obj/rslib.a(imx8mp_kernel-1a53598e06c50be6.imx8mp_kernel.241a9a11e0e6ae75-cgu.0.rcgu.o)
                0xffff800040217fc8                uart_rxbuf_pop
 .text.uart_rxbuf_push
                0xffff800040218020       0x6c bin/obj/rslib.a(imx8mp_kernel-1a53598e06c50be6.imx8mp_kernel.241a9a11e0e6ae75-cgu.0.rcgu.o)
                0xffff800040218020                uart_rxbuf_push
 .text.uart_tx_len
                0xffff80004021808c       0x18 bin/obj/rslib.a(imx8mp_kernel-1a53598e06c50be6.imx8mp_kernel.241a9a11e0e6ae75-cgu.0.rcgu.o)
                0xffff80004021808c                uart_tx_len
 .text.uart_txbuf_pop
                0xffff8000402180a4       0x68 bin/obj/rslib.a(imx8mp_kernel-1a53598e06c50be6.imx8mp_kernel.241a9a11e0e6ae75-cgu.0.rcgu.o)
                0xffff8000402180a4                uart_txbuf_pop
 .text.uart_txbuf_push
                0xffff80004021810c       0x60 bin/obj/rslib.a(imx8mp_kernel-1a53598e06c50be6.imx8mp_kernel.241a9a11e0e6ae75-cgu.0.rcgu.o)
                0xffff80004021810c                uart_txbuf_push
 .text          0xffff80004021816c        0x0 bin/obj/rslib.a(core-dca77d77b03929cc.core.bbd04c23a4fa3c72-cgu.0.rcgu.o)
 .text._ZN101_$LT$core..char..CaseMappingIter$u20$as$u20$core..iter..traits..double_ended..DoubleEndedIterator$GT$15advance_back_by17hf0d6f1ce58d3f07dE
                0xffff80004021816c       0x28 bin/obj/rslib.a(core-dca77d77b03929cc.core.bbd04c23a4fa3c72-cgu.0.rcgu.o)
                0xffff80004021816c                <core::char::CaseMappingIter as core::iter::traits::double_ended::DoubleEndedIterator>::advance_back_by
 .text._ZN101_$LT$core..char..CaseMappingIter$u20$as$u20$core..iter..traits..double_ended..DoubleEndedIterator$GT$9next_back17hc65cc64a3027a392E
                0xffff800040218194       0x28 bin/obj/rslib.a(core-dca77d77b03929cc.core.bbd04c23a4fa3c72-cgu.0.rcgu.o)
                0xffff800040218194                <core::char::CaseMappingIter as core::iter::traits::double_ended::DoubleEndedIterator>::next_back
 .text._ZN105_$LT$core..slice..ascii..EscapeAscii$u20$as$u20$core..iter..traits..double_ended..DoubleEndedIterator$GT$9next_back17h61446658ee893423E
                0xffff8000402181bc      0x120 bin/obj/rslib.a(core-dca77d77b03929cc.core.bbd04c23a4fa3c72-cgu.0.rcgu.o)
                0xffff8000402181bc                <core::slice::ascii::EscapeAscii as core::iter::traits::double_ended::DoubleEndedIterator>::next_back
 .text._ZN105_$LT$dyn$u20$core..any..Any$u2b$core..marker..Send$u2b$core..marker..Sync$u20$as$u20$core..fmt..Debug$GT$3fmt17hd0716b989b3da57dE
                0xffff8000402182dc       0x60 bin/obj/rslib.a(core-dca77d77b03929cc.core.bbd04c23a4fa3c72-cgu.0.rcgu.o)
                0xffff8000402182dc                <dyn core::any::Any as core::fmt::Debug>::fmt
                0xffff8000402182dc                <dyn core::any::Any+core::marker::Send as core::fmt::Debug>::fmt
                0xffff8000402182dc                <dyn core::any::Any+core::marker::Send+core::marker::Sync as core::fmt::Debug>::fmt
 .text._ZN110_$LT$$LT$core..wtf8..EncodeWide$u20$as$u20$core..fmt..Debug$GT$..fmt..CodeUnit$u20$as$u20$core..fmt..Debug$GT$3fmt17hda14d4f4daf3c5c9E
                0xffff80004021833c       0xa0 bin/obj/rslib.a(core-dca77d77b03929cc.core.bbd04c23a4fa3c72-cgu.0.rcgu.o)
                0xffff80004021833c                <<core::wtf8::EncodeWide as core::fmt::Debug>::fmt::CodeUnit as core::fmt::Debug>::fmt
 .text._ZN116_$LT$core..net..ip_addr..Ipv4Addr$u20$as$u20$core..ops..bit..BitOrAssign$LT$$RF$core..net..ip_addr..Ipv4Addr$GT$$GT$12bitor_assign17h2747ee25fbf1738bE
                0xffff8000402183dc       0x80 bin/obj/rslib.a(core-dca77d77b03929cc.core.bbd04c23a4fa3c72-cgu.0.rcgu.o)
                0xffff8000402183dc                <core::net::ip_addr::Ipv4Addr as core::ops::bit::BitOrAssign<&core::net::ip_addr::Ipv4Addr>>::bitor_assign
 .text._ZN116_$LT$core..net..ip_addr..Ipv6Addr$u20$as$u20$core..ops..bit..BitOrAssign$LT$$RF$core..net..ip_addr..Ipv6Addr$GT$$GT$12bitor_assign17hff885b6f68f5609cE
                0xffff80004021845c      0x1d0 bin/obj/rslib.a(core-dca77d77b03929cc.core.bbd04c23a4fa3c72-cgu.0.rcgu.o)
                0xffff80004021845c                <core::net::ip_addr::Ipv6Addr as core::ops::bit::BitOrAssign<&core::net::ip_addr::Ipv6Addr>>::bitor_assign
 .text._ZN117_$LT$core..net..ip_addr..Ipv4Addr$u20$as$u20$core..ops..bit..BitAndAssign$LT$$RF$core..net..ip_addr..Ipv4Addr$GT$$GT$13bitand_assign17hb3faa6ba9d6ecb06E
                0xffff80004021862c       0x80 bin/obj/rslib.a(core-dca77d77b03929cc.core.bbd04c23a4fa3c72-cgu.0.rcgu.o)
                0xffff80004021862c                <core::net::ip_addr::Ipv4Addr as core::ops::bit::BitAndAssign<&core::net::ip_addr::Ipv4Addr>>::bitand_assign
 .text._ZN117_$LT$core..net..ip_addr..Ipv6Addr$u20$as$u20$core..ops..bit..BitAndAssign$LT$$RF$core..net..ip_addr..Ipv6Addr$GT$$GT$13bitand_assign17hb1c67c235aa10d9dE
                0xffff8000402186ac      0x1d0 bin/obj/rslib.a(core-dca77d77b03929cc.core.bbd04c23a4fa3c72-cgu.0.rcgu.o)
                0xffff8000402186ac                <core::net::ip_addr::Ipv6Addr as core::ops::bit::BitAndAssign<&core::net::ip_addr::Ipv6Addr>>::bitand_assign
 .text._ZN40_$LT$str$u20$as$u20$core..fmt..Debug$GT$3fmt17h5f6f1bf3a0007201E
                0xffff80004021887c      0x3b0 bin/obj/rslib.a(core-dca77d77b03929cc.core.bbd04c23a4fa3c72-cgu.0.rcgu.o)
                0xffff80004021887c                <str as core::fmt::Debug>::fmt
 .text._ZN41_$LT$char$u20$as$u20$core..fmt..Debug$GT$3fmt17h05bf1d95c56e9d68E
                0xffff800040218c2c       0xe4 bin/obj/rslib.a(core-dca77d77b03929cc.core.bbd04c23a4fa3c72-cgu.0.rcgu.o)
                0xffff800040218c2c                <char as core::fmt::Debug>::fmt
 .text._ZN42_$LT$$RF$T$u20$as$u20$core..fmt..Debug$GT$3fmt17h2cdcb51347d218f7E
                0xffff800040218d10        0x8 bin/obj/rslib.a(core-dca77d77b03929cc.core.bbd04c23a4fa3c72-cgu.0.rcgu.o)
 .text._ZN42_$LT$$RF$T$u20$as$u20$core..fmt..Debug$GT$3fmt17h479b8efc69ca8267E
                0xffff800040218d18        0x8 bin/obj/rslib.a(core-dca77d77b03929cc.core.bbd04c23a4fa3c72-cgu.0.rcgu.o)
 .text._ZN42_$LT$$RF$T$u20$as$u20$core..fmt..Debug$GT$3fmt17h5583193454f8b8d6E
                0xffff800040218d20      0x164 bin/obj/rslib.a(core-dca77d77b03929cc.core.bbd04c23a4fa3c72-cgu.0.rcgu.o)
 .text._ZN42_$LT$$RF$T$u20$as$u20$core..fmt..Debug$GT$3fmt17h56b7a391078316eaE
                0xffff800040218e84        0xc bin/obj/rslib.a(core-dca77d77b03929cc.core.bbd04c23a4fa3c72-cgu.0.rcgu.o)
 .text._ZN42_$LT$$RF$T$u20$as$u20$core..fmt..Debug$GT$3fmt17h7040e3522c936441E
                0xffff800040218e90        0xc bin/obj/rslib.a(core-dca77d77b03929cc.core.bbd04c23a4fa3c72-cgu.0.rcgu.o)
 .text._ZN42_$LT$$RF$T$u20$as$u20$core..fmt..Debug$GT$3fmt17h73d6b45e08bc8e15E
                0xffff800040218e9c       0x14 bin/obj/rslib.a(core-dca77d77b03929cc.core.bbd04c23a4fa3c72-cgu.0.rcgu.o)
 .text._ZN42_$LT$$RF$T$u20$as$u20$core..fmt..Debug$GT$3fmt17ha642bfdd7996c379E
                0xffff800040218eb0       0x14 bin/obj/rslib.a(core-dca77d77b03929cc.core.bbd04c23a4fa3c72-cgu.0.rcgu.o)
 .text._ZN42_$LT$str$u20$as$u20$core..fmt..Display$GT$3fmt17hc0780a4df539a16aE
                0xffff800040218ec4       0x14 bin/obj/rslib.a(core-dca77d77b03929cc.core.bbd04c23a4fa3c72-cgu.0.rcgu.o)
                0xffff800040218ec4                <str as core::fmt::Display>::fmt
 .text._ZN43_$LT$bool$u20$as$u20$core..fmt..Display$GT$3fmt17h9806e9f5fa916ff1E
                0xffff800040218ed8       0x2c bin/obj/rslib.a(core-dca77d77b03929cc.core.bbd04c23a4fa3c72-cgu.0.rcgu.o)
                0xffff800040218ed8                <bool as core::fmt::Display>::fmt
 .text._ZN43_$LT$char$u20$as$u20$core..fmt..Display$GT$3fmt17h83f04f7b2308e64bE
                0xffff800040218f04       0xf8 bin/obj/rslib.a(core-dca77d77b03929cc.core.bbd04c23a4fa3c72-cgu.0.rcgu.o)
                0xffff800040218f04                <char as core::fmt::Display>::fmt
 .text._ZN44_$LT$$RF$T$u20$as$u20$core..fmt..Display$GT$3fmt17h703b070ad8b43283E
                0xffff800040218ffc        0x8 bin/obj/rslib.a(core-dca77d77b03929cc.core.bbd04c23a4fa3c72-cgu.0.rcgu.o)
 .text._ZN44_$LT$$RF$T$u20$as$u20$core..fmt..Display$GT$3fmt17h9bd2ce85ae1d3eddE
                0xffff800040219004      0x158 bin/obj/rslib.a(core-dca77d77b03929cc.core.bbd04c23a4fa3c72-cgu.0.rcgu.o)
 .text._ZN44_$LT$$RF$T$u20$as$u20$core..fmt..Display$GT$3fmt17hac20f0bb39cfdd9eE
                0xffff80004021915c       0x10 bin/obj/rslib.a(core-dca77d77b03929cc.core.bbd04c23a4fa3c72-cgu.0.rcgu.o)
 .text._ZN44_$LT$$RF$T$u20$as$u20$core..fmt..Display$GT$3fmt17hfec459358b2b0a7cE
                0xffff80004021916c        0x8 bin/obj/rslib.a(core-dca77d77b03929cc.core.bbd04c23a4fa3c72-cgu.0.rcgu.o)
 .text._ZN45_$LT$$RF$T$u20$as$u20$core..fmt..LowerHex$GT$3fmt17h05bd91b15c4ae0d9E
                0xffff800040219174       0x7c bin/obj/rslib.a(core-dca77d77b03929cc.core.bbd04c23a4fa3c72-cgu.0.rcgu.o)
 .text._ZN46_$LT$i8$u20$as$u20$core..pat..RangePattern$GT$7sub_one17h9a01a105c96fcbd5E
                0xffff8000402191f0       0x48 bin/obj/rslib.a(core-dca77d77b03929cc.core.bbd04c23a4fa3c72-cgu.0.rcgu.o)
                0xffff8000402191f0                <i8 as core::pat::RangePattern>::sub_one
 .text._ZN46_$LT$u8$u20$as$u20$core..pat..RangePattern$GT$7sub_one17h670240648e8e7fb4E
                0xffff800040219238       0x40 bin/obj/rslib.a(core-dca77d77b03929cc.core.bbd04c23a4fa3c72-cgu.0.rcgu.o)
                0xffff800040219238                <u8 as core::pat::RangePattern>::sub_one
 .text._ZN47_$LT$i16$u20$as$u20$core..pat..RangePattern$GT$7sub_one17h541e4bf249e12cddE
                0xffff800040219278       0x48 bin/obj/rslib.a(core-dca77d77b03929cc.core.bbd04c23a4fa3c72-cgu.0.rcgu.o)
                0xffff800040219278                <i16 as core::pat::RangePattern>::sub_one
 .text._ZN47_$LT$i32$u20$as$u20$core..pat..RangePattern$GT$7sub_one17h97b022b5d897e388E
                0xffff8000402192c0       0x3c bin/obj/rslib.a(core-dca77d77b03929cc.core.bbd04c23a4fa3c72-cgu.0.rcgu.o)
                0xffff8000402192c0                <i32 as core::pat::RangePattern>::sub_one
 .text._ZN47_$LT$i64$u20$as$u20$core..pat..RangePattern$GT$7sub_one17h0d4cbf88673eab66E
                0xffff8000402192fc       0x3c bin/obj/rslib.a(core-dca77d77b03929cc.core.bbd04c23a4fa3c72-cgu.0.rcgu.o)
                0xffff8000402192fc                <i64 as core::pat::RangePattern>::sub_one
                0xffff8000402192fc                <isize as core::pat::RangePattern>::sub_one
 .text._ZN47_$LT$u16$u20$as$u20$core..pat..RangePattern$GT$7sub_one17hf1b3147e5737ed06E
                0xffff800040219338       0x40 bin/obj/rslib.a(core-dca77d77b03929cc.core.bbd04c23a4fa3c72-cgu.0.rcgu.o)
                0xffff800040219338                <u16 as core::pat::RangePattern>::sub_one
 .text._ZN47_$LT$u32$u20$as$u20$core..pat..RangePattern$GT$7sub_one17h5f94339af8ab10a1E
                0xffff800040219378       0x3c bin/obj/rslib.a(core-dca77d77b03929cc.core.bbd04c23a4fa3c72-cgu.0.rcgu.o)
                0xffff800040219378                <u32 as core::pat::RangePattern>::sub_one
 .text._ZN47_$LT$u64$u20$as$u20$core..pat..RangePattern$GT$7sub_one17h24c018f405b1f310E
                0xffff8000402193b4       0x3c bin/obj/rslib.a(core-dca77d77b03929cc.core.bbd04c23a4fa3c72-cgu.0.rcgu.o)
                0xffff8000402193b4                <usize as core::pat::RangePattern>::sub_one
                0xffff8000402193b4                <u64 as core::pat::RangePattern>::sub_one
 .text._ZN48_$LT$char$u20$as$u20$core..pat..RangePattern$GT$7sub_one17he70177f83f7ceafcE
                0xffff8000402193f0       0x54 bin/obj/rslib.a(core-dca77d77b03929cc.core.bbd04c23a4fa3c72-cgu.0.rcgu.o)
                0xffff8000402193f0                <char as core::pat::RangePattern>::sub_one
 .text._ZN48_$LT$i128$u20$as$u20$core..pat..RangePattern$GT$7sub_one17hcbc11fca96f2cd53E
                0xffff800040219444       0x4c bin/obj/rslib.a(core-dca77d77b03929cc.core.bbd04c23a4fa3c72-cgu.0.rcgu.o)
                0xffff800040219444                <i128 as core::pat::RangePattern>::sub_one
 .text._ZN48_$LT$u128$u20$as$u20$core..pat..RangePattern$GT$7sub_one17h082c3491375e9509E
                0xffff800040219490       0x4c bin/obj/rslib.a(core-dca77d77b03929cc.core.bbd04c23a4fa3c72-cgu.0.rcgu.o)
                0xffff800040219490                <u128 as core::pat::RangePattern>::sub_one
 .text._ZN49_$LT$u8$u20$as$u20$core..num..bignum..FullOps$GT$12full_div_rem17h6fed2e224afbc72dE
                0xffff8000402194dc       0x38 bin/obj/rslib.a(core-dca77d77b03929cc.core.bbd04c23a4fa3c72-cgu.0.rcgu.o)
                0xffff8000402194dc                <u8 as core::num::bignum::FullOps>::full_div_rem
 .text.unlikely._ZN4core3f3221_$LT$impl$u20$f32$GT$5clamp8do_panic7runtime17h36a43f140f64d661E
                0xffff800040219514       0x50 bin/obj/rslib.a(core-dca77d77b03929cc.core.bbd04c23a4fa3c72-cgu.0.rcgu.o)
                0xffff800040219514                core::f32::<impl f32>::clamp::do_panic::runtime
 .text.unlikely._ZN4core3f6421_$LT$impl$u20$f64$GT$5clamp8do_panic7runtime17h94d48098c87e850eE
                0xffff800040219564       0x50 bin/obj/rslib.a(core-dca77d77b03929cc.core.bbd04c23a4fa3c72-cgu.0.rcgu.o)
                0xffff800040219564                core::f64::<impl f64>::clamp::do_panic::runtime
 .text._ZN4core3ffi5c_str4CStr19from_bytes_with_nul17hf7126ca100a56b9eE
                0xffff8000402195b4       0xf0 bin/obj/rslib.a(core-dca77d77b03929cc.core.bbd04c23a4fa3c72-cgu.0.rcgu.o)
                0xffff8000402195b4                core::ffi::c_str::CStr::from_bytes_with_nul
 .text._ZN4core3ffi5c_str4CStr20from_bytes_until_nul17h4a4d4ec068c826baE
                0xffff8000402196a4       0xdc bin/obj/rslib.a(core-dca77d77b03929cc.core.bbd04c23a4fa3c72-cgu.0.rcgu.o)
                0xffff8000402196a4                core::ffi::c_str::CStr::from_bytes_until_nul
 .text._ZN4core3ffi5c_str4CStr6to_str17hf906734cbe15885eE
                0xffff800040219780        0x8 bin/obj/rslib.a(core-dca77d77b03929cc.core.bbd04c23a4fa3c72-cgu.0.rcgu.o)
                0xffff800040219780                core::ffi::c_str::CStr::to_str
 .text._ZN4core3fmt17FormattingOptions8get_fill17he0043a57724473c7E
                0xffff800040219788        0xc bin/obj/rslib.a(core-dca77d77b03929cc.core.bbd04c23a4fa3c72-cgu.0.rcgu.o)
                0xffff800040219788                core::fmt::FormattingOptions::get_fill
 .text._ZN4core3fmt17pointer_fmt_inner17h9512fbe23d32d8a3E
                0xffff800040219794       0xb8 bin/obj/rslib.a(core-dca77d77b03929cc.core.bbd04c23a4fa3c72-cgu.0.rcgu.o)
                0xffff800040219794                core::fmt::pointer_fmt_inner
 .text._ZN4core3fmt3num22_$LT$impl$u20$i128$GT$11format_into17h7da8cadabd24f583E
                0xffff80004021984c       0x74 bin/obj/rslib.a(core-dca77d77b03929cc.core.bbd04c23a4fa3c72-cgu.0.rcgu.o)
                0xffff80004021984c                core::fmt::num::<impl i128>::format_into
 .text._ZN4core3fmt3num22_$LT$impl$u20$u128$GT$10_fmt_inner17hf030a7152409751aE
                0xffff8000402198c0      0x578 bin/obj/rslib.a(core-dca77d77b03929cc.core.bbd04c23a4fa3c72-cgu.0.rcgu.o)
 .text._ZN4core3fmt3num22_$LT$impl$u20$u128$GT$11format_into17h5dee2ace129fe29cE
                0xffff800040219e38       0x34 bin/obj/rslib.a(core-dca77d77b03929cc.core.bbd04c23a4fa3c72-cgu.0.rcgu.o)
                0xffff800040219e38                core::fmt::num::<impl u128>::format_into
 .text._ZN4core3fmt3num22_$LT$impl$u20$u128$GT$4_fmt17ha65d27b87d338669E
                0xffff800040219e6c       0x2c bin/obj/rslib.a(core-dca77d77b03929cc.core.bbd04c23a4fa3c72-cgu.0.rcgu.o)
                0xffff800040219e6c                core::fmt::num::<impl u128>::_fmt
 .text._ZN4core3fmt3num3imp20_$LT$impl$u20$i8$GT$11format_into17hfa6336419ff83042E
                0xffff800040219e98      0x134 bin/obj/rslib.a(core-dca77d77b03929cc.core.bbd04c23a4fa3c72-cgu.0.rcgu.o)
                0xffff800040219e98                core::fmt::num::imp::<impl i8>::format_into
 .text._ZN4core3fmt3num3imp20_$LT$impl$u20$u8$GT$11format_into17h879b7eff6dae2147E
                0xffff800040219fcc       0xa0 bin/obj/rslib.a(core-dca77d77b03929cc.core.bbd04c23a4fa3c72-cgu.0.rcgu.o)
                0xffff800040219fcc                core::fmt::num::imp::<impl u8>::format_into
 .text._ZN4core3fmt3num3imp20_$LT$impl$u20$u8$GT$4_fmt17ha676af9982528506E
                0xffff80004021a06c       0x90 bin/obj/rslib.a(core-dca77d77b03929cc.core.bbd04c23a4fa3c72-cgu.0.rcgu.o)
                0xffff80004021a06c                core::fmt::num::imp::<impl u8>::_fmt
 .text._ZN4core3fmt3num3imp21_$LT$impl$u20$i16$GT$11format_into17h2f71a14c8f3a6320E
                0xffff80004021a0fc      0x1ec bin/obj/rslib.a(core-dca77d77b03929cc.core.bbd04c23a4fa3c72-cgu.0.rcgu.o)
                0xffff80004021a0fc                core::fmt::num::imp::<impl i16>::format_into
 .text._ZN4core3fmt3num3imp21_$LT$impl$u20$i32$GT$11format_into17hbc98fbdd3b5c6d6eE
                0xffff80004021a2e8      0x274 bin/obj/rslib.a(core-dca77d77b03929cc.core.bbd04c23a4fa3c72-cgu.0.rcgu.o)
                0xffff80004021a2e8                core::fmt::num::imp::<impl i32>::format_into
 .text._ZN4core3fmt3num3imp21_$LT$impl$u20$i64$GT$11format_into17he56d1a706514badaE
                0xffff80004021a55c      0x27c bin/obj/rslib.a(core-dca77d77b03929cc.core.bbd04c23a4fa3c72-cgu.0.rcgu.o)
                0xffff80004021a55c                core::fmt::num::imp::<impl isize>::format_into
                0xffff80004021a55c                core::fmt::num::imp::<impl i64>::format_into
 .text._ZN4core3fmt3num3imp21_$LT$impl$u20$u16$GT$11format_into17hf5acce3bc060a7a4E
                0xffff80004021a7d8       0xf8 bin/obj/rslib.a(core-dca77d77b03929cc.core.bbd04c23a4fa3c72-cgu.0.rcgu.o)
                0xffff80004021a7d8                core::fmt::num::imp::<impl u16>::format_into
 .text._ZN4core3fmt3num3imp21_$LT$impl$u20$u16$GT$4_fmt17h9b16707f2c4d83c7E
                0xffff80004021a8d0      0x108 bin/obj/rslib.a(core-dca77d77b03929cc.core.bbd04c23a4fa3c72-cgu.0.rcgu.o)
                0xffff80004021a8d0                core::fmt::num::imp::<impl u16>::_fmt
 .text._ZN4core3fmt3num3imp21_$LT$impl$u20$u32$GT$11format_into17h699a29a216c381bfE
                0xffff80004021a9d8      0x12c bin/obj/rslib.a(core-dca77d77b03929cc.core.bbd04c23a4fa3c72-cgu.0.rcgu.o)
                0xffff80004021a9d8                core::fmt::num::imp::<impl u32>::format_into
 .text._ZN4core3fmt3num3imp21_$LT$impl$u20$u32$GT$4_fmt17hc5bdfc1c3dd3fd08E
                0xffff80004021ab04      0x130 bin/obj/rslib.a(core-dca77d77b03929cc.core.bbd04c23a4fa3c72-cgu.0.rcgu.o)
                0xffff80004021ab04                core::fmt::num::imp::<impl u32>::_fmt
 .text._ZN4core3fmt3num3imp21_$LT$impl$u20$u64$GT$11format_into17he2b4201a970f20d7E
                0xffff80004021ac34      0x130 bin/obj/rslib.a(core-dca77d77b03929cc.core.bbd04c23a4fa3c72-cgu.0.rcgu.o)
                0xffff80004021ac34                core::fmt::num::imp::<impl u64>::format_into
                0xffff80004021ac34                core::fmt::num::imp::<impl usize>::format_into
 .text._ZN4core3fmt3num3imp21_$LT$impl$u20$u64$GT$4_fmt17hf5cf8cc64887d18dE
                0xffff80004021ad64      0x134 bin/obj/rslib.a(core-dca77d77b03929cc.core.bbd04c23a4fa3c72-cgu.0.rcgu.o)
                0xffff80004021ad64                core::fmt::num::imp::<impl u64>::_fmt
                0xffff80004021ad64                core::fmt::num::imp::<impl usize>::_fmt
 .text._ZN4core3fmt3num3imp51_$LT$impl$u20$core..fmt..Display$u20$for$u20$i8$GT$3fmt17hcb39de988782ba27E
                0xffff80004021ae98       0xcc bin/obj/rslib.a(core-dca77d77b03929cc.core.bbd04c23a4fa3c72-cgu.0.rcgu.o)
                0xffff80004021ae98                core::fmt::num::imp::<impl core::fmt::Display for i8>::fmt
 .text._ZN4core3fmt3num3imp51_$LT$impl$u20$core..fmt..Display$u20$for$u20$u8$GT$3fmt17hf7d8c920e29b5333E
                0xffff80004021af64       0xac bin/obj/rslib.a(core-dca77d77b03929cc.core.bbd04c23a4fa3c72-cgu.0.rcgu.o)
                0xffff80004021af64                core::fmt::num::imp::<impl core::fmt::Display for u8>::fmt
 .text._ZN4core3fmt3num3imp52_$LT$impl$u20$core..fmt..Display$u20$for$u20$i16$GT$3fmt17h104a3911dccd2ff7E
                0xffff80004021b010      0x11c bin/obj/rslib.a(core-dca77d77b03929cc.core.bbd04c23a4fa3c72-cgu.0.rcgu.o)
                0xffff80004021b010                core::fmt::num::imp::<impl core::fmt::Display for i16>::fmt
 .text._ZN4core3fmt3num3imp52_$LT$impl$u20$core..fmt..Display$u20$for$u20$i32$GT$3fmt17h80bd409755b2ddaeE
                0xffff80004021b12c      0x158 bin/obj/rslib.a(core-dca77d77b03929cc.core.bbd04c23a4fa3c72-cgu.0.rcgu.o)
                0xffff80004021b12c                core::fmt::num::imp::<impl core::fmt::Display for i32>::fmt
 .text._ZN4core3fmt3num3imp52_$LT$impl$u20$core..fmt..Display$u20$for$u20$i64$GT$3fmt17h1e801d532e5ecaafE
                0xffff80004021b284      0x15c bin/obj/rslib.a(core-dca77d77b03929cc.core.bbd04c23a4fa3c72-cgu.0.rcgu.o)
                0xffff80004021b284                core::fmt::num::imp::<impl core::fmt::Display for isize>::fmt
                0xffff80004021b284                core::fmt::num::imp::<impl core::fmt::Display for i64>::fmt
 .text._ZN4core3fmt3num3imp52_$LT$impl$u20$core..fmt..Display$u20$for$u20$u16$GT$3fmt17hdb2998ab968581d1E
                0xffff80004021b3e0      0x104 bin/obj/rslib.a(core-dca77d77b03929cc.core.bbd04c23a4fa3c72-cgu.0.rcgu.o)
                0xffff80004021b3e0                core::fmt::num::imp::<impl core::fmt::Display for u16>::fmt
 .text._ZN4core3fmt3num3imp52_$LT$impl$u20$core..fmt..Display$u20$for$u20$u32$GT$3fmt17h0b158e54c199f5dbE
                0xffff80004021b4e4      0x14c bin/obj/rslib.a(core-dca77d77b03929cc.core.bbd04c23a4fa3c72-cgu.0.rcgu.o)
                0xffff80004021b4e4                core::fmt::num::imp::<impl core::fmt::Display for u32>::fmt
 .text._ZN4core3fmt3num3imp52_$LT$impl$u20$core..fmt..Display$u20$for$u20$u64$GT$3fmt17h64f3911dafa6269fE
                0xffff80004021b630      0x154 bin/obj/rslib.a(core-dca77d77b03929cc.core.bbd04c23a4fa3c72-cgu.0.rcgu.o)
                0xffff80004021b630                core::fmt::num::imp::<impl core::fmt::Display for usize>::fmt
                0xffff80004021b630                core::fmt::num::imp::<impl core::fmt::Display for u64>::fmt
 .text._ZN4core3fmt3num3imp52_$LT$impl$u20$core..fmt..LowerExp$u20$for$u20$i8$GT$3fmt17h58d82f5837eb5be0E
                0xffff80004021b784       0x24 bin/obj/rslib.a(core-dca77d77b03929cc.core.bbd04c23a4fa3c72-cgu.0.rcgu.o)
                0xffff80004021b784                core::fmt::num::imp::<impl core::fmt::LowerExp for i8>::fmt
 .text._ZN4core3fmt3num3imp52_$LT$impl$u20$core..fmt..LowerExp$u20$for$u20$u8$GT$3fmt17h501ecc2dbdd34467E
                0xffff80004021b7a8       0x18 bin/obj/rslib.a(core-dca77d77b03929cc.core.bbd04c23a4fa3c72-cgu.0.rcgu.o)
                0xffff80004021b7a8                core::fmt::num::imp::<impl core::fmt::LowerExp for u8>::fmt
 .text._ZN4core3fmt3num3imp52_$LT$impl$u20$core..fmt..UpperExp$u20$for$u20$i8$GT$3fmt17ha0f846b22050294aE
                0xffff80004021b7c0       0x24 bin/obj/rslib.a(core-dca77d77b03929cc.core.bbd04c23a4fa3c72-cgu.0.rcgu.o)
                0xffff80004021b7c0                core::fmt::num::imp::<impl core::fmt::UpperExp for i8>::fmt
 .text._ZN4core3fmt3num3imp52_$LT$impl$u20$core..fmt..UpperExp$u20$for$u20$u8$GT$3fmt17h010e9c1ce5bc6f83E
                0xffff80004021b7e4       0x18 bin/obj/rslib.a(core-dca77d77b03929cc.core.bbd04c23a4fa3c72-cgu.0.rcgu.o)
                0xffff80004021b7e4                core::fmt::num::imp::<impl core::fmt::UpperExp for u8>::fmt
 .text._ZN4core3fmt3num3imp53_$LT$impl$u20$core..fmt..LowerExp$u20$for$u20$i16$GT$3fmt17h0ef11d9cfa7db045E
                0xffff80004021b7fc       0x24 bin/obj/rslib.a(core-dca77d77b03929cc.core.bbd04c23a4fa3c72-cgu.0.rcgu.o)
                0xffff80004021b7fc                core::fmt::num::imp::<impl core::fmt::LowerExp for i16>::fmt
 .text._ZN4core3fmt3num3imp53_$LT$impl$u20$core..fmt..LowerExp$u20$for$u20$i32$GT$3fmt17h73a92d63361655e1E
                0xffff80004021b820       0x24 bin/obj/rslib.a(core-dca77d77b03929cc.core.bbd04c23a4fa3c72-cgu.0.rcgu.o)
                0xffff80004021b820                core::fmt::num::imp::<impl core::fmt::LowerExp for i32>::fmt
 .text._ZN4core3fmt3num3imp53_$LT$impl$u20$core..fmt..LowerExp$u20$for$u20$i64$GT$3fmt17he8eaeb98c7470710E
                0xffff80004021b844       0x24 bin/obj/rslib.a(core-dca77d77b03929cc.core.bbd04c23a4fa3c72-cgu.0.rcgu.o)
                0xffff80004021b844                core::fmt::num::imp::<impl core::fmt::LowerExp for isize>::fmt
                0xffff80004021b844                core::fmt::num::imp::<impl core::fmt::LowerExp for i64>::fmt
 .text._ZN4core3fmt3num3imp53_$LT$impl$u20$core..fmt..LowerExp$u20$for$u20$u16$GT$3fmt17h49c4e818814d45dbE
                0xffff80004021b868       0x18 bin/obj/rslib.a(core-dca77d77b03929cc.core.bbd04c23a4fa3c72-cgu.0.rcgu.o)
                0xffff80004021b868                core::fmt::num::imp::<impl core::fmt::LowerExp for u16>::fmt
 .text._ZN4core3fmt3num3imp53_$LT$impl$u20$core..fmt..LowerExp$u20$for$u20$u32$GT$3fmt17h158f35b2865c949eE
                0xffff80004021b880       0x18 bin/obj/rslib.a(core-dca77d77b03929cc.core.bbd04c23a4fa3c72-cgu.0.rcgu.o)
                0xffff80004021b880                core::fmt::num::imp::<impl core::fmt::LowerExp for u32>::fmt
 .text._ZN4core3fmt3num3imp53_$LT$impl$u20$core..fmt..LowerExp$u20$for$u20$u64$GT$3fmt17hd02b9c2dab05dc10E
                0xffff80004021b898       0x18 bin/obj/rslib.a(core-dca77d77b03929cc.core.bbd04c23a4fa3c72-cgu.0.rcgu.o)
                0xffff80004021b898                core::fmt::num::imp::<impl core::fmt::LowerExp for usize>::fmt
                0xffff80004021b898                core::fmt::num::imp::<impl core::fmt::LowerExp for u64>::fmt
 .text._ZN4core3fmt3num3imp53_$LT$impl$u20$core..fmt..UpperExp$u20$for$u20$i16$GT$3fmt17h3fab035472132d68E
                0xffff80004021b8b0       0x24 bin/obj/rslib.a(core-dca77d77b03929cc.core.bbd04c23a4fa3c72-cgu.0.rcgu.o)
                0xffff80004021b8b0                core::fmt::num::imp::<impl core::fmt::UpperExp for i16>::fmt
 .text._ZN4core3fmt3num3imp53_$LT$impl$u20$core..fmt..UpperExp$u20$for$u20$i32$GT$3fmt17hc873c09afcd74914E
                0xffff80004021b8d4       0x24 bin/obj/rslib.a(core-dca77d77b03929cc.core.bbd04c23a4fa3c72-cgu.0.rcgu.o)
                0xffff80004021b8d4                core::fmt::num::imp::<impl core::fmt::UpperExp for i32>::fmt
 .text._ZN4core3fmt3num3imp53_$LT$impl$u20$core..fmt..UpperExp$u20$for$u20$i64$GT$3fmt17he2f6e251da279662E
                0xffff80004021b8f8       0x24 bin/obj/rslib.a(core-dca77d77b03929cc.core.bbd04c23a4fa3c72-cgu.0.rcgu.o)
                0xffff80004021b8f8                core::fmt::num::imp::<impl core::fmt::UpperExp for isize>::fmt
                0xffff80004021b8f8                core::fmt::num::imp::<impl core::fmt::UpperExp for i64>::fmt
 .text._ZN4core3fmt3num3imp53_$LT$impl$u20$core..fmt..UpperExp$u20$for$u20$u16$GT$3fmt17h2e49b62056d088d3E
                0xffff80004021b91c       0x18 bin/obj/rslib.a(core-dca77d77b03929cc.core.bbd04c23a4fa3c72-cgu.0.rcgu.o)
                0xffff80004021b91c                core::fmt::num::imp::<impl core::fmt::UpperExp for u16>::fmt
 .text._ZN4core3fmt3num3imp53_$LT$impl$u20$core..fmt..UpperExp$u20$for$u20$u32$GT$3fmt17h67f329f6a561b042E
                0xffff80004021b934       0x18 bin/obj/rslib.a(core-dca77d77b03929cc.core.bbd04c23a4fa3c72-cgu.0.rcgu.o)
                0xffff80004021b934                core::fmt::num::imp::<impl core::fmt::UpperExp for u32>::fmt
 .text._ZN4core3fmt3num3imp53_$LT$impl$u20$core..fmt..UpperExp$u20$for$u20$u64$GT$3fmt17h089d5041d0086602E
                0xffff80004021b94c       0x18 bin/obj/rslib.a(core-dca77d77b03929cc.core.bbd04c23a4fa3c72-cgu.0.rcgu.o)
                0xffff80004021b94c                core::fmt::num::imp::<impl core::fmt::UpperExp for usize>::fmt
                0xffff80004021b94c                core::fmt::num::imp::<impl core::fmt::UpperExp for u64>::fmt
 .text._ZN4core3fmt3num3imp7exp_u6417hcfe3e43662793de3E
                0xffff80004021b964      0x540 bin/obj/rslib.a(core-dca77d77b03929cc.core.bbd04c23a4fa3c72-cgu.0.rcgu.o)
 .text._ZN4core3fmt3num49_$LT$impl$u20$core..fmt..Debug$u20$for$u20$i8$GT$3fmt17h827ef15b7c2cc75eE
                0xffff80004021bea4      0x18c bin/obj/rslib.a(core-dca77d77b03929cc.core.bbd04c23a4fa3c72-cgu.0.rcgu.o)
 .text._ZN4core3fmt3num49_$LT$impl$u20$core..fmt..Debug$u20$for$u20$u8$GT$3fmt17hbfcfc52b811f831eE
                0xffff80004021c030      0x170 bin/obj/rslib.a(core-dca77d77b03929cc.core.bbd04c23a4fa3c72-cgu.0.rcgu.o)
 .text._ZN4core3fmt3num49_$LT$impl$u20$core..fmt..Octal$u20$for$u20$i8$GT$3fmt17h938552005bb66eb0E
                0xffff80004021c1a0       0x78 bin/obj/rslib.a(core-dca77d77b03929cc.core.bbd04c23a4fa3c72-cgu.0.rcgu.o)
                0xffff80004021c1a0                core::fmt::num::<impl core::fmt::Octal for i8>::fmt
 .text._ZN4core3fmt3num49_$LT$impl$u20$core..fmt..Octal$u20$for$u20$u8$GT$3fmt17hf4ab8ae14edcc341E
                0xffff80004021c218       0x78 bin/obj/rslib.a(core-dca77d77b03929cc.core.bbd04c23a4fa3c72-cgu.0.rcgu.o)
                0xffff80004021c218                core::fmt::num::<impl core::fmt::Octal for u8>::fmt
 .text._ZN4core3fmt3num50_$LT$impl$u20$core..fmt..Binary$u20$for$u20$i8$GT$3fmt17h364fc7cada5f95ebE
                0xffff80004021c290       0x78 bin/obj/rslib.a(core-dca77d77b03929cc.core.bbd04c23a4fa3c72-cgu.0.rcgu.o)
                0xffff80004021c290                core::fmt::num::<impl core::fmt::Binary for i8>::fmt
 .text._ZN4core3fmt3num50_$LT$impl$u20$core..fmt..Binary$u20$for$u20$u8$GT$3fmt17he2c0567fc6506356E
                0xffff80004021c308       0x78 bin/obj/rslib.a(core-dca77d77b03929cc.core.bbd04c23a4fa3c72-cgu.0.rcgu.o)
                0xffff80004021c308                core::fmt::num::<impl core::fmt::Binary for u8>::fmt
 .text._ZN4core3fmt3num50_$LT$impl$u20$core..fmt..Debug$u20$for$u20$i16$GT$3fmt17hd85915d27365f48cE
                0xffff80004021c380      0x1dc bin/obj/rslib.a(core-dca77d77b03929cc.core.bbd04c23a4fa3c72-cgu.0.rcgu.o)
 .text._ZN4core3fmt3num50_$LT$impl$u20$core..fmt..Debug$u20$for$u20$u16$GT$3fmt17h02c79a3af51ec021E
                0xffff80004021c55c      0x1c8 bin/obj/rslib.a(core-dca77d77b03929cc.core.bbd04c23a4fa3c72-cgu.0.rcgu.o)
 .text._ZN4core3fmt3num50_$LT$impl$u20$core..fmt..Debug$u20$for$u20$u32$GT$3fmt17hdcaa54ae5b814f37E
                0xffff80004021c724      0x200 bin/obj/rslib.a(core-dca77d77b03929cc.core.bbd04c23a4fa3c72-cgu.0.rcgu.o)
 .text._ZN4core3fmt3num50_$LT$impl$u20$core..fmt..Debug$u20$for$u20$u64$GT$3fmt17h6612a6d4aeffcfe3E
                0xffff80004021c924      0x1fc bin/obj/rslib.a(core-dca77d77b03929cc.core.bbd04c23a4fa3c72-cgu.0.rcgu.o)
 .text._ZN4core3fmt3num50_$LT$impl$u20$core..fmt..Octal$u20$for$u20$i16$GT$3fmt17hb30f0eff41b795d7E
                0xffff80004021cb20       0x78 bin/obj/rslib.a(core-dca77d77b03929cc.core.bbd04c23a4fa3c72-cgu.0.rcgu.o)
                0xffff80004021cb20                core::fmt::num::<impl core::fmt::Octal for i16>::fmt
 .text._ZN4core3fmt3num50_$LT$impl$u20$core..fmt..Octal$u20$for$u20$i32$GT$3fmt17h96bda70b13d869cfE
                0xffff80004021cb98       0x78 bin/obj/rslib.a(core-dca77d77b03929cc.core.bbd04c23a4fa3c72-cgu.0.rcgu.o)
                0xffff80004021cb98                core::fmt::num::<impl core::fmt::Octal for i32>::fmt
 .text._ZN4core3fmt3num50_$LT$impl$u20$core..fmt..Octal$u20$for$u20$i64$GT$3fmt17hbca0bdf49b956695E
                0xffff80004021cc10       0x78 bin/obj/rslib.a(core-dca77d77b03929cc.core.bbd04c23a4fa3c72-cgu.0.rcgu.o)
                0xffff80004021cc10                core::fmt::num::<impl core::fmt::Octal for i64>::fmt
                0xffff80004021cc10                core::fmt::num::<impl core::fmt::Octal for isize>::fmt
 .text._ZN4core3fmt3num50_$LT$impl$u20$core..fmt..Octal$u20$for$u20$u16$GT$3fmt17haa5505935580f60eE
                0xffff80004021cc88       0x78 bin/obj/rslib.a(core-dca77d77b03929cc.core.bbd04c23a4fa3c72-cgu.0.rcgu.o)
                0xffff80004021cc88                core::fmt::num::<impl core::fmt::Octal for u16>::fmt
 .text._ZN4core3fmt3num50_$LT$impl$u20$core..fmt..Octal$u20$for$u20$u32$GT$3fmt17h4a01e2886ae035d3E
                0xffff80004021cd00       0x78 bin/obj/rslib.a(core-dca77d77b03929cc.core.bbd04c23a4fa3c72-cgu.0.rcgu.o)
                0xffff80004021cd00                core::fmt::num::<impl core::fmt::Octal for u32>::fmt
 .text._ZN4core3fmt3num50_$LT$impl$u20$core..fmt..Octal$u20$for$u20$u64$GT$3fmt17hf6bc247530776172E
                0xffff80004021cd78       0x78 bin/obj/rslib.a(core-dca77d77b03929cc.core.bbd04c23a4fa3c72-cgu.0.rcgu.o)
                0xffff80004021cd78                core::fmt::num::<impl core::fmt::Octal for usize>::fmt
                0xffff80004021cd78                core::fmt::num::<impl core::fmt::Octal for u64>::fmt
 .text._ZN4core3fmt3num51_$LT$impl$u20$core..fmt..Binary$u20$for$u20$i16$GT$3fmt17h57858060feef142cE
                0xffff80004021cdf0       0x78 bin/obj/rslib.a(core-dca77d77b03929cc.core.bbd04c23a4fa3c72-cgu.0.rcgu.o)
                0xffff80004021cdf0                core::fmt::num::<impl core::fmt::Binary for i16>::fmt
 .text._ZN4core3fmt3num51_$LT$impl$u20$core..fmt..Binary$u20$for$u20$i32$GT$3fmt17h0b19d692da06108dE
                0xffff80004021ce68       0x78 bin/obj/rslib.a(core-dca77d77b03929cc.core.bbd04c23a4fa3c72-cgu.0.rcgu.o)
                0xffff80004021ce68                core::fmt::num::<impl core::fmt::Binary for i32>::fmt
 .text._ZN4core3fmt3num51_$LT$impl$u20$core..fmt..Binary$u20$for$u20$i64$GT$3fmt17haeba80af4dc4e17eE
                0xffff80004021cee0       0x78 bin/obj/rslib.a(core-dca77d77b03929cc.core.bbd04c23a4fa3c72-cgu.0.rcgu.o)
                0xffff80004021cee0                core::fmt::num::<impl core::fmt::Binary for isize>::fmt
                0xffff80004021cee0                core::fmt::num::<impl core::fmt::Binary for i64>::fmt
 .text._ZN4core3fmt3num51_$LT$impl$u20$core..fmt..Binary$u20$for$u20$u16$GT$3fmt17h994032199faeaac8E
                0xffff80004021cf58       0x78 bin/obj/rslib.a(core-dca77d77b03929cc.core.bbd04c23a4fa3c72-cgu.0.rcgu.o)
                0xffff80004021cf58                core::fmt::num::<impl core::fmt::Binary for u16>::fmt
 .text._ZN4core3fmt3num51_$LT$impl$u20$core..fmt..Binary$u20$for$u20$u32$GT$3fmt17h97ec4d142d6b0a75E
                0xffff80004021cfd0       0x78 bin/obj/rslib.a(core-dca77d77b03929cc.core.bbd04c23a4fa3c72-cgu.0.rcgu.o)
                0xffff80004021cfd0                core::fmt::num::<impl core::fmt::Binary for u32>::fmt
 .text._ZN4core3fmt3num51_$LT$impl$u20$core..fmt..Binary$u20$for$u20$u64$GT$3fmt17h88494fdefc0ff8d9E
                0xffff80004021d048       0x78 bin/obj/rslib.a(core-dca77d77b03929cc.core.bbd04c23a4fa3c72-cgu.0.rcgu.o)
                0xffff80004021d048                core::fmt::num::<impl core::fmt::Binary for u64>::fmt
                0xffff80004021d048                core::fmt::num::<impl core::fmt::Binary for usize>::fmt
 .text._ZN4core3fmt3num51_$LT$impl$u20$core..fmt..Debug$u20$for$u20$i128$GT$3fmt17h02f9e17982837adcE
                0xffff80004021d0c0      0x148 bin/obj/rslib.a(core-dca77d77b03929cc.core.bbd04c23a4fa3c72-cgu.0.rcgu.o)
 .text._ZN4core3fmt3num51_$LT$impl$u20$core..fmt..Debug$u20$for$u20$u128$GT$3fmt17hacbd24b09e2e612dE
                0xffff80004021d208      0x128 bin/obj/rslib.a(core-dca77d77b03929cc.core.bbd04c23a4fa3c72-cgu.0.rcgu.o)
 .text._ZN4core3fmt3num51_$LT$impl$u20$core..fmt..Octal$u20$for$u20$i128$GT$3fmt17h30a46ebffb686345E
                0xffff80004021d330       0x84 bin/obj/rslib.a(core-dca77d77b03929cc.core.bbd04c23a4fa3c72-cgu.0.rcgu.o)
                0xffff80004021d330                core::fmt::num::<impl core::fmt::Octal for i128>::fmt
 .text._ZN4core3fmt3num51_$LT$impl$u20$core..fmt..Octal$u20$for$u20$u128$GT$3fmt17he9c20ead1f4ddb45E
                0xffff80004021d3b4       0x84 bin/obj/rslib.a(core-dca77d77b03929cc.core.bbd04c23a4fa3c72-cgu.0.rcgu.o)
                0xffff80004021d3b4                core::fmt::num::<impl core::fmt::Octal for u128>::fmt
 .text._ZN4core3fmt3num52_$LT$impl$u20$core..fmt..Binary$u20$for$u20$i128$GT$3fmt17h5ddc35715bb3478dE
                0xffff80004021d438       0x84 bin/obj/rslib.a(core-dca77d77b03929cc.core.bbd04c23a4fa3c72-cgu.0.rcgu.o)
                0xffff80004021d438                core::fmt::num::<impl core::fmt::Binary for i128>::fmt
 .text._ZN4core3fmt3num52_$LT$impl$u20$core..fmt..Binary$u20$for$u20$u128$GT$3fmt17h7c0ba53f984ef09eE
                0xffff80004021d4bc       0x84 bin/obj/rslib.a(core-dca77d77b03929cc.core.bbd04c23a4fa3c72-cgu.0.rcgu.o)
                0xffff80004021d4bc                core::fmt::num::<impl core::fmt::Binary for u128>::fmt
 .text._ZN4core3fmt3num52_$LT$impl$u20$core..fmt..Debug$u20$for$u20$usize$GT$3fmt17h43b30080ace008ecE
                0xffff80004021d540      0x208 bin/obj/rslib.a(core-dca77d77b03929cc.core.bbd04c23a4fa3c72-cgu.0.rcgu.o)
 .text._ZN4core3fmt3num52_$LT$impl$u20$core..fmt..LowerHex$u20$for$u20$i8$GT$3fmt17hf695129635c083b3E
                0xffff80004021d748       0x78 bin/obj/rslib.a(core-dca77d77b03929cc.core.bbd04c23a4fa3c72-cgu.0.rcgu.o)
                0xffff80004021d748                core::fmt::num::<impl core::fmt::LowerHex for i8>::fmt
 .text._ZN4core3fmt3num52_$LT$impl$u20$core..fmt..LowerHex$u20$for$u20$u8$GT$3fmt17h41223f6c79c82479E
                0xffff80004021d7c0       0x78 bin/obj/rslib.a(core-dca77d77b03929cc.core.bbd04c23a4fa3c72-cgu.0.rcgu.o)
                0xffff80004021d7c0                core::fmt::num::<impl core::fmt::LowerHex for u8>::fmt
 .text._ZN4core3fmt3num52_$LT$impl$u20$core..fmt..UpperHex$u20$for$u20$i8$GT$3fmt17h407840cf8f4701b9E
                0xffff80004021d838       0x78 bin/obj/rslib.a(core-dca77d77b03929cc.core.bbd04c23a4fa3c72-cgu.0.rcgu.o)
                0xffff80004021d838                core::fmt::num::<impl core::fmt::UpperHex for i8>::fmt
 .text._ZN4core3fmt3num52_$LT$impl$u20$core..fmt..UpperHex$u20$for$u20$u8$GT$3fmt17h1c056f3c85dae395E
                0xffff80004021d8b0       0x78 bin/obj/rslib.a(core-dca77d77b03929cc.core.bbd04c23a4fa3c72-cgu.0.rcgu.o)
                0xffff80004021d8b0                core::fmt::num::<impl core::fmt::UpperHex for u8>::fmt
 .text._ZN4core3fmt3num53_$LT$impl$u20$core..fmt..Display$u20$for$u20$i128$GT$3fmt17h143e7e69baa593e3E
                0xffff80004021d928       0x78 bin/obj/rslib.a(core-dca77d77b03929cc.core.bbd04c23a4fa3c72-cgu.0.rcgu.o)
                0xffff80004021d928                core::fmt::num::<impl core::fmt::Display for i128>::fmt
 .text._ZN4core3fmt3num53_$LT$impl$u20$core..fmt..Display$u20$for$u20$u128$GT$3fmt17h93d3e8374317a9ebE
                0xffff80004021d9a0       0x64 bin/obj/rslib.a(core-dca77d77b03929cc.core.bbd04c23a4fa3c72-cgu.0.rcgu.o)
                0xffff80004021d9a0                core::fmt::num::<impl core::fmt::Display for u128>::fmt
 .text._ZN4core3fmt3num53_$LT$impl$u20$core..fmt..LowerHex$u20$for$u20$i16$GT$3fmt17h5b03a43fe071e9d2E
                0xffff80004021da04       0x78 bin/obj/rslib.a(core-dca77d77b03929cc.core.bbd04c23a4fa3c72-cgu.0.rcgu.o)
                0xffff80004021da04                core::fmt::num::<impl core::fmt::LowerHex for i16>::fmt
 .text._ZN4core3fmt3num53_$LT$impl$u20$core..fmt..LowerHex$u20$for$u20$i32$GT$3fmt17hc95ab94a833a1d52E
                0xffff80004021da7c       0x78 bin/obj/rslib.a(core-dca77d77b03929cc.core.bbd04c23a4fa3c72-cgu.0.rcgu.o)
                0xffff80004021da7c                core::fmt::num::<impl core::fmt::LowerHex for i32>::fmt
 .text._ZN4core3fmt3num53_$LT$impl$u20$core..fmt..LowerHex$u20$for$u20$i64$GT$3fmt17h78bab8b90a4593cfE
                0xffff80004021daf4       0x78 bin/obj/rslib.a(core-dca77d77b03929cc.core.bbd04c23a4fa3c72-cgu.0.rcgu.o)
                0xffff80004021daf4                core::fmt::num::<impl core::fmt::LowerHex for i64>::fmt
                0xffff80004021daf4                core::fmt::num::<impl core::fmt::LowerHex for isize>::fmt
 .text._ZN4core3fmt3num53_$LT$impl$u20$core..fmt..LowerHex$u20$for$u20$u16$GT$3fmt17h763f8ccc440b53a1E
                0xffff80004021db6c       0x78 bin/obj/rslib.a(core-dca77d77b03929cc.core.bbd04c23a4fa3c72-cgu.0.rcgu.o)
                0xffff80004021db6c                core::fmt::num::<impl core::fmt::LowerHex for u16>::fmt
 .text._ZN4core3fmt3num53_$LT$impl$u20$core..fmt..LowerHex$u20$for$u20$u32$GT$3fmt17h549c5dc88a23e071E
                0xffff80004021dbe4       0x78 bin/obj/rslib.a(core-dca77d77b03929cc.core.bbd04c23a4fa3c72-cgu.0.rcgu.o)
                0xffff80004021dbe4                core::fmt::num::<impl core::fmt::LowerHex for u32>::fmt
 .text._ZN4core3fmt3num53_$LT$impl$u20$core..fmt..LowerHex$u20$for$u20$u64$GT$3fmt17hdaccb1a7b83ad970E
                0xffff80004021dc5c       0x78 bin/obj/rslib.a(core-dca77d77b03929cc.core.bbd04c23a4fa3c72-cgu.0.rcgu.o)
                0xffff80004021dc5c                core::fmt::num::<impl core::fmt::LowerHex for usize>::fmt
                0xffff80004021dc5c                core::fmt::num::<impl core::fmt::LowerHex for u64>::fmt
 .text._ZN4core3fmt3num53_$LT$impl$u20$core..fmt..UpperHex$u20$for$u20$i16$GT$3fmt17hdc971805de989b2aE
                0xffff80004021dcd4       0x78 bin/obj/rslib.a(core-dca77d77b03929cc.core.bbd04c23a4fa3c72-cgu.0.rcgu.o)
                0xffff80004021dcd4                core::fmt::num::<impl core::fmt::UpperHex for i16>::fmt
 .text._ZN4core3fmt3num53_$LT$impl$u20$core..fmt..UpperHex$u20$for$u20$i32$GT$3fmt17h7f105a3b4f757369E
                0xffff80004021dd4c       0x78 bin/obj/rslib.a(core-dca77d77b03929cc.core.bbd04c23a4fa3c72-cgu.0.rcgu.o)
                0xffff80004021dd4c                core::fmt::num::<impl core::fmt::UpperHex for i32>::fmt
 .text._ZN4core3fmt3num53_$LT$impl$u20$core..fmt..UpperHex$u20$for$u20$i64$GT$3fmt17h9e197d4c17bda1a5E
                0xffff80004021ddc4       0x78 bin/obj/rslib.a(core-dca77d77b03929cc.core.bbd04c23a4fa3c72-cgu.0.rcgu.o)
                0xffff80004021ddc4                core::fmt::num::<impl core::fmt::UpperHex for isize>::fmt
                0xffff80004021ddc4                core::fmt::num::<impl core::fmt::UpperHex for i64>::fmt
 .text._ZN4core3fmt3num53_$LT$impl$u20$core..fmt..UpperHex$u20$for$u20$u16$GT$3fmt17h4d373f4e1b192db5E
                0xffff80004021de3c       0x78 bin/obj/rslib.a(core-dca77d77b03929cc.core.bbd04c23a4fa3c72-cgu.0.rcgu.o)
                0xffff80004021de3c                core::fmt::num::<impl core::fmt::UpperHex for u16>::fmt
 .text._ZN4core3fmt3num53_$LT$impl$u20$core..fmt..UpperHex$u20$for$u20$u32$GT$3fmt17hfe57b8c17b9bbf1aE
                0xffff80004021deb4       0x78 bin/obj/rslib.a(core-dca77d77b03929cc.core.bbd04c23a4fa3c72-cgu.0.rcgu.o)
                0xffff80004021deb4                core::fmt::num::<impl core::fmt::UpperHex for u32>::fmt
 .text._ZN4core3fmt3num53_$LT$impl$u20$core..fmt..UpperHex$u20$for$u20$u64$GT$3fmt17h995153f9b3a5bfe9E
                0xffff80004021df2c       0x78 bin/obj/rslib.a(core-dca77d77b03929cc.core.bbd04c23a4fa3c72-cgu.0.rcgu.o)
                0xffff80004021df2c                core::fmt::num::<impl core::fmt::UpperHex for usize>::fmt
                0xffff80004021df2c                core::fmt::num::<impl core::fmt::UpperHex for u64>::fmt
 .text._ZN4core3fmt3num54_$LT$impl$u20$core..fmt..LowerExp$u20$for$u20$i128$GT$3fmt17h30434f360a41b4c4E
                0xffff80004021dfa4       0x2c bin/obj/rslib.a(core-dca77d77b03929cc.core.bbd04c23a4fa3c72-cgu.0.rcgu.o)
                0xffff80004021dfa4                core::fmt::num::<impl core::fmt::LowerExp for i128>::fmt
 .text._ZN4core3fmt3num54_$LT$impl$u20$core..fmt..LowerExp$u20$for$u20$u128$GT$3fmt17ha11197f8c52dd830E
                0xffff80004021dfd0       0x14 bin/obj/rslib.a(core-dca77d77b03929cc.core.bbd04c23a4fa3c72-cgu.0.rcgu.o)
                0xffff80004021dfd0                core::fmt::num::<impl core::fmt::LowerExp for u128>::fmt
 .text._ZN4core3fmt3num54_$LT$impl$u20$core..fmt..LowerHex$u20$for$u20$i128$GT$3fmt17hb7c2328b2927a7e4E
                0xffff80004021dfe4       0x84 bin/obj/rslib.a(core-dca77d77b03929cc.core.bbd04c23a4fa3c72-cgu.0.rcgu.o)
                0xffff80004021dfe4                core::fmt::num::<impl core::fmt::LowerHex for i128>::fmt
 .text._ZN4core3fmt3num54_$LT$impl$u20$core..fmt..LowerHex$u20$for$u20$u128$GT$3fmt17hb4c13cc4839c5400E
                0xffff80004021e068       0x84 bin/obj/rslib.a(core-dca77d77b03929cc.core.bbd04c23a4fa3c72-cgu.0.rcgu.o)
                0xffff80004021e068                core::fmt::num::<impl core::fmt::LowerHex for u128>::fmt
 .text._ZN4core3fmt3num54_$LT$impl$u20$core..fmt..UpperExp$u20$for$u20$i128$GT$3fmt17h5f34c241245c987fE
                0xffff80004021e0ec       0x2c bin/obj/rslib.a(core-dca77d77b03929cc.core.bbd04c23a4fa3c72-cgu.0.rcgu.o)
                0xffff80004021e0ec                core::fmt::num::<impl core::fmt::UpperExp for i128>::fmt
 .text._ZN4core3fmt3num54_$LT$impl$u20$core..fmt..UpperExp$u20$for$u20$u128$GT$3fmt17h6e59dbb5e808480cE
                0xffff80004021e118       0x14 bin/obj/rslib.a(core-dca77d77b03929cc.core.bbd04c23a4fa3c72-cgu.0.rcgu.o)
                0xffff80004021e118                core::fmt::num::<impl core::fmt::UpperExp for u128>::fmt
 .text._ZN4core3fmt3num54_$LT$impl$u20$core..fmt..UpperHex$u20$for$u20$i128$GT$3fmt17h37959fbc370fc230E
                0xffff80004021e12c       0x84 bin/obj/rslib.a(core-dca77d77b03929cc.core.bbd04c23a4fa3c72-cgu.0.rcgu.o)
                0xffff80004021e12c                core::fmt::num::<impl core::fmt::UpperHex for i128>::fmt
 .text._ZN4core3fmt3num54_$LT$impl$u20$core..fmt..UpperHex$u20$for$u20$u128$GT$3fmt17h631d1b7b37eac1b1E
                0xffff80004021e1b0       0x84 bin/obj/rslib.a(core-dca77d77b03929cc.core.bbd04c23a4fa3c72-cgu.0.rcgu.o)
                0xffff80004021e1b0                core::fmt::num::<impl core::fmt::UpperHex for u128>::fmt
 .text._ZN4core3fmt3num8exp_u12817h1e087a08c7e7821cE
                0xffff80004021e234      0x908 bin/obj/rslib.a(core-dca77d77b03929cc.core.bbd04c23a4fa3c72-cgu.0.rcgu.o)
 .text._ZN4core3fmt5Write10write_char17h6c9f62c53d255419E
                0xffff80004021eb3c      0x110 bin/obj/rslib.a(core-dca77d77b03929cc.core.bbd04c23a4fa3c72-cgu.0.rcgu.o)
 .text._ZN4core3fmt5Write10write_char17hab3113e5f50b8d55E
                0xffff80004021ec4c      0x110 bin/obj/rslib.a(core-dca77d77b03929cc.core.bbd04c23a4fa3c72-cgu.0.rcgu.o)
 .text._ZN4core3fmt5Write10write_char17hafd2cc98f3cc0f9eE
                0xffff80004021ed5c      0x110 bin/obj/rslib.a(core-dca77d77b03929cc.core.bbd04c23a4fa3c72-cgu.0.rcgu.o)
 .text._ZN4core3fmt5Write10write_char17hafeca256d596fff5E
                0xffff80004021ee6c      0x110 bin/obj/rslib.a(core-dca77d77b03929cc.core.bbd04c23a4fa3c72-cgu.0.rcgu.o)
 .text._ZN4core3fmt5Write9write_fmt17h520d20e91ea5545dE
                0xffff80004021ef7c       0x10 bin/obj/rslib.a(core-dca77d77b03929cc.core.bbd04c23a4fa3c72-cgu.0.rcgu.o)
 .text._ZN4core3fmt5Write9write_fmt17h7c092140abd88642E
                0xffff80004021ef8c       0x10 bin/obj/rslib.a(core-dca77d77b03929cc.core.bbd04c23a4fa3c72-cgu.0.rcgu.o)
 .text._ZN4core3fmt5Write9write_fmt17h95b21c1cd5581451E
                0xffff80004021ef9c       0x10 bin/obj/rslib.a(core-dca77d77b03929cc.core.bbd04c23a4fa3c72-cgu.0.rcgu.o)
 .text._ZN4core3fmt5Write9write_fmt17h9e49c072d75e96bdE
                0xffff80004021efac       0x10 bin/obj/rslib.a(core-dca77d77b03929cc.core.bbd04c23a4fa3c72-cgu.0.rcgu.o)
 .text._ZN4core3fmt5Write9write_fmt17hb1a75934f62025f1E
                0xffff80004021efbc       0x10 bin/obj/rslib.a(core-dca77d77b03929cc.core.bbd04c23a4fa3c72-cgu.0.rcgu.o)
 .text._ZN4core3fmt5float29float_to_decimal_common_exact17h0e50918e8fa3ee13E
                0xffff80004021efcc      0x330 bin/obj/rslib.a(core-dca77d77b03929cc.core.bbd04c23a4fa3c72-cgu.0.rcgu.o)
 .text._ZN4core3fmt5float29float_to_decimal_common_exact17hb9a2c5d04883627eE
                0xffff80004021f2fc      0x32c bin/obj/rslib.a(core-dca77d77b03929cc.core.bbd04c23a4fa3c72-cgu.0.rcgu.o)
 .text._ZN4core3fmt5float29float_to_decimal_common_exact17hca083ab3e7c8879bE
                0xffff80004021f628      0x330 bin/obj/rslib.a(core-dca77d77b03929cc.core.bbd04c23a4fa3c72-cgu.0.rcgu.o)
 .text._ZN4core3fmt5float32float_to_decimal_common_shortest17h0ceec187bec91d8aE
                0xffff80004021f958      0x274 bin/obj/rslib.a(core-dca77d77b03929cc.core.bbd04c23a4fa3c72-cgu.0.rcgu.o)
 .text._ZN4core3fmt5float32float_to_decimal_common_shortest17hccc6e50c18412f99E
                0xffff80004021fbcc      0x270 bin/obj/rslib.a(core-dca77d77b03929cc.core.bbd04c23a4fa3c72-cgu.0.rcgu.o)
 .text._ZN4core3fmt5float32float_to_decimal_common_shortest17he31e808fe2c6de51E
                0xffff80004021fe3c      0x274 bin/obj/rslib.a(core-dca77d77b03929cc.core.bbd04c23a4fa3c72-cgu.0.rcgu.o)
 .text._ZN4core3fmt5float33float_to_exponential_common_exact17h139f809f18339707E
                0xffff8000402200b0      0x364 bin/obj/rslib.a(core-dca77d77b03929cc.core.bbd04c23a4fa3c72-cgu.0.rcgu.o)
 .text._ZN4core3fmt5float33float_to_exponential_common_exact17h3b54b606a5e93c9aE
                0xffff800040220414      0x360 bin/obj/rslib.a(core-dca77d77b03929cc.core.bbd04c23a4fa3c72-cgu.0.rcgu.o)
 .text._ZN4core3fmt5float33float_to_exponential_common_exact17h72232f886c9338e7E
                0xffff800040220774      0x364 bin/obj/rslib.a(core-dca77d77b03929cc.core.bbd04c23a4fa3c72-cgu.0.rcgu.o)
 .text._ZN4core3fmt5float36float_to_exponential_common_shortest17hd613faf6d122fffdE
                0xffff800040220ad8      0x324 bin/obj/rslib.a(core-dca77d77b03929cc.core.bbd04c23a4fa3c72-cgu.0.rcgu.o)
 .text._ZN4core3fmt5float36float_to_exponential_common_shortest17hd81e605b83b8c904E
                0xffff800040220dfc      0x324 bin/obj/rslib.a(core-dca77d77b03929cc.core.bbd04c23a4fa3c72-cgu.0.rcgu.o)
 .text._ZN4core3fmt5float36float_to_exponential_common_shortest17hf01e77856c0611c9E
                0xffff800040221120      0x320 bin/obj/rslib.a(core-dca77d77b03929cc.core.bbd04c23a4fa3c72-cgu.0.rcgu.o)
 .text._ZN4core3fmt5float50_$LT$impl$u20$core..fmt..Debug$u20$for$u20$f16$GT$3fmt17h98073eaa521987d1E
                0xffff800040221440       0x84 bin/obj/rslib.a(core-dca77d77b03929cc.core.bbd04c23a4fa3c72-cgu.0.rcgu.o)
                0xffff800040221440                core::fmt::float::<impl core::fmt::Debug for f16>::fmt
 .text._ZN4core3fmt5float50_$LT$impl$u20$core..fmt..Debug$u20$for$u20$f32$GT$3fmt17h356a0d769d6699d8E
                0xffff8000402214c4       0x78 bin/obj/rslib.a(core-dca77d77b03929cc.core.bbd04c23a4fa3c72-cgu.0.rcgu.o)
                0xffff8000402214c4                core::fmt::float::<impl core::fmt::Debug for f32>::fmt
 .text._ZN4core3fmt5float50_$LT$impl$u20$core..fmt..Debug$u20$for$u20$f64$GT$3fmt17hf05e6bf68a96b818E
                0xffff80004022153c       0x70 bin/obj/rslib.a(core-dca77d77b03929cc.core.bbd04c23a4fa3c72-cgu.0.rcgu.o)
                0xffff80004022153c                core::fmt::float::<impl core::fmt::Debug for f64>::fmt
 .text._ZN4core3fmt5float52_$LT$impl$u20$core..fmt..Display$u20$for$u20$f16$GT$3fmt17h99e2214d9239d00dE
                0xffff8000402215ac       0x2c bin/obj/rslib.a(core-dca77d77b03929cc.core.bbd04c23a4fa3c72-cgu.0.rcgu.o)
                0xffff8000402215ac                core::fmt::float::<impl core::fmt::Display for f16>::fmt
 .text._ZN4core3fmt5float52_$LT$impl$u20$core..fmt..Display$u20$for$u20$f32$GT$3fmt17h65e0a609525384cfE
                0xffff8000402215d8       0x2c bin/obj/rslib.a(core-dca77d77b03929cc.core.bbd04c23a4fa3c72-cgu.0.rcgu.o)
                0xffff8000402215d8                core::fmt::float::<impl core::fmt::Display for f32>::fmt
 .text._ZN4core3fmt5float52_$LT$impl$u20$core..fmt..Display$u20$for$u20$f64$GT$3fmt17he0314ea48bfe4fd0E
                0xffff800040221604       0x2c bin/obj/rslib.a(core-dca77d77b03929cc.core.bbd04c23a4fa3c72-cgu.0.rcgu.o)
                0xffff800040221604                core::fmt::float::<impl core::fmt::Display for f64>::fmt
 .text._ZN4core3fmt5float53_$LT$impl$u20$core..fmt..LowerExp$u20$for$u20$f16$GT$3fmt17h32eae0d8e61a65e8E
                0xffff800040221630       0x38 bin/obj/rslib.a(core-dca77d77b03929cc.core.bbd04c23a4fa3c72-cgu.0.rcgu.o)
                0xffff800040221630                core::fmt::float::<impl core::fmt::LowerExp for f16>::fmt
 .text._ZN4core3fmt5float53_$LT$impl$u20$core..fmt..LowerExp$u20$for$u20$f32$GT$3fmt17h48c202800b407b9eE
                0xffff800040221668       0x38 bin/obj/rslib.a(core-dca77d77b03929cc.core.bbd04c23a4fa3c72-cgu.0.rcgu.o)
                0xffff800040221668                core::fmt::float::<impl core::fmt::LowerExp for f32>::fmt
 .text._ZN4core3fmt5float53_$LT$impl$u20$core..fmt..LowerExp$u20$for$u20$f64$GT$3fmt17h12fcc30f7b05009fE
                0xffff8000402216a0       0x38 bin/obj/rslib.a(core-dca77d77b03929cc.core.bbd04c23a4fa3c72-cgu.0.rcgu.o)
                0xffff8000402216a0                core::fmt::float::<impl core::fmt::LowerExp for f64>::fmt
 .text._ZN4core3fmt5float53_$LT$impl$u20$core..fmt..UpperExp$u20$for$u20$f16$GT$3fmt17h83654050f23ca0ecE
                0xffff8000402216d8       0x38 bin/obj/rslib.a(core-dca77d77b03929cc.core.bbd04c23a4fa3c72-cgu.0.rcgu.o)
                0xffff8000402216d8                core::fmt::float::<impl core::fmt::UpperExp for f16>::fmt
 .text._ZN4core3fmt5float53_$LT$impl$u20$core..fmt..UpperExp$u20$for$u20$f32$GT$3fmt17haac13dd2190c86bbE
                0xffff800040221710       0x38 bin/obj/rslib.a(core-dca77d77b03929cc.core.bbd04c23a4fa3c72-cgu.0.rcgu.o)
                0xffff800040221710                core::fmt::float::<impl core::fmt::UpperExp for f32>::fmt
 .text._ZN4core3fmt5float53_$LT$impl$u20$core..fmt..UpperExp$u20$for$u20$f64$GT$3fmt17hb5db0cd4a81cbe98E
                0xffff800040221748       0x38 bin/obj/rslib.a(core-dca77d77b03929cc.core.bbd04c23a4fa3c72-cgu.0.rcgu.o)
                0xffff800040221748                core::fmt::float::<impl core::fmt::UpperExp for f64>::fmt
 .text._ZN4core3fmt5write17h698d48d1740424bfE
                0xffff800040221780      0x1fc bin/obj/rslib.a(core-dca77d77b03929cc.core.bbd04c23a4fa3c72-cgu.0.rcgu.o)
                0xffff800040221780                core::fmt::write
 .text._ZN4core3fmt8builders10DebugTuple21finish_non_exhaustive17hd2c31e03f38e3753E
                0xffff80004022197c       0xd8 bin/obj/rslib.a(core-dca77d77b03929cc.core.bbd04c23a4fa3c72-cgu.0.rcgu.o)
                0xffff80004022197c                core::fmt::builders::DebugTuple::finish_non_exhaustive
 .text._ZN4core3fmt8builders10DebugTuple5field17h0c3dc53d82f7d67cE
                0xffff800040221a54      0x148 bin/obj/rslib.a(core-dca77d77b03929cc.core.bbd04c23a4fa3c72-cgu.0.rcgu.o)
                0xffff800040221a54                core::fmt::builders::DebugTuple::field
 .text._ZN4core3fmt8builders10DebugTuple6finish17he2f6749e23997c91E
                0xffff800040221b9c       0xb4 bin/obj/rslib.a(core-dca77d77b03929cc.core.bbd04c23a4fa3c72-cgu.0.rcgu.o)
                0xffff800040221b9c                core::fmt::builders::DebugTuple::finish
 .text._ZN4core3fmt8builders10PadAdapter4wrap17h0aa4106c3af43afeE
                0xffff800040221c50       0x4c bin/obj/rslib.a(core-dca77d77b03929cc.core.bbd04c23a4fa3c72-cgu.0.rcgu.o)
                0xffff800040221c50                core::fmt::builders::PadAdapter::wrap
 .text._ZN4core3fmt8builders11DebugStruct21finish_non_exhaustive17h9d430e37bcaaaa21E
                0xffff800040221c9c       0xdc bin/obj/rslib.a(core-dca77d77b03929cc.core.bbd04c23a4fa3c72-cgu.0.rcgu.o)
                0xffff800040221c9c                core::fmt::builders::DebugStruct::finish_non_exhaustive
 .text._ZN4core3fmt8builders11DebugStruct5field17hdd0b0d168b5ab83eE
                0xffff800040221d78      0x1bc bin/obj/rslib.a(core-dca77d77b03929cc.core.bbd04c23a4fa3c72-cgu.0.rcgu.o)
                0xffff800040221d78                core::fmt::builders::DebugStruct::field
 .text._ZN4core3fmt8builders11DebugStruct6finish17h3c820a47c4c345e7E
                0xffff800040221f34       0x78 bin/obj/rslib.a(core-dca77d77b03929cc.core.bbd04c23a4fa3c72-cgu.0.rcgu.o)
                0xffff800040221f34                core::fmt::builders::DebugStruct::finish
 .text._ZN4core3fmt8builders8DebugMap21finish_non_exhaustive17hc6fb43df59fedc4eE
                0xffff800040221fac      0x110 bin/obj/rslib.a(core-dca77d77b03929cc.core.bbd04c23a4fa3c72-cgu.0.rcgu.o)
                0xffff800040221fac                core::fmt::builders::DebugMap::finish_non_exhaustive
 .text._ZN4core3fmt8builders8DebugMap3key17h8e51fdb022aefab0E
                0xffff8000402220bc      0x1a4 bin/obj/rslib.a(core-dca77d77b03929cc.core.bbd04c23a4fa3c72-cgu.0.rcgu.o)
                0xffff8000402220bc                core::fmt::builders::DebugMap::key
 .text._ZN4core3fmt8builders8DebugMap5entry17he1feed0c379d3c1cE
                0xffff800040222260      0x120 bin/obj/rslib.a(core-dca77d77b03929cc.core.bbd04c23a4fa3c72-cgu.0.rcgu.o)
                0xffff800040222260                core::fmt::builders::DebugMap::entry
 .text._ZN4core3fmt8builders8DebugMap5value17h88128e8e16e24ffbE
                0xffff800040222380      0x110 bin/obj/rslib.a(core-dca77d77b03929cc.core.bbd04c23a4fa3c72-cgu.0.rcgu.o)
                0xffff800040222380                core::fmt::builders::DebugMap::value
 .text._ZN4core3fmt8builders8DebugMap6finish17he33286f7a29097f0E
                0xffff800040222490       0x98 bin/obj/rslib.a(core-dca77d77b03929cc.core.bbd04c23a4fa3c72-cgu.0.rcgu.o)
                0xffff800040222490                core::fmt::builders::DebugMap::finish
 .text._ZN4core3fmt8builders8DebugSet21finish_non_exhaustive17h77a51a6c8f58b960E
                0xffff800040222528       0xdc bin/obj/rslib.a(core-dca77d77b03929cc.core.bbd04c23a4fa3c72-cgu.0.rcgu.o)
                0xffff800040222528                core::fmt::builders::DebugSet::finish_non_exhaustive
 .text._ZN4core3fmt8builders8DebugSet5entry17hbdd9c66ace52c39bE
                0xffff800040222604      0x144 bin/obj/rslib.a(core-dca77d77b03929cc.core.bbd04c23a4fa3c72-cgu.0.rcgu.o)
                0xffff800040222604                core::fmt::builders::DebugList::entry
                0xffff800040222604                core::fmt::builders::DebugSet::entry
 .text._ZN4core3fmt8builders8DebugSet6finish17hfa9ca6d659acc04eE
                0xffff800040222748       0x58 bin/obj/rslib.a(core-dca77d77b03929cc.core.bbd04c23a4fa3c72-cgu.0.rcgu.o)
                0xffff800040222748                core::fmt::builders::DebugSet::finish
 .text._ZN4core3fmt8builders9DebugList21finish_non_exhaustive17hcf32429ba4066729E
                0xffff8000402227a0      0x104 bin/obj/rslib.a(core-dca77d77b03929cc.core.bbd04c23a4fa3c72-cgu.0.rcgu.o)
                0xffff8000402227a0                core::fmt::builders::DebugList::finish_non_exhaustive
 .text._ZN4core3fmt8builders9DebugList6finish17h28c375beadc9f2e6E
                0xffff8000402228a4       0x58 bin/obj/rslib.a(core-dca77d77b03929cc.core.bbd04c23a4fa3c72-cgu.0.rcgu.o)
                0xffff8000402228a4                core::fmt::builders::DebugList::finish
 .text._ZN4core3fmt9Formatter10debug_list17h922c86ffd02232baE
                0xffff8000402228fc       0x44 bin/obj/rslib.a(core-dca77d77b03929cc.core.bbd04c23a4fa3c72-cgu.0.rcgu.o)
                0xffff8000402228fc                core::fmt::Formatter::debug_list
 .text._ZN4core3fmt9Formatter11debug_tuple17h2e2a7ba79609056eE
                0xffff800040222940       0x4c bin/obj/rslib.a(core-dca77d77b03929cc.core.bbd04c23a4fa3c72-cgu.0.rcgu.o)
                0xffff800040222940                core::fmt::Formatter::debug_tuple
 .text._ZN4core3fmt9Formatter12debug_struct17hdbd72ad4649c9f7bE
                0xffff80004022298c       0x38 bin/obj/rslib.a(core-dca77d77b03929cc.core.bbd04c23a4fa3c72-cgu.0.rcgu.o)
                0xffff80004022298c                core::fmt::Formatter::debug_struct
 .text._ZN4core3fmt9Formatter12pad_integral12write_prefix17h569d1cc329869993E
                0xffff8000402229c4       0x88 bin/obj/rslib.a(core-dca77d77b03929cc.core.bbd04c23a4fa3c72-cgu.0.rcgu.o)
 .text._ZN4core3fmt9Formatter12pad_integral17h28f403dc3cbb6acbE
                0xffff800040222a4c      0x49c bin/obj/rslib.a(core-dca77d77b03929cc.core.bbd04c23a4fa3c72-cgu.0.rcgu.o)
                0xffff800040222a4c                core::fmt::Formatter::pad_integral