Archive member included to satisfy reference by file (symbol)

bin/obj/rslib.a(imx8mp_kernel-9d036c2eccca21c1.imx8mp_kernel.afa37a60f633e1ac-cgu.0.rcgu.o)
                              bin/obj/kernel/kernel_entry.o (rust_test_panic)
bin/obj/rslib.a(core-9bc28a7f9131c3bd.core.d226853cd57cf678-cgu.0.rcgu.o)
                              bin/obj/rslib.a(imx8mp_kernel-9d036c2eccca21c1.imx8mp_kernel.afa37a60f633e1ac-cgu.0.rcgu.o) (core::panicking::panic_fmt)
bin/obj/rslib.a(compiler_builtins-f062c31c443b6323.compiler_builtins.9d65875af80bedf9-cgu.155.rcgu.o)
                              bin/obj/rslib.a(core-9bc28a7f9131c3bd.core.d226853cd57cf678-cgu.0.rcgu.o) (__udivti3)
bin/obj/rslib.a(compiler_builtins-f062c31c443b6323.compiler_builtins.9d65875af80bedf9-cgu.167.rcgu.o)
                              bin/obj/rslib.a(core-9bc28a7f9131c3bd.core.d226853cd57cf678-cgu.0.rcgu.o) (memcmp)
bin/obj/rslib.a(compiler_builtins-f062c31c443b6323.compiler_builtins.9d65875af80bedf9-cgu.195.rcgu.o)
                              bin/obj/rslib.a(core-9bc28a7f9131c3bd.core.d226853cd57cf678-cgu.0.rcgu.o) (memset)
bin/obj/rslib.a(compiler_builtins-f062c31c443b6323.compiler_builtins.9d65875af80bedf9-cgu.254.rcgu.o)
                              bin/obj/rslib.a(imx8mp_kernel-9d036c2eccca21c1.imx8mp_kernel.afa37a60f633e1ac-cgu.0.rcgu.o) (memcpy)
bin/obj/rslib.a(compiler_builtins-f062c31c443b6323.compiler_builtins.9d65875af80bedf9-cgu.010.rcgu.o)
                              bin/obj/rslib.a(compiler_builtins-f062c31c443b6323.compiler_builtins.9d65875af80bedf9-cgu.155.rcgu.o) (compiler_builtins::int::specialized_div_rem::u128_div_rem)

Discarded input sections

 .llvmbc        0x0000000000000000   0x144a54 bin/obj/rslib.a(core-9bc28a7f9131c3bd.core.d226853cd57cf678-cgu.0.rcgu.o)
 .llvmcmd       0x0000000000000000        0x0 bin/obj/rslib.a(core-9bc28a7f9131c3bd.core.d226853cd57cf678-cgu.0.rcgu.o)
 .llvmbc        0x0000000000000000      0xbe0 bin/obj/rslib.a(compiler_builtins-f062c31c443b6323.compiler_builtins.9d65875af80bedf9-cgu.155.rcgu.o)
 .llvmcmd       0x0000000000000000        0x0 bin/obj/rslib.a(compiler_builtins-f062c31c443b6323.compiler_builtins.9d65875af80bedf9-cgu.155.rcgu.o)
 .llvmbc        0x0000000000000000      0xbd4 bin/obj/rslib.a(compiler_builtins-f062c31c443b6323.compiler_builtins.9d65875af80bedf9-cgu.167.rcgu.o)
 .llvmcmd       0x0000000000000000        0x0 bin/obj/rslib.a(compiler_builtins-f062c31c443b6323.compiler_builtins.9d65875af80bedf9-cgu.167.rcgu.o)
 .llvmbc        0x0000000000000000      0xbd0 bin/obj/rslib.a(compiler_builtins-f062c31c443b6323.compiler_builtins.9d65875af80bedf9-cgu.195.rcgu.o)
 .llvmcmd       0x0000000000000000        0x0 bin/obj/rslib.a(compiler_builtins-f062c31c443b6323.compiler_builtins.9d65875af80bedf9-cgu.195.rcgu.o)
 .llvmbc        0x0000000000000000      0xbd0 bin/obj/rslib.a(compiler_builtins-f062c31c443b6323.compiler_builtins.9d65875af80bedf9-cgu.254.rcgu.o)
 .llvmcmd       0x0000000000000000        0x0 bin/obj/rslib.a(compiler_builtins-f062c31c443b6323.compiler_builtins.9d65875af80bedf9-cgu.254.rcgu.o)
 .llvmbc        0x0000000000000000     0x2d54 bin/obj/rslib.a(compiler_builtins-f062c31c443b6323.compiler_builtins.9d65875af80bedf9-cgu.010.rcgu.o)
 .llvmcmd       0x0000000000000000        0x0 bin/obj/rslib.a(compiler_builtins-f062c31c443b6323.compiler_builtins.9d65875af80bedf9-cgu.010.rcgu.o)

Memory Configuration

Name             Origin             Length             Attributes
*default*        0x0000000000000000 0xffffffffffffffff

Linker script and memory map

                0x0000000040000000                . = 0x40000000

.text           0x0000000040000000    0x22080
 *(.text.boot)
 .text.boot     0x0000000040000000       0x60 bin/obj/boot/boot.o
                0x0000000040000000                _start
 *(.text*)
 .text          0x0000000040000060        0xc bin/obj/lib/kernel_utils.o
                0x0000000040000060                _currentEL
 .text          0x000000004000006c        0x0 bin/obj/boot/boot.o
 .text          0x000000004000006c      0x27c bin/obj/kernel/panic.o
                0x000000004000006c                init_panic
                0x0000000040000120                panic
                0x0000000040000234                set_panic
                0x00000000400002a4                set_and_throw_panic
 .text          0x00000000400002e8        0x0 bin/obj/kernel/malloc/buddy_allocator.o
 .text          0x00000000400002e8       0xa0 bin/obj/kernel/kernel_entry.o
                0x00000000400002e8                kernel_entry
 .text          0x0000000040000388     0x11c8 bin/obj/lib/string.o
                0x0000000040000388                strcopy
                0x000000004000041c                uint8_to_ascii_char
                0x000000004000048c                stdint_to_ascii
                0x0000000040000b44                test_stdint_to_ascii
 .text          0x0000000040001550      0x84c bin/obj/drivers/uart/uart.o
                0x0000000040001ad4                UART_putc
                0x0000000040001b3c                UART_puts
                0x0000000040001b8c                UART_reset
                0x0000000040001c24                UART_init
 .text          0x0000000040001d9c        0x0 bin/obj/rslib.a(imx8mp_kernel-9d036c2eccca21c1.imx8mp_kernel.afa37a60f633e1ac-cgu.0.rcgu.o)
 .text._ZN4core5panic10panic_info12PanicMessage6as_str17hff4c20453d03ca71E
                0x0000000040001d9c       0x40 bin/obj/rslib.a(imx8mp_kernel-9d036c2eccca21c1.imx8mp_kernel.afa37a60f633e1ac-cgu.0.rcgu.o)
 .text.unlikely.rust_test_panic
                0x0000000040001ddc       0x2c bin/obj/rslib.a(imx8mp_kernel-9d036c2eccca21c1.imx8mp_kernel.afa37a60f633e1ac-cgu.0.rcgu.o)
                0x0000000040001ddc                rust_test_panic
 .text._RNvCs73fAdSrgOJL_7___rustc17rust_begin_unwind
                0x0000000040001e08      0x110 bin/obj/rslib.a(imx8mp_kernel-9d036c2eccca21c1.imx8mp_kernel.afa37a60f633e1ac-cgu.0.rcgu.o)
                0x0000000040001e08                __rustc::rust_begin_unwind
 .text          0x0000000040001f18        0x0 bin/obj/rslib.a(core-9bc28a7f9131c3bd.core.d226853cd57cf678-cgu.0.rcgu.o)
 .text._ZN4core3num7dec2flt11decimal_seq10DecimalSeq4trim17h239225fef6553793E
                0x0000000040001f18       0x50 bin/obj/rslib.a(core-9bc28a7f9131c3bd.core.d226853cd57cf678-cgu.0.rcgu.o)
                0x0000000040001f18                core::num::dec2flt::decimal_seq::DecimalSeq::trim
 .text._ZN4core3num7dec2flt11decimal_seq10DecimalSeq5round17hcd99f9eef6925b1dE
                0x0000000040001f68       0xb4 bin/obj/rslib.a(core-9bc28a7f9131c3bd.core.d226853cd57cf678-cgu.0.rcgu.o)
                0x0000000040001f68                core::num::dec2flt::decimal_seq::DecimalSeq::round
 .text._ZN4core3num7dec2flt11decimal_seq10DecimalSeq10left_shift17h704ff9fb5187922cE
                0x000000004000201c      0x210 bin/obj/rslib.a(core-9bc28a7f9131c3bd.core.d226853cd57cf678-cgu.0.rcgu.o)
                0x000000004000201c                core::num::dec2flt::decimal_seq::DecimalSeq::left_shift
 .text._ZN4core3num7dec2flt11decimal_seq10DecimalSeq11right_shift17h8db82994b3c2bf14E
                0x000000004000222c      0x1c0 bin/obj/rslib.a(core-9bc28a7f9131c3bd.core.d226853cd57cf678-cgu.0.rcgu.o)
                0x000000004000222c                core::num::dec2flt::decimal_seq::DecimalSeq::right_shift
 .text._ZN4core3num7dec2flt11decimal_seq17parse_decimal_seq17hbb02b8b8ca85be1cE
                0x00000000400023ec      0x458 bin/obj/rslib.a(core-9bc28a7f9131c3bd.core.d226853cd57cf678-cgu.0.rcgu.o)
                0x00000000400023ec                core::num::dec2flt::decimal_seq::parse_decimal_seq
 .text._ZN59_$LT$f32$u20$as$u20$core..num..dec2flt..float..RawFloat$GT$15pow10_fast_path17h7b92d2a3e72c541eE
                0x0000000040002844       0x14 bin/obj/rslib.a(core-9bc28a7f9131c3bd.core.d226853cd57cf678-cgu.0.rcgu.o)
                0x0000000040002844                <f32 as core::num::dec2flt::float::RawFloat>::pow10_fast_path
 .text._ZN59_$LT$f64$u20$as$u20$core..num..dec2flt..float..RawFloat$GT$15pow10_fast_path17hda41ea29af23df86E
                0x0000000040002858       0x14 bin/obj/rslib.a(core-9bc28a7f9131c3bd.core.d226853cd57cf678-cgu.0.rcgu.o)
                0x0000000040002858                <f64 as core::num::dec2flt::float::RawFloat>::pow10_fast_path
 .text._ZN4core3num7dec2flt6lemire13compute_float17h62e7558d2cc8ca41E
                0x000000004000286c      0x150 bin/obj/rslib.a(core-9bc28a7f9131c3bd.core.d226853cd57cf678-cgu.0.rcgu.o)
 .text._ZN4core3num7dec2flt6lemire13compute_float17h6aa166906e1074a5E
                0x00000000400029bc      0x150 bin/obj/rslib.a(core-9bc28a7f9131c3bd.core.d226853cd57cf678-cgu.0.rcgu.o)
 .text._ZN4core3num7dec2flt6lemire13compute_float17hef96d143e35827f2E
                0x0000000040002b0c      0x12c bin/obj/rslib.a(core-9bc28a7f9131c3bd.core.d226853cd57cf678-cgu.0.rcgu.o)
 .text._ZN4core3num7dec2flt6lemire22compute_product_approx17h9e1a88b957d01469E
                0x0000000040002c38       0x6c bin/obj/rslib.a(core-9bc28a7f9131c3bd.core.d226853cd57cf678-cgu.0.rcgu.o)
                0x0000000040002c38                core::num::dec2flt::lemire::compute_product_approx
 .text._ZN4core3num7dec2flt5parse12parse_number17hbca92825f9b664e4E
                0x0000000040002ca4      0x4f4 bin/obj/rslib.a(core-9bc28a7f9131c3bd.core.d226853cd57cf678-cgu.0.rcgu.o)
                0x0000000040002ca4                core::num::dec2flt::parse::parse_number
 .text._ZN74_$LT$core..num..dec2flt..ParseFloatError$u20$as$u20$core..fmt..Display$GT$3fmt17h496ce0b7b985998bE
                0x0000000040003198       0x30 bin/obj/rslib.a(core-9bc28a7f9131c3bd.core.d226853cd57cf678-cgu.0.rcgu.o)
                0x0000000040003198                <core::num::dec2flt::ParseFloatError as core::fmt::Display>::fmt
 .text._ZN4core3num9diy_float2Fp3mul17h8519799e05f14d06E
                0x00000000400031c8       0x18 bin/obj/rslib.a(core-9bc28a7f9131c3bd.core.d226853cd57cf678-cgu.0.rcgu.o)
                0x00000000400031c8                core::num::diy_float::Fp::mul
 .text._ZN4core3num9diy_float2Fp9normalize17h9ed65dc8c2333c5aE
                0x00000000400031e0       0x10 bin/obj/rslib.a(core-9bc28a7f9131c3bd.core.d226853cd57cf678-cgu.0.rcgu.o)
                0x00000000400031e0                core::num::diy_float::Fp::normalize
 .text._ZN4core3num9diy_float2Fp12normalize_to17heb6e4683b3c29736E
                0x00000000400031f0       0x80 bin/obj/rslib.a(core-9bc28a7f9131c3bd.core.d226853cd57cf678-cgu.0.rcgu.o)
                0x00000000400031f0                core::num::diy_float::Fp::normalize_to
 .text._ZN4core3num7flt2dec9estimator23estimate_scaling_factor17h2f9855900c15d5c5E
                0x0000000040003270       0x30 bin/obj/rslib.a(core-9bc28a7f9131c3bd.core.d226853cd57cf678-cgu.0.rcgu.o)
                0x0000000040003270                core::num::flt2dec::estimator::estimate_scaling_factor
 .text._ZN4core3num7flt2dec8strategy6dragon9mul_pow1017h592e831f8fcec2a0E
                0x00000000400032a0      0x1ec bin/obj/rslib.a(core-9bc28a7f9131c3bd.core.d226853cd57cf678-cgu.0.rcgu.o)
                0x00000000400032a0                core::num::flt2dec::strategy::dragon::mul_pow10
 .text._ZN4core3num7flt2dec8strategy6dragon15format_shortest17h97a13c12311f8182E
                0x000000004000348c      0xb74 bin/obj/rslib.a(core-9bc28a7f9131c3bd.core.d226853cd57cf678-cgu.0.rcgu.o)
                0x000000004000348c                core::num::flt2dec::strategy::dragon::format_shortest
 .text._ZN4core3num7flt2dec8strategy6dragon12format_exact17h585a42357806ac2bE
                0x0000000040004000      0xa0c bin/obj/rslib.a(core-9bc28a7f9131c3bd.core.d226853cd57cf678-cgu.0.rcgu.o)
                0x0000000040004000                core::num::flt2dec::strategy::dragon::format_exact
 .text._ZN4core3num7flt2dec8strategy5grisu12cached_power17h0fb1cb16214fe432E
                0x0000000040004a0c       0x74 bin/obj/rslib.a(core-9bc28a7f9131c3bd.core.d226853cd57cf678-cgu.0.rcgu.o)
                0x0000000040004a0c                core::num::flt2dec::strategy::grisu::cached_power
 .text._ZN4core3num7flt2dec8strategy5grisu19format_shortest_opt17h415f579398a1be5dE
                0x0000000040004a80      0x5d4 bin/obj/rslib.a(core-9bc28a7f9131c3bd.core.d226853cd57cf678-cgu.0.rcgu.o)
                0x0000000040004a80                core::num::flt2dec::strategy::grisu::format_shortest_opt
 .text._ZN4core3num7flt2dec8strategy5grisu15format_shortest17h196a2cb9b24df22dE
                0x0000000040005054       0x7c bin/obj/rslib.a(core-9bc28a7f9131c3bd.core.d226853cd57cf678-cgu.0.rcgu.o)
                0x0000000040005054                core::num::flt2dec::strategy::grisu::format_shortest
 .text._ZN4core3num7flt2dec8strategy5grisu16format_exact_opt17hda1eb93170edd273E
                0x00000000400050d0      0x384 bin/obj/rslib.a(core-9bc28a7f9131c3bd.core.d226853cd57cf678-cgu.0.rcgu.o)
                0x00000000400050d0                core::num::flt2dec::strategy::grisu::format_exact_opt
 .text._ZN4core3num7flt2dec8strategy5grisu16format_exact_opt14possibly_round17h6f4836bc1d8795f1E
                0x0000000040005454      0x1fc bin/obj/rslib.a(core-9bc28a7f9131c3bd.core.d226853cd57cf678-cgu.0.rcgu.o)
 .text._ZN4core3num7flt2dec8strategy5grisu12format_exact17h7cdc457c17b032e7E
                0x0000000040005650       0x90 bin/obj/rslib.a(core-9bc28a7f9131c3bd.core.d226853cd57cf678-cgu.0.rcgu.o)
                0x0000000040005650                core::num::flt2dec::strategy::grisu::format_exact
 .text._ZN4core3num7flt2dec8round_up17hda0625987046ce83E
                0x00000000400056e0       0xbc bin/obj/rslib.a(core-9bc28a7f9131c3bd.core.d226853cd57cf678-cgu.0.rcgu.o)
                0x00000000400056e0                core::num::flt2dec::round_up
 .text._ZN4core3num7flt2dec17digits_to_dec_str17h7fcf97d9ea33742bE
                0x000000004000579c      0x168 bin/obj/rslib.a(core-9bc28a7f9131c3bd.core.d226853cd57cf678-cgu.0.rcgu.o)
                0x000000004000579c                core::num::flt2dec::digits_to_dec_str
 .text._ZN4core3num7flt2dec17digits_to_exp_str17h8fc96d380e57781dE
                0x0000000040005904      0x168 bin/obj/rslib.a(core-9bc28a7f9131c3bd.core.d226853cd57cf678-cgu.0.rcgu.o)
                0x0000000040005904                core::num::flt2dec::digits_to_exp_str
 .text._ZN4core3num3fmt4Part5write17hc88d48034308cf44E
                0x0000000040005a6c      0x19c bin/obj/rslib.a(core-9bc28a7f9131c3bd.core.d226853cd57cf678-cgu.0.rcgu.o)
                0x0000000040005a6c                core::num::fmt::Part::write
 .text._ZN4core3num3fmt9Formatted3len17hbe3d360a34d7e93dE
                0x0000000040005c08       0x94 bin/obj/rslib.a(core-9bc28a7f9131c3bd.core.d226853cd57cf678-cgu.0.rcgu.o)
                0x0000000040005c08                core::num::fmt::Formatted::len
 .text._ZN4core3num3fmt9Formatted5write17he64ac26e600559a4E
                0x0000000040005c9c       0xbc bin/obj/rslib.a(core-9bc28a7f9131c3bd.core.d226853cd57cf678-cgu.0.rcgu.o)
                0x0000000040005c9c                core::num::fmt::Formatted::write
 .text._ZN72_$LT$core..num..error..TryFromIntError$u20$as$u20$core..fmt..Display$GT$3fmt17h05fbaff2600b8487E
                0x0000000040005d58       0x14 bin/obj/rslib.a(core-9bc28a7f9131c3bd.core.d226853cd57cf678-cgu.0.rcgu.o)
                0x0000000040005d58                <core::num::error::TryFromIntError as core::fmt::Display>::fmt
 .text._ZN70_$LT$core..num..error..ParseIntError$u20$as$u20$core..fmt..Display$GT$3fmt17hc12b04f0a82537ffE
                0x0000000040005d6c       0x28 bin/obj/rslib.a(core-9bc28a7f9131c3bd.core.d226853cd57cf678-cgu.0.rcgu.o)
                0x0000000040005d6c                <core::num::error::ParseIntError as core::fmt::Display>::fmt
 .text.unlikely._ZN4core3num9int_log1030panic_for_nonpositive_argument17h77476f76d1302d4cE
                0x0000000040005d94       0x34 bin/obj/rslib.a(core-9bc28a7f9131c3bd.core.d226853cd57cf678-cgu.0.rcgu.o)
                0x0000000040005d94                core::num::int_log10::panic_for_nonpositive_argument
 .text.unlikely._ZN4core3num8int_sqrt27panic_for_negative_argument17h73425c538236248aE
                0x0000000040005dc8       0x34 bin/obj/rslib.a(core-9bc28a7f9131c3bd.core.d226853cd57cf678-cgu.0.rcgu.o)
                0x0000000040005dc8                core::num::int_sqrt::panic_for_negative_argument
 .text.unlikely._ZN4core3num14overflow_panic3add17h9e04a06944073695E
                0x0000000040005dfc       0x34 bin/obj/rslib.a(core-9bc28a7f9131c3bd.core.d226853cd57cf678-cgu.0.rcgu.o)
                0x0000000040005dfc                core::num::overflow_panic::add
 .text.unlikely._ZN4core3num14overflow_panic3sub17hbe1f456644e1122eE
                0x0000000040005e30       0x34 bin/obj/rslib.a(core-9bc28a7f9131c3bd.core.d226853cd57cf678-cgu.0.rcgu.o)
                0x0000000040005e30                core::num::overflow_panic::sub
 .text.unlikely._ZN4core3num14overflow_panic3mul17h714a566ba3aacf58E
                0x0000000040005e64       0x34 bin/obj/rslib.a(core-9bc28a7f9131c3bd.core.d226853cd57cf678-cgu.0.rcgu.o)
                0x0000000040005e64                core::num::overflow_panic::mul
 .text.unlikely._ZN4core3num14overflow_panic3div17h1dc8d59141309e20E
                0x0000000040005e98       0x34 bin/obj/rslib.a(core-9bc28a7f9131c3bd.core.d226853cd57cf678-cgu.0.rcgu.o)
                0x0000000040005e98                core::num::overflow_panic::div
 .text.unlikely._ZN4core3num14overflow_panic3rem17he68f7716df2e05a6E
                0x0000000040005ecc       0x34 bin/obj/rslib.a(core-9bc28a7f9131c3bd.core.d226853cd57cf678-cgu.0.rcgu.o)
                0x0000000040005ecc                core::num::overflow_panic::rem
 .text.unlikely._ZN4core3num14overflow_panic3neg17hc858b22bec1cd138E
                0x0000000040005f00       0x34 bin/obj/rslib.a(core-9bc28a7f9131c3bd.core.d226853cd57cf678-cgu.0.rcgu.o)
                0x0000000040005f00                core::num::overflow_panic::neg
 .text.unlikely._ZN4core3num14overflow_panic3shr17h3b046bd4a438a78bE
                0x0000000040005f34       0x34 bin/obj/rslib.a(core-9bc28a7f9131c3bd.core.d226853cd57cf678-cgu.0.rcgu.o)
                0x0000000040005f34                core::num::overflow_panic::shr
 .text.unlikely._ZN4core3num14overflow_panic3shl17hd7f93c0153906b81E
                0x0000000040005f68       0x34 bin/obj/rslib.a(core-9bc28a7f9131c3bd.core.d226853cd57cf678-cgu.0.rcgu.o)
                0x0000000040005f68                core::num::overflow_panic::shl
 .text.unlikely._ZN4core3num22from_ascii_radix_panic17h75a0319df69b5bf4E
                0x0000000040005f9c        0xc bin/obj/rslib.a(core-9bc28a7f9131c3bd.core.d226853cd57cf678-cgu.0.rcgu.o)
                0x0000000040005f9c                core::num::from_ascii_radix_panic
 .text._ZN76_$LT$core..mem..transmutability..Assume$u20$as$u20$core..ops..arith..Sub$GT$3sub17h95b0bc8048918af4E
                0x0000000040005fa8        0xc bin/obj/rslib.a(core-9bc28a7f9131c3bd.core.d226853cd57cf678-cgu.0.rcgu.o)
                0x0000000040005fa8                <core::mem::transmutability::Assume as core::ops::arith::Sub>::sub
 .text._ZN68_$LT$core..ptr..alignment..Alignment$u20$as$u20$core..fmt..Debug$GT$3fmt17haef888746397348cE
                0x0000000040005fb4       0x78 bin/obj/rslib.a(core-9bc28a7f9131c3bd.core.d226853cd57cf678-cgu.0.rcgu.o)
                0x0000000040005fb4                <core::ptr::alignment::Alignment as core::fmt::Debug>::fmt
 .text._ZN69_$LT$core..ffi..c_str..CStr$u20$as$u20$core..clone..CloneToUninit$GT$15clone_to_uninit17hdc9b51ad353bbbd3E
                0x000000004000602c       0x14 bin/obj/rslib.a(core-9bc28a7f9131c3bd.core.d226853cd57cf678-cgu.0.rcgu.o)
                0x000000004000602c                <core::ffi::c_str::CStr as core::clone::CloneToUninit>::clone_to_uninit
 .text._ZN57_$LT$core..error..Request$u20$as$u20$core..fmt..Debug$GT$3fmt17h78c96cd962131156E
                0x0000000040006040       0x60 bin/obj/rslib.a(core-9bc28a7f9131c3bd.core.d226853cd57cf678-cgu.0.rcgu.o)
                0x0000000040006040                <core::error::Request as core::fmt::Debug>::fmt
 .text._ZN78_$LT$core..error..Source$u20$as$u20$core..iter..traits..iterator..Iterator$GT$4next17hdce954c5148767e6E
                0x00000000400060a0       0x50 bin/obj/rslib.a(core-9bc28a7f9131c3bd.core.d226853cd57cf678-cgu.0.rcgu.o)
                0x00000000400060a0                <core::error::Source as core::iter::traits::iterator::Iterator>::next
 .text._ZN64_$LT$core..ops..range..RangeFull$u20$as$u20$core..fmt..Debug$GT$3fmt17h4320bcca462a4463E
                0x00000000400060f0       0x1c bin/obj/rslib.a(core-9bc28a7f9131c3bd.core.d226853cd57cf678-cgu.0.rcgu.o)
                0x00000000400060f0                <core::ops::range::RangeFull as core::fmt::Debug>::fmt
 .text._ZN71_$LT$core..ops..range..Range$LT$Idx$GT$$u20$as$u20$core..fmt..Debug$GT$3fmt17hda0b96faa9a26247E
                0x000000004000610c      0x21c bin/obj/rslib.a(core-9bc28a7f9131c3bd.core.d226853cd57cf678-cgu.0.rcgu.o)
 .text._ZN105_$LT$dyn$u20$core..any..Any$u2b$core..marker..Send$u2b$core..marker..Sync$u20$as$u20$core..fmt..Debug$GT$3fmt17h3b5b4b639d9ab734E
                0x0000000040006328       0x60 bin/obj/rslib.a(core-9bc28a7f9131c3bd.core.d226853cd57cf678-cgu.0.rcgu.o)
                0x0000000040006328                <dyn core::any::Any as core::fmt::Debug>::fmt
                0x0000000040006328                <dyn core::any::Any+core::marker::Send+core::marker::Sync as core::fmt::Debug>::fmt
                0x0000000040006328                <dyn core::any::Any+core::marker::Send as core::fmt::Debug>::fmt
 .text._ZN54_$LT$core..any..TypeId$u20$as$u20$core..fmt..Debug$GT$3fmt17hb79a6ba20a1edea7E
                0x0000000040006388       0x64 bin/obj/rslib.a(core-9bc28a7f9131c3bd.core.d226853cd57cf678-cgu.0.rcgu.o)
                0x0000000040006388                <core::any::TypeId as core::fmt::Debug>::fmt
 .text._ZN73_$LT$core..ascii..ascii_char..AsciiChar$u20$as$u20$core..fmt..Display$GT$3fmt17h51d9d7b1a9efbd3eE
                0x00000000400063ec       0x14 bin/obj/rslib.a(core-9bc28a7f9131c3bd.core.d226853cd57cf678-cgu.0.rcgu.o)
                0x00000000400063ec                <core::ascii::ascii_char::AsciiChar as core::fmt::Display>::fmt
 .text._ZN71_$LT$core..ascii..ascii_char..AsciiChar$u20$as$u20$core..fmt..Debug$GT$3fmt17h23d33dd08c0a85e0E
                0x0000000040006400      0x158 bin/obj/rslib.a(core-9bc28a7f9131c3bd.core.d226853cd57cf678-cgu.0.rcgu.o)
                0x0000000040006400                <core::ascii::ascii_char::AsciiChar as core::fmt::Debug>::fmt
 .text._ZN4core5ascii14escape_default17h2e47cd0e281f1f16E
                0x0000000040006558       0x74 bin/obj/rslib.a(core-9bc28a7f9131c3bd.core.d226853cd57cf678-cgu.0.rcgu.o)
                0x0000000040006558                core::ascii::escape_default
 .text._ZN65_$LT$core..ascii..EscapeDefault$u20$as$u20$core..fmt..Display$GT$3fmt17hfad744a69dbf49aeE
                0x00000000400065cc       0x20 bin/obj/rslib.a(core-9bc28a7f9131c3bd.core.d226853cd57cf678-cgu.0.rcgu.o)
                0x00000000400065cc                <core::ascii::EscapeDefault as core::fmt::Display>::fmt
 .text._ZN63_$LT$core..ascii..EscapeDefault$u20$as$u20$core..fmt..Debug$GT$3fmt17he7c76f4398dcabfeE
                0x00000000400065ec       0x60 bin/obj/rslib.a(core-9bc28a7f9131c3bd.core.d226853cd57cf678-cgu.0.rcgu.o)
                0x00000000400065ec                <core::ascii::EscapeDefault as core::fmt::Debug>::fmt
 .text._ZN56_$LT$core..bstr..ByteStr$u20$as$u20$core..fmt..Debug$GT$3fmt17h5a7de1d4bb1416c6E
                0x000000004000664c      0x2b0 bin/obj/rslib.a(core-9bc28a7f9131c3bd.core.d226853cd57cf678-cgu.0.rcgu.o)
                0x000000004000664c                <core::bstr::ByteStr as core::fmt::Debug>::fmt
 .text._ZN58_$LT$core..bstr..ByteStr$u20$as$u20$core..fmt..Display$GT$3fmt17h6a2ae704564f9b96E
                0x00000000400068fc      0x514 bin/obj/rslib.a(core-9bc28a7f9131c3bd.core.d226853cd57cf678-cgu.0.rcgu.o)
                0x00000000400068fc                <core::bstr::ByteStr as core::fmt::Display>::fmt
 .text.unlikely._ZN4core4cell4lazy14panic_poisoned17h08b119a3f048eb5cE
                0x0000000040006e10       0x38 bin/obj/rslib.a(core-9bc28a7f9131c3bd.core.d226853cd57cf678-cgu.0.rcgu.o)
                0x0000000040006e10                core::cell::lazy::panic_poisoned
 .text._ZN62_$LT$core..cell..BorrowError$u20$as$u20$core..fmt..Display$GT$3fmt17hd39d15cf420fd15fE
                0x0000000040006e48       0x14 bin/obj/rslib.a(core-9bc28a7f9131c3bd.core.d226853cd57cf678-cgu.0.rcgu.o)
                0x0000000040006e48                <core::cell::BorrowError as core::fmt::Display>::fmt
 .text._ZN65_$LT$core..cell..BorrowMutError$u20$as$u20$core..fmt..Display$GT$3fmt17he44ddc8acedfc9cdE
                0x0000000040006e5c       0x14 bin/obj/rslib.a(core-9bc28a7f9131c3bd.core.d226853cd57cf678-cgu.0.rcgu.o)
                0x0000000040006e5c                <core::cell::BorrowMutError as core::fmt::Display>::fmt
 .text.unlikely._ZN4core4cell22panic_already_borrowed17h0c316df386ff956aE
                0x0000000040006e70       0x44 bin/obj/rslib.a(core-9bc28a7f9131c3bd.core.d226853cd57cf678-cgu.0.rcgu.o)
                0x0000000040006e70                core::cell::panic_already_borrowed
 .text.unlikely._ZN4core4cell30panic_already_mutably_borrowed17hb8c7155d1b59c5c1E
                0x0000000040006eb4       0x44 bin/obj/rslib.a(core-9bc28a7f9131c3bd.core.d226853cd57cf678-cgu.0.rcgu.o)
                0x0000000040006eb4                core::cell::panic_already_mutably_borrowed
 .text._ZN74_$LT$core..char..convert..ParseCharError$u20$as$u20$core..fmt..Display$GT$3fmt17hd7cbd9755c2ae5fcE
                0x0000000040006ef8       0x30 bin/obj/rslib.a(core-9bc28a7f9131c3bd.core.d226853cd57cf678-cgu.0.rcgu.o)
                0x0000000040006ef8                <core::char::convert::ParseCharError as core::fmt::Display>::fmt
 .text._ZN76_$LT$core..char..convert..CharTryFromError$u20$as$u20$core..fmt..Display$GT$3fmt17h1c891bae60ab8133E
                0x0000000040006f28       0x14 bin/obj/rslib.a(core-9bc28a7f9131c3bd.core.d226853cd57cf678-cgu.0.rcgu.o)
                0x0000000040006f28                <core::char::convert::CharTryFromError as core::fmt::Display>::fmt
 .text._ZN75_$LT$core..char..decode..DecodeUtf16Error$u20$as$u20$core..fmt..Display$GT$3fmt17h2f3f0b5018587072E
                0x0000000040006f3c       0x4c bin/obj/rslib.a(core-9bc28a7f9131c3bd.core.d226853cd57cf678-cgu.0.rcgu.o)
                0x0000000040006f3c                <core::char::decode::DecodeUtf16Error as core::fmt::Display>::fmt
 .text._ZN4core4char7methods22_$LT$impl$u20$char$GT$16escape_debug_ext17h805c355e72a84d22E
                0x0000000040006f88      0x2d0 bin/obj/rslib.a(core-9bc28a7f9131c3bd.core.d226853cd57cf678-cgu.0.rcgu.o)
 .text._ZN64_$LT$core..char..EscapeUnicode$u20$as$u20$core..fmt..Display$GT$3fmt17hbf7841dda7a78611E
                0x0000000040007258       0x20 bin/obj/rslib.a(core-9bc28a7f9131c3bd.core.d226853cd57cf678-cgu.0.rcgu.o)
                0x0000000040007258                <core::char::EscapeUnicode as core::fmt::Display>::fmt
 .text._ZN62_$LT$core..char..EscapeDebug$u20$as$u20$core..fmt..Display$GT$3fmt17h2c206438b598efeaE
                0x0000000040007278       0x38 bin/obj/rslib.a(core-9bc28a7f9131c3bd.core.d226853cd57cf678-cgu.0.rcgu.o)
 .text._ZN86_$LT$core..char..CaseMappingIter$u20$as$u20$core..iter..traits..iterator..Iterator$GT$4next17h8ccb93e6146cbe59E
                0x00000000400072b0       0x2c bin/obj/rslib.a(core-9bc28a7f9131c3bd.core.d226853cd57cf678-cgu.0.rcgu.o)
                0x00000000400072b0                <core::char::CaseMappingIter as core::iter::traits::iterator::Iterator>::next
 .text._ZN86_$LT$core..char..CaseMappingIter$u20$as$u20$core..iter..traits..iterator..Iterator$GT$5count17h24ad73a1e02aeae1E
                0x00000000400072dc        0xc bin/obj/rslib.a(core-9bc28a7f9131c3bd.core.d226853cd57cf678-cgu.0.rcgu.o)
                0x00000000400072dc                <core::char::CaseMappingIter as core::iter::traits::iterator::Iterator>::count
 .text._ZN86_$LT$core..char..CaseMappingIter$u20$as$u20$core..iter..traits..iterator..Iterator$GT$4last17he31c1699d051b3d7E
                0x00000000400072e8       0x44 bin/obj/rslib.a(core-9bc28a7f9131c3bd.core.d226853cd57cf678-cgu.0.rcgu.o)
                0x00000000400072e8                <core::char::CaseMappingIter as core::iter::traits::iterator::Iterator>::last
 .text._ZN86_$LT$core..char..CaseMappingIter$u20$as$u20$core..iter..traits..iterator..Iterator$GT$10advance_by17h8d3f32eef00561a6E
                0x000000004000732c       0x24 bin/obj/rslib.a(core-9bc28a7f9131c3bd.core.d226853cd57cf678-cgu.0.rcgu.o)
                0x000000004000732c                <core::char::CaseMappingIter as core::iter::traits::iterator::Iterator>::advance_by
 .text._ZN86_$LT$core..char..CaseMappingIter$u20$as$u20$core..iter..traits..iterator..Iterator$GT$24__iterator_get_unchecked17hf62f4ef2db1c7883E
                0x0000000040007350       0x14 bin/obj/rslib.a(core-9bc28a7f9131c3bd.core.d226853cd57cf678-cgu.0.rcgu.o)
                0x0000000040007350                <core::char::CaseMappingIter as core::iter::traits::iterator::Iterator>::__iterator_get_unchecked
 .text._ZN101_$LT$core..char..CaseMappingIter$u20$as$u20$core..iter..traits..double_ended..DoubleEndedIterator$GT$9next_back17h7823f12a437908dfE
                0x0000000040007364       0x28 bin/obj/rslib.a(core-9bc28a7f9131c3bd.core.d226853cd57cf678-cgu.0.rcgu.o)
                0x0000000040007364                <core::char::CaseMappingIter as core::iter::traits::double_ended::DoubleEndedIterator>::next_back
 .text._ZN101_$LT$core..char..CaseMappingIter$u20$as$u20$core..iter..traits..double_ended..DoubleEndedIterator$GT$15advance_back_by17h017e2bf6557cea32E
                0x000000004000738c       0x28 bin/obj/rslib.a(core-9bc28a7f9131c3bd.core.d226853cd57cf678-cgu.0.rcgu.o)
                0x000000004000738c                <core::char::CaseMappingIter as core::iter::traits::double_ended::DoubleEndedIterator>::advance_back_by
 .text._ZN67_$LT$core..char..TryFromCharError$u20$as$u20$core..fmt..Display$GT$3fmt17h79312bb879fcde6bE
                0x00000000400073b4       0x14 bin/obj/rslib.a(core-9bc28a7f9131c3bd.core.d226853cd57cf678-cgu.0.rcgu.o)
                0x00000000400073b4                <core::char::TryFromCharError as core::fmt::Display>::fmt
 .text._ZN79_$LT$core..ffi..c_str..FromBytesUntilNulError$u20$as$u20$core..fmt..Display$GT$3fmt17he9e76bd265079156E
                0x00000000400073c8       0x1c bin/obj/rslib.a(core-9bc28a7f9131c3bd.core.d226853cd57cf678-cgu.0.rcgu.o)
                0x00000000400073c8                <core::ffi::c_str::FromBytesUntilNulError as core::fmt::Display>::fmt
 .text._ZN59_$LT$core..ffi..c_str..CStr$u20$as$u20$core..fmt..Debug$GT$3fmt17h6b3538bfa94be212E
                0x00000000400073e4        0x8 bin/obj/rslib.a(core-9bc28a7f9131c3bd.core.d226853cd57cf678-cgu.0.rcgu.o)
                0x00000000400073e4                <core::ffi::c_str::CStr as core::fmt::Debug>::fmt
 .text._ZN78_$LT$core..ffi..c_str..FromBytesWithNulError$u20$as$u20$core..fmt..Display$GT$3fmt17h5084d2eaf17653ebE
                0x00000000400073ec       0xd8 bin/obj/rslib.a(core-9bc28a7f9131c3bd.core.d226853cd57cf678-cgu.0.rcgu.o)
                0x00000000400073ec                <core::ffi::c_str::FromBytesWithNulError as core::fmt::Display>::fmt
 .text._ZN4core3ffi5c_str4CStr20from_bytes_until_nul17h2f5288cb894cafb4E
                0x00000000400074c4       0xfc bin/obj/rslib.a(core-9bc28a7f9131c3bd.core.d226853cd57cf678-cgu.0.rcgu.o)
                0x00000000400074c4                core::ffi::c_str::CStr::from_bytes_until_nul
 .text._ZN4core3ffi5c_str4CStr19from_bytes_with_nul17had8b5103a9b6c1a9E
                0x00000000400075c0      0x114 bin/obj/rslib.a(core-9bc28a7f9131c3bd.core.d226853cd57cf678-cgu.0.rcgu.o)
                0x00000000400075c0                core::ffi::c_str::CStr::from_bytes_with_nul
 .text._ZN4core3ffi5c_str4CStr6to_str17ha7c8bb4beea702b9E
                0x00000000400076d4        0x8 bin/obj/rslib.a(core-9bc28a7f9131c3bd.core.d226853cd57cf678-cgu.0.rcgu.o)
                0x00000000400076d4                core::ffi::c_str::CStr::to_str
 .text._ZN54_$LT$core..ffi..c_void$u20$as$u20$core..fmt..Debug$GT$3fmt17h3d6b9af31054922dE
                0x00000000400076dc       0x1c bin/obj/rslib.a(core-9bc28a7f9131c3bd.core.d226853cd57cf678-cgu.0.rcgu.o)
                0x00000000400076dc                <core::ffi::c_void as core::fmt::Debug>::fmt
 .text._ZN72_$LT$core..io..borrowed_buf..BorrowedBuf$u20$as$u20$core..fmt..Debug$GT$3fmt17h5d8cfc2026e791c2E
                0x00000000400076f8      0x108 bin/obj/rslib.a(core-9bc28a7f9131c3bd.core.d226853cd57cf678-cgu.0.rcgu.o)
                0x00000000400076f8                <core::io::borrowed_buf::BorrowedBuf as core::fmt::Debug>::fmt
 .text._ZN86_$LT$core..net..display_buffer..DisplayBuffer$LT$_$GT$$u20$as$u20$core..fmt..Write$GT$9write_str17h7cb87aabbe2da0a8E
                0x0000000040007800       0x50 bin/obj/rslib.a(core-9bc28a7f9131c3bd.core.d226853cd57cf678-cgu.0.rcgu.o)
 .text._ZN86_$LT$core..net..display_buffer..DisplayBuffer$LT$_$GT$$u20$as$u20$core..fmt..Write$GT$9write_str17h9e6e0495af978fa6E
                0x0000000040007850       0x50 bin/obj/rslib.a(core-9bc28a7f9131c3bd.core.d226853cd57cf678-cgu.0.rcgu.o)
 .text._ZN86_$LT$core..net..display_buffer..DisplayBuffer$LT$_$GT$$u20$as$u20$core..fmt..Write$GT$9write_str17hac6ee2067672445bE
                0x00000000400078a0       0x50 bin/obj/rslib.a(core-9bc28a7f9131c3bd.core.d226853cd57cf678-cgu.0.rcgu.o)
 .text._ZN86_$LT$core..net..display_buffer..DisplayBuffer$LT$_$GT$$u20$as$u20$core..fmt..Write$GT$9write_str17hf0f3b2a287ec8c04E
                0x00000000400078f0       0x50 bin/obj/rslib.a(core-9bc28a7f9131c3bd.core.d226853cd57cf678-cgu.0.rcgu.o)
 .text._ZN65_$LT$core..net..ip_addr..IpAddr$u20$as$u20$core..fmt..Display$GT$3fmt17ha099c0cfe6646a1dE
                0x0000000040007940       0x14 bin/obj/rslib.a(core-9bc28a7f9131c3bd.core.d226853cd57cf678-cgu.0.rcgu.o)
                0x0000000040007940                <core::net::ip_addr::IpAddr as core::fmt::Display>::fmt
 .text._ZN63_$LT$core..net..ip_addr..IpAddr$u20$as$u20$core..fmt..Debug$GT$3fmt17hf5183bca058806ddE
                0x0000000040007954       0x14 bin/obj/rslib.a(core-9bc28a7f9131c3bd.core.d226853cd57cf678-cgu.0.rcgu.o)
                0x0000000040007954                <core::net::ip_addr::IpAddr as core::fmt::Debug>::fmt
 .text._ZN67_$LT$core..net..ip_addr..Ipv4Addr$u20$as$u20$core..fmt..Display$GT$3fmt17hbd7b49f847cb0ab5E
                0x0000000040007968      0x170 bin/obj/rslib.a(core-9bc28a7f9131c3bd.core.d226853cd57cf678-cgu.0.rcgu.o)
                0x0000000040007968                <core::net::ip_addr::Ipv4Addr as core::fmt::Display>::fmt
 .text._ZN65_$LT$core..net..ip_addr..Ipv4Addr$u20$as$u20$core..fmt..Debug$GT$3fmt17hf3e6f0369743e83cE
                0x0000000040007ad8        0x4 bin/obj/rslib.a(core-9bc28a7f9131c3bd.core.d226853cd57cf678-cgu.0.rcgu.o)
                0x0000000040007ad8                <core::net::ip_addr::Ipv4Addr as core::fmt::Debug>::fmt
 .text._ZN67_$LT$core..net..ip_addr..Ipv6Addr$u20$as$u20$core..fmt..Display$GT$3fmt17h4bf22b80be2cbe0fE
                0x0000000040007adc      0x718 bin/obj/rslib.a(core-9bc28a7f9131c3bd.core.d226853cd57cf678-cgu.0.rcgu.o)
                0x0000000040007adc                <core::net::ip_addr::Ipv6Addr as core::fmt::Display>::fmt
 .text._ZN67_$LT$core..net..ip_addr..Ipv6Addr$u20$as$u20$core..fmt..Display$GT$3fmt12fmt_subslice17h5acb96e1b9d1ffffE
                0x00000000400081f4      0x104 bin/obj/rslib.a(core-9bc28a7f9131c3bd.core.d226853cd57cf678-cgu.0.rcgu.o)
 .text._ZN65_$LT$core..net..ip_addr..Ipv6Addr$u20$as$u20$core..fmt..Debug$GT$3fmt17h18a2fb7280b63654E
                0x00000000400082f8        0x4 bin/obj/rslib.a(core-9bc28a7f9131c3bd.core.d226853cd57cf678-cgu.0.rcgu.o)
                0x00000000400082f8                <core::net::ip_addr::Ipv6Addr as core::fmt::Debug>::fmt
 .text._ZN4core3net6parser6Parser11read_number28_$u7b$$u7b$closure$u7d$$u7d$17h376f3257fac7f88fE
                0x00000000400082fc      0x2a8 bin/obj/rslib.a(core-9bc28a7f9131c3bd.core.d226853cd57cf678-cgu.0.rcgu.o)
 .text._ZN4core3net6parser6Parser14read_ipv4_addr17h3ef02a9a82124c89E
                0x00000000400085a4      0x2c8 bin/obj/rslib.a(core-9bc28a7f9131c3bd.core.d226853cd57cf678-cgu.0.rcgu.o)
 .text._ZN4core3net6parser6Parser14read_ipv6_addr17h68090c8579280fe4E
                0x000000004000886c      0x1cc bin/obj/rslib.a(core-9bc28a7f9131c3bd.core.d226853cd57cf678-cgu.0.rcgu.o)
 .text._ZN4core3net6parser6Parser14read_ipv6_addr11read_groups17h3eb8a7eb9ab156deE
                0x0000000040008a38      0x1d0 bin/obj/rslib.a(core-9bc28a7f9131c3bd.core.d226853cd57cf678-cgu.0.rcgu.o)
 .text._ZN4core3net6parser6Parser19read_socket_addr_v617hf9db6fd35c12970bE
                0x0000000040008c08      0x25c bin/obj/rslib.a(core-9bc28a7f9131c3bd.core.d226853cd57cf678-cgu.0.rcgu.o)
 .text._ZN4core3net6parser44_$LT$impl$u20$core..net..ip_addr..IpAddr$GT$11parse_ascii17h1f2a43004f9c5ec4E
                0x0000000040008e64      0x164 bin/obj/rslib.a(core-9bc28a7f9131c3bd.core.d226853cd57cf678-cgu.0.rcgu.o)
                0x0000000040008e64                core::net::parser::<impl core::net::ip_addr::IpAddr>::parse_ascii
 .text._ZN4core3net6parser83_$LT$impl$u20$core..str..traits..FromStr$u20$for$u20$core..net..ip_addr..IpAddr$GT$8from_str17h7fa43c1e9703f987E
                0x0000000040008fc8      0x164 bin/obj/rslib.a(core-9bc28a7f9131c3bd.core.d226853cd57cf678-cgu.0.rcgu.o)
                0x0000000040008fc8                core::net::parser::<impl core::str::traits::FromStr for core::net::ip_addr::IpAddr>::from_str
 .text._ZN4core3net6parser46_$LT$impl$u20$core..net..ip_addr..Ipv4Addr$GT$11parse_ascii17h8c4d78b746d8b8a9E
                0x000000004000912c       0x7c bin/obj/rslib.a(core-9bc28a7f9131c3bd.core.d226853cd57cf678-cgu.0.rcgu.o)
                0x000000004000912c                core::net::parser::<impl core::net::ip_addr::Ipv4Addr>::parse_ascii
 .text._ZN4core3net6parser85_$LT$impl$u20$core..str..traits..FromStr$u20$for$u20$core..net..ip_addr..Ipv4Addr$GT$8from_str17h57df2271314bedc3E
                0x00000000400091a8       0x7c bin/obj/rslib.a(core-9bc28a7f9131c3bd.core.d226853cd57cf678-cgu.0.rcgu.o)
                0x00000000400091a8                core::net::parser::<impl core::str::traits::FromStr for core::net::ip_addr::Ipv4Addr>::from_str
 .text._ZN4core3net6parser46_$LT$impl$u20$core..net..ip_addr..Ipv6Addr$GT$11parse_ascii17h065ae678081927e2E
                0x0000000040009224       0x9c bin/obj/rslib.a(core-9bc28a7f9131c3bd.core.d226853cd57cf678-cgu.0.rcgu.o)
                0x0000000040009224                core::net::parser::<impl core::net::ip_addr::Ipv6Addr>::parse_ascii
 .text._ZN4core3net6parser85_$LT$impl$u20$core..str..traits..FromStr$u20$for$u20$core..net..ip_addr..Ipv6Addr$GT$8from_str17hc2e68dfa798b6c60E
                0x00000000400092c0       0x9c bin/obj/rslib.a(core-9bc28a7f9131c3bd.core.d226853cd57cf678-cgu.0.rcgu.o)
                0x00000000400092c0                core::net::parser::<impl core::str::traits::FromStr for core::net::ip_addr::Ipv6Addr>::from_str
 .text._ZN4core3net6parser54_$LT$impl$u20$core..net..socket_addr..SocketAddrV4$GT$11parse_ascii17h92cbc127f1420788E
                0x000000004000935c      0x11c bin/obj/rslib.a(core-9bc28a7f9131c3bd.core.d226853cd57cf678-cgu.0.rcgu.o)
                0x000000004000935c                core::net::parser::<impl core::net::socket_addr::SocketAddrV4>::parse_ascii
 .text._ZN4core3net6parser93_$LT$impl$u20$core..str..traits..FromStr$u20$for$u20$core..net..socket_addr..SocketAddrV4$GT$8from_str17hb8b8abae36b04d2cE
                0x0000000040009478      0x118 bin/obj/rslib.a(core-9bc28a7f9131c3bd.core.d226853cd57cf678-cgu.0.rcgu.o)
                0x0000000040009478                core::net::parser::<impl core::str::traits::FromStr for core::net::socket_addr::SocketAddrV4>::from_str
 .text._ZN4core3net6parser54_$LT$impl$u20$core..net..socket_addr..SocketAddrV6$GT$11parse_ascii17h054031fb253aac66E
                0x0000000040009590       0x7c bin/obj/rslib.a(core-9bc28a7f9131c3bd.core.d226853cd57cf678-cgu.0.rcgu.o)
                0x0000000040009590                core::net::parser::<impl core::net::socket_addr::SocketAddrV6>::parse_ascii
 .text._ZN4core3net6parser93_$LT$impl$u20$core..str..traits..FromStr$u20$for$u20$core..net..socket_addr..SocketAddrV6$GT$8from_str17h7fbfac753f22af87E
                0x000000004000960c       0x7c bin/obj/rslib.a(core-9bc28a7f9131c3bd.core.d226853cd57cf678-cgu.0.rcgu.o)
                0x000000004000960c                core::net::parser::<impl core::str::traits::FromStr for core::net::socket_addr::SocketAddrV6>::from_str
 .text._ZN4core3net6parser52_$LT$impl$u20$core..net..socket_addr..SocketAddr$GT$11parse_ascii17h9f08c9dd873734f6E
                0x0000000040009688      0x1ac bin/obj/rslib.a(core-9bc28a7f9131c3bd.core.d226853cd57cf678-cgu.0.rcgu.o)
                0x0000000040009688                core::net::parser::<impl core::net::socket_addr::SocketAddr>::parse_ascii
 .text._ZN4core3net6parser91_$LT$impl$u20$core..str..traits..FromStr$u20$for$u20$core..net..socket_addr..SocketAddr$GT$8from_str17h8ccef824192b2892E
                0x0000000040009834        0x4 bin/obj/rslib.a(core-9bc28a7f9131c3bd.core.d226853cd57cf678-cgu.0.rcgu.o)
                0x0000000040009834                core::net::parser::<impl core::str::traits::FromStr for core::net::socket_addr::SocketAddr>::from_str
 .text._ZN72_$LT$core..net..parser..AddrParseError$u20$as$u20$core..fmt..Display$GT$3fmt17h86b0b6ce6dd91ce6E
                0x0000000040009838       0x28 bin/obj/rslib.a(core-9bc28a7f9131c3bd.core.d226853cd57cf678-cgu.0.rcgu.o)
                0x0000000040009838                <core::net::parser::AddrParseError as core::fmt::Display>::fmt
 .text._ZN73_$LT$core..net..socket_addr..SocketAddr$u20$as$u20$core..fmt..Display$GT$3fmt17hc1e8c186ac1e2d22E
                0x0000000040009860       0x1c bin/obj/rslib.a(core-9bc28a7f9131c3bd.core.d226853cd57cf678-cgu.0.rcgu.o)
                0x0000000040009860                <core::net::socket_addr::SocketAddr as core::fmt::Display>::fmt
 .text._ZN71_$LT$core..net..socket_addr..SocketAddr$u20$as$u20$core..fmt..Debug$GT$3fmt17hed43315cee45212fE
                0x000000004000987c       0x1c bin/obj/rslib.a(core-9bc28a7f9131c3bd.core.d226853cd57cf678-cgu.0.rcgu.o)
                0x000000004000987c                <core::net::socket_addr::SocketAddr as core::fmt::Debug>::fmt
 .text._ZN75_$LT$core..net..socket_addr..SocketAddrV4$u20$as$u20$core..fmt..Display$GT$3fmt17h09f048bff52c7e54E
                0x0000000040009898      0x150 bin/obj/rslib.a(core-9bc28a7f9131c3bd.core.d226853cd57cf678-cgu.0.rcgu.o)
                0x0000000040009898                <core::net::socket_addr::SocketAddrV4 as core::fmt::Display>::fmt
 .text._ZN73_$LT$core..net..socket_addr..SocketAddrV4$u20$as$u20$core..fmt..Debug$GT$3fmt17hefc9690eb6846316E
                0x00000000400099e8        0x4 bin/obj/rslib.a(core-9bc28a7f9131c3bd.core.d226853cd57cf678-cgu.0.rcgu.o)
                0x00000000400099e8                <core::net::socket_addr::SocketAddrV4 as core::fmt::Debug>::fmt
 .text._ZN75_$LT$core..net..socket_addr..SocketAddrV6$u20$as$u20$core..fmt..Display$GT$3fmt17hfb2939480984bf1dE
                0x00000000400099ec      0x248 bin/obj/rslib.a(core-9bc28a7f9131c3bd.core.d226853cd57cf678-cgu.0.rcgu.o)
                0x00000000400099ec                <core::net::socket_addr::SocketAddrV6 as core::fmt::Display>::fmt
 .text._ZN73_$LT$core..net..socket_addr..SocketAddrV6$u20$as$u20$core..fmt..Debug$GT$3fmt17hfe4680f1cbb91d34E
                0x0000000040009c34        0x4 bin/obj/rslib.a(core-9bc28a7f9131c3bd.core.d226853cd57cf678-cgu.0.rcgu.o)
                0x0000000040009c34                <core::net::socket_addr::SocketAddrV6 as core::fmt::Debug>::fmt
 .text.unlikely._ZN4core6option13unwrap_failed17ha81251c04f59d195E
                0x0000000040009c38       0x1c bin/obj/rslib.a(core-9bc28a7f9131c3bd.core.d226853cd57cf678-cgu.0.rcgu.o)
                0x0000000040009c38                core::option::unwrap_failed
 .text.unlikely._ZN4core6option13expect_failed17hd32d6cf3a4bf1d96E
                0x0000000040009c54       0x48 bin/obj/rslib.a(core-9bc28a7f9131c3bd.core.d226853cd57cf678-cgu.0.rcgu.o)
                0x0000000040009c54                core::option::expect_failed
 .text._ZN68_$LT$core..panic..location..Location$u20$as$u20$core..fmt..Debug$GT$3fmt17he0fd85aed8862e61E
                0x0000000040009c9c      0x110 bin/obj/rslib.a(core-9bc28a7f9131c3bd.core.d226853cd57cf678-cgu.0.rcgu.o)
                0x0000000040009c9c                <core::panic::location::Location as core::fmt::Debug>::fmt
 .text._ZN73_$LT$core..panic..panic_info..PanicInfo$u20$as$u20$core..fmt..Display$GT$3fmt17h5808df031e1f34aeE
                0x0000000040009dac      0x134 bin/obj/rslib.a(core-9bc28a7f9131c3bd.core.d226853cd57cf678-cgu.0.rcgu.o)
                0x0000000040009dac                <core::panic::panic_info::PanicInfo as core::fmt::Display>::fmt
 .text.unlikely._ZN4core9panicking9panic_fmt17h59c12d7bbf12008bE
                0x0000000040009ee0       0x20 bin/obj/rslib.a(core-9bc28a7f9131c3bd.core.d226853cd57cf678-cgu.0.rcgu.o)
                0x0000000040009ee0                core::panicking::panic_fmt
 .text.unlikely._ZN4core9panicking18panic_nounwind_fmt17h43d790f68ff1e4a4E
                0x0000000040009f00       0x44 bin/obj/rslib.a(core-9bc28a7f9131c3bd.core.d226853cd57cf678-cgu.0.rcgu.o)
                0x0000000040009f00                core::panicking::panic_nounwind_fmt
 .text.unlikely._ZN4core9panicking5panic17h8ee0369f01486facE
                0x0000000040009f44       0x34 bin/obj/rslib.a(core-9bc28a7f9131c3bd.core.d226853cd57cf678-cgu.0.rcgu.o)
                0x0000000040009f44                core::panicking::panic
 .text.unlikely._ZN4core9panicking14panic_nounwind17h732209add0f70db3E
                0x0000000040009f78       0x3c bin/obj/rslib.a(core-9bc28a7f9131c3bd.core.d226853cd57cf678-cgu.0.rcgu.o)
                0x0000000040009f78                core::panicking::panic_nounwind
 .text.unlikely._ZN4core9panicking26panic_nounwind_nobacktrace17h73dd0549be049235E
                0x0000000040009fb4       0x3c bin/obj/rslib.a(core-9bc28a7f9131c3bd.core.d226853cd57cf678-cgu.0.rcgu.o)
                0x0000000040009fb4                core::panicking::panic_nounwind_nobacktrace
 .text.unlikely._ZN4core9panicking14panic_explicit17h9f5c3629a163b730E
                0x0000000040009ff0       0x48 bin/obj/rslib.a(core-9bc28a7f9131c3bd.core.d226853cd57cf678-cgu.0.rcgu.o)
                0x0000000040009ff0                core::panicking::panic_explicit
 .text.unlikely._ZN4core9panicking18panic_bounds_check17head8e44ed03a260fE
                0x000000004000a038       0x50 bin/obj/rslib.a(core-9bc28a7f9131c3bd.core.d226853cd57cf678-cgu.0.rcgu.o)
                0x000000004000a038                core::panicking::panic_bounds_check
 .text.unlikely._ZN4core9panicking36panic_misaligned_pointer_dereference17h668991c61ca32a1cE
                0x000000004000a088       0x58 bin/obj/rslib.a(core-9bc28a7f9131c3bd.core.d226853cd57cf678-cgu.0.rcgu.o)
                0x000000004000a088                core::panicking::panic_misaligned_pointer_dereference
 .text.unlikely._ZN4core9panicking30panic_null_pointer_dereference17h66c6810a4da7c5ecE
                0x000000004000a0e0       0x38 bin/obj/rslib.a(core-9bc28a7f9131c3bd.core.d226853cd57cf678-cgu.0.rcgu.o)
                0x000000004000a0e0                core::panicking::panic_null_pointer_dereference
 .text.unlikely._ZN4core9panicking19panic_cannot_unwind17ha3109e66db2eb33cE
                0x000000004000a118       0x18 bin/obj/rslib.a(core-9bc28a7f9131c3bd.core.d226853cd57cf678-cgu.0.rcgu.o)
                0x000000004000a118                core::panicking::panic_cannot_unwind
 .text.unlikely._ZN4core9panicking16panic_in_cleanup17h9f77cff3a1188b8dE
                0x000000004000a130       0x18 bin/obj/rslib.a(core-9bc28a7f9131c3bd.core.d226853cd57cf678-cgu.0.rcgu.o)
                0x000000004000a130                core::panicking::panic_in_cleanup
 .text.unlikely._ZN4core9panicking15const_panic_fmt17h124756fff53c4a69E
                0x000000004000a148       0x64 bin/obj/rslib.a(core-9bc28a7f9131c3bd.core.d226853cd57cf678-cgu.0.rcgu.o)
                0x000000004000a148                core::panicking::const_panic_fmt
 .text.unlikely._ZN4core9panicking13assert_failed17h1578fa687b85f9edE
                0x000000004000a1ac       0x1c bin/obj/rslib.a(core-9bc28a7f9131c3bd.core.d226853cd57cf678-cgu.0.rcgu.o)
                0x000000004000a1ac                core::panicking::assert_failed
 .text.unlikely._ZN4core9panicking13assert_failed17h4ad99645d14da504E
                0x000000004000a1c8       0x1c bin/obj/rslib.a(core-9bc28a7f9131c3bd.core.d226853cd57cf678-cgu.0.rcgu.o)
                0x000000004000a1c8                core::panicking::assert_failed
 .text._ZN84_$LT$core..panicking..assert_matches_failed..Pattern$u20$as$u20$core..fmt..Debug$GT$3fmt17h7d1bcdb86d2f1592E
                0x000000004000a1e4       0x14 bin/obj/rslib.a(core-9bc28a7f9131c3bd.core.d226853cd57cf678-cgu.0.rcgu.o)
                0x000000004000a1e4                <core::panicking::assert_matches_failed::Pattern as core::fmt::Debug>::fmt
 .text.unlikely._ZN4core9panicking19assert_failed_inner17h3ec2d0c2274a870cE
                0x000000004000a1f8       0xec bin/obj/rslib.a(core-9bc28a7f9131c3bd.core.d226853cd57cf678-cgu.0.rcgu.o)
                0x000000004000a1f8                core::panicking::assert_failed_inner
 .text._ZN48_$LT$char$u20$as$u20$core..pat..RangePattern$GT$7sub_one17h2990797fe0abc807E
                0x000000004000a2e4       0x54 bin/obj/rslib.a(core-9bc28a7f9131c3bd.core.d226853cd57cf678-cgu.0.rcgu.o)
                0x000000004000a2e4                <char as core::pat::RangePattern>::sub_one
 .text.unlikely._ZN4core6result13unwrap_failed17hc7bf42bcdf7cf52aE
                0x000000004000a338       0x5c bin/obj/rslib.a(core-9bc28a7f9131c3bd.core.d226853cd57cf678-cgu.0.rcgu.o)
                0x000000004000a338                core::result::unwrap_failed
 .text._ZN67_$LT$core..sync..atomic..AtomicBool$u20$as$u20$core..fmt..Debug$GT$3fmt17h785780f3c4703d75E
                0x000000004000a394       0x2c bin/obj/rslib.a(core-9bc28a7f9131c3bd.core.d226853cd57cf678-cgu.0.rcgu.o)
                0x000000004000a394                <core::sync::atomic::AtomicBool as core::fmt::Debug>::fmt
 .text._ZN4core3fmt8builders10PadAdapter4wrap17h5eebf7fa637ed883E
                0x000000004000a3c0       0x4c bin/obj/rslib.a(core-9bc28a7f9131c3bd.core.d226853cd57cf678-cgu.0.rcgu.o)
                0x000000004000a3c0                core::fmt::builders::PadAdapter::wrap
 .text._ZN68_$LT$core..fmt..builders..PadAdapter$u20$as$u20$core..fmt..Write$GT$9write_str17hb6e46af551676d26E
                0x000000004000a40c      0x268 bin/obj/rslib.a(core-9bc28a7f9131c3bd.core.d226853cd57cf678-cgu.0.rcgu.o)
                0x000000004000a40c                <core::fmt::builders::PadAdapter as core::fmt::Write>::write_str
 .text._ZN68_$LT$core..fmt..builders..PadAdapter$u20$as$u20$core..fmt..Write$GT$10write_char17hf3b7446aace36723E
                0x000000004000a674       0x80 bin/obj/rslib.a(core-9bc28a7f9131c3bd.core.d226853cd57cf678-cgu.0.rcgu.o)
                0x000000004000a674                <core::fmt::builders::PadAdapter as core::fmt::Write>::write_char
 .text._ZN4core3fmt8builders11DebugStruct5field17h6af7cc2ebccff4ceE
                0x000000004000a6f4      0x1bc bin/obj/rslib.a(core-9bc28a7f9131c3bd.core.d226853cd57cf678-cgu.0.rcgu.o)
                0x000000004000a6f4                core::fmt::builders::DebugStruct::field
 .text._ZN4core3fmt8builders11DebugStruct21finish_non_exhaustive17h96f08ce6c43761c6E
                0x000000004000a8b0       0xdc bin/obj/rslib.a(core-9bc28a7f9131c3bd.core.d226853cd57cf678-cgu.0.rcgu.o)
                0x000000004000a8b0                core::fmt::builders::DebugStruct::finish_non_exhaustive
 .text._ZN4core3fmt8builders11DebugStruct6finish17h4fba06c8bf4906b7E
                0x000000004000a98c       0x7c bin/obj/rslib.a(core-9bc28a7f9131c3bd.core.d226853cd57cf678-cgu.0.rcgu.o)
                0x000000004000a98c                core::fmt::builders::DebugStruct::finish
 .text._ZN4core3fmt8builders10DebugTuple5field17h60cebf54beee8106E
                0x000000004000aa08      0x148 bin/obj/rslib.a(core-9bc28a7f9131c3bd.core.d226853cd57cf678-cgu.0.rcgu.o)
                0x000000004000aa08                core::fmt::builders::DebugTuple::field
 .text._ZN4core3fmt8builders10DebugTuple21finish_non_exhaustive17h6f64c306b7c72ee9E
                0x000000004000ab50       0xd8 bin/obj/rslib.a(core-9bc28a7f9131c3bd.core.d226853cd57cf678-cgu.0.rcgu.o)
                0x000000004000ab50                core::fmt::builders::DebugTuple::finish_non_exhaustive
 .text._ZN4core3fmt8builders10DebugTuple6finish17hbb5533ad16eeb5e1E
                0x000000004000ac28       0xb0 bin/obj/rslib.a(core-9bc28a7f9131c3bd.core.d226853cd57cf678-cgu.0.rcgu.o)
                0x000000004000ac28                core::fmt::builders::DebugTuple::finish
 .text._ZN4core3fmt8builders8DebugSet5entry17hc4f82619b7f731baE
                0x000000004000acd8      0x144 bin/obj/rslib.a(core-9bc28a7f9131c3bd.core.d226853cd57cf678-cgu.0.rcgu.o)
                0x000000004000acd8                core::fmt::builders::DebugSet::entry
                0x000000004000acd8                core::fmt::builders::DebugList::entry
 .text._ZN4core3fmt8builders8DebugSet21finish_non_exhaustive17h67dc56552ef4fcc4E
                0x000000004000ae1c       0xdc bin/obj/rslib.a(core-9bc28a7f9131c3bd.core.d226853cd57cf678-cgu.0.rcgu.o)
                0x000000004000ae1c                core::fmt::builders::DebugSet::finish_non_exhaustive
 .text._ZN4core3fmt8builders8DebugSet6finish17hb2c0dc036a0de16fE
                0x000000004000aef8       0x58 bin/obj/rslib.a(core-9bc28a7f9131c3bd.core.d226853cd57cf678-cgu.0.rcgu.o)
                0x000000004000aef8                core::fmt::builders::DebugSet::finish
 .text._ZN4core3fmt8builders9DebugList21finish_non_exhaustive17h2cde829a23765496E
                0x000000004000af50      0x104 bin/obj/rslib.a(core-9bc28a7f9131c3bd.core.d226853cd57cf678-cgu.0.rcgu.o)
                0x000000004000af50                core::fmt::builders::DebugList::finish_non_exhaustive
 .text._ZN4core3fmt8builders9DebugList6finish17h8aef6923c58387bbE
                0x000000004000b054       0x58 bin/obj/rslib.a(core-9bc28a7f9131c3bd.core.d226853cd57cf678-cgu.0.rcgu.o)
                0x000000004000b054                core::fmt::builders::DebugList::finish
 .text._ZN4core3fmt8builders8DebugMap5entry17h098de1a122a91595E
                0x000000004000b0ac      0x120 bin/obj/rslib.a(core-9bc28a7f9131c3bd.core.d226853cd57cf678-cgu.0.rcgu.o)
                0x000000004000b0ac                core::fmt::builders::DebugMap::entry
 .text._ZN4core3fmt8builders8DebugMap3key17h07903bc2746b5865E
                0x000000004000b1cc      0x1a4 bin/obj/rslib.a(core-9bc28a7f9131c3bd.core.d226853cd57cf678-cgu.0.rcgu.o)
                0x000000004000b1cc                core::fmt::builders::DebugMap::key
 .text._ZN4core3fmt8builders8DebugMap5value17h7c10a7a869441789E
                0x000000004000b370      0x110 bin/obj/rslib.a(core-9bc28a7f9131c3bd.core.d226853cd57cf678-cgu.0.rcgu.o)
                0x000000004000b370                core::fmt::builders::DebugMap::value
 .text._ZN4core3fmt8builders8DebugMap21finish_non_exhaustive17hd8b10cea4d9ff8adE
                0x000000004000b480      0x110 bin/obj/rslib.a(core-9bc28a7f9131c3bd.core.d226853cd57cf678-cgu.0.rcgu.o)
                0x000000004000b480                core::fmt::builders::DebugMap::finish_non_exhaustive
 .text._ZN4core3fmt8builders8DebugMap6finish17h58a5583264a108d0E
                0x000000004000b590       0x98 bin/obj/rslib.a(core-9bc28a7f9131c3bd.core.d226853cd57cf678-cgu.0.rcgu.o)
                0x000000004000b590                core::fmt::builders::DebugMap::finish
 .text._ZN4core3fmt5float29float_to_decimal_common_exact17h9020898cd84b3411E
                0x000000004000b628      0x304 bin/obj/rslib.a(core-9bc28a7f9131c3bd.core.d226853cd57cf678-cgu.0.rcgu.o)
 .text._ZN4core3fmt5float29float_to_decimal_common_exact17hc9bb6d03934ed708E
                0x000000004000b92c      0x308 bin/obj/rslib.a(core-9bc28a7f9131c3bd.core.d226853cd57cf678-cgu.0.rcgu.o)
 .text._ZN4core3fmt5float29float_to_decimal_common_exact17hddfb439dbc36b5e5E
                0x000000004000bc34      0x308 bin/obj/rslib.a(core-9bc28a7f9131c3bd.core.d226853cd57cf678-cgu.0.rcgu.o)
 .text._ZN4core3fmt5float32float_to_decimal_common_shortest17h45bea25343d2d3eaE
                0x000000004000bf3c      0x24c bin/obj/rslib.a(core-9bc28a7f9131c3bd.core.d226853cd57cf678-cgu.0.rcgu.o)
 .text._ZN4core3fmt5float32float_to_decimal_common_shortest17h6e3d8c493f37ad26E
                0x000000004000c188      0x24c bin/obj/rslib.a(core-9bc28a7f9131c3bd.core.d226853cd57cf678-cgu.0.rcgu.o)
 .text._ZN4core3fmt5float32float_to_decimal_common_shortest17h86aab77d6c02d2fbE
                0x000000004000c3d4      0x248 bin/obj/rslib.a(core-9bc28a7f9131c3bd.core.d226853cd57cf678-cgu.0.rcgu.o)
 .text._ZN4core3fmt5float33float_to_exponential_common_exact17h1a43beb607228a04E
                0x000000004000c61c      0x334 bin/obj/rslib.a(core-9bc28a7f9131c3bd.core.d226853cd57cf678-cgu.0.rcgu.o)
 .text._ZN4core3fmt5float33float_to_exponential_common_exact17h2cc19d9feaec91d7E
                0x000000004000c950      0x330 bin/obj/rslib.a(core-9bc28a7f9131c3bd.core.d226853cd57cf678-cgu.0.rcgu.o)
 .text._ZN4core3fmt5float33float_to_exponential_common_exact17h9b09ee5386a011d7E
                0x000000004000cc80      0x334 bin/obj/rslib.a(core-9bc28a7f9131c3bd.core.d226853cd57cf678-cgu.0.rcgu.o)
 .text._ZN4core3fmt5float36float_to_exponential_common_shortest17h0c5b68c5cdb5cafdE
                0x000000004000cfb4      0x304 bin/obj/rslib.a(core-9bc28a7f9131c3bd.core.d226853cd57cf678-cgu.0.rcgu.o)
 .text._ZN4core3fmt5float36float_to_exponential_common_shortest17h0f67a8cbef0b56f4E
                0x000000004000d2b8      0x304 bin/obj/rslib.a(core-9bc28a7f9131c3bd.core.d226853cd57cf678-cgu.0.rcgu.o)
 .text._ZN4core3fmt5float36float_to_exponential_common_shortest17hfdd8087b6d176695E
                0x000000004000d5bc      0x300 bin/obj/rslib.a(core-9bc28a7f9131c3bd.core.d226853cd57cf678-cgu.0.rcgu.o)
 .text._ZN4core3fmt3num53_$LT$impl$u20$core..fmt..Display$u20$for$u20$u128$GT$3fmt17h73a3bf4b662cca51E
                0x000000004000d8bc       0x54 bin/obj/rslib.a(core-9bc28a7f9131c3bd.core.d226853cd57cf678-cgu.0.rcgu.o)
                0x000000004000d8bc                core::fmt::num::<impl core::fmt::Display for u128>::fmt
 .text._ZN4core3fmt3num53_$LT$impl$u20$core..fmt..Display$u20$for$u20$i128$GT$3fmt17h9720ba3df8f84a6bE
                0x000000004000d910       0x68 bin/obj/rslib.a(core-9bc28a7f9131c3bd.core.d226853cd57cf678-cgu.0.rcgu.o)
                0x000000004000d910                core::fmt::num::<impl core::fmt::Display for i128>::fmt
 .text._ZN4core3fmt3num22_$LT$impl$u20$u128$GT$4_fmt17h6eb1bb1f566cdc24E
                0x000000004000d978      0x570 bin/obj/rslib.a(core-9bc28a7f9131c3bd.core.d226853cd57cf678-cgu.0.rcgu.o)
                0x000000004000d978                core::fmt::num::<impl u128>::_fmt
 .text._ZN4core3fmt5Write10write_char17h6372f9eec1e8786aE
                0x000000004000dee8      0x144 bin/obj/rslib.a(core-9bc28a7f9131c3bd.core.d226853cd57cf678-cgu.0.rcgu.o)
 .text._ZN4core3fmt5Write10write_char17h82675e16b28e0666E
                0x000000004000e02c      0x144 bin/obj/rslib.a(core-9bc28a7f9131c3bd.core.d226853cd57cf678-cgu.0.rcgu.o)
 .text._ZN4core3fmt5Write10write_char17hb3866b205f1b94e9E
                0x000000004000e170      0x144 bin/obj/rslib.a(core-9bc28a7f9131c3bd.core.d226853cd57cf678-cgu.0.rcgu.o)
 .text._ZN4core3fmt5Write10write_char17hd30b5327b07569b7E
                0x000000004000e2b4      0x144 bin/obj/rslib.a(core-9bc28a7f9131c3bd.core.d226853cd57cf678-cgu.0.rcgu.o)
 .text._ZN4core3fmt5Write9write_fmt17h1163c8e621180794E
                0x000000004000e3f8       0x10 bin/obj/rslib.a(core-9bc28a7f9131c3bd.core.d226853cd57cf678-cgu.0.rcgu.o)
 .text._ZN4core3fmt5Write9write_fmt17h1428de75bc116f34E
                0x000000004000e408       0x10 bin/obj/rslib.a(core-9bc28a7f9131c3bd.core.d226853cd57cf678-cgu.0.rcgu.o)
 .text._ZN4core3fmt5Write9write_fmt17h330b6289f647854cE
                0x000000004000e418       0x10 bin/obj/rslib.a(core-9bc28a7f9131c3bd.core.d226853cd57cf678-cgu.0.rcgu.o)
 .text._ZN4core3fmt5Write9write_fmt17ha170570fe97c486eE
                0x000000004000e428       0x10 bin/obj/rslib.a(core-9bc28a7f9131c3bd.core.d226853cd57cf678-cgu.0.rcgu.o)
 .text._ZN4core3fmt5Write9write_fmt17heff2b669e603547dE
                0x000000004000e438       0x10 bin/obj/rslib.a(core-9bc28a7f9131c3bd.core.d226853cd57cf678-cgu.0.rcgu.o)
 .text._ZN4core3fmt17FormattingOptions8get_fill17h16333bf23548af5bE
                0x000000004000e448        0xc bin/obj/rslib.a(core-9bc28a7f9131c3bd.core.d226853cd57cf678-cgu.0.rcgu.o)
                0x000000004000e448                core::fmt::FormattingOptions::get_fill
 .text._ZN57_$LT$core..fmt..Arguments$u20$as$u20$core..fmt..Debug$GT$3fmt17hf44420f7be10c257E
                0x000000004000e454       0x10 bin/obj/rslib.a(core-9bc28a7f9131c3bd.core.d226853cd57cf678-cgu.0.rcgu.o)
                0x000000004000e454                <core::fmt::Arguments as core::fmt::Debug>::fmt
 .text._ZN59_$LT$core..fmt..Arguments$u20$as$u20$core..fmt..Display$GT$3fmt17h0d9bb26ca97e72c0E
                0x000000004000e464       0x10 bin/obj/rslib.a(core-9bc28a7f9131c3bd.core.d226853cd57cf678-cgu.0.rcgu.o)
                0x000000004000e464                <core::fmt::Arguments as core::fmt::Display>::fmt
 .text._ZN4core3fmt5write17h27d27f11b784a835E
                0x000000004000e474      0x1fc bin/obj/rslib.a(core-9bc28a7f9131c3bd.core.d226853cd57cf678-cgu.0.rcgu.o)
                0x000000004000e474                core::fmt::write
 .text._ZN4core3fmt9Formatter12pad_integral17h7c8201b88e6e3ebaE
                0x000000004000e670      0x49c bin/obj/rslib.a(core-9bc28a7f9131c3bd.core.d226853cd57cf678-cgu.0.rcgu.o)
                0x000000004000e670                core::fmt::Formatter::pad_integral
 .text._ZN4core3fmt9Formatter12pad_integral12write_prefix17h57204f2c7617257bE
                0x000000004000eb0c       0x88 bin/obj/rslib.a(core-9bc28a7f9131c3bd.core.d226853cd57cf678-cgu.0.rcgu.o)
 .text._ZN4core3fmt9Formatter3pad17h73f3af08799c2a09E
                0x000000004000eb94      0x3ec bin/obj/rslib.a(core-9bc28a7f9131c3bd.core.d226853cd57cf678-cgu.0.rcgu.o)
                0x000000004000eb94                core::fmt::Formatter::pad
 .text._ZN4core3fmt9Formatter19pad_formatted_parts17h12df80fd2b83fceaE
                0x000000004000ef80      0x238 bin/obj/rslib.a(core-9bc28a7f9131c3bd.core.d226853cd57cf678-cgu.0.rcgu.o)
 .text._ZN4core3fmt9Formatter21write_formatted_parts17h99823bc407c75291E
                0x000000004000f1b8      0x228 bin/obj/rslib.a(core-9bc28a7f9131c3bd.core.d226853cd57cf678-cgu.0.rcgu.o)
 .text._ZN4core3fmt9Formatter9write_str17h8d4b7b76bb9638afE
                0x000000004000f3e0        0xc bin/obj/rslib.a(core-9bc28a7f9131c3bd.core.d226853cd57cf678-cgu.0.rcgu.o)
                0x000000004000f3e0                core::fmt::Formatter::write_str
                0x000000004000f3e0                <core::fmt::Formatter as core::fmt::Write>::write_str
 .text._ZN4core3fmt9Formatter4fill17hb992998a870bbadbE
                0x000000004000f3ec        0xc bin/obj/rslib.a(core-9bc28a7f9131c3bd.core.d226853cd57cf678-cgu.0.rcgu.o)
                0x000000004000f3ec                core::fmt::Formatter::fill
 .text._ZN4core3fmt9Formatter12debug_struct17hf428be4f49f3f788E
                0x000000004000f3f8       0x38 bin/obj/rslib.a(core-9bc28a7f9131c3bd.core.d226853cd57cf678-cgu.0.rcgu.o)
                0x000000004000f3f8                core::fmt::Formatter::debug_struct
 .text._ZN4core3fmt9Formatter26debug_struct_field1_finish17ha93f5de8502c20f5E
                0x000000004000f430       0xc8 bin/obj/rslib.a(core-9bc28a7f9131c3bd.core.d226853cd57cf678-cgu.0.rcgu.o)
                0x000000004000f430                core::fmt::Formatter::debug_struct_field1_finish
 .text._ZN4core3fmt9Formatter26debug_struct_field2_finish17h4e9cddcf5043888aE
                0x000000004000f4f8       0xfc bin/obj/rslib.a(core-9bc28a7f9131c3bd.core.d226853cd57cf678-cgu.0.rcgu.o)
                0x000000004000f4f8                core::fmt::Formatter::debug_struct_field2_finish
 .text._ZN4core3fmt9Formatter26debug_struct_field3_finish17h083e966db5642ebbE
                0x000000004000f5f4      0x120 bin/obj/rslib.a(core-9bc28a7f9131c3bd.core.d226853cd57cf678-cgu.0.rcgu.o)
                0x000000004000f5f4                core::fmt::Formatter::debug_struct_field3_finish
 .text._ZN4core3fmt9Formatter26debug_struct_field4_finish17h1487480017889a1fE
                0x000000004000f714      0x140 bin/obj/rslib.a(core-9bc28a7f9131c3bd.core.d226853cd57cf678-cgu.0.rcgu.o)
                0x000000004000f714                core::fmt::Formatter::debug_struct_field4_finish
 .text._ZN4core3fmt9Formatter26debug_struct_field5_finish17hb8cd8bc64e151277E
                0x000000004000f854      0x164 bin/obj/rslib.a(core-9bc28a7f9131c3bd.core.d226853cd57cf678-cgu.0.rcgu.o)
                0x000000004000f854                core::fmt::Formatter::debug_struct_field5_finish
 .text._ZN4core3fmt9Formatter26debug_struct_fields_finish17h6509c973138b6cc3E
                0x000000004000f9b8      0x100 bin/obj/rslib.a(core-9bc28a7f9131c3bd.core.d226853cd57cf678-cgu.0.rcgu.o)
                0x000000004000f9b8                core::fmt::Formatter::debug_struct_fields_finish
 .text._ZN4core3fmt9Formatter11debug_tuple17h4a4627ab5a6ca6d7E
                0x000000004000fab8       0x4c bin/obj/rslib.a(core-9bc28a7f9131c3bd.core.d226853cd57cf678-cgu.0.rcgu.o)
                0x000000004000fab8                core::fmt::Formatter::debug_tuple
 .text._ZN4core3fmt9Formatter25debug_tuple_field1_finish17habc1b7eb386a3da9E
                0x000000004000fb04      0x160 bin/obj/rslib.a(core-9bc28a7f9131c3bd.core.d226853cd57cf678-cgu.0.rcgu.o)
                0x000000004000fb04                core::fmt::Formatter::debug_tuple_field1_finish
 .text._ZN4core3fmt9Formatter25debug_tuple_field2_finish17h59eda0ba9816d5f3E
                0x000000004000fc64      0x1f8 bin/obj/rslib.a(core-9bc28a7f9131c3bd.core.d226853cd57cf678-cgu.0.rcgu.o)
                0x000000004000fc64                core::fmt::Formatter::debug_tuple_field2_finish
 .text._ZN4core3fmt9Formatter25debug_tuple_field3_finish17hb0c165c59b00eec0E
                0x000000004000fe5c      0x2ac bin/obj/rslib.a(core-9bc28a7f9131c3bd.core.d226853cd57cf678-cgu.0.rcgu.o)
                0x000000004000fe5c                core::fmt::Formatter::debug_tuple_field3_finish
 .text._ZN4core3fmt9Formatter25debug_tuple_field4_finish17h72d16436df5e1221E
                0x0000000040010108      0x35c bin/obj/rslib.a(core-9bc28a7f9131c3bd.core.d226853cd57cf678-cgu.0.rcgu.o)
                0x0000000040010108                core::fmt::Formatter::debug_tuple_field4_finish
 .text._ZN4core3fmt9Formatter25debug_tuple_field5_finish17hc88024f1e6a603acE
                0x0000000040010464      0x40c bin/obj/rslib.a(core-9bc28a7f9131c3bd.core.d226853cd57cf678-cgu.0.rcgu.o)
                0x0000000040010464                core::fmt::Formatter::debug_tuple_field5_finish
 .text._ZN4core3fmt9Formatter25debug_tuple_fields_finish17h864f3c83ca1ed702E
                0x0000000040010870      0x28c bin/obj/rslib.a(core-9bc28a7f9131c3bd.core.d226853cd57cf678-cgu.0.rcgu.o)
                0x0000000040010870                core::fmt::Formatter::debug_tuple_fields_finish
 .text._ZN4core3fmt9Formatter10debug_list17heb1bbe28773e8fe0E
                0x0000000040010afc       0x44 bin/obj/rslib.a(core-9bc28a7f9131c3bd.core.d226853cd57cf678-cgu.0.rcgu.o)
                0x0000000040010afc                core::fmt::Formatter::debug_list
 .text._ZN4core3fmt9Formatter9debug_set17hdbc1653f50f67b30E
                0x0000000040010b40       0x44 bin/obj/rslib.a(core-9bc28a7f9131c3bd.core.d226853cd57cf678-cgu.0.rcgu.o)
                0x0000000040010b40                core::fmt::Formatter::debug_set
 .text._ZN4core3fmt9Formatter9debug_map17h656d6b93990d8659E
                0x0000000040010b84       0x4c bin/obj/rslib.a(core-9bc28a7f9131c3bd.core.d226853cd57cf678-cgu.0.rcgu.o)
                0x0000000040010b84                core::fmt::Formatter::debug_map
 .text._ZN57_$LT$core..fmt..Formatter$u20$as$u20$core..fmt..Write$GT$10write_char17hf696da915e283cefE
                0x0000000040010bd0        0xc bin/obj/rslib.a(core-9bc28a7f9131c3bd.core.d226853cd57cf678-cgu.0.rcgu.o)
                0x0000000040010bd0                <core::fmt::Formatter as core::fmt::Write>::write_char
 .text._ZN55_$LT$core..fmt..Error$u20$as$u20$core..fmt..Display$GT$3fmt17hbe2ff6b9678f3711E
                0x0000000040010bdc       0x14 bin/obj/rslib.a(core-9bc28a7f9131c3bd.core.d226853cd57cf678-cgu.0.rcgu.o)
                0x0000000040010bdc                <core::fmt::Error as core::fmt::Display>::fmt
 .text._ZN43_$LT$bool$u20$as$u20$core..fmt..Display$GT$3fmt17h9fae1b6bc4bcce2dE
                0x0000000040010bf0       0x2c bin/obj/rslib.a(core-9bc28a7f9131c3bd.core.d226853cd57cf678-cgu.0.rcgu.o)
                0x0000000040010bf0                <bool as core::fmt::Display>::fmt
 .text._ZN40_$LT$str$u20$as$u20$core..fmt..Debug$GT$3fmt17h9ffdc40d4df036c4E
                0x0000000040010c1c      0x3b0 bin/obj/rslib.a(core-9bc28a7f9131c3bd.core.d226853cd57cf678-cgu.0.rcgu.o)
                0x0000000040010c1c                <str as core::fmt::Debug>::fmt
 .text._ZN42_$LT$str$u20$as$u20$core..fmt..Display$GT$3fmt17hff00da14a6032a03E
                0x0000000040010fcc       0x14 bin/obj/rslib.a(core-9bc28a7f9131c3bd.core.d226853cd57cf678-cgu.0.rcgu.o)
                0x0000000040010fcc                <str as core::fmt::Display>::fmt
 .text._ZN41_$LT$char$u20$as$u20$core..fmt..Debug$GT$3fmt17h004139374ecb2cb6E
                0x0000000040010fe0       0xe4 bin/obj/rslib.a(core-9bc28a7f9131c3bd.core.d226853cd57cf678-cgu.0.rcgu.o)
                0x0000000040010fe0                <char as core::fmt::Debug>::fmt
 .text._ZN43_$LT$char$u20$as$u20$core..fmt..Display$GT$3fmt17h898b2061bb503447E
                0x00000000400110c4      0x128 bin/obj/rslib.a(core-9bc28a7f9131c3bd.core.d226853cd57cf678-cgu.0.rcgu.o)
                0x00000000400110c4                <char as core::fmt::Display>::fmt
 .text._ZN4core3fmt17pointer_fmt_inner17he0b517b0d2e14341E
                0x00000000400111ec       0xc0 bin/obj/rslib.a(core-9bc28a7f9131c3bd.core.d226853cd57cf678-cgu.0.rcgu.o)
                0x00000000400111ec                core::fmt::pointer_fmt_inner
 .text._ZN52_$LT$$BP$const$u20$T$u20$as$u20$core..fmt..Debug$GT$3fmt17h6d383b47be6dc541E
                0x00000000400112ac       0xc4 bin/obj/rslib.a(core-9bc28a7f9131c3bd.core.d226853cd57cf678-cgu.0.rcgu.o)
 .text._ZN4core5slice6memchr14memchr_aligned17h9dc28f3ccf792100E
                0x0000000040011370       0xfc bin/obj/rslib.a(core-9bc28a7f9131c3bd.core.d226853cd57cf678-cgu.0.rcgu.o)
                0x0000000040011370                core::slice::memchr::memchr_aligned
 .text._ZN4core5slice6memchr7memrchr17h1e4447cb1e7ee724E
                0x000000004001146c      0x144 bin/obj/rslib.a(core-9bc28a7f9131c3bd.core.d226853cd57cf678-cgu.0.rcgu.o)
                0x000000004001146c                core::slice::memchr::memrchr
 .text._ZN4core5slice4sort6stable5drift11sqrt_approx17hb9855327512dbee4E
                0x00000000400115b0       0x2c bin/obj/rslib.a(core-9bc28a7f9131c3bd.core.d226853cd57cf678-cgu.0.rcgu.o)
                0x00000000400115b0                core::slice::sort::stable::drift::sqrt_approx
 .text.unlikely._ZN4core5slice4sort6shared9smallsort22panic_on_ord_violation17h41c5b8dc54ac7fc1E
                0x00000000400115dc       0x38 bin/obj/rslib.a(core-9bc28a7f9131c3bd.core.d226853cd57cf678-cgu.0.rcgu.o)
                0x00000000400115dc                core::slice::sort::shared::smallsort::panic_on_ord_violation
 .text._ZN105_$LT$core..slice..ascii..EscapeAscii$u20$as$u20$core..iter..traits..double_ended..DoubleEndedIterator$GT$9next_back17he6ee3f58ee2e0554E
                0x0000000040011614      0x120 bin/obj/rslib.a(core-9bc28a7f9131c3bd.core.d226853cd57cf678-cgu.0.rcgu.o)
                0x0000000040011614                <core::slice::ascii::EscapeAscii as core::iter::traits::double_ended::DoubleEndedIterator>::next_back
 .text._ZN70_$LT$core..slice..ascii..EscapeAscii$u20$as$u20$core..fmt..Display$GT$3fmt17h6048f60ab963c7faE
                0x0000000040011734      0x23c bin/obj/rslib.a(core-9bc28a7f9131c3bd.core.d226853cd57cf678-cgu.0.rcgu.o)
                0x0000000040011734                <core::slice::ascii::EscapeAscii as core::fmt::Display>::fmt
 .text._ZN68_$LT$core..slice..ascii..EscapeAscii$u20$as$u20$core..fmt..Debug$GT$3fmt17hd562e99451a8537bE
                0x0000000040011970       0x60 bin/obj/rslib.a(core-9bc28a7f9131c3bd.core.d226853cd57cf678-cgu.0.rcgu.o)
                0x0000000040011970                <core::slice::ascii::EscapeAscii as core::fmt::Debug>::fmt
 .text.unlikely._ZN4core5slice5index26slice_start_index_len_fail17h304d84665e2f672aE
                0x00000000400119d0        0xc bin/obj/rslib.a(core-9bc28a7f9131c3bd.core.d226853cd57cf678-cgu.0.rcgu.o)
                0x00000000400119d0                core::slice::index::slice_start_index_len_fail
 .text.unlikely._ZN4core5slice5index24slice_end_index_len_fail17hc8e7335045e9eca4E
                0x00000000400119dc        0xc bin/obj/rslib.a(core-9bc28a7f9131c3bd.core.d226853cd57cf678-cgu.0.rcgu.o)
                0x00000000400119dc                core::slice::index::slice_end_index_len_fail
 .text.unlikely._ZN4core5slice5index22slice_index_order_fail17h5545224058f10a71E
                0x00000000400119e8        0xc bin/obj/rslib.a(core-9bc28a7f9131c3bd.core.d226853cd57cf678-cgu.0.rcgu.o)
                0x00000000400119e8                core::slice::index::slice_index_order_fail
 .text.unlikely._ZN4core5slice5index31slice_start_index_overflow_fail17h9e111b695690c5d3E
                0x00000000400119f4       0x34 bin/obj/rslib.a(core-9bc28a7f9131c3bd.core.d226853cd57cf678-cgu.0.rcgu.o)
                0x00000000400119f4                core::slice::index::slice_start_index_overflow_fail
 .text.unlikely._ZN4core5slice5index29slice_end_index_overflow_fail17hbfbf52f08675c564E
                0x0000000040011a28       0x34 bin/obj/rslib.a(core-9bc28a7f9131c3bd.core.d226853cd57cf678-cgu.0.rcgu.o)
                0x0000000040011a28                core::slice::index::slice_end_index_overflow_fail
 .text._ZN4core5slice5index10into_range17h0b841958620e9277E
                0x0000000040011a5c       0x6c bin/obj/rslib.a(core-9bc28a7f9131c3bd.core.d226853cd57cf678-cgu.0.rcgu.o)
                0x0000000040011a5c                core::slice::index::into_range
 .text._ZN4core5slice5index16into_slice_range17h9fcaad76703df57eE
                0x0000000040011ac8       0x7c bin/obj/rslib.a(core-9bc28a7f9131c3bd.core.d226853cd57cf678-cgu.0.rcgu.o)
                0x0000000040011ac8                core::slice::index::into_slice_range
 .text.unlikely._ZN4core5slice29_$LT$impl$u20$$u5b$T$u5d$$GT$15copy_from_slice17len_mismatch_fail17hab58cc364c5382e6E
                0x0000000040011b44       0x18 bin/obj/rslib.a(core-9bc28a7f9131c3bd.core.d226853cd57cf678-cgu.0.rcgu.o)
                0x0000000040011b44                core::slice::<impl [T]>::copy_from_slice::len_mismatch_fail
 .text._ZN4core5slice29_$LT$impl$u20$$u5b$T$u5d$$GT$16align_to_offsets3gcd17hd3246f522306443fE
                0x0000000040011b5c       0x24 bin/obj/rslib.a(core-9bc28a7f9131c3bd.core.d226853cd57cf678-cgu.0.rcgu.o)
                0x0000000040011b5c                core::slice::<impl [T]>::align_to_offsets::gcd
 .text._ZN71_$LT$core..slice..GetDisjointMutError$u20$as$u20$core..fmt..Display$GT$3fmt17hfcaa51aeacc178f2E
                0x0000000040011b80       0x30 bin/obj/rslib.a(core-9bc28a7f9131c3bd.core.d226853cd57cf678-cgu.0.rcgu.o)
                0x0000000040011b80                <core::slice::GetDisjointMutError as core::fmt::Display>::fmt
 .text._ZN4core3str8converts9from_utf817hce0776dd73525e03E
                0x0000000040011bb0      0x270 bin/obj/rslib.a(core-9bc28a7f9131c3bd.core.d226853cd57cf678-cgu.0.rcgu.o)
                0x0000000040011bb0                core::str::converts::from_utf8
 .text._ZN4core3str8converts13from_utf8_mut17h1489089b6f1dbe29E
                0x0000000040011e20      0x270 bin/obj/rslib.a(core-9bc28a7f9131c3bd.core.d226853cd57cf678-cgu.0.rcgu.o)
                0x0000000040011e20                core::str::converts::from_utf8_mut
 .text._ZN4core3str5count14do_count_chars17hc73a32bba924fa69E
                0x0000000040012090      0x7a0 bin/obj/rslib.a(core-9bc28a7f9131c3bd.core.d226853cd57cf678-cgu.0.rcgu.o)
                0x0000000040012090                core::str::count::do_count_chars
 .text._ZN4core3str5count23char_count_general_case17ha1223dbab75b3952E
                0x0000000040012830      0x440 bin/obj/rslib.a(core-9bc28a7f9131c3bd.core.d226853cd57cf678-cgu.0.rcgu.o)
                0x0000000040012830                core::str::count::char_count_general_case
 .text._ZN66_$LT$core..str..error..Utf8Error$u20$as$u20$core..fmt..Display$GT$3fmt17he935219fa1c3cb4eE
                0x0000000040012c70       0x8c bin/obj/rslib.a(core-9bc28a7f9131c3bd.core.d226853cd57cf678-cgu.0.rcgu.o)
                0x0000000040012c70                <core::str::error::Utf8Error as core::fmt::Display>::fmt
 .text._ZN71_$LT$core..str..error..ParseBoolError$u20$as$u20$core..fmt..Display$GT$3fmt17h55363fdc250f443aE
                0x0000000040012cfc       0x14 bin/obj/rslib.a(core-9bc28a7f9131c3bd.core.d226853cd57cf678-cgu.0.rcgu.o)
                0x0000000040012cfc                <core::str::error::ParseBoolError as core::fmt::Display>::fmt
 .text._ZN59_$LT$core..str..iter..Chars$u20$as$u20$core..fmt..Debug$GT$3fmt17hade02760164129afE
                0x0000000040012d10      0x600 bin/obj/rslib.a(core-9bc28a7f9131c3bd.core.d226853cd57cf678-cgu.0.rcgu.o)
                0x0000000040012d10                <core::str::iter::Chars as core::fmt::Debug>::fmt
 .text._ZN65_$LT$core..str..iter..EncodeUtf16$u20$as$u20$core..fmt..Debug$GT$3fmt17h7b0c4711144b02acE
                0x0000000040013310       0x60 bin/obj/rslib.a(core-9bc28a7f9131c3bd.core.d226853cd57cf678-cgu.0.rcgu.o)
                0x0000000040013310                <core::str::iter::EncodeUtf16 as core::fmt::Debug>::fmt
 .text.unlikely._ZN4core3str6traits23str_index_overflow_fail17h9c3868ee3e83f582E
                0x0000000040013370       0x34 bin/obj/rslib.a(core-9bc28a7f9131c3bd.core.d226853cd57cf678-cgu.0.rcgu.o)
                0x0000000040013370                core::str::traits::str_index_overflow_fail
 .text._ZN4core3str7pattern11StrSearcher3new17h7d9190d83c4f0ddcE
[...]
 .rodata..Lanon.dabceac4c2e9a1f7e7ee9d5fdd3d8f81.498
                0x000000004002af20       0x18 bin/obj/rslib.a(core-9bc28a7f9131c3bd.core.d226853cd57cf678-cgu.0.rcgu.o)
 .rodata..Lanon.dabceac4c2e9a1f7e7ee9d5fdd3d8f81.499
                0x000000004002af38     0x2cd0 bin/obj/rslib.a(core-9bc28a7f9131c3bd.core.d226853cd57cf678-cgu.0.rcgu.o)
 .rodata..Lanon.dabceac4c2e9a1f7e7ee9d5fdd3d8f81.500
                0x000000004002dc08     0x2fb0 bin/obj/rslib.a(core-9bc28a7f9131c3bd.core.d226853cd57cf678-cgu.0.rcgu.o)
 .rodata..Lanon.dabceac4c2e9a1f7e7ee9d5fdd3d8f81.501
                0x0000000040030bb8      0x4c8 bin/obj/rslib.a(core-9bc28a7f9131c3bd.core.d226853cd57cf678-cgu.0.rcgu.o)
 .rodata..Lswitch.table._ZN70_$LT$core..num..error..ParseIntError$u20$as$u20$core..fmt..Display$GT$3fmt17hc12b04f0a82537ffE
                0x0000000040031080       0x28 bin/obj/rslib.a(core-9bc28a7f9131c3bd.core.d226853cd57cf678-cgu.0.rcgu.o)
 .rodata..Lswitch.table._ZN70_$LT$core..num..error..ParseIntError$u20$as$u20$core..fmt..Display$GT$3fmt17hc12b04f0a82537ffE.270
                0x00000000400310a8       0x28 bin/obj/rslib.a(core-9bc28a7f9131c3bd.core.d226853cd57cf678-cgu.0.rcgu.o)
 .rodata..Lswitch.table._ZN72_$LT$core..net..parser..AddrParseError$u20$as$u20$core..fmt..Display$GT$3fmt17h86b0b6ce6dd91ce6E
                0x00000000400310d0       0x30 bin/obj/rslib.a(core-9bc28a7f9131c3bd.core.d226853cd57cf678-cgu.0.rcgu.o)
 .rodata..Lswitch.table._ZN72_$LT$core..net..parser..AddrParseError$u20$as$u20$core..fmt..Display$GT$3fmt17h86b0b6ce6dd91ce6E.271
                0x0000000040031100       0x30 bin/obj/rslib.a(core-9bc28a7f9131c3bd.core.d226853cd57cf678-cgu.0.rcgu.o)
 .rodata..Lswitch.table._ZN4core9panicking19assert_failed_inner17h3ec2d0c2274a870cE
                0x0000000040031130       0x18 bin/obj/rslib.a(core-9bc28a7f9131c3bd.core.d226853cd57cf678-cgu.0.rcgu.o)
 .rodata..Lswitch.table._ZN4core9panicking19assert_failed_inner17h3ec2d0c2274a870cE.272
                0x0000000040031148       0x18 bin/obj/rslib.a(core-9bc28a7f9131c3bd.core.d226853cd57cf678-cgu.0.rcgu.o)
                0x0000000040031160                . = ALIGN (0x10)

.rela.dyn       0x0000000040031160        0x0
 .rela.iplt     0x0000000040031160        0x0 bin/obj/boot/boot.o
 .rela.text.boot
                0x0000000040031160        0x0 bin/obj/boot/boot.o

.data           0x0000000040031160        0x0
 *(.data*)
 .data          0x0000000040031160        0x0 bin/obj/lib/kernel_utils.o
 .data          0x0000000040031160        0x0 bin/obj/boot/boot.o
 .data          0x0000000040031160        0x0 bin/obj/kernel/panic.o
 .data          0x0000000040031160        0x0 bin/obj/kernel/malloc/buddy_allocator.o
 .data          0x0000000040031160        0x0 bin/obj/kernel/kernel_entry.o
 .data          0x0000000040031160        0x0 bin/obj/lib/string.o
 .data          0x0000000040031160        0x0 bin/obj/drivers/uart/uart.o
                0x0000000040031160                . = ALIGN (0x10)

.igot.plt       0x0000000040031160        0x0
 .igot.plt      0x0000000040031160        0x0 bin/obj/boot/boot.o

.bss            0x0000000040031160     0x1430
                0x0000000040031160                __bss_start = .
 *(.bss*)
 .bss           0x0000000040031160        0x0 bin/obj/lib/kernel_utils.o
 .bss           0x0000000040031160        0x0 bin/obj/boot/boot.o
 .bss           0x0000000040031160     0x1428 bin/obj/kernel/panic.o
                0x0000000040031160                PANIC_MESSAGE_LEN
                0x0000000040031168                PANIC_FILE_LEN
                0x0000000040031170                PANIC_MESSAGE_PTR
                0x0000000040031178                PANIC_FILE_PTR
                0x0000000040031180                PANIC_LINE
                0x0000000040031184                PANIC_COL
 .bss           0x0000000040032588        0x0 bin/obj/kernel/malloc/buddy_allocator.o
 .bss           0x0000000040032588        0x0 bin/obj/kernel/kernel_entry.o
 .bss           0x0000000040032588        0x0 bin/obj/lib/string.o
 .bss           0x0000000040032588        0x0 bin/obj/drivers/uart/uart.o
 *(COMMON)
                0x0000000040032588                __bss_end = .
                0x0000000040032590                . = ALIGN (0x10)
 *fill*         0x0000000040032588        0x8 

.stacks         0x0000000040033000   0xf00000
                0x0000000040033000                __stack_el0_bottom = .
                0x0000000040533000                . = (. + 0x500000)
 *fill*         0x0000000040033000   0x500000 
                0x0000000040533000                __stack_el0_top = .
                0x0000000040533000                . = ALIGN (0x10)
                0x0000000040533000                __stack_el1_bottom = .
                0x0000000040a33000                . = (. + 0x500000)
 *fill*         0x0000000040533000   0x500000 
                0x0000000040a33000                __stack_el1_top = .
                0x0000000040a33000                . = ALIGN (0x10)
                0x0000000040a33000                __stack_el2_bottom = .
                0x0000000040f33000                . = (. + 0x500000)
 *fill*         0x0000000040a33000   0x500000 
                0x0000000040f33000                __stack_el2_top = .
                0x0000000040031160                PROVIDE (_bss_start = __bss_start)
                0x0000000040032588                PROVIDE (_bss_end = __bss_end)
                [!provide]                        PROVIDE (_stack_el0_top = __stack_el0_top)
                [!provide]                        PROVIDE (_stack_el0_bottom = __stack_el0_bottom)
                [!provide]                        PROVIDE (_stack_el1_top = __stack_el1_top)
                [!provide]                        PROVIDE (_stack_el1_bottom = __stack_el1_bottom)
                [!provide]                        PROVIDE (_stack_el2_top = __stack_el2_top)
                [!provide]                        PROVIDE (_stack_el2_bottom = __stack_el2_bottom)
LOAD bin/obj/lib/kernel_utils.o
LOAD bin/obj/boot/boot.o
LOAD bin/obj/kernel/panic.o
LOAD bin/obj/kernel/malloc/buddy_allocator.o
LOAD bin/obj/kernel/kernel_entry.o
LOAD bin/obj/lib/string.o
LOAD bin/obj/drivers/uart/uart.o
LOAD bin/obj/rslib.a
OUTPUT(bin/kernel.elf elf64-littleaarch64)
LOAD linker stubs

.debug_line     0x0000000000000000    0x1b150
 .debug_line    0x0000000000000000       0x4d bin/obj/lib/kernel_utils.o
 .debug_line    0x000000000000004d       0x5a bin/obj/boot/boot.o
 .debug_line    0x00000000000000a7       0xcd bin/obj/kernel/panic.o
 .debug_line    0x0000000000000174        0x0 bin/obj/kernel/malloc/buddy_allocator.o
 .debug_line    0x0000000000000174       0x8d bin/obj/kernel/kernel_entry.o
 .debug_line    0x0000000000000201      0x42a bin/obj/lib/string.o
 .debug_line    0x000000000000062b      0x1ef bin/obj/drivers/uart/uart.o
 .debug_line    0x000000000000081a      0x485 bin/obj/rslib.a(imx8mp_kernel-9d036c2eccca21c1.imx8mp_kernel.afa37a60f633e1ac-cgu.0.rcgu.o)
 .debug_line    0x0000000000000c9f    0x196be bin/obj/rslib.a(core-9bc28a7f9131c3bd.core.d226853cd57cf678-cgu.0.rcgu.o)
 .debug_line    0x000000000001a35d      0x11b bin/obj/rslib.a(compiler_builtins-f062c31c443b6323.compiler_builtins.9d65875af80bedf9-cgu.155.rcgu.o)
 .debug_line    0x000000000001a478      0x16f bin/obj/rslib.a(compiler_builtins-f062c31c443b6323.compiler_builtins.9d65875af80bedf9-cgu.167.rcgu.o)
 .debug_line    0x000000000001a5e7      0x2ec bin/obj/rslib.a(compiler_builtins-f062c31c443b6323.compiler_builtins.9d65875af80bedf9-cgu.195.rcgu.o)
 .debug_line    0x000000000001a8d3      0x389 bin/obj/rslib.a(compiler_builtins-f062c31c443b6323.compiler_builtins.9d65875af80bedf9-cgu.254.rcgu.o)
 .debug_line    0x000000000001ac5c      0x4f4 bin/obj/rslib.a(compiler_builtins-f062c31c443b6323.compiler_builtins.9d65875af80bedf9-cgu.010.rcgu.o)

.debug_line_str
                0x0000000000000000      0x203
 .debug_line_str
                0x0000000000000000      0x203 bin/obj/lib/kernel_utils.o
                                         0x43 (size before relaxing)
 .debug_line_str
                0x0000000000000203       0x3c bin/obj/boot/boot.o
 .debug_line_str
                0x0000000000000203       0xda bin/obj/kernel/panic.o
 .debug_line_str
                0x0000000000000203       0x50 bin/obj/kernel/malloc/buddy_allocator.o
 .debug_line_str
                0x0000000000000203       0xfe bin/obj/kernel/kernel_entry.o
 .debug_line_str
                0x0000000000000203       0xce bin/obj/lib/string.o
 .debug_line_str
                0x0000000000000203      0x171 bin/obj/drivers/uart/uart.o

.debug_info     0x0000000000000000    0x25483
 .debug_info    0x0000000000000000       0x28 bin/obj/lib/kernel_utils.o
 .debug_info    0x0000000000000028       0x28 bin/obj/boot/boot.o
 .debug_info    0x0000000000000050      0x45e bin/obj/kernel/panic.o
 .debug_info    0x00000000000004ae      0x213 bin/obj/kernel/kernel_entry.o
 .debug_info    0x00000000000006c1      0x4f3 bin/obj/lib/string.o
 .debug_info    0x0000000000000bb4      0xb5c bin/obj/drivers/uart/uart.o
 .debug_info    0x0000000000001710      0xda0 bin/obj/rslib.a(imx8mp_kernel-9d036c2eccca21c1.imx8mp_kernel.afa37a60f633e1ac-cgu.0.rcgu.o)
 .debug_info    0x00000000000024b0    0x222ef bin/obj/rslib.a(core-9bc28a7f9131c3bd.core.d226853cd57cf678-cgu.0.rcgu.o)
 .debug_info    0x000000000002479f       0xad bin/obj/rslib.a(compiler_builtins-f062c31c443b6323.compiler_builtins.9d65875af80bedf9-cgu.155.rcgu.o)
 .debug_info    0x000000000002484c       0xc9 bin/obj/rslib.a(compiler_builtins-f062c31c443b6323.compiler_builtins.9d65875af80bedf9-cgu.167.rcgu.o)
 .debug_info    0x0000000000024915      0x24c bin/obj/rslib.a(compiler_builtins-f062c31c443b6323.compiler_builtins.9d65875af80bedf9-cgu.195.rcgu.o)
 .debug_info    0x0000000000024b61      0x333 bin/obj/rslib.a(compiler_builtins-f062c31c443b6323.compiler_builtins.9d65875af80bedf9-cgu.254.rcgu.o)
 .debug_info    0x0000000000024e94      0x5ef bin/obj/rslib.a(compiler_builtins-f062c31c443b6323.compiler_builtins.9d65875af80bedf9-cgu.010.rcgu.o)

.debug_abbrev   0x0000000000000000      0xf78
 .debug_abbrev  0x0000000000000000       0x14 bin/obj/lib/kernel_utils.o
 .debug_abbrev  0x0000000000000014       0x14 bin/obj/boot/boot.o
 .debug_abbrev  0x0000000000000028      0x19d bin/obj/kernel/panic.o
 .debug_abbrev  0x00000000000001c5      0x124 bin/obj/kernel/kernel_entry.o
 .debug_abbrev  0x00000000000002e9      0x1b6 bin/obj/lib/string.o
 .debug_abbrev  0x000000000000049f      0x17a bin/obj/drivers/uart/uart.o
 .debug_abbrev  0x0000000000000619      0x284 bin/obj/rslib.a(imx8mp_kernel-9d036c2eccca21c1.imx8mp_kernel.afa37a60f633e1ac-cgu.0.rcgu.o)
 .debug_abbrev  0x000000000000089d      0x31b bin/obj/rslib.a(core-9bc28a7f9131c3bd.core.d226853cd57cf678-cgu.0.rcgu.o)
 .debug_abbrev  0x0000000000000bb8       0x5f bin/obj/rslib.a(compiler_builtins-f062c31c443b6323.compiler_builtins.9d65875af80bedf9-cgu.155.rcgu.o)
 .debug_abbrev  0x0000000000000c17       0x7f bin/obj/rslib.a(compiler_builtins-f062c31c443b6323.compiler_builtins.9d65875af80bedf9-cgu.167.rcgu.o)
 .debug_abbrev  0x0000000000000c96       0xc1 bin/obj/rslib.a(compiler_builtins-f062c31c443b6323.compiler_builtins.9d65875af80bedf9-cgu.195.rcgu.o)
 .debug_abbrev  0x0000000000000d57      0x104 bin/obj/rslib.a(compiler_builtins-f062c31c443b6323.compiler_builtins.9d65875af80bedf9-cgu.254.rcgu.o)
 .debug_abbrev  0x0000000000000e5b      0x11d bin/obj/rslib.a(compiler_builtins-f062c31c443b6323.compiler_builtins.9d65875af80bedf9-cgu.010.rcgu.o)

.debug_aranges  0x0000000000000000     0x2300
 .debug_aranges
                0x0000000000000000       0x30 bin/obj/lib/kernel_utils.o
 .debug_aranges
                0x0000000000000030       0x30 bin/obj/boot/boot.o
 .debug_aranges
                0x0000000000000060       0x30 bin/obj/kernel/panic.o
 .debug_aranges
                0x0000000000000090       0x30 bin/obj/kernel/kernel_entry.o
 .debug_aranges
                0x00000000000000c0       0x30 bin/obj/lib/string.o
 .debug_aranges
                0x00000000000000f0       0x30 bin/obj/drivers/uart/uart.o
 .debug_aranges
                0x0000000000000120       0x50 bin/obj/rslib.a(imx8mp_kernel-9d036c2eccca21c1.imx8mp_kernel.afa37a60f633e1ac-cgu.0.rcgu.o)
 .debug_aranges
                0x0000000000000170     0x2080 bin/obj/rslib.a(core-9bc28a7f9131c3bd.core.d226853cd57cf678-cgu.0.rcgu.o)
 .debug_aranges
                0x00000000000021f0       0x30 bin/obj/rslib.a(compiler_builtins-f062c31c443b6323.compiler_builtins.9d65875af80bedf9-cgu.155.rcgu.o)
 .debug_aranges
                0x0000000000002220       0x30 bin/obj/rslib.a(compiler_builtins-f062c31c443b6323.compiler_builtins.9d65875af80bedf9-cgu.167.rcgu.o)
 .debug_aranges
                0x0000000000002250       0x30 bin/obj/rslib.a(compiler_builtins-f062c31c443b6323.compiler_builtins.9d65875af80bedf9-cgu.195.rcgu.o)
 .debug_aranges
                0x0000000000002280       0x30 bin/obj/rslib.a(compiler_builtins-f062c31c443b6323.compiler_builtins.9d65875af80bedf9-cgu.254.rcgu.o)
 .debug_aranges
                0x00000000000022b0       0x50 bin/obj/rslib.a(compiler_builtins-f062c31c443b6323.compiler_builtins.9d65875af80bedf9-cgu.010.rcgu.o)

.debug_str      0x0000000000000000    0x3aed9
 .debug_str     0x0000000000000000    0x3aed9 bin/obj/lib/kernel_utils.o
                                         0x51 (size before relaxing)
 .debug_str     0x000000000003aed9       0x4a bin/obj/boot/boot.o
 .debug_str     0x000000000003aed9      0x33e bin/obj/kernel/panic.o
 .debug_str     0x000000000003aed9       0x76 bin/obj/kernel/malloc/buddy_allocator.o
 .debug_str     0x000000000003aed9      0x1fd bin/obj/kernel/kernel_entry.o
 .debug_str     0x000000000003aed9      0x358 bin/obj/lib/string.o
 .debug_str     0x000000000003aed9      0x585 bin/obj/drivers/uart/uart.o
 .debug_str     0x000000000003aed9      0x9d1 bin/obj/rslib.a(imx8mp_kernel-9d036c2eccca21c1.imx8mp_kernel.afa37a60f633e1ac-cgu.0.rcgu.o)
 .debug_str     0x000000000003aed9    0x3929e bin/obj/rslib.a(core-9bc28a7f9131c3bd.core.d226853cd57cf678-cgu.0.rcgu.o)
 .debug_str     0x000000000003aed9      0x194 bin/obj/rslib.a(compiler_builtins-f062c31c443b6323.compiler_builtins.9d65875af80bedf9-cgu.155.rcgu.o)
 .debug_str     0x000000000003aed9      0x1dc bin/obj/rslib.a(compiler_builtins-f062c31c443b6323.compiler_builtins.9d65875af80bedf9-cgu.167.rcgu.o)
 .debug_str     0x000000000003aed9      0x47f bin/obj/rslib.a(compiler_builtins-f062c31c443b6323.compiler_builtins.9d65875af80bedf9-cgu.195.rcgu.o)
 .debug_str     0x000000000003aed9      0x7b4 bin/obj/rslib.a(compiler_builtins-f062c31c443b6323.compiler_builtins.9d65875af80bedf9-cgu.254.rcgu.o)
 .debug_str     0x000000000003aed9      0x981 bin/obj/rslib.a(compiler_builtins-f062c31c443b6323.compiler_builtins.9d65875af80bedf9-cgu.010.rcgu.o)

.comment        0x0000000000000000       0x71
 .comment       0x0000000000000000       0x71 bin/obj/kernel/panic.o
                                         0x46 (size before relaxing)
 .comment       0x0000000000000071       0x46 bin/obj/kernel/malloc/buddy_allocator.o
 .comment       0x0000000000000071       0x46 bin/obj/kernel/kernel_entry.o
 .comment       0x0000000000000071       0x46 bin/obj/lib/string.o
 .comment       0x0000000000000071       0x46 bin/obj/drivers/uart/uart.o
 .comment       0x0000000000000071       0x2d bin/obj/rslib.a(imx8mp_kernel-9d036c2eccca21c1.imx8mp_kernel.afa37a60f633e1ac-cgu.0.rcgu.o)
 .comment       0x0000000000000071       0x2d bin/obj/rslib.a(core-9bc28a7f9131c3bd.core.d226853cd57cf678-cgu.0.rcgu.o)
 .comment       0x0000000000000071       0x2d bin/obj/rslib.a(compiler_builtins-f062c31c443b6323.compiler_builtins.9d65875af80bedf9-cgu.155.rcgu.o)
 .comment       0x0000000000000071       0x2d bin/obj/rslib.a(compiler_builtins-f062c31c443b6323.compiler_builtins.9d65875af80bedf9-cgu.167.rcgu.o)
 .comment       0x0000000000000071       0x2d bin/obj/rslib.a(compiler_builtins-f062c31c443b6323.compiler_builtins.9d65875af80bedf9-cgu.195.rcgu.o)
 .comment       0x0000000000000071       0x2d bin/obj/rslib.a(compiler_builtins-f062c31c443b6323.compiler_builtins.9d65875af80bedf9-cgu.254.rcgu.o)
 .comment       0x0000000000000071       0x2d bin/obj/rslib.a(compiler_builtins-f062c31c443b6323.compiler_builtins.9d65875af80bedf9-cgu.010.rcgu.o)

.note.GNU-stack
                0x0000000000000000        0x0
 .note.GNU-stack
                0x0000000000000000        0x0 bin/obj/rslib.a(imx8mp_kernel-9d036c2eccca21c1.imx8mp_kernel.afa37a60f633e1ac-cgu.0.rcgu.o)
 .note.GNU-stack
                0x0000000000000000        0x0 bin/obj/rslib.a(core-9bc28a7f9131c3bd.core.d226853cd57cf678-cgu.0.rcgu.o)
 .note.GNU-stack
                0x0000000000000000        0x0 bin/obj/rslib.a(compiler_builtins-f062c31c443b6323.compiler_builtins.9d65875af80bedf9-cgu.155.rcgu.o)
 .note.GNU-stack
                0x0000000000000000        0x0 bin/obj/rslib.a(compiler_builtins-f062c31c443b6323.compiler_builtins.9d65875af80bedf9-cgu.167.rcgu.o)
 .note.GNU-stack
                0x0000000000000000        0x0 bin/obj/rslib.a(compiler_builtins-f062c31c443b6323.compiler_builtins.9d65875af80bedf9-cgu.195.rcgu.o)
 .note.GNU-stack
                0x0000000000000000        0x0 bin/obj/rslib.a(compiler_builtins-f062c31c443b6323.compiler_builtins.9d65875af80bedf9-cgu.254.rcgu.o)
 .note.GNU-stack
                0x0000000000000000        0x0 bin/obj/rslib.a(compiler_builtins-f062c31c443b6323.compiler_builtins.9d65875af80bedf9-cgu.010.rcgu.o)

.debug_frame    0x0000000000000000     0x4b78
 .debug_frame   0x0000000000000000       0xa8 bin/obj/kernel/panic.o
 .debug_frame   0x00000000000000a8       0x30 bin/obj/kernel/kernel_entry.o
 .debug_frame   0x00000000000000d8       0xb0 bin/obj/lib/string.o
 .debug_frame   0x0000000000000188      0x498 bin/obj/drivers/uart/uart.o
 .debug_frame   0x0000000000000620       0x78 bin/obj/rslib.a(imx8mp_kernel-9d036c2eccca21c1.imx8mp_kernel.afa37a60f633e1ac-cgu.0.rcgu.o)
 .debug_frame   0x0000000000000698     0x43b8 bin/obj/rslib.a(core-9bc28a7f9131c3bd.core.d226853cd57cf678-cgu.0.rcgu.o)
 .debug_frame   0x0000000000004a50       0x38 bin/obj/rslib.a(compiler_builtins-f062c31c443b6323.compiler_builtins.9d65875af80bedf9-cgu.155.rcgu.o)
 .debug_frame   0x0000000000004a88       0x30 bin/obj/rslib.a(compiler_builtins-f062c31c443b6323.compiler_builtins.9d65875af80bedf9-cgu.167.rcgu.o)
 .debug_frame   0x0000000000004ab8       0x30 bin/obj/rslib.a(compiler_builtins-f062c31c443b6323.compiler_builtins.9d65875af80bedf9-cgu.195.rcgu.o)
 .debug_frame   0x0000000000004ae8       0x30 bin/obj/rslib.a(compiler_builtins-f062c31c443b6323.compiler_builtins.9d65875af80bedf9-cgu.254.rcgu.o)
 .debug_frame   0x0000000000004b18       0x60 bin/obj/rslib.a(compiler_builtins-f062c31c443b6323.compiler_builtins.9d65875af80bedf9-cgu.010.rcgu.o)

.debug_rnglists
                0x0000000000000000       0x2b
 .debug_rnglists
                0x0000000000000000       0x2b bin/obj/lib/string.o

.debug_loc      0x0000000000000000      0x4e1
 .debug_loc     0x0000000000000000      0x4e1 bin/obj/rslib.a(imx8mp_kernel-9d036c2eccca21c1.imx8mp_kernel.afa37a60f633e1ac-cgu.0.rcgu.o)

.debug_ranges   0x0000000000000000    0x1c320
 .debug_ranges  0x0000000000000000      0x270 bin/obj/rslib.a(imx8mp_kernel-9d036c2eccca21c1.imx8mp_kernel.afa37a60f633e1ac-cgu.0.rcgu.o)
 .debug_ranges  0x0000000000000270    0x1bdc0 bin/obj/rslib.a(core-9bc28a7f9131c3bd.core.d226853cd57cf678-cgu.0.rcgu.o)
 .debug_ranges  0x000000000001c030       0x90 bin/obj/rslib.a(compiler_builtins-f062c31c443b6323.compiler_builtins.9d65875af80bedf9-cgu.195.rcgu.o)
 .debug_ranges  0x000000000001c0c0       0x90 bin/obj/rslib.a(compiler_builtins-f062c31c443b6323.compiler_builtins.9d65875af80bedf9-cgu.254.rcgu.o)
 .debug_ranges  0x000000000001c150      0x1d0 bin/obj/rslib.a(compiler_builtins-f062c31c443b6323.compiler_builtins.9d65875af80bedf9-cgu.010.rcgu.o)
