Archive member included to satisfy reference by file (symbol)

bin/obj/rslib.a(imx8mp_kernel-1a53598e06c50be6.imx8mp_kernel.241a9a11e0e6ae75-cgu.0.rcgu.o)
                              bin/obj/drivers/uart/uart.o (UART_rxbuf_pop)
bin/obj/rslib.a(core-dca77d77b03929cc.core.bbd04c23a4fa3c72-cgu.0.rcgu.o)
                              bin/obj/rslib.a(imx8mp_kernel-1a53598e06c50be6.imx8mp_kernel.241a9a11e0e6ae75-cgu.0.rcgu.o) (core::panicking::panic_fmt)
bin/obj/rslib.a(compiler_builtins-fabd8ee97a026881.compiler_builtins.f286be164c3a919f-cgu.099.rcgu.o)
                              bin/obj/rslib.a(core-dca77d77b03929cc.core.bbd04c23a4fa3c72-cgu.0.rcgu.o) (memcmp)
bin/obj/rslib.a(compiler_builtins-fabd8ee97a026881.compiler_builtins.f286be164c3a919f-cgu.173.rcgu.o)
                              bin/obj/rslib.a(imx8mp_kernel-1a53598e06c50be6.imx8mp_kernel.241a9a11e0e6ae75-cgu.0.rcgu.o) (memcpy)
bin/obj/rslib.a(compiler_builtins-fabd8ee97a026881.compiler_builtins.f286be164c3a919f-cgu.242.rcgu.o)
                              bin/obj/drivers/arm_generic_timer/arm_generic_timer.o (__udivti3)
bin/obj/rslib.a(compiler_builtins-fabd8ee97a026881.compiler_builtins.f286be164c3a919f-cgu.295.rcgu.o)
                              bin/obj/rslib.a(core-dca77d77b03929cc.core.bbd04c23a4fa3c72-cgu.0.rcgu.o) (memset)
bin/obj/rslib.a(compiler_builtins-fabd8ee97a026881.compiler_builtins.f286be164c3a919f-cgu.018.rcgu.o)
                              bin/obj/rslib.a(compiler_builtins-fabd8ee97a026881.compiler_builtins.f286be164c3a919f-cgu.242.rcgu.o) (compiler_builtins::int::specialized_div_rem::u128_div_rem)

Discarded input sections

 .llvmbc        0x0000000000000000   0x141958 bin/obj/rslib.a(core-dca77d77b03929cc.core.bbd04c23a4fa3c72-cgu.0.rcgu.o)
 .llvmcmd       0x0000000000000000        0x0 bin/obj/rslib.a(core-dca77d77b03929cc.core.bbd04c23a4fa3c72-cgu.0.rcgu.o)
 .llvmbc        0x0000000000000000     0x10b8 bin/obj/rslib.a(compiler_builtins-fabd8ee97a026881.compiler_builtins.f286be164c3a919f-cgu.099.rcgu.o)
 .llvmcmd       0x0000000000000000        0x0 bin/obj/rslib.a(compiler_builtins-fabd8ee97a026881.compiler_builtins.f286be164c3a919f-cgu.099.rcgu.o)
 .llvmbc        0x0000000000000000      0xbf4 bin/obj/rslib.a(compiler_builtins-fabd8ee97a026881.compiler_builtins.f286be164c3a919f-cgu.173.rcgu.o)
 .llvmcmd       0x0000000000000000        0x0 bin/obj/rslib.a(compiler_builtins-fabd8ee97a026881.compiler_builtins.f286be164c3a919f-cgu.173.rcgu.o)
 .llvmbc        0x0000000000000000      0xc04 bin/obj/rslib.a(compiler_builtins-fabd8ee97a026881.compiler_builtins.f286be164c3a919f-cgu.242.rcgu.o)
 .llvmcmd       0x0000000000000000        0x0 bin/obj/rslib.a(compiler_builtins-fabd8ee97a026881.compiler_builtins.f286be164c3a919f-cgu.242.rcgu.o)
 .llvmbc        0x0000000000000000      0xbf4 bin/obj/rslib.a(compiler_builtins-fabd8ee97a026881.compiler_builtins.f286be164c3a919f-cgu.295.rcgu.o)
 .llvmcmd       0x0000000000000000        0x0 bin/obj/rslib.a(compiler_builtins-fabd8ee97a026881.compiler_builtins.f286be164c3a919f-cgu.295.rcgu.o)
 .llvmbc        0x0000000000000000     0x1ca4 bin/obj/rslib.a(compiler_builtins-fabd8ee97a026881.compiler_builtins.f286be164c3a919f-cgu.018.rcgu.o)
 .llvmcmd       0x0000000000000000        0x0 bin/obj/rslib.a(compiler_builtins-fabd8ee97a026881.compiler_builtins.f286be164c3a919f-cgu.018.rcgu.o)

Memory Configuration

Name             Origin             Length             Attributes
*default*        0x0000000000000000 0xffffffffffffffff

Linker script and memory map

                0x0000000000000004                __NUM_CORES = 0x4
                0x0000000000020000                __EL2_STACK_SIZE = 0x20000
                0x0000000000100000                __EL1_STACK_SIZE = 0x100000
                0x0000000040200000                . = 0x40200000

.text           0x0000000040200000    0x2df00
                0x0000000040200000                __text_start = .
 *(.text.boot)
 .text.boot     0x0000000040200000       0x78 bin/obj/__boot/boot.o
                0x0000000040200000                _start
 *(.text*)
 .text          0x0000000040200078       0x40 bin/obj/__arm/cache/cache.o
                0x0000000040200078                _cache_flush_range
 .text          0x00000000402000b8       0x3c bin/obj/__arm/cache/icache.o
                0x00000000402000b8                _icache_flush_range
 .text          0x00000000402000f4       0x3c bin/obj/__arm/cache/dcache.o
                0x00000000402000f4                _dcache_flush_range
 .text          0x0000000040200130        0x8 bin/obj/__arm/tfa/smccc.o
                0x0000000040200130                _smc_call
 *fill*         0x0000000040200138        0x8 
 .text          0x0000000040200140      0x114 bin/obj/__arm/sysregs/arm_generic_timer.o
                0x0000000040200140                _ARM_CNTFRQ_EL0_set
                0x000000004020014c                _ARM_CNTFRQ_EL0_get
                0x0000000040200154                _ARM_CNTPCT_EL0_get
                0x000000004020015c                _ARM_CNTVCT_EL0_get
                0x0000000040200164                _ARM_CNTP_CTL_EL0_set
                0x0000000040200170                _ARM_CNTP_CTL_EL0_get
                0x0000000040200178                _ARM_CNTP_CVAL_EL0_set
                0x0000000040200184                _ARM_CNTP_CVAL_EL0_get
                0x000000004020018c                _ARM_CNTP_TVAL_EL0_set
                0x0000000040200198                _ARM_CNTP_TVAL_EL0_get
                0x00000000402001a0                _ARM_CNTV_CTL_EL0_set
                0x00000000402001ac                _ARM_CNTV_CTL_EL0_get
                0x00000000402001b4                _ARM_CNTV_CVAL_EL0_set
                0x00000000402001c0                _ARM_CNTV_CVAL_EL0_get
                0x00000000402001c8                _ARM_CNTV_TVAL_EL0_set
                0x00000000402001d4                _ARM_CNTV_TVAL_EL0_get
                0x00000000402001dc                _ARM_CNTKCTL_EL1_set
                0x00000000402001e8                _ARM_CNTKCTL_EL1_get
                0x00000000402001f0                _ARM_CNTHCTL_EL2_set
                0x00000000402001fc                _ARM_CNTHCTL_EL2_get
                0x0000000040200204                _ARM_CNTVOFF_EL2_set
                0x0000000040200210                _ARM_CNTVOFF_EL2_get
                0x0000000040200218                _ARM_CNTPS_CTL_EL1_set
                0x0000000040200224                _ARM_CNTPS_CTL_EL1_get
                0x000000004020022c                _ARM_CNTPS_CVAL_EL1_set
                0x0000000040200238                _ARM_CNTPS_CVAL_EL1_get
                0x0000000040200240                _ARM_CNTPS_TVAL_EL1_set
                0x000000004020024c                _ARM_CNTPS_TVAL_EL1_get
 .text          0x0000000040200254       0x74 bin/obj/__arm/sysregs/sysregs.o
                0x0000000040200254                _ARM_currentEL
                0x0000000040200260                _ARM_MPIDR_EL1
                0x0000000040200268                _ARM_ICC_SRE_EL2
                0x0000000040200270                _ARM_HCR_EL2
                0x0000000040200278                _ARM_ESR_EL2
                0x0000000040200280                _ARM_ELR_EL2
                0x0000000040200288                _ARM_FAR_EL2
                0x0000000040200290                _ARM_SPSR_EL2
                0x0000000040200298                _ARM_ESR_EL1
                0x00000000402002a0                _ARM_ELR_EL1
                0x00000000402002a8                _ARM_FAR_EL1
                0x00000000402002b0                _ARM_SPSR_EL1
                0x00000000402002b8                _ARM_SCTLR_EL1
                0x00000000402002c0                _ARM_SCTLR_EL2
 *fill*         0x00000000402002c8      0x538 
 .text          0x0000000040200800     0x1100 bin/obj/__arm/exceptions/el2_vectors.o
                0x0000000040200800                _el2_init_vector
 .text          0x0000000040201900       0x68 bin/obj/__arm/exceptions/exceptions.o
                0x0000000040201900                _exceptions_get_DAIF
                0x0000000040201908                _fiq_exceptions_enable
                0x0000000040201914                _irq_exceptions_enable
                0x0000000040201920                _serror_exceptions_enable
                0x000000004020192c                _debug_exceptions_enable
                0x0000000040201938                _fiq_exceptions_disable
                0x0000000040201944                _irq_exceptions_disable
                0x0000000040201950                _serror_exceptions_disable
                0x000000004020195c                _debug_exceptions_disable
 *fill*         0x0000000040201968      0x698 
 .text          0x0000000040202000     0x1100 bin/obj/__arm/exceptions/el1_vectors.o
                0x0000000040202000                _el1_init_vector
 .text          0x0000000040203100      0x250 bin/obj/__lib/memcpy/memcpy.o
                0x0000000040203100                _memcpy
                0x0000000040203210                _memcpy64
                0x0000000040203240                _memcpy32
                0x0000000040203270                _memcpy16
                0x00000000402032a0                _memcpy8
                0x00000000402032d0                _memcpy4
                0x0000000040203300                _memcpy2
                0x0000000040203330                _memcpy1
 .text          0x0000000040203350       0x3c bin/obj/__lib/lock/spinlock_irq.o
                0x0000000040203350                _spin_lock_irqsave
                0x000000004020336c                _spin_unlock_irqrestore
 *fill*         0x000000004020338c        0x4 
 .text          0x0000000040203390       0x14 bin/obj/__lib/lock/irqlock.o
                0x0000000040203390                _irq_lock
                0x000000004020339c                _irq_unlock
 *fill*         0x00000000402033a4        0xc 
 .text          0x00000000402033b0       0x68 bin/obj/__lib/lock/spinlock.o
                0x00000000402033b0                _spin_try_lock
                0x00000000402033d8                _spin_lock
                0x00000000402033f8                _spin_unlock
 .text          0x0000000040203418       0x58 bin/obj/__boot/clean_bss.o
                0x0000000040203418                _clean_bss
 .text          0x0000000040203470        0x0 bin/obj/__boot/boot.o
 .text          0x0000000040203470       0xb8 bin/obj/__boot/el1.o
                0x0000000040203470                _switch_to_el1
                0x00000000402034e0                _el1_entry
 *fill*         0x0000000040203528        0x8 
 .text          0x0000000040203530       0x68 bin/obj/__boot/panic/panic.o
                0x0000000040203530                _panic_exception_save_gpr
 .text          0x0000000040203598       0x18 bin/obj/__boot/secondary_cores_entry.o
                0x0000000040203598                _secondary_core_entry
 .text          0x00000000402035b0       0x50 bin/obj/__boot/stacks.o
                0x00000000402035b0                _setup_stack_el1
 .text          0x0000000040203600        0x8 bin/obj/__drivers/tmu/tmu_critical_default.o
                0x0000000040203600                _TMU_critical_hang
 *fill*         0x0000000040203608        0x8 
 .text          0x0000000040203610       0x3c bin/obj/__drivers/interrupts/gicv3/gicv3_arm_interface.o
                0x0000000040203610                _GICV3_ARM_ICC_SRE_EL1_write
                0x000000004020361c                _GICV3_ARM_ICC_PMR_EL1_write
                0x0000000040203628                _GICV3_ARM_ICC_PMR_EL1_read
                0x0000000040203630                _GICV3_ARM_ICC_IGRPEN1_EL1_write
                0x000000004020363c                _GICV3_ARM_ICC_IAR1_EL1_read
                0x0000000040203644                _GICV3_ARM_ICC_EOIR1_EL1_write
 .text          0x000000004020364c      0x210 bin/obj/kernel/irq/irq.o
                0x0000000040203810                kernel_handle_irq
 .text          0x000000004020385c        0x0 bin/obj/kernel/devices/drivers.o
 .text          0x000000004020385c      0x1c0 bin/obj/kernel/init/init_drivers.o
 .text          0x0000000040203a1c      0x128 bin/obj/kernel/init/init.o
                0x0000000040203a1c                kernel_init
 .text          0x0000000040203b44        0x0 bin/obj/kernel/malloc/buddy_allocator.o
 .text          0x0000000040203b44      0x12c bin/obj/kernel/kernel_entry.o
                0x0000000040203b44                kernel_entry
 .text          0x0000000040203c70        0x0 bin/obj/arm/tfa/smccc.o
 .text          0x0000000040203c70       0x58 bin/obj/arm/cpu.o
                0x0000000040203c70                ARM_get_cpu_affinity
 .text          0x0000000040203cc8       0x54 bin/obj/arm/exceptions/handlers/el1/el1_cur_sp0_fiq.o
                0x0000000040203cc8                el1_cur_sp0_fiq_handler
 .text          0x0000000040203d1c       0x54 bin/obj/arm/exceptions/handlers/el1/el1_low_a32_serror.o
                0x0000000040203d1c                el1_low_a32_serror_handler
 .text          0x0000000040203d70       0x54 bin/obj/arm/exceptions/handlers/el1/el1_low_a32_fiq.o
                0x0000000040203d70                el1_low_a32_fiq_handler
 .text          0x0000000040203dc4       0x54 bin/obj/arm/exceptions/handlers/el1/el1_low_a64_sync.o
                0x0000000040203dc4                el1_low_a64_sync_handler
 .text          0x0000000040203e18       0x54 bin/obj/arm/exceptions/handlers/el1/el1_cur_spx_sync.o
                0x0000000040203e18                el1_cur_spx_sync_handler
 .text          0x0000000040203e6c       0x54 bin/obj/arm/exceptions/handlers/el1/el1_cur_spx_fiq.o
                0x0000000040203e6c                el1_cur_spx_fiq_handler
 .text          0x0000000040203ec0       0x2c bin/obj/arm/exceptions/handlers/el1/el1_cur_spx_irq.o
                0x0000000040203ec0                el1_cur_spx_irq_handler
 .text          0x0000000040203eec       0x54 bin/obj/arm/exceptions/handlers/el1/el1_cur_spx_serror.o
                0x0000000040203eec                el1_cur_spx_serror_handler
 .text          0x0000000040203f40       0x54 bin/obj/arm/exceptions/handlers/el1/el1_low_a32_irq.o
                0x0000000040203f40                el1_low_a32_irq_handler
 .text          0x0000000040203f94       0x54 bin/obj/arm/exceptions/handlers/el1/el1_low_a64_fiq.o
                0x0000000040203f94                el1_low_a64_fiq_handler
 .text          0x0000000040203fe8       0x54 bin/obj/arm/exceptions/handlers/el1/el1_low_a64_irq.o
                0x0000000040203fe8                el1_low_a64_irq_handler
 .text          0x000000004020403c       0x54 bin/obj/arm/exceptions/handlers/el1/el1_cur_sp0_sync.o
                0x000000004020403c                el1_cur_sp0_sync_handler
 .text          0x0000000040204090       0x54 bin/obj/arm/exceptions/handlers/el1/el1_cur_sp0_irq.o
                0x0000000040204090                el1_cur_sp0_irq_handler
 .text          0x00000000402040e4       0x54 bin/obj/arm/exceptions/handlers/el1/el1_low_a64_serror.o
                0x00000000402040e4                el1_low_a64_serror_handler
 .text          0x0000000040204138       0x54 bin/obj/arm/exceptions/handlers/el1/el1_low_a32_sync.o
                0x0000000040204138                el1_low_a32_sync_handler
 .text          0x000000004020418c       0x54 bin/obj/arm/exceptions/handlers/el1/el1_cur_sp0_serror.o
                0x000000004020418c                el1_cur_sp0_serror_handler
 .text          0x00000000402041e0       0x54 bin/obj/arm/exceptions/handlers/el2/el2_low_a32_serror.o
                0x00000000402041e0                el2_low_a32_serror_handler
 .text          0x0000000040204234       0x54 bin/obj/arm/exceptions/handlers/el2/el2_cur_spx_serror.o
                0x0000000040204234                el2_cur_spx_serror_handler
 .text          0x0000000040204288       0x54 bin/obj/arm/exceptions/handlers/el2/el2_low_a64_serror.o
                0x0000000040204288                el2_low_a64_serror_handler
 .text          0x00000000402042dc       0x54 bin/obj/arm/exceptions/handlers/el2/el2_low_a64_sync.o
                0x00000000402042dc                el2_low_a64_sync_handler
 .text          0x0000000040204330       0x54 bin/obj/arm/exceptions/handlers/el2/el2_cur_sp0_irq.o
                0x0000000040204330                el2_cur_sp0_irq_handler
 .text          0x0000000040204384       0x54 bin/obj/arm/exceptions/handlers/el2/el2_cur_sp0_serror.o
                0x0000000040204384                el2_cur_sp0_serror_handler
 .text          0x00000000402043d8       0x54 bin/obj/arm/exceptions/handlers/el2/el2_low_a64_irq.o
                0x00000000402043d8                el2_low_a64_irq_handler
 .text          0x000000004020442c       0x54 bin/obj/arm/exceptions/handlers/el2/el2_low_a64_fiq.o
                0x000000004020442c                el2_low_a64_fiq_handler
 .text          0x0000000040204480       0x54 bin/obj/arm/exceptions/handlers/el2/el2_cur_spx_fiq.o
                0x0000000040204480                el2_cur_spx_fiq_handler
 .text          0x00000000402044d4       0x54 bin/obj/arm/exceptions/handlers/el2/el2_low_a32_irq.o
                0x00000000402044d4                el2_low_a32_irq_handler
 .text          0x0000000040204528       0x54 bin/obj/arm/exceptions/handlers/el2/el2_cur_sp0_fiq.o
                0x0000000040204528                el2_cur_sp0_fiq_handler
 .text          0x000000004020457c       0x54 bin/obj/arm/exceptions/handlers/el2/el2_low_a32_fiq.o
                0x000000004020457c                el2_low_a32_fiq_handler
 .text          0x00000000402045d0       0x54 bin/obj/arm/exceptions/handlers/el2/el2_cur_spx_sync.o
                0x00000000402045d0                el2_cur_spx_sync_handler
 .text          0x0000000040204624       0x54 bin/obj/arm/exceptions/handlers/el2/el2_low_a32_sync.o
                0x0000000040204624                el2_low_a32_sync_handler
 .text          0x0000000040204678       0x54 bin/obj/arm/exceptions/handlers/el2/el2_cur_sp0_sync.o
                0x0000000040204678                el2_cur_sp0_sync_handler
 .text          0x00000000402046cc       0x54 bin/obj/arm/exceptions/handlers/el2/el2_cur_spx_irq.o
                0x00000000402046cc                el2_cur_spx_irq_handler
 .text          0x0000000040204720      0x2ac bin/obj/arm/exceptions/exceptions.o
                0x0000000040204720                ARM_exceptions_get_status
                0x00000000402047b4                ARM_exceptions_set_status
                0x00000000402048d0                ARM_exceptions_enable
                0x0000000040204944                ARM_exceptions_disable
                0x00000000402049b8                ARM_get_exception_level
 .text          0x00000000402049cc      0x7ec bin/obj/lib/string.o
                0x00000000402049cc                strcopy
                0x0000000040204a60                uint8_to_ascii_char
                0x0000000040204ad8                stdint_to_ascii
 .text          0x00000000402051b8      0x42c bin/obj/lib/memcpy/memcpy.o
                0x00000000402051b8                memcpy64_aligned
                0x000000004020530c                memcpy64
                0x00000000402053a8                test_memcpy
 .text          0x00000000402055e4      0x7d8 bin/obj/boot/panic/panic.o
                0x0000000040205634                init_panic
                0x000000004020573c                set_panic
                0x00000000402057bc                panic
                0x00000000402059b0                set_and_throw_panic
 .text          0x0000000040205dbc      0x790 bin/obj/drivers/arm_generic_timer/arm_generic_timer.o
                0x0000000040205dbc                AGT_ns_to_cycles
                0x0000000040205e68                AGT_us_to_cycles
                0x0000000040205f08                AGT_cnt_cycles
                0x0000000040205f1c                AGT_cnt_freq
                0x0000000040205f30                AGT_cnt_time_ns
                0x0000000040205f98                AGT_cnt_time_us
                0x0000000040206094                AGT_timer_schedule_cycles
                0x0000000040206184                AGT_timer_schedule_delta
                0x0000000040206294                AGT_timer_is_armed
                0x00000000402062f0                AGT_timer_has_fired
                0x0000000040206384                AGT_timer_cancel
                0x00000000402063e0                AGT_handle_irq
                0x00000000402064dc                AGT_init_stage0
 .text          0x000000004020654c     0x1e70 bin/obj/drivers/tmu/tmu.o
                0x000000004020768c                TMU_init_stage0
                0x00000000402077c0                TMU_init_stage1
                0x0000000040207b18                TMU_handle_irq
                0x0000000040207ba4                TMU_set_warn_temp
                0x0000000040207d7c                TMU_get_warnings_enabled
                0x0000000040207e58                TMU_enable_warnings
                0x0000000040207ec4                TMU_disable_warnings
                0x0000000040207f30                TMU_warn_pending
                0x0000000040207f9c                TMU_set_critical_temp
                0x0000000040208174                TMU_get_temp
 .text          0x00000000402083bc     0x117c bin/obj/drivers/interrupts/gicv3/gicv3.o
                0x0000000040208e10                GICV3_set_cpu_priority_threshold
                0x0000000040208f10                GICV3_set_spi_group1ns
                0x0000000040208f8c                GICV3_route_spi_to_cpu
                0x000000004020900c                GICV3_route_spi_to_self
                0x000000004020903c                GICV3_enable_spi
                0x0000000040209090                GICV3_set_priority
                0x000000004020910c                GICV3_set_edge_triggered
                0x0000000040209184                GICV3_set_level_sensitive
                0x00000000402091fc                GICV3_wake_redistributor
                0x00000000402092b4                GICV3_init_distributor
                0x0000000040209304                GICV3_init_cpu
                0x0000000040209330                GICV3_init_irq
                0x000000004020941c                GICV3_get_intid_el1
                0x0000000040209438                GICV3_ack_intid_el1
                0x0000000040209458                GICV3_enable_ppi
 .text          0x0000000040209538        0x0 bin/obj/drivers/interrupts/irq.o
 .text          0x0000000040209538     0x2598 bin/obj/drivers/uart/uart.o
                0x000000004020a544                UART_reset
                0x000000004020a644                UART_read
                0x000000004020ad44                UART_get_irq_sources
                0x000000004020b2dc                unhandled_irq_source
                0x000000004020b5a0                UART_handle_irq
                0x000000004020b61c                UART_init_stage0
                0x000000004020b8a0                UART_init_stage1
                0x000000004020b8d8                UART_putc_sync
                0x000000004020b950                UART_puts_sync
                0x000000004020b9a0                UART_putc
                0x000000004020ba80                UART_puts
 .text          0x000000004020bad0        0x0 bin/obj/rslib.a(imx8mp_kernel-1a53598e06c50be6.imx8mp_kernel.241a9a11e0e6ae75-cgu.0.rcgu.o)
 .text.UART_rxbuf_pop
                0x000000004020bad0       0x70 bin/obj/rslib.a(imx8mp_kernel-1a53598e06c50be6.imx8mp_kernel.241a9a11e0e6ae75-cgu.0.rcgu.o)
                0x000000004020bad0                UART_rxbuf_pop
 .text.UART_rxbuf_push
                0x000000004020bb40       0x6c bin/obj/rslib.a(imx8mp_kernel-1a53598e06c50be6.imx8mp_kernel.241a9a11e0e6ae75-cgu.0.rcgu.o)
                0x000000004020bb40                UART_rxbuf_push
 .text.UART_txbuf_pop
                0x000000004020bbac       0x68 bin/obj/rslib.a(imx8mp_kernel-1a53598e06c50be6.imx8mp_kernel.241a9a11e0e6ae75-cgu.0.rcgu.o)
                0x000000004020bbac                UART_txbuf_pop
 .text.UART_txbuf_push
                0x000000004020bc14       0x60 bin/obj/rslib.a(imx8mp_kernel-1a53598e06c50be6.imx8mp_kernel.241a9a11e0e6ae75-cgu.0.rcgu.o)
                0x000000004020bc14                UART_txbuf_push
 .text._RNvCsiGVaDesi5rv_7___rustc17rust_begin_unwind
                0x000000004020bc74       0xc4 bin/obj/rslib.a(imx8mp_kernel-1a53598e06c50be6.imx8mp_kernel.241a9a11e0e6ae75-cgu.0.rcgu.o)
                0x000000004020bc74                __rustc::rust_begin_unwind
 .text._ZN4core5panic10panic_info12PanicMessage6as_str17hbb6bd39abae2bf02E
                0x000000004020bd38       0x40 bin/obj/rslib.a(imx8mp_kernel-1a53598e06c50be6.imx8mp_kernel.241a9a11e0e6ae75-cgu.0.rcgu.o)
 .text.pow2_ring_buffer_new
                0x000000004020bd78       0x70 bin/obj/rslib.a(imx8mp_kernel-1a53598e06c50be6.imx8mp_kernel.241a9a11e0e6ae75-cgu.0.rcgu.o)
                0x000000004020bd78                pow2_ring_buffer_new
 .text.pow2_ring_buffer_pop
                0x000000004020bde8       0x90 bin/obj/rslib.a(imx8mp_kernel-1a53598e06c50be6.imx8mp_kernel.241a9a11e0e6ae75-cgu.0.rcgu.o)
                0x000000004020bde8                pow2_ring_buffer_pop
 .text.pow2_ring_buffer_push
                0x000000004020be78       0xbc bin/obj/rslib.a(imx8mp_kernel-1a53598e06c50be6.imx8mp_kernel.241a9a11e0e6ae75-cgu.0.rcgu.o)
                0x000000004020be78                pow2_ring_buffer_push
 .text.rust_kernel_initcalls_stage0
                0x000000004020bf34        0x4 bin/obj/rslib.a(imx8mp_kernel-1a53598e06c50be6.imx8mp_kernel.241a9a11e0e6ae75-cgu.0.rcgu.o)
                0x000000004020bf34                rust_kernel_initcalls_stage1
                0x000000004020bf34                rust_kernel_initcalls_stage2
                0x000000004020bf34                rust_kernel_initcalls_stage0
 .text.unlikely.rust_test_panic
                0x000000004020bf38       0x2c bin/obj/rslib.a(imx8mp_kernel-1a53598e06c50be6.imx8mp_kernel.241a9a11e0e6ae75-cgu.0.rcgu.o)
                0x000000004020bf38                rust_test_panic
 .text          0x000000004020bf64        0x0 bin/obj/rslib.a(core-dca77d77b03929cc.core.bbd04c23a4fa3c72-cgu.0.rcgu.o)
 .text._ZN101_$LT$core..char..CaseMappingIter$u20$as$u20$core..iter..traits..double_ended..DoubleEndedIterator$GT$15advance_back_by17hf0d6f1ce58d3f07dE
                0x000000004020bf64       0x28 bin/obj/rslib.a(core-dca77d77b03929cc.core.bbd04c23a4fa3c72-cgu.0.rcgu.o)
                0x000000004020bf64                <core::char::CaseMappingIter as core::iter::traits::double_ended::DoubleEndedIterator>::advance_back_by
 .text._ZN101_$LT$core..char..CaseMappingIter$u20$as$u20$core..iter..traits..double_ended..DoubleEndedIterator$GT$9next_back17hc65cc64a3027a392E
                0x000000004020bf8c       0x28 bin/obj/rslib.a(core-dca77d77b03929cc.core.bbd04c23a4fa3c72-cgu.0.rcgu.o)
                0x000000004020bf8c                <core::char::CaseMappingIter as core::iter::traits::double_ended::DoubleEndedIterator>::next_back
 .text._ZN105_$LT$core..slice..ascii..EscapeAscii$u20$as$u20$core..iter..traits..double_ended..DoubleEndedIterator$GT$9next_back17h61446658ee893423E
                0x000000004020bfb4      0x120 bin/obj/rslib.a(core-dca77d77b03929cc.core.bbd04c23a4fa3c72-cgu.0.rcgu.o)
                0x000000004020bfb4                <core::slice::ascii::EscapeAscii as core::iter::traits::double_ended::DoubleEndedIterator>::next_back
 .text._ZN105_$LT$dyn$u20$core..any..Any$u2b$core..marker..Send$u2b$core..marker..Sync$u20$as$u20$core..fmt..Debug$GT$3fmt17hd0716b989b3da57dE
                0x000000004020c0d4       0x60 bin/obj/rslib.a(core-dca77d77b03929cc.core.bbd04c23a4fa3c72-cgu.0.rcgu.o)
                0x000000004020c0d4                <dyn core::any::Any as core::fmt::Debug>::fmt
                0x000000004020c0d4                <dyn core::any::Any+core::marker::Send as core::fmt::Debug>::fmt
                0x000000004020c0d4                <dyn core::any::Any+core::marker::Send+core::marker::Sync as core::fmt::Debug>::fmt
 .text._ZN110_$LT$$LT$core..wtf8..EncodeWide$u20$as$u20$core..fmt..Debug$GT$..fmt..CodeUnit$u20$as$u20$core..fmt..Debug$GT$3fmt17hda14d4f4daf3c5c9E
                0x000000004020c134       0xa0 bin/obj/rslib.a(core-dca77d77b03929cc.core.bbd04c23a4fa3c72-cgu.0.rcgu.o)
                0x000000004020c134                <<core::wtf8::EncodeWide as core::fmt::Debug>::fmt::CodeUnit as core::fmt::Debug>::fmt
 .text._ZN116_$LT$core..net..ip_addr..Ipv4Addr$u20$as$u20$core..ops..bit..BitOrAssign$LT$$RF$core..net..ip_addr..Ipv4Addr$GT$$GT$12bitor_assign17h2747ee25fbf1738bE
                0x000000004020c1d4       0x80 bin/obj/rslib.a(core-dca77d77b03929cc.core.bbd04c23a4fa3c72-cgu.0.rcgu.o)
                0x000000004020c1d4                <core::net::ip_addr::Ipv4Addr as core::ops::bit::BitOrAssign<&core::net::ip_addr::Ipv4Addr>>::bitor_assign
 .text._ZN116_$LT$core..net..ip_addr..Ipv6Addr$u20$as$u20$core..ops..bit..BitOrAssign$LT$$RF$core..net..ip_addr..Ipv6Addr$GT$$GT$12bitor_assign17hff885b6f68f5609cE
                0x000000004020c254      0x1d0 bin/obj/rslib.a(core-dca77d77b03929cc.core.bbd04c23a4fa3c72-cgu.0.rcgu.o)
                0x000000004020c254                <core::net::ip_addr::Ipv6Addr as core::ops::bit::BitOrAssign<&core::net::ip_addr::Ipv6Addr>>::bitor_assign
 .text._ZN117_$LT$core..net..ip_addr..Ipv4Addr$u20$as$u20$core..ops..bit..BitAndAssign$LT$$RF$core..net..ip_addr..Ipv4Addr$GT$$GT$13bitand_assign17hb3faa6ba9d6ecb06E
                0x000000004020c424       0x80 bin/obj/rslib.a(core-dca77d77b03929cc.core.bbd04c23a4fa3c72-cgu.0.rcgu.o)
                0x000000004020c424                <core::net::ip_addr::Ipv4Addr as core::ops::bit::BitAndAssign<&core::net::ip_addr::Ipv4Addr>>::bitand_assign
 .text._ZN117_$LT$core..net..ip_addr..Ipv6Addr$u20$as$u20$core..ops..bit..BitAndAssign$LT$$RF$core..net..ip_addr..Ipv6Addr$GT$$GT$13bitand_assign17hb1c67c235aa10d9dE
                0x000000004020c4a4      0x1d0 bin/obj/rslib.a(core-dca77d77b03929cc.core.bbd04c23a4fa3c72-cgu.0.rcgu.o)
                0x000000004020c4a4                <core::net::ip_addr::Ipv6Addr as core::ops::bit::BitAndAssign<&core::net::ip_addr::Ipv6Addr>>::bitand_assign
 .text._ZN40_$LT$str$u20$as$u20$core..fmt..Debug$GT$3fmt17h5f6f1bf3a0007201E
                0x000000004020c674      0x3b0 bin/obj/rslib.a(core-dca77d77b03929cc.core.bbd04c23a4fa3c72-cgu.0.rcgu.o)
                0x000000004020c674                <str as core::fmt::Debug>::fmt
 .text._ZN41_$LT$char$u20$as$u20$core..fmt..Debug$GT$3fmt17h05bf1d95c56e9d68E
                0x000000004020ca24       0xe4 bin/obj/rslib.a(core-dca77d77b03929cc.core.bbd04c23a4fa3c72-cgu.0.rcgu.o)
                0x000000004020ca24                <char as core::fmt::Debug>::fmt
 .text._ZN42_$LT$$RF$T$u20$as$u20$core..fmt..Debug$GT$3fmt17h2cdcb51347d218f7E
                0x000000004020cb08        0x8 bin/obj/rslib.a(core-dca77d77b03929cc.core.bbd04c23a4fa3c72-cgu.0.rcgu.o)
 .text._ZN42_$LT$$RF$T$u20$as$u20$core..fmt..Debug$GT$3fmt17h479b8efc69ca8267E
                0x000000004020cb10        0x8 bin/obj/rslib.a(core-dca77d77b03929cc.core.bbd04c23a4fa3c72-cgu.0.rcgu.o)
 .text._ZN42_$LT$$RF$T$u20$as$u20$core..fmt..Debug$GT$3fmt17h5583193454f8b8d6E
                0x000000004020cb18      0x164 bin/obj/rslib.a(core-dca77d77b03929cc.core.bbd04c23a4fa3c72-cgu.0.rcgu.o)
 .text._ZN42_$LT$$RF$T$u20$as$u20$core..fmt..Debug$GT$3fmt17h56b7a391078316eaE
                0x000000004020cc7c        0xc bin/obj/rslib.a(core-dca77d77b03929cc.core.bbd04c23a4fa3c72-cgu.0.rcgu.o)
 .text._ZN42_$LT$$RF$T$u20$as$u20$core..fmt..Debug$GT$3fmt17h7040e3522c936441E
                0x000000004020cc88        0xc bin/obj/rslib.a(core-dca77d77b03929cc.core.bbd04c23a4fa3c72-cgu.0.rcgu.o)
 .text._ZN42_$LT$$RF$T$u20$as$u20$core..fmt..Debug$GT$3fmt17h73d6b45e08bc8e15E
                0x000000004020cc94       0x14 bin/obj/rslib.a(core-dca77d77b03929cc.core.bbd04c23a4fa3c72-cgu.0.rcgu.o)
 .text._ZN42_$LT$$RF$T$u20$as$u20$core..fmt..Debug$GT$3fmt17ha642bfdd7996c379E
                0x000000004020cca8       0x14 bin/obj/rslib.a(core-dca77d77b03929cc.core.bbd04c23a4fa3c72-cgu.0.rcgu.o)
 .text._ZN42_$LT$str$u20$as$u20$core..fmt..Display$GT$3fmt17hc0780a4df539a16aE
                0x000000004020ccbc       0x14 bin/obj/rslib.a(core-dca77d77b03929cc.core.bbd04c23a4fa3c72-cgu.0.rcgu.o)
                0x000000004020ccbc                <str as core::fmt::Display>::fmt
 .text._ZN43_$LT$bool$u20$as$u20$core..fmt..Display$GT$3fmt17h9806e9f5fa916ff1E
                0x000000004020ccd0       0x2c bin/obj/rslib.a(core-dca77d77b03929cc.core.bbd04c23a4fa3c72-cgu.0.rcgu.o)
                0x000000004020ccd0                <bool as core::fmt::Display>::fmt
 .text._ZN43_$LT$char$u20$as$u20$core..fmt..Display$GT$3fmt17h83f04f7b2308e64bE
                0x000000004020ccfc       0xf8 bin/obj/rslib.a(core-dca77d77b03929cc.core.bbd04c23a4fa3c72-cgu.0.rcgu.o)
                0x000000004020ccfc                <char as core::fmt::Display>::fmt
 .text._ZN44_$LT$$RF$T$u20$as$u20$core..fmt..Display$GT$3fmt17h703b070ad8b43283E
                0x000000004020cdf4        0x8 bin/obj/rslib.a(core-dca77d77b03929cc.core.bbd04c23a4fa3c72-cgu.0.rcgu.o)
 .text._ZN44_$LT$$RF$T$u20$as$u20$core..fmt..Display$GT$3fmt17h9bd2ce85ae1d3eddE
                0x000000004020cdfc      0x158 bin/obj/rslib.a(core-dca77d77b03929cc.core.bbd04c23a4fa3c72-cgu.0.rcgu.o)
 .text._ZN44_$LT$$RF$T$u20$as$u20$core..fmt..Display$GT$3fmt17hac20f0bb39cfdd9eE
                0x000000004020cf54       0x10 bin/obj/rslib.a(core-dca77d77b03929cc.core.bbd04c23a4fa3c72-cgu.0.rcgu.o)
 .text._ZN44_$LT$$RF$T$u20$as$u20$core..fmt..Display$GT$3fmt17hfec459358b2b0a7cE
                0x000000004020cf64        0x8 bin/obj/rslib.a(core-dca77d77b03929cc.core.bbd04c23a4fa3c72-cgu.0.rcgu.o)
 .text._ZN45_$LT$$RF$T$u20$as$u20$core..fmt..LowerHex$GT$3fmt17h05bd91b15c4ae0d9E
                0x000000004020cf6c       0x7c bin/obj/rslib.a(core-dca77d77b03929cc.core.bbd04c23a4fa3c72-cgu.0.rcgu.o)
 .text._ZN46_$LT$i8$u20$as$u20$core..pat..RangePattern$GT$7sub_one17h9a01a105c96fcbd5E
                0x000000004020cfe8       0x48 bin/obj/rslib.a(core-dca77d77b03929cc.core.bbd04c23a4fa3c72-cgu.0.rcgu.o)
                0x000000004020cfe8                <i8 as core::pat::RangePattern>::sub_one
 .text._ZN46_$LT$u8$u20$as$u20$core..pat..RangePattern$GT$7sub_one17h670240648e8e7fb4E
                0x000000004020d030       0x40 bin/obj/rslib.a(core-dca77d77b03929cc.core.bbd04c23a4fa3c72-cgu.0.rcgu.o)
                0x000000004020d030                <u8 as core::pat::RangePattern>::sub_one
 .text._ZN47_$LT$i16$u20$as$u20$core..pat..RangePattern$GT$7sub_one17h541e4bf249e12cddE
                0x000000004020d070       0x48 bin/obj/rslib.a(core-dca77d77b03929cc.core.bbd04c23a4fa3c72-cgu.0.rcgu.o)
                0x000000004020d070                <i16 as core::pat::RangePattern>::sub_one
 .text._ZN47_$LT$i32$u20$as$u20$core..pat..RangePattern$GT$7sub_one17h97b022b5d897e388E
                0x000000004020d0b8       0x3c bin/obj/rslib.a(core-dca77d77b03929cc.core.bbd04c23a4fa3c72-cgu.0.rcgu.o)
                0x000000004020d0b8                <i32 as core::pat::RangePattern>::sub_one
 .text._ZN47_$LT$i64$u20$as$u20$core..pat..RangePattern$GT$7sub_one17h0d4cbf88673eab66E
                0x000000004020d0f4       0x3c bin/obj/rslib.a(core-dca77d77b03929cc.core.bbd04c23a4fa3c72-cgu.0.rcgu.o)
                0x000000004020d0f4                <i64 as core::pat::RangePattern>::sub_one
                0x000000004020d0f4                <isize as core::pat::RangePattern>::sub_one
 .text._ZN47_$LT$u16$u20$as$u20$core..pat..RangePattern$GT$7sub_one17hf1b3147e5737ed06E
                0x000000004020d130       0x40 bin/obj/rslib.a(core-dca77d77b03929cc.core.bbd04c23a4fa3c72-cgu.0.rcgu.o)
                0x000000004020d130                <u16 as core::pat::RangePattern>::sub_one
 .text._ZN47_$LT$u32$u20$as$u20$core..pat..RangePattern$GT$7sub_one17h5f94339af8ab10a1E
                0x000000004020d170       0x3c bin/obj/rslib.a(core-dca77d77b03929cc.core.bbd04c23a4fa3c72-cgu.0.rcgu.o)
                0x000000004020d170                <u32 as core::pat::RangePattern>::sub_one
 .text._ZN47_$LT$u64$u20$as$u20$core..pat..RangePattern$GT$7sub_one17h24c018f405b1f310E
                0x000000004020d1ac       0x3c bin/obj/rslib.a(core-dca77d77b03929cc.core.bbd04c23a4fa3c72-cgu.0.rcgu.o)
                0x000000004020d1ac                <usize as core::pat::RangePattern>::sub_one
                0x000000004020d1ac                <u64 as core::pat::RangePattern>::sub_one
 .text._ZN48_$LT$char$u20$as$u20$core..pat..RangePattern$GT$7sub_one17he70177f83f7ceafcE
                0x000000004020d1e8       0x54 bin/obj/rslib.a(core-dca77d77b03929cc.core.bbd04c23a4fa3c72-cgu.0.rcgu.o)
                0x000000004020d1e8                <char as core::pat::RangePattern>::sub_one
 .text._ZN48_$LT$i128$u20$as$u20$core..pat..RangePattern$GT$7sub_one17hcbc11fca96f2cd53E
                0x000000004020d23c       0x4c bin/obj/rslib.a(core-dca77d77b03929cc.core.bbd04c23a4fa3c72-cgu.0.rcgu.o)
                0x000000004020d23c                <i128 as core::pat::RangePattern>::sub_one
 .text._ZN48_$LT$u128$u20$as$u20$core..pat..RangePattern$GT$7sub_one17h082c3491375e9509E
                0x000000004020d288       0x4c bin/obj/rslib.a(core-dca77d77b03929cc.core.bbd04c23a4fa3c72-cgu.0.rcgu.o)
                0x000000004020d288                <u128 as core::pat::RangePattern>::sub_one
 .text._ZN49_$LT$u8$u20$as$u20$core..num..bignum..FullOps$GT$12full_div_rem17h6fed2e224afbc72dE
                0x000000004020d2d4       0x38 bin/obj/rslib.a(core-dca77d77b03929cc.core.bbd04c23a4fa3c72-cgu.0.rcgu.o)
                0x000000004020d2d4                <u8 as core::num::bignum::FullOps>::full_div_rem
 .text.unlikely._ZN4core3f3221_$LT$impl$u20$f32$GT$5clamp8do_panic7runtime17h36a43f140f64d661E
                0x000000004020d30c       0x50 bin/obj/rslib.a(core-dca77d77b03929cc.core.bbd04c23a4fa3c72-cgu.0.rcgu.o)
                0x000000004020d30c                core::f32::<impl f32>::clamp::do_panic::runtime
 .text.unlikely._ZN4core3f6421_$LT$impl$u20$f64$GT$5clamp8do_panic7runtime17h94d48098c87e850eE
                0x000000004020d35c       0x50 bin/obj/rslib.a(core-dca77d77b03929cc.core.bbd04c23a4fa3c72-cgu.0.rcgu.o)
                0x000000004020d35c                core::f64::<impl f64>::clamp::do_panic::runtime
 .text._ZN4core3ffi5c_str4CStr19from_bytes_with_nul17hf7126ca100a56b9eE
                0x000000004020d3ac       0xf0 bin/obj/rslib.a(core-dca77d77b03929cc.core.bbd04c23a4fa3c72-cgu.0.rcgu.o)
                0x000000004020d3ac                core::ffi::c_str::CStr::from_bytes_with_nul
 .text._ZN4core3ffi5c_str4CStr20from_bytes_until_nul17h4a4d4ec068c826baE
                0x000000004020d49c       0xdc bin/obj/rslib.a(core-dca77d77b03929cc.core.bbd04c23a4fa3c72-cgu.0.rcgu.o)
                0x000000004020d49c                core::ffi::c_str::CStr::from_bytes_until_nul
 .text._ZN4core3ffi5c_str4CStr6to_str17hf906734cbe15885eE
                0x000000004020d578        0x8 bin/obj/rslib.a(core-dca77d77b03929cc.core.bbd04c23a4fa3c72-cgu.0.rcgu.o)
                0x000000004020d578                core::ffi::c_str::CStr::to_str
 .text._ZN4core3fmt17FormattingOptions8get_fill17he0043a57724473c7E
                0x000000004020d580        0xc bin/obj/rslib.a(core-dca77d77b03929cc.core.bbd04c23a4fa3c72-cgu.0.rcgu.o)
                0x000000004020d580                core::fmt::FormattingOptions::get_fill
 .text._ZN4core3fmt17pointer_fmt_inner17h9512fbe23d32d8a3E
                0x000000004020d58c       0xb8 bin/obj/rslib.a(core-dca77d77b03929cc.core.bbd04c23a4fa3c72-cgu.0.rcgu.o)
                0x000000004020d58c                core::fmt::pointer_fmt_inner
 .text._ZN4core3fmt3num22_$LT$impl$u20$i128$GT$11format_into17h7da8cadabd24f583E
                0x000000004020d644       0x74 bin/obj/rslib.a(core-dca77d77b03929cc.core.bbd04c23a4fa3c72-cgu.0.rcgu.o)
                0x000000004020d644                core::fmt::num::<impl i128>::format_into
 .text._ZN4core3fmt3num22_$LT$impl$u20$u128$GT$10_fmt_inner17hf030a7152409751aE
                0x000000004020d6b8      0x578 bin/obj/rslib.a(core-dca77d77b03929cc.core.bbd04c23a4fa3c72-cgu.0.rcgu.o)
 .text._ZN4core3fmt3num22_$LT$impl$u20$u128$GT$11format_into17h5dee2ace129fe29cE
                0x000000004020dc30       0x34 bin/obj/rslib.a(core-dca77d77b03929cc.core.bbd04c23a4fa3c72-cgu.0.rcgu.o)
                0x000000004020dc30                core::fmt::num::<impl u128>::format_into
 .text._ZN4core3fmt3num22_$LT$impl$u20$u128$GT$4_fmt17ha65d27b87d338669E
                0x000000004020dc64       0x2c bin/obj/rslib.a(core-dca77d77b03929cc.core.bbd04c23a4fa3c72-cgu.0.rcgu.o)
                0x000000004020dc64                core::fmt::num::<impl u128>::_fmt
 .text._ZN4core3fmt3num3imp20_$LT$impl$u20$i8$GT$11format_into17hfa6336419ff83042E
                0x000000004020dc90      0x134 bin/obj/rslib.a(core-dca77d77b03929cc.core.bbd04c23a4fa3c72-cgu.0.rcgu.o)
                0x000000004020dc90                core::fmt::num::imp::<impl i8>::format_into
 .text._ZN4core3fmt3num3imp20_$LT$impl$u20$u8$GT$11format_into17h879b7eff6dae2147E
                0x000000004020ddc4       0xa0 bin/obj/rslib.a(core-dca77d77b03929cc.core.bbd04c23a4fa3c72-cgu.0.rcgu.o)
                0x000000004020ddc4                core::fmt::num::imp::<impl u8>::format_into
 .text._ZN4core3fmt3num3imp20_$LT$impl$u20$u8$GT$4_fmt17ha676af9982528506E
                0x000000004020de64       0x90 bin/obj/rslib.a(core-dca77d77b03929cc.core.bbd04c23a4fa3c72-cgu.0.rcgu.o)
                0x000000004020de64                core::fmt::num::imp::<impl u8>::_fmt
 .text._ZN4core3fmt3num3imp21_$LT$impl$u20$i16$GT$11format_into17h2f71a14c8f3a6320E
                0x000000004020def4      0x1ec bin/obj/rslib.a(core-dca77d77b03929cc.core.bbd04c23a4fa3c72-cgu.0.rcgu.o)
                0x000000004020def4                core::fmt::num::imp::<impl i16>::format_into
 .text._ZN4core3fmt3num3imp21_$LT$impl$u20$i32$GT$11format_into17hbc98fbdd3b5c6d6eE
                0x000000004020e0e0      0x274 bin/obj/rslib.a(core-dca77d77b03929cc.core.bbd04c23a4fa3c72-cgu.0.rcgu.o)
                0x000000004020e0e0                core::fmt::num::imp::<impl i32>::format_into
 .text._ZN4core3fmt3num3imp21_$LT$impl$u20$i64$GT$11format_into17he56d1a706514badaE
                0x000000004020e354      0x27c bin/obj/rslib.a(core-dca77d77b03929cc.core.bbd04c23a4fa3c72-cgu.0.rcgu.o)
                0x000000004020e354                core::fmt::num::imp::<impl isize>::format_into
                0x000000004020e354                core::fmt::num::imp::<impl i64>::format_into
 .text._ZN4core3fmt3num3imp21_$LT$impl$u20$u16$GT$11format_into17hf5acce3bc060a7a4E
                0x000000004020e5d0       0xf8 bin/obj/rslib.a(core-dca77d77b03929cc.core.bbd04c23a4fa3c72-cgu.0.rcgu.o)
                0x000000004020e5d0                core::fmt::num::imp::<impl u16>::format_into
 .text._ZN4core3fmt3num3imp21_$LT$impl$u20$u16$GT$4_fmt17h9b16707f2c4d83c7E
                0x000000004020e6c8      0x108 bin/obj/rslib.a(core-dca77d77b03929cc.core.bbd04c23a4fa3c72-cgu.0.rcgu.o)
                0x000000004020e6c8                core::fmt::num::imp::<impl u16>::_fmt
 .text._ZN4core3fmt3num3imp21_$LT$impl$u20$u32$GT$11format_into17h699a29a216c381bfE
                0x000000004020e7d0      0x12c bin/obj/rslib.a(core-dca77d77b03929cc.core.bbd04c23a4fa3c72-cgu.0.rcgu.o)
                0x000000004020e7d0                core::fmt::num::imp::<impl u32>::format_into
 .text._ZN4core3fmt3num3imp21_$LT$impl$u20$u32$GT$4_fmt17hc5bdfc1c3dd3fd08E
                0x000000004020e8fc      0x130 bin/obj/rslib.a(core-dca77d77b03929cc.core.bbd04c23a4fa3c72-cgu.0.rcgu.o)
                0x000000004020e8fc                core::fmt::num::imp::<impl u32>::_fmt
 .text._ZN4core3fmt3num3imp21_$LT$impl$u20$u64$GT$11format_into17he2b4201a970f20d7E
                0x000000004020ea2c      0x130 bin/obj/rslib.a(core-dca77d77b03929cc.core.bbd04c23a4fa3c72-cgu.0.rcgu.o)
                0x000000004020ea2c                core::fmt::num::imp::<impl u64>::format_into
                0x000000004020ea2c                core::fmt::num::imp::<impl usize>::format_into
 .text._ZN4core3fmt3num3imp21_$LT$impl$u20$u64$GT$4_fmt17hf5cf8cc64887d18dE
                0x000000004020eb5c      0x134 bin/obj/rslib.a(core-dca77d77b03929cc.core.bbd04c23a4fa3c72-cgu.0.rcgu.o)
                0x000000004020eb5c                core::fmt::num::imp::<impl u64>::_fmt
                0x000000004020eb5c                core::fmt::num::imp::<impl usize>::_fmt
 .text._ZN4core3fmt3num3imp51_$LT$impl$u20$core..fmt..Display$u20$for$u20$i8$GT$3fmt17hcb39de988782ba27E
                0x000000004020ec90       0xcc bin/obj/rslib.a(core-dca77d77b03929cc.core.bbd04c23a4fa3c72-cgu.0.rcgu.o)
                0x000000004020ec90                core::fmt::num::imp::<impl core::fmt::Display for i8>::fmt
 .text._ZN4core3fmt3num3imp51_$LT$impl$u20$core..fmt..Display$u20$for$u20$u8$GT$3fmt17hf7d8c920e29b5333E
                0x000000004020ed5c       0xac bin/obj/rslib.a(core-dca77d77b03929cc.core.bbd04c23a4fa3c72-cgu.0.rcgu.o)
                0x000000004020ed5c                core::fmt::num::imp::<impl core::fmt::Display for u8>::fmt
 .text._ZN4core3fmt3num3imp52_$LT$impl$u20$core..fmt..Display$u20$for$u20$i16$GT$3fmt17h104a3911dccd2ff7E
                0x000000004020ee08      0x11c bin/obj/rslib.a(core-dca77d77b03929cc.core.bbd04c23a4fa3c72-cgu.0.rcgu.o)
                0x000000004020ee08                core::fmt::num::imp::<impl core::fmt::Display for i16>::fmt
 .text._ZN4core3fmt3num3imp52_$LT$impl$u20$core..fmt..Display$u20$for$u20$i32$GT$3fmt17h80bd409755b2ddaeE
                0x000000004020ef24      0x158 bin/obj/rslib.a(core-dca77d77b03929cc.core.bbd04c23a4fa3c72-cgu.0.rcgu.o)
                0x000000004020ef24                core::fmt::num::imp::<impl core::fmt::Display for i32>::fmt
 .text._ZN4core3fmt3num3imp52_$LT$impl$u20$core..fmt..Display$u20$for$u20$i64$GT$3fmt17h1e801d532e5ecaafE
                0x000000004020f07c      0x15c bin/obj/rslib.a(core-dca77d77b03929cc.core.bbd04c23a4fa3c72-cgu.0.rcgu.o)
                0x000000004020f07c                core::fmt::num::imp::<impl core::fmt::Display for isize>::fmt
                0x000000004020f07c                core::fmt::num::imp::<impl core::fmt::Display for i64>::fmt
 .text._ZN4core3fmt3num3imp52_$LT$impl$u20$core..fmt..Display$u20$for$u20$u16$GT$3fmt17hdb2998ab968581d1E
                0x000000004020f1d8      0x104 bin/obj/rslib.a(core-dca77d77b03929cc.core.bbd04c23a4fa3c72-cgu.0.rcgu.o)
                0x000000004020f1d8                core::fmt::num::imp::<impl core::fmt::Display for u16>::fmt
 .text._ZN4core3fmt3num3imp52_$LT$impl$u20$core..fmt..Display$u20$for$u20$u32$GT$3fmt17h0b158e54c199f5dbE
                0x000000004020f2dc      0x14c bin/obj/rslib.a(core-dca77d77b03929cc.core.bbd04c23a4fa3c72-cgu.0.rcgu.o)
                0x000000004020f2dc                core::fmt::num::imp::<impl core::fmt::Display for u32>::fmt
 .text._ZN4core3fmt3num3imp52_$LT$impl$u20$core..fmt..Display$u20$for$u20$u64$GT$3fmt17h64f3911dafa6269fE
                0x000000004020f428      0x154 bin/obj/rslib.a(core-dca77d77b03929cc.core.bbd04c23a4fa3c72-cgu.0.rcgu.o)
                0x000000004020f428                core::fmt::num::imp::<impl core::fmt::Display for usize>::fmt
                0x000000004020f428                core::fmt::num::imp::<impl core::fmt::Display for u64>::fmt
 .text._ZN4core3fmt3num3imp52_$LT$impl$u20$core..fmt..LowerExp$u20$for$u20$i8$GT$3fmt17h58d82f5837eb5be0E
                0x000000004020f57c       0x24 bin/obj/rslib.a(core-dca77d77b03929cc.core.bbd04c23a4fa3c72-cgu.0.rcgu.o)
                0x000000004020f57c                core::fmt::num::imp::<impl core::fmt::LowerExp for i8>::fmt
 .text._ZN4core3fmt3num3imp52_$LT$impl$u20$core..fmt..LowerExp$u20$for$u20$u8$GT$3fmt17h501ecc2dbdd34467E
                0x000000004020f5a0       0x18 bin/obj/rslib.a(core-dca77d77b03929cc.core.bbd04c23a4fa3c72-cgu.0.rcgu.o)
                0x000000004020f5a0                core::fmt::num::imp::<impl core::fmt::LowerExp for u8>::fmt
 .text._ZN4core3fmt3num3imp52_$LT$impl$u20$core..fmt..UpperExp$u20$for$u20$i8$GT$3fmt17ha0f846b22050294aE
                0x000000004020f5b8       0x24 bin/obj/rslib.a(core-dca77d77b03929cc.core.bbd04c23a4fa3c72-cgu.0.rcgu.o)
                0x000000004020f5b8                core::fmt::num::imp::<impl core::fmt::UpperExp for i8>::fmt
 .text._ZN4core3fmt3num3imp52_$LT$impl$u20$core..fmt..UpperExp$u20$for$u20$u8$GT$3fmt17h010e9c1ce5bc6f83E
                0x000000004020f5dc       0x18 bin/obj/rslib.a(core-dca77d77b03929cc.core.bbd04c23a4fa3c72-cgu.0.rcgu.o)
                0x000000004020f5dc                core::fmt::num::imp::<impl core::fmt::UpperExp for u8>::fmt
 .text._ZN4core3fmt3num3imp53_$LT$impl$u20$core..fmt..LowerExp$u20$for$u20$i16$GT$3fmt17h0ef11d9cfa7db045E
                0x000000004020f5f4       0x24 bin/obj/rslib.a(core-dca77d77b03929cc.core.bbd04c23a4fa3c72-cgu.0.rcgu.o)
                0x000000004020f5f4                core::fmt::num::imp::<impl core::fmt::LowerExp for i16>::fmt
 .text._ZN4core3fmt3num3imp53_$LT$impl$u20$core..fmt..LowerExp$u20$for$u20$i32$GT$3fmt17h73a92d63361655e1E
                0x000000004020f618       0x24 bin/obj/rslib.a(core-dca77d77b03929cc.core.bbd04c23a4fa3c72-cgu.0.rcgu.o)
                0x000000004020f618                core::fmt::num::imp::<impl core::fmt::LowerExp for i32>::fmt
 .text._ZN4core3fmt3num3imp53_$LT$impl$u20$core..fmt..LowerExp$u20$for$u20$i64$GT$3fmt17he8eaeb98c7470710E
                0x000000004020f63c       0x24 bin/obj/rslib.a(core-dca77d77b03929cc.core.bbd04c23a4fa3c72-cgu.0.rcgu.o)
                0x000000004020f63c                core::fmt::num::imp::<impl core::fmt::LowerExp for isize>::fmt
                0x000000004020f63c                core::fmt::num::imp::<impl core::fmt::LowerExp for i64>::fmt
 .text._ZN4core3fmt3num3imp53_$LT$impl$u20$core..fmt..LowerExp$u20$for$u20$u16$GT$3fmt17h49c4e818814d45dbE
                0x000000004020f660       0x18 bin/obj/rslib.a(core-dca77d77b03929cc.core.bbd04c23a4fa3c72-cgu.0.rcgu.o)
                0x000000004020f660                core::fmt::num::imp::<impl core::fmt::LowerExp for u16>::fmt
 .text._ZN4core3fmt3num3imp53_$LT$impl$u20$core..fmt..LowerExp$u20$for$u20$u32$GT$3fmt17h158f35b2865c949eE
                0x000000004020f678       0x18 bin/obj/rslib.a(core-dca77d77b03929cc.core.bbd04c23a4fa3c72-cgu.0.rcgu.o)
                0x000000004020f678                core::fmt::num::imp::<impl core::fmt::LowerExp for u32>::fmt
 .text._ZN4core3fmt3num3imp53_$LT$impl$u20$core..fmt..LowerExp$u20$for$u20$u64$GT$3fmt17hd02b9c2dab05dc10E
                0x000000004020f690       0x18 bin/obj/rslib.a(core-dca77d77b03929cc.core.bbd04c23a4fa3c72-cgu.0.rcgu.o)
                0x000000004020f690                core::fmt::num::imp::<impl core::fmt::LowerExp for usize>::fmt
                0x000000004020f690                core::fmt::num::imp::<impl core::fmt::LowerExp for u64>::fmt
 .text._ZN4core3fmt3num3imp53_$LT$impl$u20$core..fmt..UpperExp$u20$for$u20$i16$GT$3fmt17h3fab035472132d68E
                0x000000004020f6a8       0x24 bin/obj/rslib.a(core-dca77d77b03929cc.core.bbd04c23a4fa3c72-cgu.0.rcgu.o)
                0x000000004020f6a8                core::fmt::num::imp::<impl core::fmt::UpperExp for i16>::fmt
 .text._ZN4core3fmt3num3imp53_$LT$impl$u20$core..fmt..UpperExp$u20$for$u20$i32$GT$3fmt17hc873c09afcd74914E
                0x000000004020f6cc       0x24 bin/obj/rslib.a(core-dca77d77b03929cc.core.bbd04c23a4fa3c72-cgu.0.rcgu.o)
                0x000000004020f6cc                core::fmt::num::imp::<impl core::fmt::UpperExp for i32>::fmt
 .text._ZN4core3fmt3num3imp53_$LT$impl$u20$core..fmt..UpperExp$u20$for$u20$i64$GT$3fmt17he2f6e251da279662E
                0x000000004020f6f0       0x24 bin/obj/rslib.a(core-dca77d77b03929cc.core.bbd04c23a4fa3c72-cgu.0.rcgu.o)
                0x000000004020f6f0                core::fmt::num::imp::<impl core::fmt::UpperExp for isize>::fmt
                0x000000004020f6f0                core::fmt::num::imp::<impl core::fmt::UpperExp for i64>::fmt
 .text._ZN4core3fmt3num3imp53_$LT$impl$u20$core..fmt..UpperExp$u20$for$u20$u16$GT$3fmt17h2e49b62056d088d3E
                0x000000004020f714       0x18 bin/obj/rslib.a(core-dca77d77b03929cc.core.bbd04c23a4fa3c72-cgu.0.rcgu.o)
                0x000000004020f714                core::fmt::num::imp::<impl core::fmt::UpperExp for u16>::fmt
 .text._ZN4core3fmt3num3imp53_$LT$impl$u20$core..fmt..UpperExp$u20$for$u20$u32$GT$3fmt17h67f329f6a561b042E
                0x000000004020f72c       0x18 bin/obj/rslib.a(core-dca77d77b03929cc.core.bbd04c23a4fa3c72-cgu.0.rcgu.o)
                0x000000004020f72c                core::fmt::num::imp::<impl core::fmt::UpperExp for u32>::fmt
 .text._ZN4core3fmt3num3imp53_$LT$impl$u20$core..fmt..UpperExp$u20$for$u20$u64$GT$3fmt17h089d5041d0086602E
                0x000000004020f744       0x18 bin/obj/rslib.a(core-dca77d77b03929cc.core.bbd04c23a4fa3c72-cgu.0.rcgu.o)
                0x000000004020f744                core::fmt::num::imp::<impl core::fmt::UpperExp for usize>::fmt
                0x000000004020f744                core::fmt::num::imp::<impl core::fmt::UpperExp for u64>::fmt
 .text._ZN4core3fmt3num3imp7exp_u6417hcfe3e43662793de3E
                0x000000004020f75c      0x540 bin/obj/rslib.a(core-dca77d77b03929cc.core.bbd04c23a4fa3c72-cgu.0.rcgu.o)
 .text._ZN4core3fmt3num49_$LT$impl$u20$core..fmt..Debug$u20$for$u20$i8$GT$3fmt17h827ef15b7c2cc75eE
                0x000000004020fc9c      0x18c bin/obj/rslib.a(core-dca77d77b03929cc.core.bbd04c23a4fa3c72-cgu.0.rcgu.o)
 .text._ZN4core3fmt3num49_$LT$impl$u20$core..fmt..Debug$u20$for$u20$u8$GT$3fmt17hbfcfc52b811f831eE
                0x000000004020fe28      0x170 bin/obj/rslib.a(core-dca77d77b03929cc.core.bbd04c23a4fa3c72-cgu.0.rcgu.o)
 .text._ZN4core3fmt3num49_$LT$impl$u20$core..fmt..Octal$u20$for$u20$i8$GT$3fmt17h938552005bb66eb0E
                0x000000004020ff98       0x78 bin/obj/rslib.a(core-dca77d77b03929cc.core.bbd04c23a4fa3c72-cgu.0.rcgu.o)
                0x000000004020ff98                core::fmt::num::<impl core::fmt::Octal for i8>::fmt
 .text._ZN4core3fmt3num49_$LT$impl$u20$core..fmt..Octal$u20$for$u20$u8$GT$3fmt17hf4ab8ae14edcc341E
                0x0000000040210010       0x78 bin/obj/rslib.a(core-dca77d77b03929cc.core.bbd04c23a4fa3c72-cgu.0.rcgu.o)
                0x0000000040210010                core::fmt::num::<impl core::fmt::Octal for u8>::fmt
 .text._ZN4core3fmt3num50_$LT$impl$u20$core..fmt..Binary$u20$for$u20$i8$GT$3fmt17h364fc7cada5f95ebE
                0x0000000040210088       0x78 bin/obj/rslib.a(core-dca77d77b03929cc.core.bbd04c23a4fa3c72-cgu.0.rcgu.o)
                0x0000000040210088                core::fmt::num::<impl core::fmt::Binary for i8>::fmt
 .text._ZN4core3fmt3num50_$LT$impl$u20$core..fmt..Binary$u20$for$u20$u8$GT$3fmt17he2c0567fc6506356E
                0x0000000040210100       0x78 bin/obj/rslib.a(core-dca77d77b03929cc.core.bbd04c23a4fa3c72-cgu.0.rcgu.o)
                0x0000000040210100                core::fmt::num::<impl core::fmt::Binary for u8>::fmt
 .text._ZN4core3fmt3num50_$LT$impl$u20$core..fmt..Debug$u20$for$u20$i16$GT$3fmt17hd85915d27365f48cE
                0x0000000040210178      0x1dc bin/obj/rslib.a(core-dca77d77b03929cc.core.bbd04c23a4fa3c72-cgu.0.rcgu.o)
 .text._ZN4core3fmt3num50_$LT$impl$u20$core..fmt..Debug$u20$for$u20$u16$GT$3fmt17h02c79a3af51ec021E
                0x0000000040210354      0x1c8 bin/obj/rslib.a(core-dca77d77b03929cc.core.bbd04c23a4fa3c72-cgu.0.rcgu.o)
 .text._ZN4core3fmt3num50_$LT$impl$u20$core..fmt..Debug$u20$for$u20$u32$GT$3fmt17hdcaa54ae5b814f37E
                0x000000004021051c      0x200 bin/obj/rslib.a(core-dca77d77b03929cc.core.bbd04c23a4fa3c72-cgu.0.rcgu.o)
 .text._ZN4core3fmt3num50_$LT$impl$u20$core..fmt..Debug$u20$for$u20$u64$GT$3fmt17h6612a6d4aeffcfe3E
                0x000000004021071c      0x1fc bin/obj/rslib.a(core-dca77d77b03929cc.core.bbd04c23a4fa3c72-cgu.0.rcgu.o)
 .text._ZN4core3fmt3num50_$LT$impl$u20$core..fmt..Octal$u20$for$u20$i16$GT$3fmt17hb30f0eff41b795d7E
                0x0000000040210918       0x78 bin/obj/rslib.a(core-dca77d77b03929cc.core.bbd04c23a4fa3c72-cgu.0.rcgu.o)
                0x0000000040210918                core::fmt::num::<impl core::fmt::Octal for i16>::fmt
 .text._ZN4core3fmt3num50_$LT$impl$u20$core..fmt..Octal$u20$for$u20$i32$GT$3fmt17h96bda70b13d869cfE
                0x0000000040210990       0x78 bin/obj/rslib.a(core-dca77d77b03929cc.core.bbd04c23a4fa3c72-cgu.0.rcgu.o)
                0x0000000040210990                core::fmt::num::<impl core::fmt::Octal for i32>::fmt
 .text._ZN4core3fmt3num50_$LT$impl$u20$core..fmt..Octal$u20$for$u20$i64$GT$3fmt17hbca0bdf49b956695E
                0x0000000040210a08       0x78 bin/obj/rslib.a(core-dca77d77b03929cc.core.bbd04c23a4fa3c72-cgu.0.rcgu.o)
                0x0000000040210a08                core::fmt::num::<impl core::fmt::Octal for i64>::fmt
                0x0000000040210a08                core::fmt::num::<impl core::fmt::Octal for isize>::fmt
 .text._ZN4core3fmt3num50_$LT$impl$u20$core..fmt..Octal$u20$for$u20$u16$GT$3fmt17haa5505935580f60eE
                0x0000000040210a80       0x78 bin/obj/rslib.a(core-dca77d77b03929cc.core.bbd04c23a4fa3c72-cgu.0.rcgu.o)
                0x0000000040210a80                core::fmt::num::<impl core::fmt::Octal for u16>::fmt
 .text._ZN4core3fmt3num50_$LT$impl$u20$core..fmt..Octal$u20$for$u20$u32$GT$3fmt17h4a01e2886ae035d3E
                0x0000000040210af8       0x78 bin/obj/rslib.a(core-dca77d77b03929cc.core.bbd04c23a4fa3c72-cgu.0.rcgu.o)
                0x0000000040210af8                core::fmt::num::<impl core::fmt::Octal for u32>::fmt
 .text._ZN4core3fmt3num50_$LT$impl$u20$core..fmt..Octal$u20$for$u20$u64$GT$3fmt17hf6bc247530776172E
                0x0000000040210b70       0x78 bin/obj/rslib.a(core-dca77d77b03929cc.core.bbd04c23a4fa3c72-cgu.0.rcgu.o)
                0x0000000040210b70                core::fmt::num::<impl core::fmt::Octal for usize>::fmt
                0x0000000040210b70                core::fmt::num::<impl core::fmt::Octal for u64>::fmt
 .text._ZN4core3fmt3num51_$LT$impl$u20$core..fmt..Binary$u20$for$u20$i16$GT$3fmt17h57858060feef142cE
                0x0000000040210be8       0x78 bin/obj/rslib.a(core-dca77d77b03929cc.core.bbd04c23a4fa3c72-cgu.0.rcgu.o)
                0x0000000040210be8                core::fmt::num::<impl core::fmt::Binary for i16>::fmt
 .text._ZN4core3fmt3num51_$LT$impl$u20$core..fmt..Binary$u20$for$u20$i32$GT$3fmt17h0b19d692da06108dE
                0x0000000040210c60       0x78 bin/obj/rslib.a(core-dca77d77b03929cc.core.bbd04c23a4fa3c72-cgu.0.rcgu.o)
                0x0000000040210c60                core::fmt::num::<impl core::fmt::Binary for i32>::fmt
 .text._ZN4core3fmt3num51_$LT$impl$u20$core..fmt..Binary$u20$for$u20$i64$GT$3fmt17haeba80af4dc4e17eE
                0x0000000040210cd8       0x78 bin/obj/rslib.a(core-dca77d77b03929cc.core.bbd04c23a4fa3c72-cgu.0.rcgu.o)
                0x0000000040210cd8                core::fmt::num::<impl core::fmt::Binary for isize>::fmt
                0x0000000040210cd8                core::fmt::num::<impl core::fmt::Binary for i64>::fmt
 .text._ZN4core3fmt3num51_$LT$impl$u20$core..fmt..Binary$u20$for$u20$u16$GT$3fmt17h994032199faeaac8E
                0x0000000040210d50       0x78 bin/obj/rslib.a(core-dca77d77b03929cc.core.bbd04c23a4fa3c72-cgu.0.rcgu.o)
                0x0000000040210d50                core::fmt::num::<impl core::fmt::Binary for u16>::fmt
 .text._ZN4core3fmt3num51_$LT$impl$u20$core..fmt..Binary$u20$for$u20$u32$GT$3fmt17h97ec4d142d6b0a75E
                0x0000000040210dc8       0x78 bin/obj/rslib.a(core-dca77d77b03929cc.core.bbd04c23a4fa3c72-cgu.0.rcgu.o)
                0x0000000040210dc8                core::fmt::num::<impl core::fmt::Binary for u32>::fmt
 .text._ZN4core3fmt3num51_$LT$impl$u20$core..fmt..Binary$u20$for$u20$u64$GT$3fmt17h88494fdefc0ff8d9E
                0x0000000040210e40       0x78 bin/obj/rslib.a(core-dca77d77b03929cc.core.bbd04c23a4fa3c72-cgu.0.rcgu.o)
                0x0000000040210e40                core::fmt::num::<impl core::fmt::Binary for u64>::fmt
                0x0000000040210e40                core::fmt::num::<impl core::fmt::Binary for usize>::fmt
 .text._ZN4core3fmt3num51_$LT$impl$u20$core..fmt..Debug$u20$for$u20$i128$GT$3fmt17h02f9e17982837adcE
                0x0000000040210eb8      0x148 bin/obj/rslib.a(core-dca77d77b03929cc.core.bbd04c23a4fa3c72-cgu.0.rcgu.o)
 .text._ZN4core3fmt3num51_$LT$impl$u20$core..fmt..Debug$u20$for$u20$u128$GT$3fmt17hacbd24b09e2e612dE
                0x0000000040211000      0x128 bin/obj/rslib.a(core-dca77d77b03929cc.core.bbd04c23a4fa3c72-cgu.0.rcgu.o)
 .text._ZN4core3fmt3num51_$LT$impl$u20$core..fmt..Octal$u20$for$u20$i128$GT$3fmt17h30a46ebffb686345E
                0x0000000040211128       0x84 bin/obj/rslib.a(core-dca77d77b03929cc.core.bbd04c23a4fa3c72-cgu.0.rcgu.o)
                0x0000000040211128                core::fmt::num::<impl core::fmt::Octal for i128>::fmt
 .text._ZN4core3fmt3num51_$LT$impl$u20$core..fmt..Octal$u20$for$u20$u128$GT$3fmt17he9c20ead1f4ddb45E
                0x00000000402111ac       0x84 bin/obj/rslib.a(core-dca77d77b03929cc.core.bbd04c23a4fa3c72-cgu.0.rcgu.o)
                0x00000000402111ac                core::fmt::num::<impl core::fmt::Octal for u128>::fmt
 .text._ZN4core3fmt3num52_$LT$impl$u20$core..fmt..Binary$u20$for$u20$i128$GT$3fmt17h5ddc35715bb3478dE
                0x0000000040211230       0x84 bin/obj/rslib.a(core-dca77d77b03929cc.core.bbd04c23a4fa3c72-cgu.0.rcgu.o)
                0x0000000040211230                core::fmt::num::<impl core::fmt::Binary for i128>::fmt
 .text._ZN4core3fmt3num52_$LT$impl$u20$core..fmt..Binary$u20$for$u20$u128$GT$3fmt17h7c0ba53f984ef09eE
                0x00000000402112b4       0x84 bin/obj/rslib.a(core-dca77d77b03929cc.core.bbd04c23a4fa3c72-cgu.0.rcgu.o)
                0x00000000402112b4                core::fmt::num::<impl core::fmt::Binary for u128>::fmt
 .text._ZN4core3fmt3num52_$LT$impl$u20$core..fmt..Debug$u20$for$u20$usize$GT$3fmt17h43b30080ace008ecE
                0x0000000040211338      0x208 bin/obj/rslib.a(core-dca77d77b03929cc.core.bbd04c23a4fa3c72-cgu.0.rcgu.o)
 .text._ZN4core3fmt3num52_$LT$impl$u20$core..fmt..LowerHex$u20$for$u20$i8$GT$3fmt17hf695129635c083b3E
                0x0000000040211540       0x78 bin/obj/rslib.a(core-dca77d77b03929cc.core.bbd04c23a4fa3c72-cgu.0.rcgu.o)
                0x0000000040211540                core::fmt::num::<impl core::fmt::LowerHex for i8>::fmt
 .text._ZN4core3fmt3num52_$LT$impl$u20$core..fmt..LowerHex$u20$for$u20$u8$GT$3fmt17h41223f6c79c82479E
                0x00000000402115b8       0x78 bin/obj/rslib.a(core-dca77d77b03929cc.core.bbd04c23a4fa3c72-cgu.0.rcgu.o)
                0x00000000402115b8                core::fmt::num::<impl core::fmt::LowerHex for u8>::fmt
 .text._ZN4core3fmt3num52_$LT$impl$u20$core..fmt..UpperHex$u20$for$u20$i8$GT$3fmt17h407840cf8f4701b9E
                0x0000000040211630       0x78 bin/obj/rslib.a(core-dca77d77b03929cc.core.bbd04c23a4fa3c72-cgu.0.rcgu.o)
                0x0000000040211630                core::fmt::num::<impl core::fmt::UpperHex for i8>::fmt
 .text._ZN4core3fmt3num52_$LT$impl$u20$core..fmt..UpperHex$u20$for$u20$u8$GT$3fmt17h1c056f3c85dae395E
                0x00000000402116a8       0x78 bin/obj/rslib.a(core-dca77d77b03929cc.core.bbd04c23a4fa3c72-cgu.0.rcgu.o)
                0x00000000402116a8                core::fmt::num::<impl core::fmt::UpperHex for u8>::fmt
 .text._ZN4core3fmt3num53_$LT$impl$u20$core..fmt..Display$u20$for$u20$i128$GT$3fmt17h143e7e69baa593e3E
                0x0000000040211720       0x78 bin/obj/rslib.a(core-dca77d77b03929cc.core.bbd04c23a4fa3c72-cgu.0.rcgu.o)
                0x0000000040211720                core::fmt::num::<impl core::fmt::Display for i128>::fmt
 .text._ZN4core3fmt3num53_$LT$impl$u20$core..fmt..Display$u20$for$u20$u128$GT$3fmt17h93d3e8374317a9ebE
                0x0000000040211798       0x64 bin/obj/rslib.a(core-dca77d77b03929cc.core.bbd04c23a4fa3c72-cgu.0.rcgu.o)
                0x0000000040211798                core::fmt::num::<impl core::fmt::Display for u128>::fmt
 .text._ZN4core3fmt3num53_$LT$impl$u20$core..fmt..LowerHex$u20$for$u20$i16$GT$3fmt17h5b03a43fe071e9d2E
                0x00000000402117fc       0x78 bin/obj/rslib.a(core-dca77d77b03929cc.core.bbd04c23a4fa3c72-cgu.0.rcgu.o)
                0x00000000402117fc                core::fmt::num::<impl core::fmt::LowerHex for i16>::fmt
 .text._ZN4core3fmt3num53_$LT$impl$u20$core..fmt..LowerHex$u20$for$u20$i32$GT$3fmt17hc95ab94a833a1d52E
                0x0000000040211874       0x78 bin/obj/rslib.a(core-dca77d77b03929cc.core.bbd04c23a4fa3c72-cgu.0.rcgu.o)
                0x0000000040211874                core::fmt::num::<impl core::fmt::LowerHex for i32>::fmt
 .text._ZN4core3fmt3num53_$LT$impl$u20$core..fmt..LowerHex$u20$for$u20$i64$GT$3fmt17h78bab8b90a4593cfE
                0x00000000402118ec       0x78 bin/obj/rslib.a(core-dca77d77b03929cc.core.bbd04c23a4fa3c72-cgu.0.rcgu.o)
                0x00000000402118ec                core::fmt::num::<impl core::fmt::LowerHex for i64>::fmt
                0x00000000402118ec                core::fmt::num::<impl core::fmt::LowerHex for isize>::fmt
 .text._ZN4core3fmt3num53_$LT$impl$u20$core..fmt..LowerHex$u20$for$u20$u16$GT$3fmt17h763f8ccc440b53a1E
                0x0000000040211964       0x78 bin/obj/rslib.a(core-dca77d77b03929cc.core.bbd04c23a4fa3c72-cgu.0.rcgu.o)
                0x0000000040211964                core::fmt::num::<impl core::fmt::LowerHex for u16>::fmt
 .text._ZN4core3fmt3num53_$LT$impl$u20$core..fmt..LowerHex$u20$for$u20$u32$GT$3fmt17h549c5dc88a23e071E
                0x00000000402119dc       0x78 bin/obj/rslib.a(core-dca77d77b03929cc.core.bbd04c23a4fa3c72-cgu.0.rcgu.o)
                0x00000000402119dc                core::fmt::num::<impl core::fmt::LowerHex for u32>::fmt
 .text._ZN4core3fmt3num53_$LT$impl$u20$core..fmt..LowerHex$u20$for$u20$u64$GT$3fmt17hdaccb1a7b83ad970E
                0x0000000040211a54       0x78 bin/obj/rslib.a(core-dca77d77b03929cc.core.bbd04c23a4fa3c72-cgu.0.rcgu.o)
                0x0000000040211a54                core::fmt::num::<impl core::fmt::LowerHex for usize>::fmt
                0x0000000040211a54                core::fmt::num::<impl core::fmt::LowerHex for u64>::fmt
 .text._ZN4core3fmt3num53_$LT$impl$u20$core..fmt..UpperHex$u20$for$u20$i16$GT$3fmt17hdc971805de989b2aE
                0x0000000040211acc       0x78 bin/obj/rslib.a(core-dca77d77b03929cc.core.bbd04c23a4fa3c72-cgu.0.rcgu.o)
                0x0000000040211acc                core::fmt::num::<impl core::fmt::UpperHex for i16>::fmt
 .text._ZN4core3fmt3num53_$LT$impl$u20$core..fmt..UpperHex$u20$for$u20$i32$GT$3fmt17h7f105a3b4f757369E
                0x0000000040211b44       0x78 bin/obj/rslib.a(core-dca77d77b03929cc.core.bbd04c23a4fa3c72-cgu.0.rcgu.o)
                0x0000000040211b44                core::fmt::num::<impl core::fmt::UpperHex for i32>::fmt
 .text._ZN4core3fmt3num53_$LT$impl$u20$core..fmt..UpperHex$u20$for$u20$i64$GT$3fmt17h9e197d4c17bda1a5E
                0x0000000040211bbc       0x78 bin/obj/rslib.a(core-dca77d77b03929cc.core.bbd04c23a4fa3c72-cgu.0.rcgu.o)
                0x0000000040211bbc                core::fmt::num::<impl core::fmt::UpperHex for isize>::fmt
                0x0000000040211bbc                core::fmt::num::<impl core::fmt::UpperHex for i64>::fmt
 .text._ZN4core3fmt3num53_$LT$impl$u20$core..fmt..UpperHex$u20$for$u20$u16$GT$3fmt17h4d373f4e1b192db5E
                0x0000000040211c34       0x78 bin/obj/rslib.a(core-dca77d77b03929cc.core.bbd04c23a4fa3c72-cgu.0.rcgu.o)
                0x0000000040211c34                core::fmt::num::<impl core::fmt::UpperHex for u16>::fmt
 .text._ZN4core3fmt3num53_$LT$impl$u20$core..fmt..UpperHex$u20$for$u20$u32$GT$3fmt17hfe57b8c17b9bbf1aE
                0x0000000040211cac       0x78 bin/obj/rslib.a(core-dca77d77b03929cc.core.bbd04c23a4fa3c72-cgu.0.rcgu.o)
                0x0000000040211cac                core::fmt::num::<impl core::fmt::UpperHex for u32>::fmt
 .text._ZN4core3fmt3num53_$LT$impl$u20$core..fmt..UpperHex$u20$for$u20$u64$GT$3fmt17h995153f9b3a5bfe9E
                0x0000000040211d24       0x78 bin/obj/rslib.a(core-dca77d77b03929cc.core.bbd04c23a4fa3c72-cgu.0.rcgu.o)
                0x0000000040211d24                core::fmt::num::<impl core::fmt::UpperHex for usize>::fmt
                0x0000000040211d24                core::fmt::num::<impl core::fmt::UpperHex for u64>::fmt
 .text._ZN4core3fmt3num54_$LT$impl$u20$core..fmt..LowerExp$u20$for$u20$i128$GT$3fmt17h30434f360a41b4c4E
                0x0000000040211d9c       0x2c bin/obj/rslib.a(core-dca77d77b03929cc.core.bbd04c23a4fa3c72-cgu.0.rcgu.o)
                0x0000000040211d9c                core::fmt::num::<impl core::fmt::LowerExp for i128>::fmt
 .text._ZN4core3fmt3num54_$LT$impl$u20$core..fmt..LowerExp$u20$for$u20$u128$GT$3fmt17ha11197f8c52dd830E
                0x0000000040211dc8       0x14 bin/obj/rslib.a(core-dca77d77b03929cc.core.bbd04c23a4fa3c72-cgu.0.rcgu.o)
                0x0000000040211dc8                core::fmt::num::<impl core::fmt::LowerExp for u128>::fmt
 .text._ZN4core3fmt3num54_$LT$impl$u20$core..fmt..LowerHex$u20$for$u20$i128$GT$3fmt17hb7c2328b2927a7e4E
                0x0000000040211ddc       0x84 bin/obj/rslib.a(core-dca77d77b03929cc.core.bbd04c23a4fa3c72-cgu.0.rcgu.o)
                0x0000000040211ddc                core::fmt::num::<impl core::fmt::LowerHex for i128>::fmt
 .text._ZN4core3fmt3num54_$LT$impl$u20$core..fmt..LowerHex$u20$for$u20$u128$GT$3fmt17hb4c13cc4839c5400E
                0x0000000040211e60       0x84 bin/obj/rslib.a(core-dca77d77b03929cc.core.bbd04c23a4fa3c72-cgu.0.rcgu.o)
                0x0000000040211e60                core::fmt::num::<impl core::fmt::LowerHex for u128>::fmt
 .text._ZN4core3fmt3num54_$LT$impl$u20$core..fmt..UpperExp$u20$for$u20$i128$GT$3fmt17h5f34c241245c987fE
                0x0000000040211ee4       0x2c bin/obj/rslib.a(core-dca77d77b03929cc.core.bbd04c23a4fa3c72-cgu.0.rcgu.o)
                0x0000000040211ee4                core::fmt::num::<impl core::fmt::UpperExp for i128>::fmt
 .text._ZN4core3fmt3num54_$LT$impl$u20$core..fmt..UpperExp$u20$for$u20$u128$GT$3fmt17h6e59dbb5e808480cE
                0x0000000040211f10       0x14 bin/obj/rslib.a(core-dca77d77b03929cc.core.bbd04c23a4fa3c72-cgu.0.rcgu.o)
                0x0000000040211f10                core::fmt::num::<impl core::fmt::UpperExp for u128>::fmt
 .text._ZN4core3fmt3num54_$LT$impl$u20$core..fmt..UpperHex$u20$for$u20$i128$GT$3fmt17h37959fbc370fc230E
                0x0000000040211f24       0x84 bin/obj/rslib.a(core-dca77d77b03929cc.core.bbd04c23a4fa3c72-cgu.0.rcgu.o)
                0x0000000040211f24                core::fmt::num::<impl core::fmt::UpperHex for i128>::fmt
 .text._ZN4core3fmt3num54_$LT$impl$u20$core..fmt..UpperHex$u20$for$u20$u128$GT$3fmt17h631d1b7b37eac1b1E
                0x0000000040211fa8       0x84 bin/obj/rslib.a(core-dca77d77b03929cc.core.bbd04c23a4fa3c72-cgu.0.rcgu.o)
                0x0000000040211fa8                core::fmt::num::<impl core::fmt::UpperHex for u128>::fmt
 .text._ZN4core3fmt3num8exp_u12817h1e087a08c7e7821cE
                0x000000004021202c      0x908 bin/obj/rslib.a(core-dca77d77b03929cc.core.bbd04c23a4fa3c72-cgu.0.rcgu.o)
 .text._ZN4core3fmt5Write10write_char17h6c9f62c53d255419E
                0x0000000040212934      0x110 bin/obj/rslib.a(core-dca77d77b03929cc.core.bbd04c23a4fa3c72-cgu.0.rcgu.o)
 .text._ZN4core3fmt5Write10write_char17hab3113e5f50b8d55E
                0x0000000040212a44      0x110 bin/obj/rslib.a(core-dca77d77b03929cc.core.bbd04c23a4fa3c72-cgu.0.rcgu.o)
 .text._ZN4core3fmt5Write10write_char17hafd2cc98f3cc0f9eE
                0x0000000040212b54      0x110 bin/obj/rslib.a(core-dca77d77b03929cc.core.bbd04c23a4fa3c72-cgu.0.rcgu.o)
 .text._ZN4core3fmt5Write10write_char17hafeca256d596fff5E
                0x0000000040212c64      0x110 bin/obj/rslib.a(core-dca77d77b03929cc.core.bbd04c23a4fa3c72-cgu.0.rcgu.o)
 .text._ZN4core3fmt5Write9write_fmt17h520d20e91ea5545dE
                0x0000000040212d74       0x10 bin/obj/rslib.a(core-dca77d77b03929cc.core.bbd04c23a4fa3c72-cgu.0.rcgu.o)
 .text._ZN4core3fmt5Write9write_fmt17h7c092140abd88642E
                0x0000000040212d84       0x10 bin/obj/rslib.a(core-dca77d77b03929cc.core.bbd04c23a4fa3c72-cgu.0.rcgu.o)
 .text._ZN4core3fmt5Write9write_fmt17h95b21c1cd5581451E
                0x0000000040212d94       0x10 bin/obj/rslib.a(core-dca77d77b03929cc.core.bbd04c23a4fa3c72-cgu.0.rcgu.o)
 .text._ZN4core3fmt5Write9write_fmt17h9e49c072d75e96bdE
                0x0000000040212da4       0x10 bin/obj/rslib.a(core-dca77d77b03929cc.core.bbd04c23a4fa3c72-cgu.0.rcgu.o)
 .text._ZN4core3fmt5Write9write_fmt17hb1a75934f62025f1E
                0x0000000040212db4       0x10 bin/obj/rslib.a(core-dca77d77b03929cc.core.bbd04c23a4fa3c72-cgu.0.rcgu.o)
 .text._ZN4core3fmt5float29float_to_decimal_common_exact17h0e50918e8fa3ee13E
                0x0000000040212dc4      0x330 bin/obj/rslib.a(core-dca77d77b03929cc.core.bbd04c23a4fa3c72-cgu.0.rcgu.o)
 .text._ZN4core3fmt5float29float_to_decimal_common_exact17hb9a2c5d04883627eE
                0x00000000402130f4      0x32c bin/obj/rslib.a(core-dca77d77b03929cc.core.bbd04c23a4fa3c72-cgu.0.rcgu.o)
 .text._ZN4core3fmt5float29float_to_decimal_common_exact17hca083ab3e7c8879bE
                0x0000000040213420      0x330 bin/obj/rslib.a(core-dca77d77b03929cc.core.bbd04c23a4fa3c72-cgu.0.rcgu.o)
 .text._ZN4core3fmt5float32float_to_decimal_common_shortest17h0ceec187bec91d8aE
                0x0000000040213750      0x274 bin/obj/rslib.a(core-dca77d77b03929cc.core.bbd04c23a4fa3c72-cgu.0.rcgu.o)
 .text._ZN4core3fmt5float32float_to_decimal_common_shortest17hccc6e50c18412f99E
                0x00000000402139c4      0x270 bin/obj/rslib.a(core-dca77d77b03929cc.core.bbd04c23a4fa3c72-cgu.0.rcgu.o)
 .text._ZN4core3fmt5float32float_to_decimal_common_shortest17he31e808fe2c6de51E
                0x0000000040213c34      0x274 bin/obj/rslib.a(core-dca77d77b03929cc.core.bbd04c23a4fa3c72-cgu.0.rcgu.o)
 .text._ZN4core3fmt5float33float_to_exponential_common_exact17h139f809f18339707E
                0x0000000040213ea8      0x364 bin/obj/rslib.a(core-dca77d77b03929cc.core.bbd04c23a4fa3c72-cgu.0.rcgu.o)
 .text._ZN4core3fmt5float33float_to_exponential_common_exact17h3b54b606a5e93c9aE
                0x000000004021420c      0x360 bin/obj/rslib.a(core-dca77d77b03929cc.core.bbd04c23a4fa3c72-cgu.0.rcgu.o)
 .text._ZN4core3fmt5float33float_to_exponential_common_exact17h72232f886c9338e7E
                0x000000004021456c      0x364 bin/obj/rslib.a(core-dca77d77b03929cc.core.bbd04c23a4fa3c72-cgu.0.rcgu.o)
 .text._ZN4core3fmt5float36float_to_exponential_common_shortest17hd613faf6d122fffdE
                0x00000000402148d0      0x324 bin/obj/rslib.a(core-dca77d77b03929cc.core.bbd04c23a4fa3c72-cgu.0.rcgu.o)
 .text._ZN4core3fmt5float36float_to_exponential_common_shortest17hd81e605b83b8c904E
                0x0000000040214bf4      0x324 bin/obj/rslib.a(core-dca77d77b03929cc.core.bbd04c23a4fa3c72-cgu.0.rcgu.o)
 .text._ZN4core3fmt5float36float_to_exponential_common_shortest17hf01e77856c0611c9E
                0x0000000040214f18      0x320 bin/obj/rslib.a(core-dca77d77b03929cc.core.bbd04c23a4fa3c72-cgu.0.rcgu.o)
 .text._ZN4core3fmt5float50_$LT$impl$u20$core..fmt..Debug$u20$for$u20$f16$GT$3fmt17h98073eaa521987d1E
                0x0000000040215238       0x84 bin/obj/rslib.a(core-dca77d77b03929cc.core.bbd04c23a4fa3c72-cgu.0.rcgu.o)
                0x0000000040215238                core::fmt::float::<impl core::fmt::Debug for f16>::fmt
 .text._ZN4core3fmt5float50_$LT$impl$u20$core..fmt..Debug$u20$for$u20$f32$GT$3fmt17h356a0d769d6699d8E
                0x00000000402152bc       0x78 bin/obj/rslib.a(core-dca77d77b03929cc.core.bbd04c23a4fa3c72-cgu.0.rcgu.o)
                0x00000000402152bc                core::fmt::float::<impl core::fmt::Debug for f32>::fmt
 .text._ZN4core3fmt5float50_$LT$impl$u20$core..fmt..Debug$u20$for$u20$f64$GT$3fmt17hf05e6bf68a96b818E
                0x0000000040215334       0x70 bin/obj/rslib.a(core-dca77d77b03929cc.core.bbd04c23a4fa3c72-cgu.0.rcgu.o)
                0x0000000040215334                core::fmt::float::<impl core::fmt::Debug for f64>::fmt
 .text._ZN4core3fmt5float52_$LT$impl$u20$core..fmt..Display$u20$for$u20$f16$GT$3fmt17h99e2214d9239d00dE
                0x00000000402153a4       0x2c bin/obj/rslib.a(core-dca77d77b03929cc.core.bbd04c23a4fa3c72-cgu.0.rcgu.o)
                0x00000000402153a4                core::fmt::float::<impl core::fmt::Display for f16>::fmt
 .text._ZN4core3fmt5float52_$LT$impl$u20$core..fmt..Display$u20$for$u20$f32$GT$3fmt17h65e0a609525384cfE
                0x00000000402153d0       0x2c bin/obj/rslib.a(core-dca77d77b03929cc.core.bbd04c23a4fa3c72-cgu.0.rcgu.o)
                0x00000000402153d0                core::fmt::float::<impl core::fmt::Display for f32>::fmt
 .text._ZN4core3fmt5float52_$LT$impl$u20$core..fmt..Display$u20$for$u20$f64$GT$3fmt17he0314ea48bfe4fd0E
                0x00000000402153fc       0x2c bin/obj/rslib.a(core-dca77d77b03929cc.core.bbd04c23a4fa3c72-cgu.0.rcgu.o)
                0x00000000402153fc                core::fmt::float::<impl core::fmt::Display for f64>::fmt
 .text._ZN4core3fmt5float53_$LT$impl$u20$core..fmt..LowerExp$u20$for$u20$f16$GT$3fmt17h32eae0d8e61a65e8E
                0x0000000040215428       0x38 bin/obj/rslib.a(core-dca77d77b03929cc.core.bbd04c23a4fa3c72-cgu.0.rcgu.o)
                0x0000000040215428                core::fmt::float::<impl core::fmt::LowerExp for f16>::fmt
 .text._ZN4core3fmt5float53_$LT$impl$u20$core..fmt..LowerExp$u20$for$u20$f32$GT$3fmt17h48c202800b407b9eE
                0x0000000040215460       0x38 bin/obj/rslib.a(core-dca77d77b03929cc.core.bbd04c23a4fa3c72-cgu.0.rcgu.o)
                0x0000000040215460                core::fmt::float::<impl core::fmt::LowerExp for f32>::fmt
 .text._ZN4core3fmt5float53_$LT$impl$u20$core..fmt..LowerExp$u20$for$u20$f64$GT$3fmt17h12fcc30f7b05009fE
                0x0000000040215498       0x38 bin/obj/rslib.a(core-dca77d77b03929cc.core.bbd04c23a4fa3c72-cgu.0.rcgu.o)
                0x0000000040215498                core::fmt::float::<impl core::fmt::LowerExp for f64>::fmt
 .text._ZN4core3fmt5float53_$LT$impl$u20$core..fmt..UpperExp$u20$for$u20$f16$GT$3fmt17h83654050f23ca0ecE
                0x00000000402154d0       0x38 bin/obj/rslib.a(core-dca77d77b03929cc.core.bbd04c23a4fa3c72-cgu.0.rcgu.o)
                0x00000000402154d0                core::fmt::float::<impl core::fmt::UpperExp for f16>::fmt
 .text._ZN4core3fmt5float53_$LT$impl$u20$core..fmt..UpperExp$u20$for$u20$f32$GT$3fmt17haac13dd2190c86bbE
                0x0000000040215508       0x38 bin/obj/rslib.a(core-dca77d77b03929cc.core.bbd04c23a4fa3c72-cgu.0.rcgu.o)
                0x0000000040215508                core::fmt::float::<impl core::fmt::UpperExp for f32>::fmt
 .text._ZN4core3fmt5float53_$LT$impl$u20$core..fmt..UpperExp$u20$for$u20$f64$GT$3fmt17hb5db0cd4a81cbe98E
                0x0000000040215540       0x38 bin/obj/rslib.a(core-dca77d77b03929cc.core.bbd04c23a4fa3c72-cgu.0.rcgu.o)
                0x0000000040215540                core::fmt::float::<impl core::fmt::UpperExp for f64>::fmt
[...]
 .debug_str     0x000000000003f95c       0x5b bin/obj/__arm/exceptions/el1_vectors.o
 .debug_str     0x000000000003f95c       0x52 bin/obj/__lib/memcpy/memcpy.o
 .debug_str     0x000000000003f95c       0x56 bin/obj/__lib/lock/spinlock_irq.o
 .debug_str     0x000000000003f95c       0x51 bin/obj/__lib/lock/irqlock.o
 .debug_str     0x000000000003f95c       0x52 bin/obj/__lib/lock/spinlock.o
 .debug_str     0x000000000003f95c       0x4f bin/obj/__boot/clean_bss.o
 .debug_str     0x000000000003f95c       0x4a bin/obj/__boot/boot.o
 .debug_str     0x000000000003f95c       0x49 bin/obj/__boot/el1.o
 .debug_str     0x000000000003f95c       0x51 bin/obj/__boot/panic/panic.o
 .debug_str     0x000000000003f95c       0x5b bin/obj/__boot/secondary_cores_entry.o
 .debug_str     0x000000000003f95c       0x4c bin/obj/__boot/stacks.o
 .debug_str     0x000000000003f95c       0x61 bin/obj/__drivers/tmu/tmu_critical_default.o
 .debug_str     0x000000000003f95c       0x6d bin/obj/__drivers/interrupts/gicv3/gicv3_arm_interface.o
 .debug_str     0x000000000003f95c      0xfa2 bin/obj/kernel/irq/irq.o
 .debug_str     0x000000000003f95c      0x32e bin/obj/kernel/devices/drivers.o
 .debug_str     0x000000000003f95c     0x1011 bin/obj/kernel/init/init_drivers.o
 .debug_str     0x000000000003f95c      0x366 bin/obj/kernel/init/init.o
 .debug_str     0x000000000003f95c       0x79 bin/obj/kernel/malloc/buddy_allocator.o
 .debug_str     0x000000000003f95c      0x28f bin/obj/kernel/kernel_entry.o
 .debug_str     0x000000000003f95c       0xfd bin/obj/arm/tfa/smccc.o
 .debug_str     0x000000000003f95c      0x159 bin/obj/arm/cpu.o
 .debug_str     0x000000000003f95c      0x1d7 bin/obj/arm/exceptions/handlers/el1/el1_cur_sp0_fiq.o
 .debug_str     0x000000000003f95c      0x1da bin/obj/arm/exceptions/handlers/el1/el1_low_a32_serror.o
 .debug_str     0x000000000003f95c      0x1d7 bin/obj/arm/exceptions/handlers/el1/el1_low_a32_fiq.o
 .debug_str     0x000000000003f95c      0x1d8 bin/obj/arm/exceptions/handlers/el1/el1_low_a64_sync.o
 .debug_str     0x000000000003f95c      0x1d8 bin/obj/arm/exceptions/handlers/el1/el1_cur_spx_sync.o
 .debug_str     0x000000000003f95c      0x1d7 bin/obj/arm/exceptions/handlers/el1/el1_cur_spx_fiq.o
 .debug_str     0x000000000003f95c      0x16e bin/obj/arm/exceptions/handlers/el1/el1_cur_spx_irq.o
 .debug_str     0x000000000003f95c      0x1da bin/obj/arm/exceptions/handlers/el1/el1_cur_spx_serror.o
 .debug_str     0x000000000003f95c      0x1d7 bin/obj/arm/exceptions/handlers/el1/el1_low_a32_irq.o
 .debug_str     0x000000000003f95c      0x1d7 bin/obj/arm/exceptions/handlers/el1/el1_low_a64_fiq.o
 .debug_str     0x000000000003f95c      0x1d7 bin/obj/arm/exceptions/handlers/el1/el1_low_a64_irq.o
 .debug_str     0x000000000003f95c      0x1d8 bin/obj/arm/exceptions/handlers/el1/el1_cur_sp0_sync.o
 .debug_str     0x000000000003f95c      0x1d7 bin/obj/arm/exceptions/handlers/el1/el1_cur_sp0_irq.o
 .debug_str     0x000000000003f95c      0x1da bin/obj/arm/exceptions/handlers/el1/el1_low_a64_serror.o
 .debug_str     0x000000000003f95c      0x1d8 bin/obj/arm/exceptions/handlers/el1/el1_low_a32_sync.o
 .debug_str     0x000000000003f95c      0x1da bin/obj/arm/exceptions/handlers/el1/el1_cur_sp0_serror.o
 .debug_str     0x000000000003f95c      0x1da bin/obj/arm/exceptions/handlers/el2/el2_low_a32_serror.o
 .debug_str     0x000000000003f95c      0x1da bin/obj/arm/exceptions/handlers/el2/el2_cur_spx_serror.o
 .debug_str     0x000000000003f95c      0x1da bin/obj/arm/exceptions/handlers/el2/el2_low_a64_serror.o
 .debug_str     0x000000000003f95c      0x1d8 bin/obj/arm/exceptions/handlers/el2/el2_low_a64_sync.o
 .debug_str     0x000000000003f95c      0x1d7 bin/obj/arm/exceptions/handlers/el2/el2_cur_sp0_irq.o
 .debug_str     0x000000000003f95c      0x1da bin/obj/arm/exceptions/handlers/el2/el2_cur_sp0_serror.o
 .debug_str     0x000000000003f95c      0x1d7 bin/obj/arm/exceptions/handlers/el2/el2_low_a64_irq.o
 .debug_str     0x000000000003f95c      0x1d7 bin/obj/arm/exceptions/handlers/el2/el2_low_a64_fiq.o
 .debug_str     0x000000000003f95c      0x1d7 bin/obj/arm/exceptions/handlers/el2/el2_cur_spx_fiq.o
 .debug_str     0x000000000003f95c      0x1d7 bin/obj/arm/exceptions/handlers/el2/el2_low_a32_irq.o
 .debug_str     0x000000000003f95c      0x1d7 bin/obj/arm/exceptions/handlers/el2/el2_cur_sp0_fiq.o
 .debug_str     0x000000000003f95c      0x1d7 bin/obj/arm/exceptions/handlers/el2/el2_low_a32_fiq.o
 .debug_str     0x000000000003f95c      0x1d8 bin/obj/arm/exceptions/handlers/el2/el2_cur_spx_sync.o
 .debug_str     0x000000000003f95c      0x1d8 bin/obj/arm/exceptions/handlers/el2/el2_low_a32_sync.o
 .debug_str     0x000000000003f95c      0x1d8 bin/obj/arm/exceptions/handlers/el2/el2_cur_sp0_sync.o
 .debug_str     0x000000000003f95c      0x1d7 bin/obj/arm/exceptions/handlers/el2/el2_cur_spx_irq.o
 .debug_str     0x000000000003f95c      0x36c bin/obj/arm/exceptions/exceptions.o
 .debug_str     0x000000000003f95c      0x389 bin/obj/lib/string.o
 .debug_str     0x000000000003f95c      0x370 bin/obj/lib/memcpy/memcpy.o
 .debug_str     0x000000000003f95c      0x5f4 bin/obj/boot/panic/panic.o
 .debug_str     0x000000000003f95c      0x3ee bin/obj/drivers/arm_generic_timer/arm_generic_timer.o
 .debug_str     0x000000000003f95c      0xafd bin/obj/drivers/tmu/tmu.o
 .debug_str     0x000000000003f95c      0x8e7 bin/obj/drivers/interrupts/gicv3/gicv3.o
 .debug_str     0x000000000003f95c       0x79 bin/obj/drivers/interrupts/irq.o
 .debug_str     0x000000000003f95c      0xe77 bin/obj/drivers/uart/uart.o
 .debug_str     0x000000000003f95c     0x1313 bin/obj/rslib.a(imx8mp_kernel-1a53598e06c50be6.imx8mp_kernel.241a9a11e0e6ae75-cgu.0.rcgu.o)
 .debug_str     0x000000000003f95c    0x3a6b4 bin/obj/rslib.a(core-dca77d77b03929cc.core.bbd04c23a4fa3c72-cgu.0.rcgu.o)
 .debug_str     0x000000000003f95c      0x178 bin/obj/rslib.a(compiler_builtins-fabd8ee97a026881.compiler_builtins.f286be164c3a919f-cgu.099.rcgu.o)
 .debug_str     0x000000000003f95c      0x7b4 bin/obj/rslib.a(compiler_builtins-fabd8ee97a026881.compiler_builtins.f286be164c3a919f-cgu.173.rcgu.o)
 .debug_str     0x000000000003f95c      0x194 bin/obj/rslib.a(compiler_builtins-fabd8ee97a026881.compiler_builtins.f286be164c3a919f-cgu.242.rcgu.o)
 .debug_str     0x000000000003f95c      0x47f bin/obj/rslib.a(compiler_builtins-fabd8ee97a026881.compiler_builtins.f286be164c3a919f-cgu.295.rcgu.o)
 .debug_str     0x000000000003f95c      0x4f9 bin/obj/rslib.a(compiler_builtins-fabd8ee97a026881.compiler_builtins.f286be164c3a919f-cgu.018.rcgu.o)

.debug_rnglists
                0x0000000000000000       0x71
 .debug_rnglists
                0x0000000000000000       0x23 bin/obj/__arm/exceptions/el2_vectors.o
 .debug_rnglists
                0x0000000000000023       0x23 bin/obj/__arm/exceptions/el1_vectors.o
 .debug_rnglists
                0x0000000000000046       0x2b bin/obj/lib/string.o

.comment        0x0000000000000000       0x71
 .comment       0x0000000000000000       0x71 bin/obj/kernel/irq/irq.o
                                         0x46 (size before relaxing)
 .comment       0x0000000000000071       0x46 bin/obj/kernel/devices/drivers.o
 .comment       0x0000000000000071       0x46 bin/obj/kernel/init/init_drivers.o
 .comment       0x0000000000000071       0x46 bin/obj/kernel/init/init.o
 .comment       0x0000000000000071       0x46 bin/obj/kernel/malloc/buddy_allocator.o
 .comment       0x0000000000000071       0x46 bin/obj/kernel/kernel_entry.o
 .comment       0x0000000000000071       0x46 bin/obj/arm/tfa/smccc.o
 .comment       0x0000000000000071       0x46 bin/obj/arm/cpu.o
 .comment       0x0000000000000071       0x46 bin/obj/arm/exceptions/handlers/el1/el1_cur_sp0_fiq.o
 .comment       0x0000000000000071       0x46 bin/obj/arm/exceptions/handlers/el1/el1_low_a32_serror.o
 .comment       0x0000000000000071       0x46 bin/obj/arm/exceptions/handlers/el1/el1_low_a32_fiq.o
 .comment       0x0000000000000071       0x46 bin/obj/arm/exceptions/handlers/el1/el1_low_a64_sync.o
 .comment       0x0000000000000071       0x46 bin/obj/arm/exceptions/handlers/el1/el1_cur_spx_sync.o
 .comment       0x0000000000000071       0x46 bin/obj/arm/exceptions/handlers/el1/el1_cur_spx_fiq.o
 .comment       0x0000000000000071       0x46 bin/obj/arm/exceptions/handlers/el1/el1_cur_spx_irq.o
 .comment       0x0000000000000071       0x46 bin/obj/arm/exceptions/handlers/el1/el1_cur_spx_serror.o
 .comment       0x0000000000000071       0x46 bin/obj/arm/exceptions/handlers/el1/el1_low_a32_irq.o
 .comment       0x0000000000000071       0x46 bin/obj/arm/exceptions/handlers/el1/el1_low_a64_fiq.o
 .comment       0x0000000000000071       0x46 bin/obj/arm/exceptions/handlers/el1/el1_low_a64_irq.o
 .comment       0x0000000000000071       0x46 bin/obj/arm/exceptions/handlers/el1/el1_cur_sp0_sync.o
 .comment       0x0000000000000071       0x46 bin/obj/arm/exceptions/handlers/el1/el1_cur_sp0_irq.o
 .comment       0x0000000000000071       0x46 bin/obj/arm/exceptions/handlers/el1/el1_low_a64_serror.o
 .comment       0x0000000000000071       0x46 bin/obj/arm/exceptions/handlers/el1/el1_low_a32_sync.o
 .comment       0x0000000000000071       0x46 bin/obj/arm/exceptions/handlers/el1/el1_cur_sp0_serror.o
 .comment       0x0000000000000071       0x46 bin/obj/arm/exceptions/handlers/el2/el2_low_a32_serror.o
 .comment       0x0000000000000071       0x46 bin/obj/arm/exceptions/handlers/el2/el2_cur_spx_serror.o
 .comment       0x0000000000000071       0x46 bin/obj/arm/exceptions/handlers/el2/el2_low_a64_serror.o
 .comment       0x0000000000000071       0x46 bin/obj/arm/exceptions/handlers/el2/el2_low_a64_sync.o
 .comment       0x0000000000000071       0x46 bin/obj/arm/exceptions/handlers/el2/el2_cur_sp0_irq.o
 .comment       0x0000000000000071       0x46 bin/obj/arm/exceptions/handlers/el2/el2_cur_sp0_serror.o
 .comment       0x0000000000000071       0x46 bin/obj/arm/exceptions/handlers/el2/el2_low_a64_irq.o
 .comment       0x0000000000000071       0x46 bin/obj/arm/exceptions/handlers/el2/el2_low_a64_fiq.o
 .comment       0x0000000000000071       0x46 bin/obj/arm/exceptions/handlers/el2/el2_cur_spx_fiq.o
 .comment       0x0000000000000071       0x46 bin/obj/arm/exceptions/handlers/el2/el2_low_a32_irq.o
 .comment       0x0000000000000071       0x46 bin/obj/arm/exceptions/handlers/el2/el2_cur_sp0_fiq.o
 .comment       0x0000000000000071       0x46 bin/obj/arm/exceptions/handlers/el2/el2_low_a32_fiq.o
 .comment       0x0000000000000071       0x46 bin/obj/arm/exceptions/handlers/el2/el2_cur_spx_sync.o
 .comment       0x0000000000000071       0x46 bin/obj/arm/exceptions/handlers/el2/el2_low_a32_sync.o
 .comment       0x0000000000000071       0x46 bin/obj/arm/exceptions/handlers/el2/el2_cur_sp0_sync.o
 .comment       0x0000000000000071       0x46 bin/obj/arm/exceptions/handlers/el2/el2_cur_spx_irq.o
 .comment       0x0000000000000071       0x46 bin/obj/arm/exceptions/exceptions.o
 .comment       0x0000000000000071       0x46 bin/obj/lib/string.o
 .comment       0x0000000000000071       0x46 bin/obj/lib/memcpy/memcpy.o
 .comment       0x0000000000000071       0x46 bin/obj/boot/panic/panic.o
 .comment       0x0000000000000071       0x46 bin/obj/drivers/arm_generic_timer/arm_generic_timer.o
 .comment       0x0000000000000071       0x46 bin/obj/drivers/tmu/tmu.o
 .comment       0x0000000000000071       0x46 bin/obj/drivers/interrupts/gicv3/gicv3.o
 .comment       0x0000000000000071       0x46 bin/obj/drivers/interrupts/irq.o
 .comment       0x0000000000000071       0x46 bin/obj/drivers/uart/uart.o
 .comment       0x0000000000000071       0x2d bin/obj/rslib.a(imx8mp_kernel-1a53598e06c50be6.imx8mp_kernel.241a9a11e0e6ae75-cgu.0.rcgu.o)
 .comment       0x0000000000000071       0x2d bin/obj/rslib.a(core-dca77d77b03929cc.core.bbd04c23a4fa3c72-cgu.0.rcgu.o)
 .comment       0x0000000000000071       0x2d bin/obj/rslib.a(compiler_builtins-fabd8ee97a026881.compiler_builtins.f286be164c3a919f-cgu.099.rcgu.o)
 .comment       0x0000000000000071       0x2d bin/obj/rslib.a(compiler_builtins-fabd8ee97a026881.compiler_builtins.f286be164c3a919f-cgu.173.rcgu.o)
 .comment       0x0000000000000071       0x2d bin/obj/rslib.a(compiler_builtins-fabd8ee97a026881.compiler_builtins.f286be164c3a919f-cgu.242.rcgu.o)
 .comment       0x0000000000000071       0x2d bin/obj/rslib.a(compiler_builtins-fabd8ee97a026881.compiler_builtins.f286be164c3a919f-cgu.295.rcgu.o)
 .comment       0x0000000000000071       0x2d bin/obj/rslib.a(compiler_builtins-fabd8ee97a026881.compiler_builtins.f286be164c3a919f-cgu.018.rcgu.o)

.note.GNU-stack
                0x0000000000000000        0x0
 .note.GNU-stack
                0x0000000000000000        0x0 bin/obj/rslib.a(imx8mp_kernel-1a53598e06c50be6.imx8mp_kernel.241a9a11e0e6ae75-cgu.0.rcgu.o)
 .note.GNU-stack
                0x0000000000000000        0x0 bin/obj/rslib.a(core-dca77d77b03929cc.core.bbd04c23a4fa3c72-cgu.0.rcgu.o)
 .note.GNU-stack
                0x0000000000000000        0x0 bin/obj/rslib.a(compiler_builtins-fabd8ee97a026881.compiler_builtins.f286be164c3a919f-cgu.099.rcgu.o)
 .note.GNU-stack
                0x0000000000000000        0x0 bin/obj/rslib.a(compiler_builtins-fabd8ee97a026881.compiler_builtins.f286be164c3a919f-cgu.173.rcgu.o)
 .note.GNU-stack
                0x0000000000000000        0x0 bin/obj/rslib.a(compiler_builtins-fabd8ee97a026881.compiler_builtins.f286be164c3a919f-cgu.242.rcgu.o)
 .note.GNU-stack
                0x0000000000000000        0x0 bin/obj/rslib.a(compiler_builtins-fabd8ee97a026881.compiler_builtins.f286be164c3a919f-cgu.295.rcgu.o)
 .note.GNU-stack
                0x0000000000000000        0x0 bin/obj/rslib.a(compiler_builtins-fabd8ee97a026881.compiler_builtins.f286be164c3a919f-cgu.018.rcgu.o)

.debug_frame    0x0000000000000000     0x76e0
 .debug_frame   0x0000000000000000       0xa8 bin/obj/kernel/irq/irq.o
 .debug_frame   0x00000000000000a8      0x170 bin/obj/kernel/init/init_drivers.o
 .debug_frame   0x0000000000000218       0x40 bin/obj/kernel/init/init.o
 .debug_frame   0x0000000000000258       0x30 bin/obj/kernel/kernel_entry.o
 .debug_frame   0x0000000000000288       0x38 bin/obj/arm/cpu.o
 .debug_frame   0x00000000000002c0       0x30 bin/obj/arm/exceptions/handlers/el1/el1_cur_sp0_fiq.o
 .debug_frame   0x00000000000002f0       0x30 bin/obj/arm/exceptions/handlers/el1/el1_low_a32_serror.o
 .debug_frame   0x0000000000000320       0x30 bin/obj/arm/exceptions/handlers/el1/el1_low_a32_fiq.o
 .debug_frame   0x0000000000000350       0x30 bin/obj/arm/exceptions/handlers/el1/el1_low_a64_sync.o
 .debug_frame   0x0000000000000380       0x30 bin/obj/arm/exceptions/handlers/el1/el1_cur_spx_sync.o
 .debug_frame   0x00000000000003b0       0x30 bin/obj/arm/exceptions/handlers/el1/el1_cur_spx_fiq.o
 .debug_frame   0x00000000000003e0       0x38 bin/obj/arm/exceptions/handlers/el1/el1_cur_spx_irq.o
 .debug_frame   0x0000000000000418       0x30 bin/obj/arm/exceptions/handlers/el1/el1_cur_spx_serror.o
 .debug_frame   0x0000000000000448       0x30 bin/obj/arm/exceptions/handlers/el1/el1_low_a32_irq.o
 .debug_frame   0x0000000000000478       0x30 bin/obj/arm/exceptions/handlers/el1/el1_low_a64_fiq.o
 .debug_frame   0x00000000000004a8       0x30 bin/obj/arm/exceptions/handlers/el1/el1_low_a64_irq.o
 .debug_frame   0x00000000000004d8       0x30 bin/obj/arm/exceptions/handlers/el1/el1_cur_sp0_sync.o
 .debug_frame   0x0000000000000508       0x30 bin/obj/arm/exceptions/handlers/el1/el1_cur_sp0_irq.o
 .debug_frame   0x0000000000000538       0x30 bin/obj/arm/exceptions/handlers/el1/el1_low_a64_serror.o
 .debug_frame   0x0000000000000568       0x30 bin/obj/arm/exceptions/handlers/el1/el1_low_a32_sync.o
 .debug_frame   0x0000000000000598       0x30 bin/obj/arm/exceptions/handlers/el1/el1_cur_sp0_serror.o
 .debug_frame   0x00000000000005c8       0x30 bin/obj/arm/exceptions/handlers/el2/el2_low_a32_serror.o
 .debug_frame   0x00000000000005f8       0x30 bin/obj/arm/exceptions/handlers/el2/el2_cur_spx_serror.o
 .debug_frame   0x0000000000000628       0x30 bin/obj/arm/exceptions/handlers/el2/el2_low_a64_serror.o
 .debug_frame   0x0000000000000658       0x30 bin/obj/arm/exceptions/handlers/el2/el2_low_a64_sync.o
 .debug_frame   0x0000000000000688       0x30 bin/obj/arm/exceptions/handlers/el2/el2_cur_sp0_irq.o
 .debug_frame   0x00000000000006b8       0x30 bin/obj/arm/exceptions/handlers/el2/el2_cur_sp0_serror.o
 .debug_frame   0x00000000000006e8       0x30 bin/obj/arm/exceptions/handlers/el2/el2_low_a64_irq.o
 .debug_frame   0x0000000000000718       0x30 bin/obj/arm/exceptions/handlers/el2/el2_low_a64_fiq.o
 .debug_frame   0x0000000000000748       0x30 bin/obj/arm/exceptions/handlers/el2/el2_cur_spx_fiq.o
 .debug_frame   0x0000000000000778       0x30 bin/obj/arm/exceptions/handlers/el2/el2_low_a32_irq.o
 .debug_frame   0x00000000000007a8       0x30 bin/obj/arm/exceptions/handlers/el2/el2_cur_sp0_fiq.o
 .debug_frame   0x00000000000007d8       0x30 bin/obj/arm/exceptions/handlers/el2/el2_low_a32_fiq.o
 .debug_frame   0x0000000000000808       0x30 bin/obj/arm/exceptions/handlers/el2/el2_cur_spx_sync.o
 .debug_frame   0x0000000000000838       0x30 bin/obj/arm/exceptions/handlers/el2/el2_low_a32_sync.o
 .debug_frame   0x0000000000000868       0x30 bin/obj/arm/exceptions/handlers/el2/el2_cur_sp0_sync.o
 .debug_frame   0x0000000000000898       0x30 bin/obj/arm/exceptions/handlers/el2/el2_cur_spx_irq.o
 .debug_frame   0x00000000000008c8       0xd8 bin/obj/arm/exceptions/exceptions.o
 .debug_frame   0x00000000000009a0       0x80 bin/obj/lib/string.o
 .debug_frame   0x0000000000000a20       0x88 bin/obj/lib/memcpy/memcpy.o
 .debug_frame   0x0000000000000aa8      0x148 bin/obj/boot/panic/panic.o
 .debug_frame   0x0000000000000bf0      0x278 bin/obj/drivers/arm_generic_timer/arm_generic_timer.o
 .debug_frame   0x0000000000000e68      0x978 bin/obj/drivers/tmu/tmu.o
 .debug_frame   0x00000000000017e0      0x6f0 bin/obj/drivers/interrupts/gicv3/gicv3.o
 .debug_frame   0x0000000000001ed0      0xdf8 bin/obj/drivers/uart/uart.o
 .debug_frame   0x0000000000002cc8      0x160 bin/obj/rslib.a(imx8mp_kernel-1a53598e06c50be6.imx8mp_kernel.241a9a11e0e6ae75-cgu.0.rcgu.o)
 .debug_frame   0x0000000000002e28     0x47c0 bin/obj/rslib.a(core-dca77d77b03929cc.core.bbd04c23a4fa3c72-cgu.0.rcgu.o)
 .debug_frame   0x00000000000075e8       0x30 bin/obj/rslib.a(compiler_builtins-fabd8ee97a026881.compiler_builtins.f286be164c3a919f-cgu.099.rcgu.o)
 .debug_frame   0x0000000000007618       0x30 bin/obj/rslib.a(compiler_builtins-fabd8ee97a026881.compiler_builtins.f286be164c3a919f-cgu.173.rcgu.o)
 .debug_frame   0x0000000000007648       0x38 bin/obj/rslib.a(compiler_builtins-fabd8ee97a026881.compiler_builtins.f286be164c3a919f-cgu.242.rcgu.o)
 .debug_frame   0x0000000000007680       0x30 bin/obj/rslib.a(compiler_builtins-fabd8ee97a026881.compiler_builtins.f286be164c3a919f-cgu.295.rcgu.o)
 .debug_frame   0x00000000000076b0       0x30 bin/obj/rslib.a(compiler_builtins-fabd8ee97a026881.compiler_builtins.f286be164c3a919f-cgu.018.rcgu.o)

.debug_loc      0x0000000000000000      0xe57
 .debug_loc     0x0000000000000000      0xe57 bin/obj/rslib.a(imx8mp_kernel-1a53598e06c50be6.imx8mp_kernel.241a9a11e0e6ae75-cgu.0.rcgu.o)

.debug_ranges   0x0000000000000000    0x1bc10
 .debug_ranges  0x0000000000000000      0x640 bin/obj/rslib.a(imx8mp_kernel-1a53598e06c50be6.imx8mp_kernel.241a9a11e0e6ae75-cgu.0.rcgu.o)
 .debug_ranges  0x0000000000000640    0x1b320 bin/obj/rslib.a(core-dca77d77b03929cc.core.bbd04c23a4fa3c72-cgu.0.rcgu.o)
 .debug_ranges  0x000000000001b960       0x90 bin/obj/rslib.a(compiler_builtins-fabd8ee97a026881.compiler_builtins.f286be164c3a919f-cgu.173.rcgu.o)
 .debug_ranges  0x000000000001b9f0       0x90 bin/obj/rslib.a(compiler_builtins-fabd8ee97a026881.compiler_builtins.f286be164c3a919f-cgu.295.rcgu.o)
 .debug_ranges  0x000000000001ba80      0x190 bin/obj/rslib.a(compiler_builtins-fabd8ee97a026881.compiler_builtins.f286be164c3a919f-cgu.018.rcgu.o)
