Archive member included to satisfy reference by file (symbol)

bin/obj/rslib.a(imx8mp_kernel-204570ef989972f2.imx8mp_kernel.928a937ea4bca2b5-cgu.0.rcgu.o)
                              bin/obj/drivers/uart/uart.o (UART_rxbuf_push)
bin/obj/rslib.a(core-9bc28a7f9131c3bd.core.d226853cd57cf678-cgu.0.rcgu.o)
                              bin/obj/rslib.a(imx8mp_kernel-204570ef989972f2.imx8mp_kernel.928a937ea4bca2b5-cgu.0.rcgu.o) (core::panicking::panic_bounds_check)
bin/obj/rslib.a(compiler_builtins-f062c31c443b6323.compiler_builtins.9d65875af80bedf9-cgu.155.rcgu.o)
                              bin/obj/rslib.a(core-9bc28a7f9131c3bd.core.d226853cd57cf678-cgu.0.rcgu.o) (__udivti3)
bin/obj/rslib.a(compiler_builtins-f062c31c443b6323.compiler_builtins.9d65875af80bedf9-cgu.167.rcgu.o)
                              bin/obj/rslib.a(core-9bc28a7f9131c3bd.core.d226853cd57cf678-cgu.0.rcgu.o) (memcmp)
bin/obj/rslib.a(compiler_builtins-f062c31c443b6323.compiler_builtins.9d65875af80bedf9-cgu.195.rcgu.o)
                              bin/obj/rslib.a(core-9bc28a7f9131c3bd.core.d226853cd57cf678-cgu.0.rcgu.o) (memset)
bin/obj/rslib.a(compiler_builtins-f062c31c443b6323.compiler_builtins.9d65875af80bedf9-cgu.254.rcgu.o)
                              bin/obj/rslib.a(imx8mp_kernel-204570ef989972f2.imx8mp_kernel.928a937ea4bca2b5-cgu.0.rcgu.o) (memcpy)
bin/obj/rslib.a(compiler_builtins-f062c31c443b6323.compiler_builtins.9d65875af80bedf9-cgu.010.rcgu.o)
                              bin/obj/rslib.a(compiler_builtins-f062c31c443b6323.compiler_builtins.9d65875af80bedf9-cgu.155.rcgu.o) (compiler_builtins::int::specialized_div_rem::u128_div_rem)

Discarded input sections

 .llvmbc        0x0000000000000000   0x144a54 bin/obj/rslib.a(core-9bc28a7f9131c3bd.core.d226853cd57cf678-cgu.0.rcgu.o)
 .llvmcmd       0x0000000000000000        0x0 bin/obj/rslib.a(core-9bc28a7f9131c3bd.core.d226853cd57cf678-cgu.0.rcgu.o)
 .llvmbc        0x0000000000000000      0xbe0 bin/obj/rslib.a(compiler_builtins-f062c31c443b6323.compiler_builtins.9d65875af80bedf9-cgu.155.rcgu.o)
 .llvmcmd       0x0000000000000000        0x0 bin/obj/rslib.a(compiler_builtins-f062c31c443b6323.compiler_builtins.9d65875af80bedf9-cgu.155.rcgu.o)
 .llvmbc        0x0000000000000000      0xbd4 bin/obj/rslib.a(compiler_builtins-f062c31c443b6323.compiler_builtins.9d65875af80bedf9-cgu.167.rcgu.o)
 .llvmcmd       0x0000000000000000        0x0 bin/obj/rslib.a(compiler_builtins-f062c31c443b6323.compiler_builtins.9d65875af80bedf9-cgu.167.rcgu.o)
 .llvmbc        0x0000000000000000      0xbd0 bin/obj/rslib.a(compiler_builtins-f062c31c443b6323.compiler_builtins.9d65875af80bedf9-cgu.195.rcgu.o)
 .llvmcmd       0x0000000000000000        0x0 bin/obj/rslib.a(compiler_builtins-f062c31c443b6323.compiler_builtins.9d65875af80bedf9-cgu.195.rcgu.o)
 .llvmbc        0x0000000000000000      0xbd0 bin/obj/rslib.a(compiler_builtins-f062c31c443b6323.compiler_builtins.9d65875af80bedf9-cgu.254.rcgu.o)
 .llvmcmd       0x0000000000000000        0x0 bin/obj/rslib.a(compiler_builtins-f062c31c443b6323.compiler_builtins.9d65875af80bedf9-cgu.254.rcgu.o)
 .llvmbc        0x0000000000000000     0x2d54 bin/obj/rslib.a(compiler_builtins-f062c31c443b6323.compiler_builtins.9d65875af80bedf9-cgu.010.rcgu.o)
 .llvmcmd       0x0000000000000000        0x0 bin/obj/rslib.a(compiler_builtins-f062c31c443b6323.compiler_builtins.9d65875af80bedf9-cgu.010.rcgu.o)

Memory Configuration

Name             Origin             Length             Attributes
*default*        0x0000000000000000 0xffffffffffffffff

Linker script and memory map

                0x0000000040000000                . = 0x40000000

.text           0x0000000040000000    0x29580
                0x0000000040000000                __text_start = .
 *(.text.boot)
 .text.boot     0x0000000040000000       0x40 bin/obj/__boot/boot.o
                0x0000000040000000                _start
 *(.text*)
 .text          0x0000000040000040       0x40 bin/obj/__arm/cache/cache.o
                0x0000000040000040                _cache_flush_range
 .text          0x0000000040000080       0x3c bin/obj/__arm/cache/icache.o
                0x0000000040000080                _icache_flush_range
 .text          0x00000000400000bc       0x3c bin/obj/__arm/cache/dcache.o
                0x00000000400000bc                _dcache_flush_range
 .text          0x00000000400000f8       0x74 bin/obj/__arm/sysregs.o
                0x00000000400000f8                _ARM_currentEL
                0x0000000040000104                _ARM_MPIDR_EL1
                0x000000004000010c                _ARM_ICC_SRE_EL2
                0x0000000040000114                _ARM_HCR_EL2
                0x000000004000011c                _ARM_ESR_EL2
                0x0000000040000124                _ARM_ELR_EL2
                0x000000004000012c                _ARM_FAR_EL2
                0x0000000040000134                _ARM_SPSR_EL2
                0x000000004000013c                _ARM_ESR_EL1
                0x0000000040000144                _ARM_ELR_EL1
                0x000000004000014c                _ARM_FAR_EL1
                0x0000000040000154                _ARM_SPSR_EL1
                0x000000004000015c                _ARM_SCTLR_EL1
                0x0000000040000164                _ARM_SCTLR_EL2
 *fill*         0x000000004000016c      0x694 
 .text          0x0000000040000800     0x1100 bin/obj/__arm/exceptions/el2_vectors.o
                0x0000000040000800                _el2_init_vector
 .text          0x0000000040001900       0x68 bin/obj/__arm/exceptions/exceptions.o
                0x0000000040001900                _exceptions_get_DAIF
                0x0000000040001908                _fiq_exceptions_enable
                0x0000000040001914                _irq_exceptions_enable
                0x0000000040001920                _serror_exceptions_enable
                0x000000004000192c                _debug_exceptions_enable
                0x0000000040001938                _fiq_exceptions_disable
                0x0000000040001944                _irq_exceptions_disable
                0x0000000040001950                _serror_exceptions_disable
                0x000000004000195c                _debug_exceptions_disable
 *fill*         0x0000000040001968      0x698 
 .text          0x0000000040002000     0x1100 bin/obj/__arm/exceptions/el1_vectors.o
                0x0000000040002000                _el1_init_vector
 .text          0x0000000040003100      0x250 bin/obj/__lib/memcpy/memcpy.o
                0x0000000040003100                _memcpy
                0x0000000040003210                _memcpy64
                0x0000000040003240                _memcpy32
                0x0000000040003270                _memcpy16
                0x00000000400032a0                _memcpy8
                0x00000000400032d0                _memcpy4
                0x0000000040003300                _memcpy2
                0x0000000040003330                _memcpy1
 .text          0x0000000040003350       0x58 bin/obj/__boot/clean_bss.o
                0x0000000040003350                _clean_bss
 .text          0x00000000400033a8        0x0 bin/obj/__boot/boot.o
 *fill*         0x00000000400033a8        0x8 
 .text          0x00000000400033b0       0xc0 bin/obj/__boot/el1.o
                0x00000000400033b0                _switch_to_el1
                0x0000000040003420                _el1_entry
 .text          0x0000000040003470       0x68 bin/obj/__boot/panic/panic.o
                0x0000000040003470                _panic_exception_save_gpr
 *fill*         0x00000000400034d8        0x8 
 .text          0x00000000400034e0       0x34 bin/obj/__drivers/interrupts/gicv3/gicv3_arm_interface.o
                0x00000000400034e0                GICV3_ARM_ICC_SRE_EL1_write
                0x00000000400034ec                GICV3_ARM_ICC_PMR_EL1_write
                0x00000000400034f8                GICV3_ARM_ICC_IGRPEN1_EL1_EL1_write
                0x0000000040003504                GICV3_ARM_ICC_IAR1_EL1_read
                0x000000004000350c                GICV3_ARM_ICC_EOIR1_EL1_write
 .text          0x0000000040003514      0x188 bin/obj/kernel/irq/irq.o
                0x0000000040003670                kernel_handle_irq
 .text          0x000000004000369c       0x5c bin/obj/kernel/init/init_drivers.o
 .text          0x00000000400036f8      0x114 bin/obj/kernel/init/init.o
                0x00000000400036f8                kernel_init
 .text          0x000000004000380c        0x0 bin/obj/kernel/malloc/buddy_allocator.o
 .text          0x000000004000380c       0x50 bin/obj/kernel/kernel_entry.o
                0x000000004000380c                kernel_entry
 .text          0x000000004000385c       0x58 bin/obj/arm/cpu.o
                0x000000004000385c                ARM_get_cpu_affinity
 .text          0x00000000400038b4       0x54 bin/obj/arm/exceptions/handlers/el1/el1_cur_sp0_fiq.o
                0x00000000400038b4                el1_cur_sp0_fiq_handler
 .text          0x0000000040003908       0x54 bin/obj/arm/exceptions/handlers/el1/el1_low_a32_serror.o
                0x0000000040003908                el1_low_a32_serror_handler
 .text          0x000000004000395c       0x54 bin/obj/arm/exceptions/handlers/el1/el1_low_a32_fiq.o
                0x000000004000395c                el1_low_a32_fiq_handler
 .text          0x00000000400039b0       0x54 bin/obj/arm/exceptions/handlers/el1/el1_low_a64_sync.o
                0x00000000400039b0                el1_low_a64_sync_handler
 .text          0x0000000040003a04       0x54 bin/obj/arm/exceptions/handlers/el1/el1_cur_spx_sync.o
                0x0000000040003a04                el1_cur_spx_sync_handler
 .text          0x0000000040003a58       0x54 bin/obj/arm/exceptions/handlers/el1/el1_cur_spx_fiq.o
                0x0000000040003a58                el1_cur_spx_fiq_handler
 .text          0x0000000040003aac       0x30 bin/obj/arm/exceptions/handlers/el1/el1_cur_spx_irq.o
                0x0000000040003aac                el1_cur_spx_irq_handler
 .text          0x0000000040003adc       0x54 bin/obj/arm/exceptions/handlers/el1/el1_cur_spx_serror.o
                0x0000000040003adc                el1_cur_spx_serror_handler
 .text          0x0000000040003b30       0x54 bin/obj/arm/exceptions/handlers/el1/el1_low_a32_irq.o
                0x0000000040003b30                el1_low_a32_irq_handler
 .text          0x0000000040003b84       0x54 bin/obj/arm/exceptions/handlers/el1/el1_low_a64_fiq.o
                0x0000000040003b84                el1_low_a64_fiq_handler
 .text          0x0000000040003bd8       0x54 bin/obj/arm/exceptions/handlers/el1/el1_low_a64_irq.o
                0x0000000040003bd8                el1_low_a64_irq_handler
 .text          0x0000000040003c2c       0x54 bin/obj/arm/exceptions/handlers/el1/el1_cur_sp0_sync.o
                0x0000000040003c2c                el1_cur_sp0_sync_handler
 .text          0x0000000040003c80       0x54 bin/obj/arm/exceptions/handlers/el1/el1_cur_sp0_irq.o
                0x0000000040003c80                el1_cur_sp0_irq_handler
 .text          0x0000000040003cd4       0x54 bin/obj/arm/exceptions/handlers/el1/el1_low_a64_serror.o
                0x0000000040003cd4                el1_low_a64_serror_handler
 .text          0x0000000040003d28       0x54 bin/obj/arm/exceptions/handlers/el1/el1_low_a32_sync.o
                0x0000000040003d28                el1_low_a32_sync_handler
 .text          0x0000000040003d7c       0x54 bin/obj/arm/exceptions/handlers/el1/el1_cur_sp0_serror.o
                0x0000000040003d7c                el1_cur_sp0_serror_handler
 .text          0x0000000040003dd0       0x54 bin/obj/arm/exceptions/handlers/el2/el2_low_a32_serror.o
                0x0000000040003dd0                el2_low_a32_serror_handler
 .text          0x0000000040003e24       0x54 bin/obj/arm/exceptions/handlers/el2/el2_cur_spx_serror.o
                0x0000000040003e24                el2_cur_spx_serror_handler
 .text          0x0000000040003e78       0x54 bin/obj/arm/exceptions/handlers/el2/el2_low_a64_serror.o
                0x0000000040003e78                el2_low_a64_serror_handler
 .text          0x0000000040003ecc       0x54 bin/obj/arm/exceptions/handlers/el2/el2_low_a64_sync.o
                0x0000000040003ecc                el2_low_a64_sync_handler
 .text          0x0000000040003f20       0x54 bin/obj/arm/exceptions/handlers/el2/el2_cur_sp0_irq.o
                0x0000000040003f20                el2_cur_sp0_irq_handler
 .text          0x0000000040003f74       0x54 bin/obj/arm/exceptions/handlers/el2/el2_cur_sp0_serror.o
                0x0000000040003f74                el2_cur_sp0_serror_handler
 .text          0x0000000040003fc8       0x54 bin/obj/arm/exceptions/handlers/el2/el2_low_a64_irq.o
                0x0000000040003fc8                el2_low_a64_irq_handler
 .text          0x000000004000401c       0x54 bin/obj/arm/exceptions/handlers/el2/el2_low_a64_fiq.o
                0x000000004000401c                el2_low_a64_fiq_handler
 .text          0x0000000040004070       0x54 bin/obj/arm/exceptions/handlers/el2/el2_cur_spx_fiq.o
                0x0000000040004070                el2_cur_spx_fiq_handler
 .text          0x00000000400040c4       0x54 bin/obj/arm/exceptions/handlers/el2/el2_low_a32_irq.o
                0x00000000400040c4                el2_low_a32_irq_handler
 .text          0x0000000040004118       0x54 bin/obj/arm/exceptions/handlers/el2/el2_cur_sp0_fiq.o
                0x0000000040004118                el2_cur_sp0_fiq_handler
 .text          0x000000004000416c       0x54 bin/obj/arm/exceptions/handlers/el2/el2_low_a32_fiq.o
                0x000000004000416c                el2_low_a32_fiq_handler
 .text          0x00000000400041c0       0x54 bin/obj/arm/exceptions/handlers/el2/el2_cur_spx_sync.o
                0x00000000400041c0                el2_cur_spx_sync_handler
 .text          0x0000000040004214       0x54 bin/obj/arm/exceptions/handlers/el2/el2_low_a32_sync.o
                0x0000000040004214                el2_low_a32_sync_handler
 .text          0x0000000040004268       0x54 bin/obj/arm/exceptions/handlers/el2/el2_cur_sp0_sync.o
                0x0000000040004268                el2_cur_sp0_sync_handler
 .text          0x00000000400042bc       0x54 bin/obj/arm/exceptions/handlers/el2/el2_cur_spx_irq.o
                0x00000000400042bc                el2_cur_spx_irq_handler
 .text          0x0000000040004310      0x2ac bin/obj/arm/exceptions/exceptions.o
                0x0000000040004310                ARM_exceptions_get_status
                0x00000000400043a4                ARM_exceptions_set_status
                0x00000000400044c0                ARM_exceptions_enable
                0x0000000040004534                ARM_exceptions_disable
                0x00000000400045a8                ARM_get_exception_level
 .text          0x00000000400045bc      0x7ec bin/obj/lib/string.o
                0x00000000400045bc                strcopy
                0x0000000040004650                uint8_to_ascii_char
                0x00000000400046c8                stdint_to_ascii
 .text          0x0000000040004da8      0x418 bin/obj/lib/memcpy/memcpy.o
                0x0000000040004da8                memcpy64_aligned
                0x0000000040004efc                memcpy64
                0x0000000040004f98                test_memcpy
 .text          0x00000000400051c0      0x78c bin/obj/boot/panic/panic.o
                0x000000004000520c                init_panic
                0x0000000040005314                set_panic
                0x0000000040005394                panic
                0x0000000040005540                set_and_throw_panic
 .text          0x000000004000594c      0xcc8 bin/obj/drivers/interrupts/gicv3/gicv3.o
                0x00000000400060d4                GICV3_set_spi_group1ns
                0x0000000040006144                GICV3_route_spi_to_cpu
                0x00000000400061c0                GICV3_route_spi_to_self
                0x00000000400061e8                GICV3_enable_spi
                0x0000000040006238                GICV3_set_priority
                0x00000000400062a8                GICV3_set_edge_triggered
                0x0000000040006314                GICV3_set_level_sensitive
                0x0000000040006380                GICV3_wake_redistributor
                0x000000004000641c                GICV3_init_distributor
                0x0000000040006458                GICV3_init_cpu
                0x000000004000647c                uart_irq_init
                0x00000000400064c8                GICV3_get_intid_el1
                0x00000000400064e0                GICV3_imx8mp_irq_from_intid
                0x00000000400065f4                GICV3_ack_intid_el1
 .text          0x0000000040006614        0x0 bin/obj/drivers/interrupts/irq.o
 .text          0x0000000040006614     0x2108 bin/obj/drivers/uart/uart.o
                0x00000000400074a8                UART_putc_sync
                0x0000000040007508                UART_putc
                0x00000000400075ec                UART_puts
                0x0000000040007710                UART_reset
                0x0000000040007768                UART_init_stage0
                0x00000000400079ec                UART_init_stage1
                0x0000000040007a48                UART_init
                0x0000000040007ce4                UART_read
                0x0000000040007d0c                UART_get_irq_sources
                0x00000000400083ac                unhandled_irq_source
                0x0000000040008698                UART_handle_irq
 .text          0x000000004000871c        0x0 bin/obj/rslib.a(imx8mp_kernel-204570ef989972f2.imx8mp_kernel.928a937ea4bca2b5-cgu.0.rcgu.o)
 .text._ZN4core5panic10panic_info12PanicMessage6as_str17hff4c20453d03ca71E
                0x000000004000871c       0x40 bin/obj/rslib.a(imx8mp_kernel-204570ef989972f2.imx8mp_kernel.928a937ea4bca2b5-cgu.0.rcgu.o)
 .text.UART_rxbuf_push
                0x000000004000875c      0x224 bin/obj/rslib.a(imx8mp_kernel-204570ef989972f2.imx8mp_kernel.928a937ea4bca2b5-cgu.0.rcgu.o)
                0x000000004000875c                UART_rxbuf_push
 .text.UART_txbuf_push
                0x0000000040008980      0x228 bin/obj/rslib.a(imx8mp_kernel-204570ef989972f2.imx8mp_kernel.928a937ea4bca2b5-cgu.0.rcgu.o)
                0x0000000040008980                UART_txbuf_push
 .text.UART_txbuf_pop
                0x0000000040008ba8      0x270 bin/obj/rslib.a(imx8mp_kernel-204570ef989972f2.imx8mp_kernel.928a937ea4bca2b5-cgu.0.rcgu.o)
                0x0000000040008ba8                UART_txbuf_pop
 .text.UART_rxbuf_pop
                0x0000000040008e18      0x26c bin/obj/rslib.a(imx8mp_kernel-204570ef989972f2.imx8mp_kernel.928a937ea4bca2b5-cgu.0.rcgu.o)
                0x0000000040008e18                UART_rxbuf_pop
 .text.rust_kernel_initcalls_stage0
                0x0000000040009084        0x4 bin/obj/rslib.a(imx8mp_kernel-204570ef989972f2.imx8mp_kernel.928a937ea4bca2b5-cgu.0.rcgu.o)
                0x0000000040009084                rust_kernel_initcalls_stage1
                0x0000000040009084                rust_kernel_initcalls_stage2
                0x0000000040009084                rust_kernel_initcalls_stage0
 .text.pow2_ring_buffer_new
                0x0000000040009088       0x70 bin/obj/rslib.a(imx8mp_kernel-204570ef989972f2.imx8mp_kernel.928a937ea4bca2b5-cgu.0.rcgu.o)
                0x0000000040009088                pow2_ring_buffer_new
 .text.pow2_ring_buffer_push
                0x00000000400090f8       0xbc bin/obj/rslib.a(imx8mp_kernel-204570ef989972f2.imx8mp_kernel.928a937ea4bca2b5-cgu.0.rcgu.o)
                0x00000000400090f8                pow2_ring_buffer_push
 .text.pow2_ring_buffer_pop
                0x00000000400091b4       0x90 bin/obj/rslib.a(imx8mp_kernel-204570ef989972f2.imx8mp_kernel.928a937ea4bca2b5-cgu.0.rcgu.o)
                0x00000000400091b4                pow2_ring_buffer_pop
 .text._ZN13imx8mp_kernel3lib6buffer9pow2_ring33RsPow2RingBuffer$LT$T$C$_$C$_$GT$4push17hb82a31dfb1429638E
                0x0000000040009244       0x48 bin/obj/rslib.a(imx8mp_kernel-204570ef989972f2.imx8mp_kernel.928a937ea4bca2b5-cgu.0.rcgu.o)
 .text._ZN13imx8mp_kernel3lib6buffer9pow2_ring33RsPow2RingBuffer$LT$T$C$_$C$_$GT$3pop17h56cc4efe4737ae32E
                0x000000004000928c       0x44 bin/obj/rslib.a(imx8mp_kernel-204570ef989972f2.imx8mp_kernel.928a937ea4bca2b5-cgu.0.rcgu.o)
 .text.unlikely.rust_test_panic
                0x00000000400092d0       0x2c bin/obj/rslib.a(imx8mp_kernel-204570ef989972f2.imx8mp_kernel.928a937ea4bca2b5-cgu.0.rcgu.o)
                0x00000000400092d0                rust_test_panic
 .text._RNvCs73fAdSrgOJL_7___rustc17rust_begin_unwind
                0x00000000400092fc       0xf4 bin/obj/rslib.a(imx8mp_kernel-204570ef989972f2.imx8mp_kernel.928a937ea4bca2b5-cgu.0.rcgu.o)
                0x00000000400092fc                __rustc::rust_begin_unwind
 .text          0x00000000400093f0        0x0 bin/obj/rslib.a(core-9bc28a7f9131c3bd.core.d226853cd57cf678-cgu.0.rcgu.o)
 .text._ZN4core3num7dec2flt11decimal_seq10DecimalSeq4trim17h239225fef6553793E
                0x00000000400093f0       0x50 bin/obj/rslib.a(core-9bc28a7f9131c3bd.core.d226853cd57cf678-cgu.0.rcgu.o)
                0x00000000400093f0                core::num::dec2flt::decimal_seq::DecimalSeq::trim
 .text._ZN4core3num7dec2flt11decimal_seq10DecimalSeq5round17hcd99f9eef6925b1dE
                0x0000000040009440       0xb4 bin/obj/rslib.a(core-9bc28a7f9131c3bd.core.d226853cd57cf678-cgu.0.rcgu.o)
                0x0000000040009440                core::num::dec2flt::decimal_seq::DecimalSeq::round
 .text._ZN4core3num7dec2flt11decimal_seq10DecimalSeq10left_shift17h704ff9fb5187922cE
                0x00000000400094f4      0x210 bin/obj/rslib.a(core-9bc28a7f9131c3bd.core.d226853cd57cf678-cgu.0.rcgu.o)
                0x00000000400094f4                core::num::dec2flt::decimal_seq::DecimalSeq::left_shift
 .text._ZN4core3num7dec2flt11decimal_seq10DecimalSeq11right_shift17h8db82994b3c2bf14E
                0x0000000040009704      0x1c0 bin/obj/rslib.a(core-9bc28a7f9131c3bd.core.d226853cd57cf678-cgu.0.rcgu.o)
                0x0000000040009704                core::num::dec2flt::decimal_seq::DecimalSeq::right_shift
 .text._ZN4core3num7dec2flt11decimal_seq17parse_decimal_seq17hbb02b8b8ca85be1cE
                0x00000000400098c4      0x458 bin/obj/rslib.a(core-9bc28a7f9131c3bd.core.d226853cd57cf678-cgu.0.rcgu.o)
                0x00000000400098c4                core::num::dec2flt::decimal_seq::parse_decimal_seq
 .text._ZN59_$LT$f32$u20$as$u20$core..num..dec2flt..float..RawFloat$GT$15pow10_fast_path17h7b92d2a3e72c541eE
                0x0000000040009d1c       0x14 bin/obj/rslib.a(core-9bc28a7f9131c3bd.core.d226853cd57cf678-cgu.0.rcgu.o)
                0x0000000040009d1c                <f32 as core::num::dec2flt::float::RawFloat>::pow10_fast_path
 .text._ZN59_$LT$f64$u20$as$u20$core..num..dec2flt..float..RawFloat$GT$15pow10_fast_path17hda41ea29af23df86E
                0x0000000040009d30       0x14 bin/obj/rslib.a(core-9bc28a7f9131c3bd.core.d226853cd57cf678-cgu.0.rcgu.o)
                0x0000000040009d30                <f64 as core::num::dec2flt::float::RawFloat>::pow10_fast_path
 .text._ZN4core3num7dec2flt6lemire13compute_float17h62e7558d2cc8ca41E
                0x0000000040009d44      0x150 bin/obj/rslib.a(core-9bc28a7f9131c3bd.core.d226853cd57cf678-cgu.0.rcgu.o)
 .text._ZN4core3num7dec2flt6lemire13compute_float17h6aa166906e1074a5E
                0x0000000040009e94      0x150 bin/obj/rslib.a(core-9bc28a7f9131c3bd.core.d226853cd57cf678-cgu.0.rcgu.o)
 .text._ZN4core3num7dec2flt6lemire13compute_float17hef96d143e35827f2E
                0x0000000040009fe4      0x12c bin/obj/rslib.a(core-9bc28a7f9131c3bd.core.d226853cd57cf678-cgu.0.rcgu.o)
 .text._ZN4core3num7dec2flt6lemire22compute_product_approx17h9e1a88b957d01469E
                0x000000004000a110       0x6c bin/obj/rslib.a(core-9bc28a7f9131c3bd.core.d226853cd57cf678-cgu.0.rcgu.o)
                0x000000004000a110                core::num::dec2flt::lemire::compute_product_approx
 .text._ZN4core3num7dec2flt5parse12parse_number17hbca92825f9b664e4E
                0x000000004000a17c      0x4f4 bin/obj/rslib.a(core-9bc28a7f9131c3bd.core.d226853cd57cf678-cgu.0.rcgu.o)
                0x000000004000a17c                core::num::dec2flt::parse::parse_number
 .text._ZN74_$LT$core..num..dec2flt..ParseFloatError$u20$as$u20$core..fmt..Display$GT$3fmt17h496ce0b7b985998bE
                0x000000004000a670       0x30 bin/obj/rslib.a(core-9bc28a7f9131c3bd.core.d226853cd57cf678-cgu.0.rcgu.o)
                0x000000004000a670                <core::num::dec2flt::ParseFloatError as core::fmt::Display>::fmt
 .text._ZN4core3num9diy_float2Fp3mul17h8519799e05f14d06E
                0x000000004000a6a0       0x18 bin/obj/rslib.a(core-9bc28a7f9131c3bd.core.d226853cd57cf678-cgu.0.rcgu.o)
                0x000000004000a6a0                core::num::diy_float::Fp::mul
 .text._ZN4core3num9diy_float2Fp9normalize17h9ed65dc8c2333c5aE
                0x000000004000a6b8       0x10 bin/obj/rslib.a(core-9bc28a7f9131c3bd.core.d226853cd57cf678-cgu.0.rcgu.o)
                0x000000004000a6b8                core::num::diy_float::Fp::normalize
 .text._ZN4core3num9diy_float2Fp12normalize_to17heb6e4683b3c29736E
                0x000000004000a6c8       0x80 bin/obj/rslib.a(core-9bc28a7f9131c3bd.core.d226853cd57cf678-cgu.0.rcgu.o)
                0x000000004000a6c8                core::num::diy_float::Fp::normalize_to
 .text._ZN4core3num7flt2dec9estimator23estimate_scaling_factor17h2f9855900c15d5c5E
                0x000000004000a748       0x30 bin/obj/rslib.a(core-9bc28a7f9131c3bd.core.d226853cd57cf678-cgu.0.rcgu.o)
                0x000000004000a748                core::num::flt2dec::estimator::estimate_scaling_factor
 .text._ZN4core3num7flt2dec8strategy6dragon9mul_pow1017h592e831f8fcec2a0E
                0x000000004000a778      0x1ec bin/obj/rslib.a(core-9bc28a7f9131c3bd.core.d226853cd57cf678-cgu.0.rcgu.o)
                0x000000004000a778                core::num::flt2dec::strategy::dragon::mul_pow10
 .text._ZN4core3num7flt2dec8strategy6dragon15format_shortest17h97a13c12311f8182E
                0x000000004000a964      0xb74 bin/obj/rslib.a(core-9bc28a7f9131c3bd.core.d226853cd57cf678-cgu.0.rcgu.o)
                0x000000004000a964                core::num::flt2dec::strategy::dragon::format_shortest
 .text._ZN4core3num7flt2dec8strategy6dragon12format_exact17h585a42357806ac2bE
                0x000000004000b4d8      0xa0c bin/obj/rslib.a(core-9bc28a7f9131c3bd.core.d226853cd57cf678-cgu.0.rcgu.o)
                0x000000004000b4d8                core::num::flt2dec::strategy::dragon::format_exact
 .text._ZN4core3num7flt2dec8strategy5grisu12cached_power17h0fb1cb16214fe432E
                0x000000004000bee4       0x74 bin/obj/rslib.a(core-9bc28a7f9131c3bd.core.d226853cd57cf678-cgu.0.rcgu.o)
                0x000000004000bee4                core::num::flt2dec::strategy::grisu::cached_power
 .text._ZN4core3num7flt2dec8strategy5grisu19format_shortest_opt17h415f579398a1be5dE
                0x000000004000bf58      0x5d4 bin/obj/rslib.a(core-9bc28a7f9131c3bd.core.d226853cd57cf678-cgu.0.rcgu.o)
                0x000000004000bf58                core::num::flt2dec::strategy::grisu::format_shortest_opt
 .text._ZN4core3num7flt2dec8strategy5grisu15format_shortest17h196a2cb9b24df22dE
                0x000000004000c52c       0x7c bin/obj/rslib.a(core-9bc28a7f9131c3bd.core.d226853cd57cf678-cgu.0.rcgu.o)
                0x000000004000c52c                core::num::flt2dec::strategy::grisu::format_shortest
 .text._ZN4core3num7flt2dec8strategy5grisu16format_exact_opt17hda1eb93170edd273E
                0x000000004000c5a8      0x384 bin/obj/rslib.a(core-9bc28a7f9131c3bd.core.d226853cd57cf678-cgu.0.rcgu.o)
                0x000000004000c5a8                core::num::flt2dec::strategy::grisu::format_exact_opt
 .text._ZN4core3num7flt2dec8strategy5grisu16format_exact_opt14possibly_round17h6f4836bc1d8795f1E
                0x000000004000c92c      0x1fc bin/obj/rslib.a(core-9bc28a7f9131c3bd.core.d226853cd57cf678-cgu.0.rcgu.o)
 .text._ZN4core3num7flt2dec8strategy5grisu12format_exact17h7cdc457c17b032e7E
                0x000000004000cb28       0x90 bin/obj/rslib.a(core-9bc28a7f9131c3bd.core.d226853cd57cf678-cgu.0.rcgu.o)
                0x000000004000cb28                core::num::flt2dec::strategy::grisu::format_exact
 .text._ZN4core3num7flt2dec8round_up17hda0625987046ce83E
                0x000000004000cbb8       0xbc bin/obj/rslib.a(core-9bc28a7f9131c3bd.core.d226853cd57cf678-cgu.0.rcgu.o)
                0x000000004000cbb8                core::num::flt2dec::round_up
 .text._ZN4core3num7flt2dec17digits_to_dec_str17h7fcf97d9ea33742bE
                0x000000004000cc74      0x168 bin/obj/rslib.a(core-9bc28a7f9131c3bd.core.d226853cd57cf678-cgu.0.rcgu.o)
                0x000000004000cc74                core::num::flt2dec::digits_to_dec_str
 .text._ZN4core3num7flt2dec17digits_to_exp_str17h8fc96d380e57781dE
                0x000000004000cddc      0x168 bin/obj/rslib.a(core-9bc28a7f9131c3bd.core.d226853cd57cf678-cgu.0.rcgu.o)
                0x000000004000cddc                core::num::flt2dec::digits_to_exp_str
 .text._ZN4core3num3fmt4Part5write17hc88d48034308cf44E
                0x000000004000cf44      0x19c bin/obj/rslib.a(core-9bc28a7f9131c3bd.core.d226853cd57cf678-cgu.0.rcgu.o)
                0x000000004000cf44                core::num::fmt::Part::write
 .text._ZN4core3num3fmt9Formatted3len17hbe3d360a34d7e93dE
                0x000000004000d0e0       0x94 bin/obj/rslib.a(core-9bc28a7f9131c3bd.core.d226853cd57cf678-cgu.0.rcgu.o)
                0x000000004000d0e0                core::num::fmt::Formatted::len
 .text._ZN4core3num3fmt9Formatted5write17he64ac26e600559a4E
                0x000000004000d174       0xbc bin/obj/rslib.a(core-9bc28a7f9131c3bd.core.d226853cd57cf678-cgu.0.rcgu.o)
                0x000000004000d174                core::num::fmt::Formatted::write
 .text._ZN72_$LT$core..num..error..TryFromIntError$u20$as$u20$core..fmt..Display$GT$3fmt17h05fbaff2600b8487E
                0x000000004000d230       0x14 bin/obj/rslib.a(core-9bc28a7f9131c3bd.core.d226853cd57cf678-cgu.0.rcgu.o)
                0x000000004000d230                <core::num::error::TryFromIntError as core::fmt::Display>::fmt
 .text._ZN70_$LT$core..num..error..ParseIntError$u20$as$u20$core..fmt..Display$GT$3fmt17hc12b04f0a82537ffE
                0x000000004000d244       0x28 bin/obj/rslib.a(core-9bc28a7f9131c3bd.core.d226853cd57cf678-cgu.0.rcgu.o)
                0x000000004000d244                <core::num::error::ParseIntError as core::fmt::Display>::fmt
 .text.unlikely._ZN4core3num9int_log1030panic_for_nonpositive_argument17h77476f76d1302d4cE
                0x000000004000d26c       0x34 bin/obj/rslib.a(core-9bc28a7f9131c3bd.core.d226853cd57cf678-cgu.0.rcgu.o)
                0x000000004000d26c                core::num::int_log10::panic_for_nonpositive_argument
 .text.unlikely._ZN4core3num8int_sqrt27panic_for_negative_argument17h73425c538236248aE
                0x000000004000d2a0       0x34 bin/obj/rslib.a(core-9bc28a7f9131c3bd.core.d226853cd57cf678-cgu.0.rcgu.o)
                0x000000004000d2a0                core::num::int_sqrt::panic_for_negative_argument
 .text.unlikely._ZN4core3num14overflow_panic3add17h9e04a06944073695E
                0x000000004000d2d4       0x34 bin/obj/rslib.a(core-9bc28a7f9131c3bd.core.d226853cd57cf678-cgu.0.rcgu.o)
                0x000000004000d2d4                core::num::overflow_panic::add
 .text.unlikely._ZN4core3num14overflow_panic3sub17hbe1f456644e1122eE
                0x000000004000d308       0x34 bin/obj/rslib.a(core-9bc28a7f9131c3bd.core.d226853cd57cf678-cgu.0.rcgu.o)
                0x000000004000d308                core::num::overflow_panic::sub
 .text.unlikely._ZN4core3num14overflow_panic3mul17h714a566ba3aacf58E
                0x000000004000d33c       0x34 bin/obj/rslib.a(core-9bc28a7f9131c3bd.core.d226853cd57cf678-cgu.0.rcgu.o)
                0x000000004000d33c                core::num::overflow_panic::mul
 .text.unlikely._ZN4core3num14overflow_panic3div17h1dc8d59141309e20E
                0x000000004000d370       0x34 bin/obj/rslib.a(core-9bc28a7f9131c3bd.core.d226853cd57cf678-cgu.0.rcgu.o)
                0x000000004000d370                core::num::overflow_panic::div
 .text.unlikely._ZN4core3num14overflow_panic3rem17he68f7716df2e05a6E
                0x000000004000d3a4       0x34 bin/obj/rslib.a(core-9bc28a7f9131c3bd.core.d226853cd57cf678-cgu.0.rcgu.o)
                0x000000004000d3a4                core::num::overflow_panic::rem
 .text.unlikely._ZN4core3num14overflow_panic3neg17hc858b22bec1cd138E
                0x000000004000d3d8       0x34 bin/obj/rslib.a(core-9bc28a7f9131c3bd.core.d226853cd57cf678-cgu.0.rcgu.o)
                0x000000004000d3d8                core::num::overflow_panic::neg
 .text.unlikely._ZN4core3num14overflow_panic3shr17h3b046bd4a438a78bE
                0x000000004000d40c       0x34 bin/obj/rslib.a(core-9bc28a7f9131c3bd.core.d226853cd57cf678-cgu.0.rcgu.o)
                0x000000004000d40c                core::num::overflow_panic::shr
 .text.unlikely._ZN4core3num14overflow_panic3shl17hd7f93c0153906b81E
                0x000000004000d440       0x34 bin/obj/rslib.a(core-9bc28a7f9131c3bd.core.d226853cd57cf678-cgu.0.rcgu.o)
                0x000000004000d440                core::num::overflow_panic::shl
 .text.unlikely._ZN4core3num22from_ascii_radix_panic17h75a0319df69b5bf4E
                0x000000004000d474        0xc bin/obj/rslib.a(core-9bc28a7f9131c3bd.core.d226853cd57cf678-cgu.0.rcgu.o)
                0x000000004000d474                core::num::from_ascii_radix_panic
 .text._ZN76_$LT$core..mem..transmutability..Assume$u20$as$u20$core..ops..arith..Sub$GT$3sub17h95b0bc8048918af4E
                0x000000004000d480        0xc bin/obj/rslib.a(core-9bc28a7f9131c3bd.core.d226853cd57cf678-cgu.0.rcgu.o)
                0x000000004000d480                <core::mem::transmutability::Assume as core::ops::arith::Sub>::sub
 .text._ZN68_$LT$core..ptr..alignment..Alignment$u20$as$u20$core..fmt..Debug$GT$3fmt17haef888746397348cE
                0x000000004000d48c       0x78 bin/obj/rslib.a(core-9bc28a7f9131c3bd.core.d226853cd57cf678-cgu.0.rcgu.o)
                0x000000004000d48c                <core::ptr::alignment::Alignment as core::fmt::Debug>::fmt
 .text._ZN69_$LT$core..ffi..c_str..CStr$u20$as$u20$core..clone..CloneToUninit$GT$15clone_to_uninit17hdc9b51ad353bbbd3E
                0x000000004000d504       0x14 bin/obj/rslib.a(core-9bc28a7f9131c3bd.core.d226853cd57cf678-cgu.0.rcgu.o)
                0x000000004000d504                <core::ffi::c_str::CStr as core::clone::CloneToUninit>::clone_to_uninit
 .text._ZN57_$LT$core..error..Request$u20$as$u20$core..fmt..Debug$GT$3fmt17h78c96cd962131156E
                0x000000004000d518       0x60 bin/obj/rslib.a(core-9bc28a7f9131c3bd.core.d226853cd57cf678-cgu.0.rcgu.o)
                0x000000004000d518                <core::error::Request as core::fmt::Debug>::fmt
 .text._ZN78_$LT$core..error..Source$u20$as$u20$core..iter..traits..iterator..Iterator$GT$4next17hdce954c5148767e6E
                0x000000004000d578       0x50 bin/obj/rslib.a(core-9bc28a7f9131c3bd.core.d226853cd57cf678-cgu.0.rcgu.o)
                0x000000004000d578                <core::error::Source as core::iter::traits::iterator::Iterator>::next
 .text._ZN64_$LT$core..ops..range..RangeFull$u20$as$u20$core..fmt..Debug$GT$3fmt17h4320bcca462a4463E
                0x000000004000d5c8       0x1c bin/obj/rslib.a(core-9bc28a7f9131c3bd.core.d226853cd57cf678-cgu.0.rcgu.o)
                0x000000004000d5c8                <core::ops::range::RangeFull as core::fmt::Debug>::fmt
 .text._ZN71_$LT$core..ops..range..Range$LT$Idx$GT$$u20$as$u20$core..fmt..Debug$GT$3fmt17hda0b96faa9a26247E
                0x000000004000d5e4      0x21c bin/obj/rslib.a(core-9bc28a7f9131c3bd.core.d226853cd57cf678-cgu.0.rcgu.o)
 .text._ZN105_$LT$dyn$u20$core..any..Any$u2b$core..marker..Send$u2b$core..marker..Sync$u20$as$u20$core..fmt..Debug$GT$3fmt17h3b5b4b639d9ab734E
                0x000000004000d800       0x60 bin/obj/rslib.a(core-9bc28a7f9131c3bd.core.d226853cd57cf678-cgu.0.rcgu.o)
                0x000000004000d800                <dyn core::any::Any as core::fmt::Debug>::fmt
                0x000000004000d800                <dyn core::any::Any+core::marker::Send+core::marker::Sync as core::fmt::Debug>::fmt
                0x000000004000d800                <dyn core::any::Any+core::marker::Send as core::fmt::Debug>::fmt
 .text._ZN54_$LT$core..any..TypeId$u20$as$u20$core..fmt..Debug$GT$3fmt17hb79a6ba20a1edea7E
                0x000000004000d860       0x64 bin/obj/rslib.a(core-9bc28a7f9131c3bd.core.d226853cd57cf678-cgu.0.rcgu.o)
                0x000000004000d860                <core::any::TypeId as core::fmt::Debug>::fmt
 .text._ZN73_$LT$core..ascii..ascii_char..AsciiChar$u20$as$u20$core..fmt..Display$GT$3fmt17h51d9d7b1a9efbd3eE
                0x000000004000d8c4       0x14 bin/obj/rslib.a(core-9bc28a7f9131c3bd.core.d226853cd57cf678-cgu.0.rcgu.o)
                0x000000004000d8c4                <core::ascii::ascii_char::AsciiChar as core::fmt::Display>::fmt
 .text._ZN71_$LT$core..ascii..ascii_char..AsciiChar$u20$as$u20$core..fmt..Debug$GT$3fmt17h23d33dd08c0a85e0E
                0x000000004000d8d8      0x158 bin/obj/rslib.a(core-9bc28a7f9131c3bd.core.d226853cd57cf678-cgu.0.rcgu.o)
                0x000000004000d8d8                <core::ascii::ascii_char::AsciiChar as core::fmt::Debug>::fmt
 .text._ZN4core5ascii14escape_default17h2e47cd0e281f1f16E
                0x000000004000da30       0x74 bin/obj/rslib.a(core-9bc28a7f9131c3bd.core.d226853cd57cf678-cgu.0.rcgu.o)
                0x000000004000da30                core::ascii::escape_default
 .text._ZN65_$LT$core..ascii..EscapeDefault$u20$as$u20$core..fmt..Display$GT$3fmt17hfad744a69dbf49aeE
                0x000000004000daa4       0x20 bin/obj/rslib.a(core-9bc28a7f9131c3bd.core.d226853cd57cf678-cgu.0.rcgu.o)
                0x000000004000daa4                <core::ascii::EscapeDefault as core::fmt::Display>::fmt
 .text._ZN63_$LT$core..ascii..EscapeDefault$u20$as$u20$core..fmt..Debug$GT$3fmt17he7c76f4398dcabfeE
                0x000000004000dac4       0x60 bin/obj/rslib.a(core-9bc28a7f9131c3bd.core.d226853cd57cf678-cgu.0.rcgu.o)
                0x000000004000dac4                <core::ascii::EscapeDefault as core::fmt::Debug>::fmt
 .text._ZN56_$LT$core..bstr..ByteStr$u20$as$u20$core..fmt..Debug$GT$3fmt17h5a7de1d4bb1416c6E
                0x000000004000db24      0x2b0 bin/obj/rslib.a(core-9bc28a7f9131c3bd.core.d226853cd57cf678-cgu.0.rcgu.o)
                0x000000004000db24                <core::bstr::ByteStr as core::fmt::Debug>::fmt
 .text._ZN58_$LT$core..bstr..ByteStr$u20$as$u20$core..fmt..Display$GT$3fmt17h6a2ae704564f9b96E
                0x000000004000ddd4      0x514 bin/obj/rslib.a(core-9bc28a7f9131c3bd.core.d226853cd57cf678-cgu.0.rcgu.o)
                0x000000004000ddd4                <core::bstr::ByteStr as core::fmt::Display>::fmt
 .text.unlikely._ZN4core4cell4lazy14panic_poisoned17h08b119a3f048eb5cE
                0x000000004000e2e8       0x38 bin/obj/rslib.a(core-9bc28a7f9131c3bd.core.d226853cd57cf678-cgu.0.rcgu.o)
                0x000000004000e2e8                core::cell::lazy::panic_poisoned
 .text._ZN62_$LT$core..cell..BorrowError$u20$as$u20$core..fmt..Display$GT$3fmt17hd39d15cf420fd15fE
                0x000000004000e320       0x14 bin/obj/rslib.a(core-9bc28a7f9131c3bd.core.d226853cd57cf678-cgu.0.rcgu.o)
                0x000000004000e320                <core::cell::BorrowError as core::fmt::Display>::fmt
 .text._ZN65_$LT$core..cell..BorrowMutError$u20$as$u20$core..fmt..Display$GT$3fmt17he44ddc8acedfc9cdE
                0x000000004000e334       0x14 bin/obj/rslib.a(core-9bc28a7f9131c3bd.core.d226853cd57cf678-cgu.0.rcgu.o)
                0x000000004000e334                <core::cell::BorrowMutError as core::fmt::Display>::fmt
 .text.unlikely._ZN4core4cell22panic_already_borrowed17h0c316df386ff956aE
                0x000000004000e348       0x44 bin/obj/rslib.a(core-9bc28a7f9131c3bd.core.d226853cd57cf678-cgu.0.rcgu.o)
                0x000000004000e348                core::cell::panic_already_borrowed
 .text.unlikely._ZN4core4cell30panic_already_mutably_borrowed17hb8c7155d1b59c5c1E
                0x000000004000e38c       0x44 bin/obj/rslib.a(core-9bc28a7f9131c3bd.core.d226853cd57cf678-cgu.0.rcgu.o)
                0x000000004000e38c                core::cell::panic_already_mutably_borrowed
 .text._ZN74_$LT$core..char..convert..ParseCharError$u20$as$u20$core..fmt..Display$GT$3fmt17hd7cbd9755c2ae5fcE
                0x000000004000e3d0       0x30 bin/obj/rslib.a(core-9bc28a7f9131c3bd.core.d226853cd57cf678-cgu.0.rcgu.o)
                0x000000004000e3d0                <core::char::convert::ParseCharError as core::fmt::Display>::fmt
 .text._ZN76_$LT$core..char..convert..CharTryFromError$u20$as$u20$core..fmt..Display$GT$3fmt17h1c891bae60ab8133E
                0x000000004000e400       0x14 bin/obj/rslib.a(core-9bc28a7f9131c3bd.core.d226853cd57cf678-cgu.0.rcgu.o)
                0x000000004000e400                <core::char::convert::CharTryFromError as core::fmt::Display>::fmt
 .text._ZN75_$LT$core..char..decode..DecodeUtf16Error$u20$as$u20$core..fmt..Display$GT$3fmt17h2f3f0b5018587072E
                0x000000004000e414       0x4c bin/obj/rslib.a(core-9bc28a7f9131c3bd.core.d226853cd57cf678-cgu.0.rcgu.o)
                0x000000004000e414                <core::char::decode::DecodeUtf16Error as core::fmt::Display>::fmt
 .text._ZN4core4char7methods22_$LT$impl$u20$char$GT$16escape_debug_ext17h805c355e72a84d22E
                0x000000004000e460      0x2d0 bin/obj/rslib.a(core-9bc28a7f9131c3bd.core.d226853cd57cf678-cgu.0.rcgu.o)
 .text._ZN64_$LT$core..char..EscapeUnicode$u20$as$u20$core..fmt..Display$GT$3fmt17hbf7841dda7a78611E
                0x000000004000e730       0x20 bin/obj/rslib.a(core-9bc28a7f9131c3bd.core.d226853cd57cf678-cgu.0.rcgu.o)
                0x000000004000e730                <core::char::EscapeUnicode as core::fmt::Display>::fmt
 .text._ZN62_$LT$core..char..EscapeDebug$u20$as$u20$core..fmt..Display$GT$3fmt17h2c206438b598efeaE
                0x000000004000e750       0x38 bin/obj/rslib.a(core-9bc28a7f9131c3bd.core.d226853cd57cf678-cgu.0.rcgu.o)
 .text._ZN86_$LT$core..char..CaseMappingIter$u20$as$u20$core..iter..traits..iterator..Iterator$GT$4next17h8ccb93e6146cbe59E
                0x000000004000e788       0x2c bin/obj/rslib.a(core-9bc28a7f9131c3bd.core.d226853cd57cf678-cgu.0.rcgu.o)
                0x000000004000e788                <core::char::CaseMappingIter as core::iter::traits::iterator::Iterator>::next
 .text._ZN86_$LT$core..char..CaseMappingIter$u20$as$u20$core..iter..traits..iterator..Iterator$GT$5count17h24ad73a1e02aeae1E
                0x000000004000e7b4        0xc bin/obj/rslib.a(core-9bc28a7f9131c3bd.core.d226853cd57cf678-cgu.0.rcgu.o)
                0x000000004000e7b4                <core::char::CaseMappingIter as core::iter::traits::iterator::Iterator>::count
 .text._ZN86_$LT$core..char..CaseMappingIter$u20$as$u20$core..iter..traits..iterator..Iterator$GT$4last17he31c1699d051b3d7E
                0x000000004000e7c0       0x44 bin/obj/rslib.a(core-9bc28a7f9131c3bd.core.d226853cd57cf678-cgu.0.rcgu.o)
                0x000000004000e7c0                <core::char::CaseMappingIter as core::iter::traits::iterator::Iterator>::last
 .text._ZN86_$LT$core..char..CaseMappingIter$u20$as$u20$core..iter..traits..iterator..Iterator$GT$10advance_by17h8d3f32eef00561a6E
                0x000000004000e804       0x24 bin/obj/rslib.a(core-9bc28a7f9131c3bd.core.d226853cd57cf678-cgu.0.rcgu.o)
                0x000000004000e804                <core::char::CaseMappingIter as core::iter::traits::iterator::Iterator>::advance_by
 .text._ZN86_$LT$core..char..CaseMappingIter$u20$as$u20$core..iter..traits..iterator..Iterator$GT$24__iterator_get_unchecked17hf62f4ef2db1c7883E
                0x000000004000e828       0x14 bin/obj/rslib.a(core-9bc28a7f9131c3bd.core.d226853cd57cf678-cgu.0.rcgu.o)
                0x000000004000e828                <core::char::CaseMappingIter as core::iter::traits::iterator::Iterator>::__iterator_get_unchecked
 .text._ZN101_$LT$core..char..CaseMappingIter$u20$as$u20$core..iter..traits..double_ended..DoubleEndedIterator$GT$9next_back17h7823f12a437908dfE
                0x000000004000e83c       0x28 bin/obj/rslib.a(core-9bc28a7f9131c3bd.core.d226853cd57cf678-cgu.0.rcgu.o)
                0x000000004000e83c                <core::char::CaseMappingIter as core::iter::traits::double_ended::DoubleEndedIterator>::next_back
 .text._ZN101_$LT$core..char..CaseMappingIter$u20$as$u20$core..iter..traits..double_ended..DoubleEndedIterator$GT$15advance_back_by17h017e2bf6557cea32E
                0x000000004000e864       0x28 bin/obj/rslib.a(core-9bc28a7f9131c3bd.core.d226853cd57cf678-cgu.0.rcgu.o)
                0x000000004000e864                <core::char::CaseMappingIter as core::iter::traits::double_ended::DoubleEndedIterator>::advance_back_by
 .text._ZN67_$LT$core..char..TryFromCharError$u20$as$u20$core..fmt..Display$GT$3fmt17h79312bb879fcde6bE
                0x000000004000e88c       0x14 bin/obj/rslib.a(core-9bc28a7f9131c3bd.core.d226853cd57cf678-cgu.0.rcgu.o)
                0x000000004000e88c                <core::char::TryFromCharError as core::fmt::Display>::fmt
 .text._ZN79_$LT$core..ffi..c_str..FromBytesUntilNulError$u20$as$u20$core..fmt..Display$GT$3fmt17he9e76bd265079156E
                0x000000004000e8a0       0x1c bin/obj/rslib.a(core-9bc28a7f9131c3bd.core.d226853cd57cf678-cgu.0.rcgu.o)
                0x000000004000e8a0                <core::ffi::c_str::FromBytesUntilNulError as core::fmt::Display>::fmt
 .text._ZN59_$LT$core..ffi..c_str..CStr$u20$as$u20$core..fmt..Debug$GT$3fmt17h6b3538bfa94be212E
                0x000000004000e8bc        0x8 bin/obj/rslib.a(core-9bc28a7f9131c3bd.core.d226853cd57cf678-cgu.0.rcgu.o)
                0x000000004000e8bc                <core::ffi::c_str::CStr as core::fmt::Debug>::fmt
 .text._ZN78_$LT$core..ffi..c_str..FromBytesWithNulError$u20$as$u20$core..fmt..Display$GT$3fmt17h5084d2eaf17653ebE
                0x000000004000e8c4       0xd8 bin/obj/rslib.a(core-9bc28a7f9131c3bd.core.d226853cd57cf678-cgu.0.rcgu.o)
                0x000000004000e8c4                <core::ffi::c_str::FromBytesWithNulError as core::fmt::Display>::fmt
 .text._ZN4core3ffi5c_str4CStr20from_bytes_until_nul17h2f5288cb894cafb4E
                0x000000004000e99c       0xfc bin/obj/rslib.a(core-9bc28a7f9131c3bd.core.d226853cd57cf678-cgu.0.rcgu.o)
                0x000000004000e99c                core::ffi::c_str::CStr::from_bytes_until_nul
 .text._ZN4core3ffi5c_str4CStr19from_bytes_with_nul17had8b5103a9b6c1a9E
                0x000000004000ea98      0x114 bin/obj/rslib.a(core-9bc28a7f9131c3bd.core.d226853cd57cf678-cgu.0.rcgu.o)
                0x000000004000ea98                core::ffi::c_str::CStr::from_bytes_with_nul
 .text._ZN4core3ffi5c_str4CStr6to_str17ha7c8bb4beea702b9E
                0x000000004000ebac        0x8 bin/obj/rslib.a(core-9bc28a7f9131c3bd.core.d226853cd57cf678-cgu.0.rcgu.o)
                0x000000004000ebac                core::ffi::c_str::CStr::to_str
 .text._ZN54_$LT$core..ffi..c_void$u20$as$u20$core..fmt..Debug$GT$3fmt17h3d6b9af31054922dE
                0x000000004000ebb4       0x1c bin/obj/rslib.a(core-9bc28a7f9131c3bd.core.d226853cd57cf678-cgu.0.rcgu.o)
                0x000000004000ebb4                <core::ffi::c_void as core::fmt::Debug>::fmt
 .text._ZN72_$LT$core..io..borrowed_buf..BorrowedBuf$u20$as$u20$core..fmt..Debug$GT$3fmt17h5d8cfc2026e791c2E
                0x000000004000ebd0      0x108 bin/obj/rslib.a(core-9bc28a7f9131c3bd.core.d226853cd57cf678-cgu.0.rcgu.o)
                0x000000004000ebd0                <core::io::borrowed_buf::BorrowedBuf as core::fmt::Debug>::fmt
 .text._ZN86_$LT$core..net..display_buffer..DisplayBuffer$LT$_$GT$$u20$as$u20$core..fmt..Write$GT$9write_str17h7cb87aabbe2da0a8E
                0x000000004000ecd8       0x50 bin/obj/rslib.a(core-9bc28a7f9131c3bd.core.d226853cd57cf678-cgu.0.rcgu.o)
 .text._ZN86_$LT$core..net..display_buffer..DisplayBuffer$LT$_$GT$$u20$as$u20$core..fmt..Write$GT$9write_str17h9e6e0495af978fa6E
                0x000000004000ed28       0x50 bin/obj/rslib.a(core-9bc28a7f9131c3bd.core.d226853cd57cf678-cgu.0.rcgu.o)
 .text._ZN86_$LT$core..net..display_buffer..DisplayBuffer$LT$_$GT$$u20$as$u20$core..fmt..Write$GT$9write_str17hac6ee2067672445bE
                0x000000004000ed78       0x50 bin/obj/rslib.a(core-9bc28a7f9131c3bd.core.d226853cd57cf678-cgu.0.rcgu.o)
 .text._ZN86_$LT$core..net..display_buffer..DisplayBuffer$LT$_$GT$$u20$as$u20$core..fmt..Write$GT$9write_str17hf0f3b2a287ec8c04E
                0x000000004000edc8       0x50 bin/obj/rslib.a(core-9bc28a7f9131c3bd.core.d226853cd57cf678-cgu.0.rcgu.o)
 .text._ZN65_$LT$core..net..ip_addr..IpAddr$u20$as$u20$core..fmt..Display$GT$3fmt17ha099c0cfe6646a1dE
                0x000000004000ee18       0x14 bin/obj/rslib.a(core-9bc28a7f9131c3bd.core.d226853cd57cf678-cgu.0.rcgu.o)
                0x000000004000ee18                <core::net::ip_addr::IpAddr as core::fmt::Display>::fmt
 .text._ZN63_$LT$core..net..ip_addr..IpAddr$u20$as$u20$core..fmt..Debug$GT$3fmt17hf5183bca058806ddE
                0x000000004000ee2c       0x14 bin/obj/rslib.a(core-9bc28a7f9131c3bd.core.d226853cd57cf678-cgu.0.rcgu.o)
                0x000000004000ee2c                <core::net::ip_addr::IpAddr as core::fmt::Debug>::fmt
 .text._ZN67_$LT$core..net..ip_addr..Ipv4Addr$u20$as$u20$core..fmt..Display$GT$3fmt17hbd7b49f847cb0ab5E
                0x000000004000ee40      0x170 bin/obj/rslib.a(core-9bc28a7f9131c3bd.core.d226853cd57cf678-cgu.0.rcgu.o)
                0x000000004000ee40                <core::net::ip_addr::Ipv4Addr as core::fmt::Display>::fmt
 .text._ZN65_$LT$core..net..ip_addr..Ipv4Addr$u20$as$u20$core..fmt..Debug$GT$3fmt17hf3e6f0369743e83cE
                0x000000004000efb0        0x4 bin/obj/rslib.a(core-9bc28a7f9131c3bd.core.d226853cd57cf678-cgu.0.rcgu.o)
                0x000000004000efb0                <core::net::ip_addr::Ipv4Addr as core::fmt::Debug>::fmt
 .text._ZN67_$LT$core..net..ip_addr..Ipv6Addr$u20$as$u20$core..fmt..Display$GT$3fmt17h4bf22b80be2cbe0fE
                0x000000004000efb4      0x718 bin/obj/rslib.a(core-9bc28a7f9131c3bd.core.d226853cd57cf678-cgu.0.rcgu.o)
                0x000000004000efb4                <core::net::ip_addr::Ipv6Addr as core::fmt::Display>::fmt
 .text._ZN67_$LT$core..net..ip_addr..Ipv6Addr$u20$as$u20$core..fmt..Display$GT$3fmt12fmt_subslice17h5acb96e1b9d1ffffE
                0x000000004000f6cc      0x104 bin/obj/rslib.a(core-9bc28a7f9131c3bd.core.d226853cd57cf678-cgu.0.rcgu.o)
 .text._ZN65_$LT$core..net..ip_addr..Ipv6Addr$u20$as$u20$core..fmt..Debug$GT$3fmt17h18a2fb7280b63654E
                0x000000004000f7d0        0x4 bin/obj/rslib.a(core-9bc28a7f9131c3bd.core.d226853cd57cf678-cgu.0.rcgu.o)
                0x000000004000f7d0                <core::net::ip_addr::Ipv6Addr as core::fmt::Debug>::fmt
 .text._ZN4core3net6parser6Parser11read_number28_$u7b$$u7b$closure$u7d$$u7d$17h376f3257fac7f88fE
                0x000000004000f7d4      0x2a8 bin/obj/rslib.a(core-9bc28a7f9131c3bd.core.d226853cd57cf678-cgu.0.rcgu.o)
 .text._ZN4core3net6parser6Parser14read_ipv4_addr17h3ef02a9a82124c89E
                0x000000004000fa7c      0x2c8 bin/obj/rslib.a(core-9bc28a7f9131c3bd.core.d226853cd57cf678-cgu.0.rcgu.o)
 .text._ZN4core3net6parser6Parser14read_ipv6_addr17h68090c8579280fe4E
                0x000000004000fd44      0x1cc bin/obj/rslib.a(core-9bc28a7f9131c3bd.core.d226853cd57cf678-cgu.0.rcgu.o)
 .text._ZN4core3net6parser6Parser14read_ipv6_addr11read_groups17h3eb8a7eb9ab156deE
                0x000000004000ff10      0x1d0 bin/obj/rslib.a(core-9bc28a7f9131c3bd.core.d226853cd57cf678-cgu.0.rcgu.o)
 .text._ZN4core3net6parser6Parser19read_socket_addr_v617hf9db6fd35c12970bE
                0x00000000400100e0      0x25c bin/obj/rslib.a(core-9bc28a7f9131c3bd.core.d226853cd57cf678-cgu.0.rcgu.o)
 .text._ZN4core3net6parser44_$LT$impl$u20$core..net..ip_addr..IpAddr$GT$11parse_ascii17h1f2a43004f9c5ec4E
                0x000000004001033c      0x164 bin/obj/rslib.a(core-9bc28a7f9131c3bd.core.d226853cd57cf678-cgu.0.rcgu.o)
                0x000000004001033c                core::net::parser::<impl core::net::ip_addr::IpAddr>::parse_ascii
 .text._ZN4core3net6parser83_$LT$impl$u20$core..str..traits..FromStr$u20$for$u20$core..net..ip_addr..IpAddr$GT$8from_str17h7fa43c1e9703f987E
                0x00000000400104a0      0x164 bin/obj/rslib.a(core-9bc28a7f9131c3bd.core.d226853cd57cf678-cgu.0.rcgu.o)
                0x00000000400104a0                core::net::parser::<impl core::str::traits::FromStr for core::net::ip_addr::IpAddr>::from_str
 .text._ZN4core3net6parser46_$LT$impl$u20$core..net..ip_addr..Ipv4Addr$GT$11parse_ascii17h8c4d78b746d8b8a9E
                0x0000000040010604       0x7c bin/obj/rslib.a(core-9bc28a7f9131c3bd.core.d226853cd57cf678-cgu.0.rcgu.o)
                0x0000000040010604                core::net::parser::<impl core::net::ip_addr::Ipv4Addr>::parse_ascii
 .text._ZN4core3net6parser85_$LT$impl$u20$core..str..traits..FromStr$u20$for$u20$core..net..ip_addr..Ipv4Addr$GT$8from_str17h57df2271314bedc3E
                0x0000000040010680       0x7c bin/obj/rslib.a(core-9bc28a7f9131c3bd.core.d226853cd57cf678-cgu.0.rcgu.o)
                0x0000000040010680                core::net::parser::<impl core::str::traits::FromStr for core::net::ip_addr::Ipv4Addr>::from_str
 .text._ZN4core3net6parser46_$LT$impl$u20$core..net..ip_addr..Ipv6Addr$GT$11parse_ascii17h065ae678081927e2E
                0x00000000400106fc       0x9c bin/obj/rslib.a(core-9bc28a7f9131c3bd.core.d226853cd57cf678-cgu.0.rcgu.o)
                0x00000000400106fc                core::net::parser::<impl core::net::ip_addr::Ipv6Addr>::parse_ascii
 .text._ZN4core3net6parser85_$LT$impl$u20$core..str..traits..FromStr$u20$for$u20$core..net..ip_addr..Ipv6Addr$GT$8from_str17hc2e68dfa798b6c60E
                0x0000000040010798       0x9c bin/obj/rslib.a(core-9bc28a7f9131c3bd.core.d226853cd57cf678-cgu.0.rcgu.o)
                0x0000000040010798                core::net::parser::<impl core::str::traits::FromStr for core::net::ip_addr::Ipv6Addr>::from_str
 .text._ZN4core3net6parser54_$LT$impl$u20$core..net..socket_addr..SocketAddrV4$GT$11parse_ascii17h92cbc127f1420788E
                0x0000000040010834      0x11c bin/obj/rslib.a(core-9bc28a7f9131c3bd.core.d226853cd57cf678-cgu.0.rcgu.o)
                0x0000000040010834                core::net::parser::<impl core::net::socket_addr::SocketAddrV4>::parse_ascii
 .text._ZN4core3net6parser93_$LT$impl$u20$core..str..traits..FromStr$u20$for$u20$core..net..socket_addr..SocketAddrV4$GT$8from_str17hb8b8abae36b04d2cE
                0x0000000040010950      0x118 bin/obj/rslib.a(core-9bc28a7f9131c3bd.core.d226853cd57cf678-cgu.0.rcgu.o)
                0x0000000040010950                core::net::parser::<impl core::str::traits::FromStr for core::net::socket_addr::SocketAddrV4>::from_str
 .text._ZN4core3net6parser54_$LT$impl$u20$core..net..socket_addr..SocketAddrV6$GT$11parse_ascii17h054031fb253aac66E
                0x0000000040010a68       0x7c bin/obj/rslib.a(core-9bc28a7f9131c3bd.core.d226853cd57cf678-cgu.0.rcgu.o)
                0x0000000040010a68                core::net::parser::<impl core::net::socket_addr::SocketAddrV6>::parse_ascii
 .text._ZN4core3net6parser93_$LT$impl$u20$core..str..traits..FromStr$u20$for$u20$core..net..socket_addr..SocketAddrV6$GT$8from_str17h7fbfac753f22af87E
                0x0000000040010ae4       0x7c bin/obj/rslib.a(core-9bc28a7f9131c3bd.core.d226853cd57cf678-cgu.0.rcgu.o)
                0x0000000040010ae4                core::net::parser::<impl core::str::traits::FromStr for core::net::socket_addr::SocketAddrV6>::from_str
 .text._ZN4core3net6parser52_$LT$impl$u20$core..net..socket_addr..SocketAddr$GT$11parse_ascii17h9f08c9dd873734f6E
                0x0000000040010b60      0x1ac bin/obj/rslib.a(core-9bc28a7f9131c3bd.core.d226853cd57cf678-cgu.0.rcgu.o)
                0x0000000040010b60                core::net::parser::<impl core::net::socket_addr::SocketAddr>::parse_ascii
 .text._ZN4core3net6parser91_$LT$impl$u20$core..str..traits..FromStr$u20$for$u20$core..net..socket_addr..SocketAddr$GT$8from_str17h8ccef824192b2892E
                0x0000000040010d0c        0x4 bin/obj/rslib.a(core-9bc28a7f9131c3bd.core.d226853cd57cf678-cgu.0.rcgu.o)
                0x0000000040010d0c                core::net::parser::<impl core::str::traits::FromStr for core::net::socket_addr::SocketAddr>::from_str
 .text._ZN72_$LT$core..net..parser..AddrParseError$u20$as$u20$core..fmt..Display$GT$3fmt17h86b0b6ce6dd91ce6E
                0x0000000040010d10       0x28 bin/obj/rslib.a(core-9bc28a7f9131c3bd.core.d226853cd57cf678-cgu.0.rcgu.o)
                0x0000000040010d10                <core::net::parser::AddrParseError as core::fmt::Display>::fmt
 .text._ZN73_$LT$core..net..socket_addr..SocketAddr$u20$as$u20$core..fmt..Display$GT$3fmt17hc1e8c186ac1e2d22E
                0x0000000040010d38       0x1c bin/obj/rslib.a(core-9bc28a7f9131c3bd.core.d226853cd57cf678-cgu.0.rcgu.o)
                0x0000000040010d38                <core::net::socket_addr::SocketAddr as core::fmt::Display>::fmt
 .text._ZN71_$LT$core..net..socket_addr..SocketAddr$u20$as$u20$core..fmt..Debug$GT$3fmt17hed43315cee45212fE
                0x0000000040010d54       0x1c bin/obj/rslib.a(core-9bc28a7f9131c3bd.core.d226853cd57cf678-cgu.0.rcgu.o)
                0x0000000040010d54                <core::net::socket_addr::SocketAddr as core::fmt::Debug>::fmt
 .text._ZN75_$LT$core..net..socket_addr..SocketAddrV4$u20$as$u20$core..fmt..Display$GT$3fmt17h09f048bff52c7e54E
                0x0000000040010d70      0x150 bin/obj/rslib.a(core-9bc28a7f9131c3bd.core.d226853cd57cf678-cgu.0.rcgu.o)
                0x0000000040010d70                <core::net::socket_addr::SocketAddrV4 as core::fmt::Display>::fmt
 .text._ZN73_$LT$core..net..socket_addr..SocketAddrV4$u20$as$u20$core..fmt..Debug$GT$3fmt17hefc9690eb6846316E
                0x0000000040010ec0        0x4 bin/obj/rslib.a(core-9bc28a7f9131c3bd.core.d226853cd57cf678-cgu.0.rcgu.o)
                0x0000000040010ec0                <core::net::socket_addr::SocketAddrV4 as core::fmt::Debug>::fmt
 .text._ZN75_$LT$core..net..socket_addr..SocketAddrV6$u20$as$u20$core..fmt..Display$GT$3fmt17hfb2939480984bf1dE
                0x0000000040010ec4      0x248 bin/obj/rslib.a(core-9bc28a7f9131c3bd.core.d226853cd57cf678-cgu.0.rcgu.o)
                0x0000000040010ec4                <core::net::socket_addr::SocketAddrV6 as core::fmt::Display>::fmt
 .text._ZN73_$LT$core..net..socket_addr..SocketAddrV6$u20$as$u20$core..fmt..Debug$GT$3fmt17hfe4680f1cbb91d34E
                0x000000004001110c        0x4 bin/obj/rslib.a(core-9bc28a7f9131c3bd.core.d226853cd57cf678-cgu.0.rcgu.o)
                0x000000004001110c                <core::net::socket_addr::SocketAddrV6 as core::fmt::Debug>::fmt
 .text.unlikely._ZN4core6option13unwrap_failed17ha81251c04f59d195E
                0x0000000040011110       0x1c bin/obj/rslib.a(core-9bc28a7f9131c3bd.core.d226853cd57cf678-cgu.0.rcgu.o)
                0x0000000040011110                core::option::unwrap_failed
 .text.unlikely._ZN4core6option13expect_failed17hd32d6cf3a4bf1d96E
                0x000000004001112c       0x48 bin/obj/rslib.a(core-9bc28a7f9131c3bd.core.d226853cd57cf678-cgu.0.rcgu.o)
                0x000000004001112c                core::option::expect_failed
 .text._ZN68_$LT$core..panic..location..Location$u20$as$u20$core..fmt..Debug$GT$3fmt17he0fd85aed8862e61E
                0x0000000040011174      0x110 bin/obj/rslib.a(core-9bc28a7f9131c3bd.core.d226853cd57cf678-cgu.0.rcgu.o)
                0x0000000040011174                <core::panic::location::Location as core::fmt::Debug>::fmt
 .text._ZN73_$LT$core..panic..panic_info..PanicInfo$u20$as$u20$core..fmt..Display$GT$3fmt17h5808df031e1f34aeE
                0x0000000040011284      0x134 bin/obj/rslib.a(core-9bc28a7f9131c3bd.core.d226853cd57cf678-cgu.0.rcgu.o)
                0x0000000040011284                <core::panic::panic_info::PanicInfo as core::fmt::Display>::fmt
 .text.unlikely._ZN4core9panicking9panic_fmt17h59c12d7bbf12008bE
                0x00000000400113b8       0x20 bin/obj/rslib.a(core-9bc28a7f9131c3bd.core.d226853cd57cf678-cgu.0.rcgu.o)
                0x00000000400113b8                core::panicking::panic_fmt
 .text.unlikely._ZN4core9panicking18panic_nounwind_fmt17h43d790f68ff1e4a4E
                0x00000000400113d8       0x44 bin/obj/rslib.a(core-9bc28a7f9131c3bd.core.d226853cd57cf678-cgu.0.rcgu.o)
                0x00000000400113d8                core::panicking::panic_nounwind_fmt
 .text.unlikely._ZN4core9panicking5panic17h8ee0369f01486facE
                0x000000004001141c       0x34 bin/obj/rslib.a(core-9bc28a7f9131c3bd.core.d226853cd57cf678-cgu.0.rcgu.o)
                0x000000004001141c                core::panicking::panic
 .text.unlikely._ZN4core9panicking14panic_nounwind17h732209add0f70db3E
                0x0000000040011450       0x3c bin/obj/rslib.a(core-9bc28a7f9131c3bd.core.d226853cd57cf678-cgu.0.rcgu.o)
                0x0000000040011450                core::panicking::panic_nounwind
 .text.unlikely._ZN4core9panicking26panic_nounwind_nobacktrace17h73dd0549be049235E
                0x000000004001148c       0x3c bin/obj/rslib.a(core-9bc28a7f9131c3bd.core.d226853cd57cf678-cgu.0.rcgu.o)
                0x000000004001148c                core::panicking::panic_nounwind_nobacktrace
 .text.unlikely._ZN4core9panicking14panic_explicit17h9f5c3629a163b730E
                0x00000000400114c8       0x48 bin/obj/rslib.a(core-9bc28a7f9131c3bd.core.d226853cd57cf678-cgu.0.rcgu.o)
                0x00000000400114c8                core::panicking::panic_explicit
 .text.unlikely._ZN4core9panicking18panic_bounds_check17head8e44ed03a260fE
                0x0000000040011510       0x50 bin/obj/rslib.a(core-9bc28a7f9131c3bd.core.d226853cd57cf678-cgu.0.rcgu.o)
                0x0000000040011510                core::panicking::panic_bounds_check
 .text.unlikely._ZN4core9panicking36panic_misaligned_pointer_dereference17h668991c61ca32a1cE
                0x0000000040011560       0x58 bin/obj/rslib.a(core-9bc28a7f9131c3bd.core.d226853cd57cf678-cgu.0.rcgu.o)
                0x0000000040011560                core::panicking::panic_misaligned_pointer_dereference
 .text.unlikely._ZN4core9panicking30panic_null_pointer_dereference17h66c6810a4da7c5ecE
                0x00000000400115b8       0x38 bin/obj/rslib.a(core-9bc28a7f9131c3bd.core.d226853cd57cf678-cgu.0.rcgu.o)
                0x00000000400115b8                core::panicking::panic_null_pointer_dereference
 .text.unlikely._ZN4core9panicking19panic_cannot_unwind17ha3109e66db2eb33cE
                0x00000000400115f0       0x18 bin/obj/rslib.a(core-9bc28a7f9131c3bd.core.d226853cd57cf678-cgu.0.rcgu.o)
                0x00000000400115f0                core::panicking::panic_cannot_unwind
 .text.unlikely._ZN4core9panicking16panic_in_cleanup17h9f77cff3a1188b8dE
                0x0000000040011608       0x18 bin/obj/rslib.a(core-9bc28a7f9131c3bd.core.d226853cd57cf678-cgu.0.rcgu.o)
                0x0000000040011608                core::panicking::panic_in_cleanup
 .text.unlikely._ZN4core9panicking15const_panic_fmt17h124756fff53c4a69E
                0x0000000040011620       0x64 bin/obj/rslib.a(core-9bc28a7f9131c3bd.core.d226853cd57cf678-cgu.0.rcgu.o)
                0x0000000040011620                core::panicking::const_panic_fmt
 .text.unlikely._ZN4core9panicking13assert_failed17h1578fa687b85f9edE
                0x0000000040011684       0x1c bin/obj/rslib.a(core-9bc28a7f9131c3bd.core.d226853cd57cf678-cgu.0.rcgu.o)
                0x0000000040011684                core::panicking::assert_failed
 .text.unlikely._ZN4core9panicking13assert_failed17h4ad99645d14da504E
                0x00000000400116a0       0x1c bin/obj/rslib.a(core-9bc28a7f9131c3bd.core.d226853cd57cf678-cgu.0.rcgu.o)
                0x00000000400116a0                core::panicking::assert_failed
 .text._ZN84_$LT$core..panicking..assert_matches_failed..Pattern$u20$as$u20$core..fmt..Debug$GT$3fmt17h7d1bcdb86d2f1592E
                0x00000000400116bc       0x14 bin/obj/rslib.a(core-9bc28a7f9131c3bd.core.d226853cd57cf678-cgu.0.rcgu.o)
                0x00000000400116bc                <core::panicking::assert_matches_failed::Pattern as core::fmt::Debug>::fmt
 .text.unlikely._ZN4core9panicking19assert_failed_inner17h3ec2d0c2274a870cE
                0x00000000400116d0       0xec bin/obj/rslib.a(core-9bc28a7f9131c3bd.core.d226853cd57cf678-cgu.0.rcgu.o)
                0x00000000400116d0                core::panicking::assert_failed_inner
 .text._ZN48_$LT$char$u20$as$u20$core..pat..RangePattern$GT$7sub_one17h2990797fe0abc807E
                0x00000000400117bc       0x54 bin/obj/rslib.a(core-9bc28a7f9131c3bd.core.d226853cd57cf678-cgu.0.rcgu.o)
                0x00000000400117bc                <char as core::pat::RangePattern>::sub_one
 .text.unlikely._ZN4core6result13unwrap_failed17hc7bf42bcdf7cf52aE
                0x0000000040011810       0x5c bin/obj/rslib.a(core-9bc28a7f9131c3bd.core.d226853cd57cf678-cgu.0.rcgu.o)
                0x0000000040011810                core::result::unwrap_failed
 .text._ZN67_$LT$core..sync..atomic..AtomicBool$u20$as$u20$core..fmt..Debug$GT$3fmt17h785780f3c4703d75E
                0x000000004001186c       0x2c bin/obj/rslib.a(core-9bc28a7f9131c3bd.core.d226853cd57cf678-cgu.0.rcgu.o)
                0x000000004001186c                <core::sync::atomic::AtomicBool as core::fmt::Debug>::fmt
 .text._ZN4core3fmt8builders10PadAdapter4wrap17h5eebf7fa637ed883E
                0x0000000040011898       0x4c bin/obj/rslib.a(core-9bc28a7f9131c3bd.core.d226853cd57cf678-cgu.0.rcgu.o)
                0x0000000040011898                core::fmt::builders::PadAdapter::wrap
 .text._ZN68_$LT$core..fmt..builders..PadAdapter$u20$as$u20$core..fmt..Write$GT$9write_str17hb6e46af551676d26E
                0x00000000400118e4      0x268 bin/obj/rslib.a(core-9bc28a7f9131c3bd.core.d226853cd57cf678-cgu.0.rcgu.o)
                0x00000000400118e4                <core::fmt::builders::PadAdapter as core::fmt::Write>::write_str
 .text._ZN68_$LT$core..fmt..builders..PadAdapter$u20$as$u20$core..fmt..Write$GT$10write_char17hf3b7446aace36723E
                0x0000000040011b4c       0x80 bin/obj/rslib.a(core-9bc28a7f9131c3bd.core.d226853cd57cf678-cgu.0.rcgu.o)
                0x0000000040011b4c                <core::fmt::builders::PadAdapter as core::fmt::Write>::write_char
 .text._ZN4core3fmt8builders11DebugStruct5field17h6af7cc2ebccff4ceE
                0x0000000040011bcc      0x1bc bin/obj/rslib.a(core-9bc28a7f9131c3bd.core.d226853cd57cf678-cgu.0.rcgu.o)
                0x0000000040011bcc                core::fmt::builders::DebugStruct::field
 .text._ZN4core3fmt8builders11DebugStruct21finish_non_exhaustive17h96f08ce6c43761c6E
                0x0000000040011d88       0xdc bin/obj/rslib.a(core-9bc28a7f9131c3bd.core.d226853cd57cf678-cgu.0.rcgu.o)
                0x0000000040011d88                core::fmt::builders::DebugStruct::finish_non_exhaustive
 .text._ZN4core3fmt8builders11DebugStruct6finish17h4fba06c8bf4906b7E
                0x0000000040011e64       0x7c bin/obj/rslib.a(core-9bc28a7f9131c3bd.core.d226853cd57cf678-cgu.0.rcgu.o)
                0x0000000040011e64                core::fmt::builders::DebugStruct::finish
 .text._ZN4core3fmt8builders10DebugTuple5field17h60cebf54beee8106E
                0x0000000040011ee0      0x148 bin/obj/rslib.a(core-9bc28a7f9131c3bd.core.d226853cd57cf678-cgu.0.rcgu.o)
                0x0000000040011ee0                core::fmt::builders::DebugTuple::field
 .text._ZN4core3fmt8builders10DebugTuple21finish_non_exhaustive17h6f64c306b7c72ee9E
                0x0000000040012028       0xd8 bin/obj/rslib.a(core-9bc28a7f9131c3bd.core.d226853cd57cf678-cgu.0.rcgu.o)
                0x0000000040012028                core::fmt::builders::DebugTuple::finish_non_exhaustive
 .text._ZN4core3fmt8builders10DebugTuple6finish17hbb5533ad16eeb5e1E
                0x0000000040012100       0xb0 bin/obj/rslib.a(core-9bc28a7f9131c3bd.core.d226853cd57cf678-cgu.0.rcgu.o)
                0x0000000040012100                core::fmt::builders::DebugTuple::finish
 .text._ZN4core3fmt8builders8DebugSet5entry17hc4f82619b7f731baE
                0x00000000400121b0      0x144 bin/obj/rslib.a(core-9bc28a7f9131c3bd.core.d226853cd57cf678-cgu.0.rcgu.o)
                0x00000000400121b0                core::fmt::builders::DebugSet::entry
                0x00000000400121b0                core::fmt::builders::DebugList::entry
 .text._ZN4core3fmt8builders8DebugSet21finish_non_exhaustive17h67dc56552ef4fcc4E
                0x00000000400122f4       0xdc bin/obj/rslib.a(core-9bc28a7f9131c3bd.core.d226853cd57cf678-cgu.0.rcgu.o)
                0x00000000400122f4                core::fmt::builders::DebugSet::finish_non_exhaustive
 .text._ZN4core3fmt8builders8DebugSet6finish17hb2c0dc036a0de16fE
                0x00000000400123d0       0x58 bin/obj/rslib.a(core-9bc28a7f9131c3bd.core.d226853cd57cf678-cgu.0.rcgu.o)
                0x00000000400123d0                core::fmt::builders::DebugSet::finish
 .text._ZN4core3fmt8builders9DebugList21finish_non_exhaustive17h2cde829a23765496E
                0x0000000040012428      0x104 bin/obj/rslib.a(core-9bc28a7f9131c3bd.core.d226853cd57cf678-cgu.0.rcgu.o)
                0x0000000040012428                core::fmt::builders::DebugList::finish_non_exhaustive
 .text._ZN4core3fmt8builders9DebugList6finish17h8aef6923c58387bbE
                0x000000004001252c       0x58 bin/obj/rslib.a(core-9bc28a7f9131c3bd.core.d226853cd57cf678-cgu.0.rcgu.o)
                0x000000004001252c                core::fmt::builders::DebugList::finish
 .text._ZN4core3fmt8builders8DebugMap5entry17h098de1a122a91595E
                0x0000000040012584      0x120 bin/obj/rslib.a(core-9bc28a7f9131c3bd.core.d226853cd57cf678-cgu.0.rcgu.o)
                0x0000000040012584                core::fmt::builders::DebugMap::entry
 .text._ZN4core3fmt8builders8DebugMap3key17h07903bc2746b5865E
                0x00000000400126a4      0x1a4 bin/obj/rslib.a(core-9bc28a7f9131c3bd.core.d226853cd57cf678-cgu.0.rcgu.o)
                0x00000000400126a4                core::fmt::builders::DebugMap::key
 .text._ZN4core3fmt8builders8DebugMap5value17h7c10a7a869441789E
                0x0000000040012848      0x110 bin/obj/rslib.a(core-9bc28a7f9131c3bd.core.d226853cd57cf678-cgu.0.rcgu.o)
                0x0000000040012848                core::fmt::builders::DebugMap::value
 .text._ZN4core3fmt8builders8DebugMap21finish_non_exhaustive17hd8b10cea4d9ff8adE
                0x0000000040012958      0x110 bin/obj/rslib.a(core-9bc28a7f9131c3bd.core.d226853cd57cf678-cgu.0.rcgu.o)
                0x0000000040012958                core::fmt::builders::DebugMap::finish_non_exhaustive
 .text._ZN4core3fmt8builders8DebugMap6finish17h58a5583264a108d0E
                0x0000000040012a68       0x98 bin/obj/rslib.a(core-9bc28a7f9131c3bd.core.d226853cd57cf678-cgu.0.rcgu.o)
                0x0000000040012a68                core::fmt::builders::DebugMap::finish
 .text._ZN4core3fmt5float29float_to_decimal_common_exact17h9020898cd84b3411E
                0x0000000040012b00      0x304 bin/obj/rslib.a(core-9bc28a7f9131c3bd.core.d226853cd57cf678-cgu.0.rcgu.o)
 .text._ZN4core3fmt5float29float_to_decimal_common_exact17hc9bb6d03934ed708E
                0x0000000040012e04      0x308 bin/obj/rslib.a(core-9bc28a7f9131c3bd.core.d226853cd57cf678-cgu.0.rcgu.o)
 .text._ZN4core3fmt5float29float_to_decimal_common_exact17hddfb439dbc36b5e5E
                0x000000004001310c      0x308 bin/obj/rslib.a(core-9bc28a7f9131c3bd.core.d226853cd57cf678-cgu.0.rcgu.o)
 .text._ZN4core3fmt5float32float_to_decimal_common_shortest17h45bea25343d2d3eaE
                0x0000000040013414      0x24c bin/obj/rslib.a(core-9bc28a7f9131c3bd.core.d226853cd57cf678-cgu.0.rcgu.o)
 .text._ZN4core3fmt5float32float_to_decimal_common_shortest17h6e3d8c493f37ad26E
                0x0000000040013660      0x24c bin/obj/rslib.a(core-9bc28a7f9131c3bd.core.d226853cd57cf678-cgu.0.rcgu.o)
 .text._ZN4core3fmt5float32float_to_decimal_common_shortest17h86aab77d6c02d2fbE
                0x00000000400138ac      0x248 bin/obj/rslib.a(core-9bc28a7f9131c3bd.core.d226853cd57cf678-cgu.0.rcgu.o)
 .text._ZN4core3fmt5float33float_to_exponential_common_exact17h1a43beb607228a04E
                0x0000000040013af4      0x334 bin/obj/rslib.a(core-9bc28a7f9131c3bd.core.d226853cd57cf678-cgu.0.rcgu.o)
 .text._ZN4core3fmt5float33float_to_exponential_common_exact17h2cc19d9feaec91d7E
                0x0000000040013e28      0x330 bin/obj/rslib.a(core-9bc28a7f9131c3bd.core.d226853cd57cf678-cgu.0.rcgu.o)
 .text._ZN4core3fmt5float33float_to_exponential_common_exact17h9b09ee5386a011d7E
                0x0000000040014158      0x334 bin/obj/rslib.a(core-9bc28a7f9131c3bd.core.d226853cd57cf678-cgu.0.rcgu.o)
 .text._ZN4core3fmt5float36float_to_exponential_common_shortest17h0c5b68c5cdb5cafdE
                0x000000004001448c      0x304 bin/obj/rslib.a(core-9bc28a7f9131c3bd.core.d226853cd57cf678-cgu.0.rcgu.o)
 .text._ZN4core3fmt5float36float_to_exponential_common_shortest17h0f67a8cbef0b56f4E
                0x0000000040014790      0x304 bin/obj/rslib.a(core-9bc28a7f9131c3bd.core.d226853cd57cf678-cgu.0.rcgu.o)
 .text._ZN4core3fmt5float36float_to_exponential_common_shortest17hfdd8087b6d176695E
                0x0000000040014a94      0x300 bin/obj/rslib.a(core-9bc28a7f9131c3bd.core.d226853cd57cf678-cgu.0.rcgu.o)
 .text._ZN4core3fmt3num53_$LT$impl$u20$core..fmt..Display$u20$for$u20$u128$GT$3fmt17h73a3bf4b662cca51E
                0x0000000040014d94       0x54 bin/obj/rslib.a(core-9bc28a7f9131c3bd.core.d226853cd57cf678-cgu.0.rcgu.o)
                0x0000000040014d94                core::fmt::num::<impl core::fmt::Display for u128>::fmt
 .text._ZN4core3fmt3num53_$LT$impl$u20$core..fmt..Display$u20$for$u20$i128$GT$3fmt17h9720ba3df8f84a6bE
                0x0000000040014de8       0x68 bin/obj/rslib.a(core-9bc28a7f9131c3bd.core.d226853cd57cf678-cgu.0.rcgu.o)
                0x0000000040014de8                core::fmt::num::<impl core::fmt::Display for i128>::fmt
 .text._ZN4core3fmt3num22_$LT$impl$u20$u128$GT$4_fmt17h6eb1bb1f566cdc24E
                0x0000000040014e50      0x570 bin/obj/rslib.a(core-9bc28a7f9131c3bd.core.d226853cd57cf678-cgu.0.rcgu.o)
                0x0000000040014e50                core::fmt::num::<impl u128>::_fmt
 .text._ZN4core3fmt5Write10write_char17h6372f9eec1e8786aE
                0x00000000400153c0      0x144 bin/obj/rslib.a(core-9bc28a7f9131c3bd.core.d226853cd57cf678-cgu.0.rcgu.o)
 .text._ZN4core3fmt5Write10write_char17h82675e16b28e0666E
                0x0000000040015504      0x144 bin/obj/rslib.a(core-9bc28a7f9131c3bd.core.d226853cd57cf678-cgu.0.rcgu.o)
 .text._ZN4core3fmt5Write10write_char17hb3866b205f1b94e9E
                0x0000000040015648      0x144 bin/obj/rslib.a(core-9bc28a7f9131c3bd.core.d226853cd57cf678-cgu.0.rcgu.o)
 .text._ZN4core3fmt5Write10write_char17hd30b5327b07569b7E
                0x000000004001578c      0x144 bin/obj/rslib.a(core-9bc28a7f9131c3bd.core.d226853cd57cf678-cgu.0.rcgu.o)
 .text._ZN4core3fmt5Write9write_fmt17h1163c8e621180794E
                0x00000000400158d0       0x10 bin/obj/rslib.a(core-9bc28a7f9131c3bd.core.d226853cd57cf678-cgu.0.rcgu.o)
 .text._ZN4core3fmt5Write9write_fmt17h1428de75bc116f34E
                0x00000000400158e0       0x10 bin/obj/rslib.a(core-9bc28a7f9131c3bd.core.d226853cd57cf678-cgu.0.rcgu.o)
 .text._ZN4core3fmt5Write9write_fmt17h330b6289f647854cE
                0x00000000400158f0       0x10 bin/obj/rslib.a(core-9bc28a7f9131c3bd.core.d226853cd57cf678-cgu.0.rcgu.o)
 .text._ZN4core3fmt5Write9write_fmt17ha170570fe97c486eE
                0x0000000040015900       0x10 bin/obj/rslib.a(core-9bc28a7f9131c3bd.core.d226853cd57cf678-cgu.0.rcgu.o)
 .text._ZN4core3fmt5Write9write_fmt17heff2b669e603547dE
                0x0000000040015910       0x10 bin/obj/rslib.a(core-9bc28a7f9131c3bd.core.d226853cd57cf678-cgu.0.rcgu.o)
 .text._ZN4core3fmt17FormattingOptions8get_fill17h16333bf23548af5bE
                0x0000000040015920        0xc bin/obj/rslib.a(core-9bc28a7f9131c3bd.core.d226853cd57cf678-cgu.0.rcgu.o)
                0x0000000040015920                core::fmt::FormattingOptions::get_fill
 .text._ZN57_$LT$core..fmt..Arguments$u20$as$u20$core..fmt..Debug$GT$3fmt17hf44420f7be10c257E
                0x000000004001592c       0x10 bin/obj/rslib.a(core-9bc28a7f9131c3bd.core.d226853cd57cf678-cgu.0.rcgu.o)
                0x000000004001592c                <core::fmt::Arguments as core::fmt::Debug>::fmt
 .text._ZN59_$LT$core..fmt..Arguments$u20$as$u20$core..fmt..Display$GT$3fmt17h0d9bb26ca97e72c0E
                0x000000004001593c       0x10 bin/obj/rslib.a(core-9bc28a7f9131c3bd.core.d226853cd57cf678-cgu.0.rcgu.o)
                0x000000004001593c                <core::fmt::Arguments as core::fmt::Display>::fmt
 .text._ZN4core3fmt5write17h27d27f11b784a835E
                0x000000004001594c      0x1fc bin/obj/rslib.a(core-9bc28a7f9131c3bd.core.d226853cd57cf678-cgu.0.rcgu.o)
                0x000000004001594c                core::fmt::write
 .text._ZN4core3fmt9Formatter12pad_integral17h7c8201b88e6e3ebaE
                0x0000000040015b48      0x49c bin/obj/rslib.a(core-9bc28a7f9131c3bd.core.d226853cd57cf678-cgu.0.rcgu.o)
                0x0000000040015b48                core::fmt::Formatter::pad_integral
 .text._ZN4core3fmt9Formatter12pad_integral12write_prefix17h57204f2c7617257bE
                0x0000000040015fe4       0x88 bin/obj/rslib.a(core-9bc28a7f9131c3bd.core.d226853cd57cf678-cgu.0.rcgu.o)
 .text._ZN4core3fmt9Formatter3pad17h73f3af08799c2a09E
                0x000000004001606c      0x3ec bin/obj/rslib.a(core-9bc28a7f9131c3bd.core.d226853cd57cf678-cgu.0.rcgu.o)
                0x000000004001606c                core::fmt::Formatter::pad
 .text._ZN4core3fmt9Formatter19pad_formatted_parts17h12df80fd2b83fceaE
                0x0000000040016458      0x238 bin/obj/rslib.a(core-9bc28a7f9131c3bd.core.d226853cd57cf678-cgu.0.rcgu.o)
 .text._ZN4core3fmt9Formatter21write_formatted_parts17h99823bc407c75291E
                0x0000000040016690      0x228 bin/obj/rslib.a(core-9bc28a7f9131c3bd.core.d226853cd57cf678-cgu.0.rcgu.o)
 .text._ZN4core3fmt9Formatter9write_str17h8d4b7b76bb9638afE
                0x00000000400168b8        0xc bin/obj/rslib.a(core-9bc28a7f9131c3bd.core.d226853cd57cf678-cgu.0.rcgu.o)
                0x00000000400168b8                core::fmt::Formatter::write_str
                0x00000000400168b8                <core::fmt::Formatter as core::fmt::Write>::write_str
 .text._ZN4core3fmt9Formatter4fill17hb992998a870bbadbE
                0x00000000400168c4        0xc bin/obj/rslib.a(core-9bc28a7f9131c3bd.core.d226853cd57cf678-cgu.0.rcgu.o)
                0x00000000400168c4                core::fmt::Formatter::fill
 .text._ZN4core3fmt9Formatter12debug_struct17hf428be4f49f3f788E
                0x00000000400168d0       0x38 bin/obj/rslib.a(core-9bc28a7f9131c3bd.core.d226853cd57cf678-cgu.0.rcgu.o)
                0x00000000400168d0                core::fmt::Formatter::debug_struct
 .text._ZN4core3fmt9Formatter26debug_struct_field1_finish17ha93f5de8502c20f5E
[...]
 .debug_aranges
                0x0000000000002cc0       0x30 bin/obj/rslib.a(compiler_builtins-f062c31c443b6323.compiler_builtins.9d65875af80bedf9-cgu.167.rcgu.o)
 .debug_aranges
                0x0000000000002cf0       0x30 bin/obj/rslib.a(compiler_builtins-f062c31c443b6323.compiler_builtins.9d65875af80bedf9-cgu.195.rcgu.o)
 .debug_aranges
                0x0000000000002d20       0x30 bin/obj/rslib.a(compiler_builtins-f062c31c443b6323.compiler_builtins.9d65875af80bedf9-cgu.254.rcgu.o)
 .debug_aranges
                0x0000000000002d50       0x50 bin/obj/rslib.a(compiler_builtins-f062c31c443b6323.compiler_builtins.9d65875af80bedf9-cgu.010.rcgu.o)

.debug_str      0x0000000000000000    0x3fe0d
 .debug_str     0x0000000000000000    0x3fe0d bin/obj/__arm/cache/cache.o
                                         0x50 (size before relaxing)
 .debug_str     0x000000000003fe0d       0x51 bin/obj/__arm/cache/icache.o
 .debug_str     0x000000000003fe0d       0x51 bin/obj/__arm/cache/dcache.o
 .debug_str     0x000000000003fe0d       0x4c bin/obj/__arm/sysregs.o
 .debug_str     0x000000000003fe0d       0x5b bin/obj/__arm/exceptions/el2_vectors.o
 .debug_str     0x000000000003fe0d       0x5a bin/obj/__arm/exceptions/exceptions.o
 .debug_str     0x000000000003fe0d       0x5b bin/obj/__arm/exceptions/el1_vectors.o
 .debug_str     0x000000000003fe0d       0x52 bin/obj/__lib/memcpy/memcpy.o
 .debug_str     0x000000000003fe0d       0x4f bin/obj/__boot/clean_bss.o
 .debug_str     0x000000000003fe0d       0x4a bin/obj/__boot/boot.o
 .debug_str     0x000000000003fe0d       0x49 bin/obj/__boot/el1.o
 .debug_str     0x000000000003fe0d       0x51 bin/obj/__boot/panic/panic.o
 .debug_str     0x000000000003fe0d       0x6d bin/obj/__drivers/interrupts/gicv3/gicv3_arm_interface.o
 .debug_str     0x000000000003fe0d      0xf50 bin/obj/kernel/irq/irq.o
 .debug_str     0x000000000003fe0d      0x1ce bin/obj/kernel/init/init_drivers.o
 .debug_str     0x000000000003fe0d      0x33a bin/obj/kernel/init/init.o
 .debug_str     0x000000000003fe0d       0x79 bin/obj/kernel/malloc/buddy_allocator.o
 .debug_str     0x000000000003fe0d      0x17a bin/obj/kernel/kernel_entry.o
 .debug_str     0x000000000003fe0d      0x159 bin/obj/arm/cpu.o
 .debug_str     0x000000000003fe0d      0x1d7 bin/obj/arm/exceptions/handlers/el1/el1_cur_sp0_fiq.o
 .debug_str     0x000000000003fe0d      0x1da bin/obj/arm/exceptions/handlers/el1/el1_low_a32_serror.o
 .debug_str     0x000000000003fe0d      0x1d7 bin/obj/arm/exceptions/handlers/el1/el1_low_a32_fiq.o
 .debug_str     0x000000000003fe0d      0x1d8 bin/obj/arm/exceptions/handlers/el1/el1_low_a64_sync.o
 .debug_str     0x000000000003fe0d      0x1d8 bin/obj/arm/exceptions/handlers/el1/el1_cur_spx_sync.o
 .debug_str     0x000000000003fe0d      0x1d7 bin/obj/arm/exceptions/handlers/el1/el1_cur_spx_fiq.o
 .debug_str     0x000000000003fe0d      0xdf7 bin/obj/arm/exceptions/handlers/el1/el1_cur_spx_irq.o
 .debug_str     0x000000000003fe0d      0x1da bin/obj/arm/exceptions/handlers/el1/el1_cur_spx_serror.o
 .debug_str     0x000000000003fe0d      0x1d7 bin/obj/arm/exceptions/handlers/el1/el1_low_a32_irq.o
 .debug_str     0x000000000003fe0d      0x1d7 bin/obj/arm/exceptions/handlers/el1/el1_low_a64_fiq.o
 .debug_str     0x000000000003fe0d      0x1d7 bin/obj/arm/exceptions/handlers/el1/el1_low_a64_irq.o
 .debug_str     0x000000000003fe0d      0x1d8 bin/obj/arm/exceptions/handlers/el1/el1_cur_sp0_sync.o
 .debug_str     0x000000000003fe0d      0x1d7 bin/obj/arm/exceptions/handlers/el1/el1_cur_sp0_irq.o
 .debug_str     0x000000000003fe0d      0x1da bin/obj/arm/exceptions/handlers/el1/el1_low_a64_serror.o
 .debug_str     0x000000000003fe0d      0x1d8 bin/obj/arm/exceptions/handlers/el1/el1_low_a32_sync.o
 .debug_str     0x000000000003fe0d      0x1da bin/obj/arm/exceptions/handlers/el1/el1_cur_sp0_serror.o
 .debug_str     0x000000000003fe0d      0x1da bin/obj/arm/exceptions/handlers/el2/el2_low_a32_serror.o
 .debug_str     0x000000000003fe0d      0x1da bin/obj/arm/exceptions/handlers/el2/el2_cur_spx_serror.o
 .debug_str     0x000000000003fe0d      0x1da bin/obj/arm/exceptions/handlers/el2/el2_low_a64_serror.o
 .debug_str     0x000000000003fe0d      0x1d8 bin/obj/arm/exceptions/handlers/el2/el2_low_a64_sync.o
 .debug_str     0x000000000003fe0d      0x1d7 bin/obj/arm/exceptions/handlers/el2/el2_cur_sp0_irq.o
 .debug_str     0x000000000003fe0d      0x1da bin/obj/arm/exceptions/handlers/el2/el2_cur_sp0_serror.o
 .debug_str     0x000000000003fe0d      0x1d7 bin/obj/arm/exceptions/handlers/el2/el2_low_a64_irq.o
 .debug_str     0x000000000003fe0d      0x1d7 bin/obj/arm/exceptions/handlers/el2/el2_low_a64_fiq.o
 .debug_str     0x000000000003fe0d      0x1d7 bin/obj/arm/exceptions/handlers/el2/el2_cur_spx_fiq.o
 .debug_str     0x000000000003fe0d      0x1d7 bin/obj/arm/exceptions/handlers/el2/el2_low_a32_irq.o
 .debug_str     0x000000000003fe0d      0x1d7 bin/obj/arm/exceptions/handlers/el2/el2_cur_sp0_fiq.o
 .debug_str     0x000000000003fe0d      0x1d7 bin/obj/arm/exceptions/handlers/el2/el2_low_a32_fiq.o
 .debug_str     0x000000000003fe0d      0x1d8 bin/obj/arm/exceptions/handlers/el2/el2_cur_spx_sync.o
 .debug_str     0x000000000003fe0d      0x1d8 bin/obj/arm/exceptions/handlers/el2/el2_low_a32_sync.o
 .debug_str     0x000000000003fe0d      0x1d8 bin/obj/arm/exceptions/handlers/el2/el2_cur_sp0_sync.o
 .debug_str     0x000000000003fe0d      0x1d7 bin/obj/arm/exceptions/handlers/el2/el2_cur_spx_irq.o
 .debug_str     0x000000000003fe0d      0x36c bin/obj/arm/exceptions/exceptions.o
 .debug_str     0x000000000003fe0d      0x389 bin/obj/lib/string.o
 .debug_str     0x000000000003fe0d      0x374 bin/obj/lib/memcpy/memcpy.o
 .debug_str     0x000000000003fe0d      0x5b5 bin/obj/boot/panic/panic.o
 .debug_str     0x000000000003fe0d     0x1587 bin/obj/drivers/interrupts/gicv3/gicv3.o
 .debug_str     0x000000000003fe0d       0x79 bin/obj/drivers/interrupts/irq.o
 .debug_str     0x000000000003fe0d      0xf73 bin/obj/drivers/uart/uart.o
 .debug_str     0x000000000003fe0d     0x36b4 bin/obj/rslib.a(imx8mp_kernel-204570ef989972f2.imx8mp_kernel.928a937ea4bca2b5-cgu.0.rcgu.o)
 .debug_str     0x000000000003fe0d    0x3929e bin/obj/rslib.a(core-9bc28a7f9131c3bd.core.d226853cd57cf678-cgu.0.rcgu.o)
 .debug_str     0x000000000003fe0d      0x194 bin/obj/rslib.a(compiler_builtins-f062c31c443b6323.compiler_builtins.9d65875af80bedf9-cgu.155.rcgu.o)
 .debug_str     0x000000000003fe0d      0x1dc bin/obj/rslib.a(compiler_builtins-f062c31c443b6323.compiler_builtins.9d65875af80bedf9-cgu.167.rcgu.o)
 .debug_str     0x000000000003fe0d      0x47f bin/obj/rslib.a(compiler_builtins-f062c31c443b6323.compiler_builtins.9d65875af80bedf9-cgu.195.rcgu.o)
 .debug_str     0x000000000003fe0d      0x7b4 bin/obj/rslib.a(compiler_builtins-f062c31c443b6323.compiler_builtins.9d65875af80bedf9-cgu.254.rcgu.o)
 .debug_str     0x000000000003fe0d      0x981 bin/obj/rslib.a(compiler_builtins-f062c31c443b6323.compiler_builtins.9d65875af80bedf9-cgu.010.rcgu.o)

.debug_rnglists
                0x0000000000000000       0x88
 .debug_rnglists
                0x0000000000000000       0x23 bin/obj/__arm/exceptions/el2_vectors.o
 .debug_rnglists
                0x0000000000000023       0x23 bin/obj/__arm/exceptions/el1_vectors.o
 .debug_rnglists
                0x0000000000000046       0x2b bin/obj/lib/string.o
 .debug_rnglists
                0x0000000000000071       0x17 bin/obj/drivers/uart/uart.o

.comment        0x0000000000000000       0x71
 .comment       0x0000000000000000       0x71 bin/obj/kernel/irq/irq.o
                                         0x46 (size before relaxing)
 .comment       0x0000000000000071       0x46 bin/obj/kernel/init/init_drivers.o
 .comment       0x0000000000000071       0x46 bin/obj/kernel/init/init.o
 .comment       0x0000000000000071       0x46 bin/obj/kernel/malloc/buddy_allocator.o
 .comment       0x0000000000000071       0x46 bin/obj/kernel/kernel_entry.o
 .comment       0x0000000000000071       0x46 bin/obj/arm/cpu.o
 .comment       0x0000000000000071       0x46 bin/obj/arm/exceptions/handlers/el1/el1_cur_sp0_fiq.o
 .comment       0x0000000000000071       0x46 bin/obj/arm/exceptions/handlers/el1/el1_low_a32_serror.o
 .comment       0x0000000000000071       0x46 bin/obj/arm/exceptions/handlers/el1/el1_low_a32_fiq.o
 .comment       0x0000000000000071       0x46 bin/obj/arm/exceptions/handlers/el1/el1_low_a64_sync.o
 .comment       0x0000000000000071       0x46 bin/obj/arm/exceptions/handlers/el1/el1_cur_spx_sync.o
 .comment       0x0000000000000071       0x46 bin/obj/arm/exceptions/handlers/el1/el1_cur_spx_fiq.o
 .comment       0x0000000000000071       0x46 bin/obj/arm/exceptions/handlers/el1/el1_cur_spx_irq.o
 .comment       0x0000000000000071       0x46 bin/obj/arm/exceptions/handlers/el1/el1_cur_spx_serror.o
 .comment       0x0000000000000071       0x46 bin/obj/arm/exceptions/handlers/el1/el1_low_a32_irq.o
 .comment       0x0000000000000071       0x46 bin/obj/arm/exceptions/handlers/el1/el1_low_a64_fiq.o
 .comment       0x0000000000000071       0x46 bin/obj/arm/exceptions/handlers/el1/el1_low_a64_irq.o
 .comment       0x0000000000000071       0x46 bin/obj/arm/exceptions/handlers/el1/el1_cur_sp0_sync.o
 .comment       0x0000000000000071       0x46 bin/obj/arm/exceptions/handlers/el1/el1_cur_sp0_irq.o
 .comment       0x0000000000000071       0x46 bin/obj/arm/exceptions/handlers/el1/el1_low_a64_serror.o
 .comment       0x0000000000000071       0x46 bin/obj/arm/exceptions/handlers/el1/el1_low_a32_sync.o
 .comment       0x0000000000000071       0x46 bin/obj/arm/exceptions/handlers/el1/el1_cur_sp0_serror.o
 .comment       0x0000000000000071       0x46 bin/obj/arm/exceptions/handlers/el2/el2_low_a32_serror.o
 .comment       0x0000000000000071       0x46 bin/obj/arm/exceptions/handlers/el2/el2_cur_spx_serror.o
 .comment       0x0000000000000071       0x46 bin/obj/arm/exceptions/handlers/el2/el2_low_a64_serror.o
 .comment       0x0000000000000071       0x46 bin/obj/arm/exceptions/handlers/el2/el2_low_a64_sync.o
 .comment       0x0000000000000071       0x46 bin/obj/arm/exceptions/handlers/el2/el2_cur_sp0_irq.o
 .comment       0x0000000000000071       0x46 bin/obj/arm/exceptions/handlers/el2/el2_cur_sp0_serror.o
 .comment       0x0000000000000071       0x46 bin/obj/arm/exceptions/handlers/el2/el2_low_a64_irq.o
 .comment       0x0000000000000071       0x46 bin/obj/arm/exceptions/handlers/el2/el2_low_a64_fiq.o
 .comment       0x0000000000000071       0x46 bin/obj/arm/exceptions/handlers/el2/el2_cur_spx_fiq.o
 .comment       0x0000000000000071       0x46 bin/obj/arm/exceptions/handlers/el2/el2_low_a32_irq.o
 .comment       0x0000000000000071       0x46 bin/obj/arm/exceptions/handlers/el2/el2_cur_sp0_fiq.o
 .comment       0x0000000000000071       0x46 bin/obj/arm/exceptions/handlers/el2/el2_low_a32_fiq.o
 .comment       0x0000000000000071       0x46 bin/obj/arm/exceptions/handlers/el2/el2_cur_spx_sync.o
 .comment       0x0000000000000071       0x46 bin/obj/arm/exceptions/handlers/el2/el2_low_a32_sync.o
 .comment       0x0000000000000071       0x46 bin/obj/arm/exceptions/handlers/el2/el2_cur_sp0_sync.o
 .comment       0x0000000000000071       0x46 bin/obj/arm/exceptions/handlers/el2/el2_cur_spx_irq.o
 .comment       0x0000000000000071       0x46 bin/obj/arm/exceptions/exceptions.o
 .comment       0x0000000000000071       0x46 bin/obj/lib/string.o
 .comment       0x0000000000000071       0x46 bin/obj/lib/memcpy/memcpy.o
 .comment       0x0000000000000071       0x46 bin/obj/boot/panic/panic.o
 .comment       0x0000000000000071       0x46 bin/obj/drivers/interrupts/gicv3/gicv3.o
 .comment       0x0000000000000071       0x46 bin/obj/drivers/interrupts/irq.o
 .comment       0x0000000000000071       0x46 bin/obj/drivers/uart/uart.o
 .comment       0x0000000000000071       0x2d bin/obj/rslib.a(imx8mp_kernel-204570ef989972f2.imx8mp_kernel.928a937ea4bca2b5-cgu.0.rcgu.o)
 .comment       0x0000000000000071       0x2d bin/obj/rslib.a(core-9bc28a7f9131c3bd.core.d226853cd57cf678-cgu.0.rcgu.o)
 .comment       0x0000000000000071       0x2d bin/obj/rslib.a(compiler_builtins-f062c31c443b6323.compiler_builtins.9d65875af80bedf9-cgu.155.rcgu.o)
 .comment       0x0000000000000071       0x2d bin/obj/rslib.a(compiler_builtins-f062c31c443b6323.compiler_builtins.9d65875af80bedf9-cgu.167.rcgu.o)
 .comment       0x0000000000000071       0x2d bin/obj/rslib.a(compiler_builtins-f062c31c443b6323.compiler_builtins.9d65875af80bedf9-cgu.195.rcgu.o)
 .comment       0x0000000000000071       0x2d bin/obj/rslib.a(compiler_builtins-f062c31c443b6323.compiler_builtins.9d65875af80bedf9-cgu.254.rcgu.o)
 .comment       0x0000000000000071       0x2d bin/obj/rslib.a(compiler_builtins-f062c31c443b6323.compiler_builtins.9d65875af80bedf9-cgu.010.rcgu.o)

.note.GNU-stack
                0x0000000000000000        0x0
 .note.GNU-stack
                0x0000000000000000        0x0 bin/obj/rslib.a(imx8mp_kernel-204570ef989972f2.imx8mp_kernel.928a937ea4bca2b5-cgu.0.rcgu.o)
 .note.GNU-stack
                0x0000000000000000        0x0 bin/obj/rslib.a(core-9bc28a7f9131c3bd.core.d226853cd57cf678-cgu.0.rcgu.o)
 .note.GNU-stack
                0x0000000000000000        0x0 bin/obj/rslib.a(compiler_builtins-f062c31c443b6323.compiler_builtins.9d65875af80bedf9-cgu.155.rcgu.o)
 .note.GNU-stack
                0x0000000000000000        0x0 bin/obj/rslib.a(compiler_builtins-f062c31c443b6323.compiler_builtins.9d65875af80bedf9-cgu.167.rcgu.o)
 .note.GNU-stack
                0x0000000000000000        0x0 bin/obj/rslib.a(compiler_builtins-f062c31c443b6323.compiler_builtins.9d65875af80bedf9-cgu.195.rcgu.o)
 .note.GNU-stack
                0x0000000000000000        0x0 bin/obj/rslib.a(compiler_builtins-f062c31c443b6323.compiler_builtins.9d65875af80bedf9-cgu.254.rcgu.o)
 .note.GNU-stack
                0x0000000000000000        0x0 bin/obj/rslib.a(compiler_builtins-f062c31c443b6323.compiler_builtins.9d65875af80bedf9-cgu.010.rcgu.o)

.debug_frame    0x0000000000000000     0x65c8
 .debug_frame   0x0000000000000000      0x118 bin/obj/kernel/irq/irq.o
 .debug_frame   0x0000000000000118       0x60 bin/obj/kernel/init/init_drivers.o
 .debug_frame   0x0000000000000178       0x40 bin/obj/kernel/init/init.o
 .debug_frame   0x00000000000001b8       0x30 bin/obj/kernel/kernel_entry.o
 .debug_frame   0x00000000000001e8       0x38 bin/obj/arm/cpu.o
 .debug_frame   0x0000000000000220       0x30 bin/obj/arm/exceptions/handlers/el1/el1_cur_sp0_fiq.o
 .debug_frame   0x0000000000000250       0x30 bin/obj/arm/exceptions/handlers/el1/el1_low_a32_serror.o
 .debug_frame   0x0000000000000280       0x30 bin/obj/arm/exceptions/handlers/el1/el1_low_a32_fiq.o
 .debug_frame   0x00000000000002b0       0x30 bin/obj/arm/exceptions/handlers/el1/el1_low_a64_sync.o
 .debug_frame   0x00000000000002e0       0x30 bin/obj/arm/exceptions/handlers/el1/el1_cur_spx_sync.o
 .debug_frame   0x0000000000000310       0x30 bin/obj/arm/exceptions/handlers/el1/el1_cur_spx_fiq.o
 .debug_frame   0x0000000000000340       0x38 bin/obj/arm/exceptions/handlers/el1/el1_cur_spx_irq.o
 .debug_frame   0x0000000000000378       0x30 bin/obj/arm/exceptions/handlers/el1/el1_cur_spx_serror.o
 .debug_frame   0x00000000000003a8       0x30 bin/obj/arm/exceptions/handlers/el1/el1_low_a32_irq.o
 .debug_frame   0x00000000000003d8       0x30 bin/obj/arm/exceptions/handlers/el1/el1_low_a64_fiq.o
 .debug_frame   0x0000000000000408       0x30 bin/obj/arm/exceptions/handlers/el1/el1_low_a64_irq.o
 .debug_frame   0x0000000000000438       0x30 bin/obj/arm/exceptions/handlers/el1/el1_cur_sp0_sync.o
 .debug_frame   0x0000000000000468       0x30 bin/obj/arm/exceptions/handlers/el1/el1_cur_sp0_irq.o
 .debug_frame   0x0000000000000498       0x30 bin/obj/arm/exceptions/handlers/el1/el1_low_a64_serror.o
 .debug_frame   0x00000000000004c8       0x30 bin/obj/arm/exceptions/handlers/el1/el1_low_a32_sync.o
 .debug_frame   0x00000000000004f8       0x30 bin/obj/arm/exceptions/handlers/el1/el1_cur_sp0_serror.o
 .debug_frame   0x0000000000000528       0x30 bin/obj/arm/exceptions/handlers/el2/el2_low_a32_serror.o
 .debug_frame   0x0000000000000558       0x30 bin/obj/arm/exceptions/handlers/el2/el2_cur_spx_serror.o
 .debug_frame   0x0000000000000588       0x30 bin/obj/arm/exceptions/handlers/el2/el2_low_a64_serror.o
 .debug_frame   0x00000000000005b8       0x30 bin/obj/arm/exceptions/handlers/el2/el2_low_a64_sync.o
 .debug_frame   0x00000000000005e8       0x30 bin/obj/arm/exceptions/handlers/el2/el2_cur_sp0_irq.o
 .debug_frame   0x0000000000000618       0x30 bin/obj/arm/exceptions/handlers/el2/el2_cur_sp0_serror.o
 .debug_frame   0x0000000000000648       0x30 bin/obj/arm/exceptions/handlers/el2/el2_low_a64_irq.o
 .debug_frame   0x0000000000000678       0x30 bin/obj/arm/exceptions/handlers/el2/el2_low_a64_fiq.o
 .debug_frame   0x00000000000006a8       0x30 bin/obj/arm/exceptions/handlers/el2/el2_cur_spx_fiq.o
 .debug_frame   0x00000000000006d8       0x30 bin/obj/arm/exceptions/handlers/el2/el2_low_a32_irq.o
 .debug_frame   0x0000000000000708       0x30 bin/obj/arm/exceptions/handlers/el2/el2_cur_sp0_fiq.o
 .debug_frame   0x0000000000000738       0x30 bin/obj/arm/exceptions/handlers/el2/el2_low_a32_fiq.o
 .debug_frame   0x0000000000000768       0x30 bin/obj/arm/exceptions/handlers/el2/el2_cur_spx_sync.o
 .debug_frame   0x0000000000000798       0x30 bin/obj/arm/exceptions/handlers/el2/el2_low_a32_sync.o
 .debug_frame   0x00000000000007c8       0x30 bin/obj/arm/exceptions/handlers/el2/el2_cur_sp0_sync.o
 .debug_frame   0x00000000000007f8       0x30 bin/obj/arm/exceptions/handlers/el2/el2_cur_spx_irq.o
 .debug_frame   0x0000000000000828       0xd8 bin/obj/arm/exceptions/exceptions.o
 .debug_frame   0x0000000000000900       0x80 bin/obj/lib/string.o
 .debug_frame   0x0000000000000980       0x88 bin/obj/lib/memcpy/memcpy.o
 .debug_frame   0x0000000000000a08      0x148 bin/obj/boot/panic/panic.o
 .debug_frame   0x0000000000000b50      0x5a8 bin/obj/drivers/interrupts/gicv3/gicv3.o
 .debug_frame   0x00000000000010f8      0xe00 bin/obj/drivers/uart/uart.o
 .debug_frame   0x0000000000001ef8      0x1f0 bin/obj/rslib.a(imx8mp_kernel-204570ef989972f2.imx8mp_kernel.928a937ea4bca2b5-cgu.0.rcgu.o)
 .debug_frame   0x00000000000020e8     0x43b8 bin/obj/rslib.a(core-9bc28a7f9131c3bd.core.d226853cd57cf678-cgu.0.rcgu.o)
 .debug_frame   0x00000000000064a0       0x38 bin/obj/rslib.a(compiler_builtins-f062c31c443b6323.compiler_builtins.9d65875af80bedf9-cgu.155.rcgu.o)
 .debug_frame   0x00000000000064d8       0x30 bin/obj/rslib.a(compiler_builtins-f062c31c443b6323.compiler_builtins.9d65875af80bedf9-cgu.167.rcgu.o)
 .debug_frame   0x0000000000006508       0x30 bin/obj/rslib.a(compiler_builtins-f062c31c443b6323.compiler_builtins.9d65875af80bedf9-cgu.195.rcgu.o)
 .debug_frame   0x0000000000006538       0x30 bin/obj/rslib.a(compiler_builtins-f062c31c443b6323.compiler_builtins.9d65875af80bedf9-cgu.254.rcgu.o)
 .debug_frame   0x0000000000006568       0x60 bin/obj/rslib.a(compiler_builtins-f062c31c443b6323.compiler_builtins.9d65875af80bedf9-cgu.010.rcgu.o)

.debug_loc      0x0000000000000000     0x32e3
 .debug_loc     0x0000000000000000     0x32e3 bin/obj/rslib.a(imx8mp_kernel-204570ef989972f2.imx8mp_kernel.928a937ea4bca2b5-cgu.0.rcgu.o)

.debug_ranges   0x0000000000000000    0x1d2a0
 .debug_ranges  0x0000000000000000     0x11f0 bin/obj/rslib.a(imx8mp_kernel-204570ef989972f2.imx8mp_kernel.928a937ea4bca2b5-cgu.0.rcgu.o)
 .debug_ranges  0x00000000000011f0    0x1bdc0 bin/obj/rslib.a(core-9bc28a7f9131c3bd.core.d226853cd57cf678-cgu.0.rcgu.o)
 .debug_ranges  0x000000000001cfb0       0x90 bin/obj/rslib.a(compiler_builtins-f062c31c443b6323.compiler_builtins.9d65875af80bedf9-cgu.195.rcgu.o)
 .debug_ranges  0x000000000001d040       0x90 bin/obj/rslib.a(compiler_builtins-f062c31c443b6323.compiler_builtins.9d65875af80bedf9-cgu.254.rcgu.o)
 .debug_ranges  0x000000000001d0d0      0x1d0 bin/obj/rslib.a(compiler_builtins-f062c31c443b6323.compiler_builtins.9d65875af80bedf9-cgu.010.rcgu.o)
